Archive member included to satisfy reference by file (symbol)

/usr/local/mcuxpressoide-11.5.0_7232/ide/plugins/com.nxp.mcuxpresso.tools.linux_11.5.0.202107051138/tools/bin/../lib/gcc/arm-none-eabi/10.3.1/../../../../arm-none-eabi/lib/thumb/v6-m/nofp/libcr_semihost_nf.a(_cr__main.o)
                              ./startup/startup_mkl25z4.o (__main)
/usr/local/mcuxpressoide-11.5.0_7232/ide/plugins/com.nxp.mcuxpresso.tools.linux_11.5.0.202107051138/tools/bin/../lib/gcc/arm-none-eabi/10.3.1/../../../../arm-none-eabi/lib/thumb/v6-m/nofp/libcr_semihost_nf.a(_cr_assert.o)
                              ./drivers/fsl_clock.o (__assertion_failed)
/usr/local/mcuxpressoide-11.5.0_7232/ide/plugins/com.nxp.mcuxpresso.tools.linux_11.5.0.202107051138/tools/bin/../lib/gcc/arm-none-eabi/10.3.1/../../../../arm-none-eabi/lib/thumb/v6-m/nofp/libcr_semihost_nf.a(__ciob.o)
                              /usr/local/mcuxpressoide-11.5.0_7232/ide/plugins/com.nxp.mcuxpresso.tools.linux_11.5.0.202107051138/tools/bin/../lib/gcc/arm-none-eabi/10.3.1/../../../../arm-none-eabi/lib/thumb/v6-m/nofp/libcr_semihost_nf.a(_cr_assert.o) (__Ciob)
/usr/local/mcuxpressoide-11.5.0_7232/ide/plugins/com.nxp.mcuxpresso.tools.linux_11.5.0.202107051138/tools/bin/../lib/gcc/arm-none-eabi/10.3.1/../../../../arm-none-eabi/lib/thumb/v6-m/nofp/libcr_semihost_nf.a(__sys_appexit.o)
                              /usr/local/mcuxpressoide-11.5.0_7232/ide/plugins/com.nxp.mcuxpresso.tools.linux_11.5.0.202107051138/tools/bin/../lib/gcc/arm-none-eabi/10.3.1/../../../../arm-none-eabi/lib/thumb/v6-m/nofp/libcr_semihost_nf.a(_cr_assert.o) (__sys_appexit)
/usr/local/mcuxpressoide-11.5.0_7232/ide/plugins/com.nxp.mcuxpresso.tools.linux_11.5.0.202107051138/tools/bin/../lib/gcc/arm-none-eabi/10.3.1/../../../../arm-none-eabi/lib/thumb/v6-m/nofp/libcr_c.a(memcpy.o)
                              ./freertos/queue.o (memcpy)
/usr/local/mcuxpressoide-11.5.0_7232/ide/plugins/com.nxp.mcuxpresso.tools.linux_11.5.0.202107051138/tools/bin/../lib/gcc/arm-none-eabi/10.3.1/../../../../arm-none-eabi/lib/thumb/v6-m/nofp/libcr_c.a(memset.o)
                              ./freertos/tasks.o (memset)
/usr/local/mcuxpressoide-11.5.0_7232/ide/plugins/com.nxp.mcuxpresso.tools.linux_11.5.0.202107051138/tools/bin/../lib/gcc/arm-none-eabi/10.3.1/../../../../arm-none-eabi/lib/thumb/v6-m/nofp/libcr_c.a(_deferredlazyseek.o)
                              /usr/local/mcuxpressoide-11.5.0_7232/ide/plugins/com.nxp.mcuxpresso.tools.linux_11.5.0.202107051138/tools/bin/../lib/gcc/arm-none-eabi/10.3.1/../../../../arm-none-eabi/lib/thumb/v6-m/nofp/libcr_semihost_nf.a(_cr_assert.o) (__flsbuf)
/usr/local/mcuxpressoide-11.5.0_7232/ide/plugins/com.nxp.mcuxpresso.tools.linux_11.5.0.202107051138/tools/bin/../lib/gcc/arm-none-eabi/10.3.1/../../../../arm-none-eabi/lib/thumb/v6-m/nofp/libcr_c.a(_fflush.o)
                              /usr/local/mcuxpressoide-11.5.0_7232/ide/plugins/com.nxp.mcuxpresso.tools.linux_11.5.0.202107051138/tools/bin/../lib/gcc/arm-none-eabi/10.3.1/../../../../arm-none-eabi/lib/thumb/v6-m/nofp/libcr_c.a(_deferredlazyseek.o) (_fflush)
/usr/local/mcuxpressoide-11.5.0_7232/ide/plugins/com.nxp.mcuxpresso.tools.linux_11.5.0.202107051138/tools/bin/../lib/gcc/arm-none-eabi/10.3.1/../../../../arm-none-eabi/lib/thumb/v6-m/nofp/libcr_c.a(_writebuf.o)
                              /usr/local/mcuxpressoide-11.5.0_7232/ide/plugins/com.nxp.mcuxpresso.tools.linux_11.5.0.202107051138/tools/bin/../lib/gcc/arm-none-eabi/10.3.1/../../../../arm-none-eabi/lib/thumb/v6-m/nofp/libcr_c.a(_deferredlazyseek.o) (_Cwritebuf)
/usr/local/mcuxpressoide-11.5.0_7232/ide/plugins/com.nxp.mcuxpresso.tools.linux_11.5.0.202107051138/tools/bin/../lib/gcc/arm-none-eabi/10.3.1/../../../../arm-none-eabi/lib/thumb/v6-m/nofp/libcr_c.a(alloc.o)
                              /usr/local/mcuxpressoide-11.5.0_7232/ide/plugins/com.nxp.mcuxpresso.tools.linux_11.5.0.202107051138/tools/bin/../lib/gcc/arm-none-eabi/10.3.1/../../../../arm-none-eabi/lib/thumb/v6-m/nofp/libcr_c.a(_deferredlazyseek.o) (_Csys_alloc)
/usr/local/mcuxpressoide-11.5.0_7232/ide/plugins/com.nxp.mcuxpresso.tools.linux_11.5.0.202107051138/tools/bin/../lib/gcc/arm-none-eabi/10.3.1/../../../../arm-none-eabi/lib/thumb/v6-m/nofp/libcr_c.a(fputs.o)
                              /usr/local/mcuxpressoide-11.5.0_7232/ide/plugins/com.nxp.mcuxpresso.tools.linux_11.5.0.202107051138/tools/bin/../lib/gcc/arm-none-eabi/10.3.1/../../../../arm-none-eabi/lib/thumb/v6-m/nofp/libcr_semihost_nf.a(_cr_assert.o) (fputs)
/usr/local/mcuxpressoide-11.5.0_7232/ide/plugins/com.nxp.mcuxpresso.tools.linux_11.5.0.202107051138/tools/bin/../lib/gcc/arm-none-eabi/10.3.1/../../../../arm-none-eabi/lib/thumb/v6-m/nofp/libcr_c.a(fseek.o)
                              /usr/local/mcuxpressoide-11.5.0_7232/ide/plugins/com.nxp.mcuxpresso.tools.linux_11.5.0.202107051138/tools/bin/../lib/gcc/arm-none-eabi/10.3.1/../../../../arm-none-eabi/lib/thumb/v6-m/nofp/libcr_c.a(_deferredlazyseek.o) (fseek)
[...]
Memory Configuration

Name             Origin             Length             Attributes
PROGRAM_FLASH    0x0000000000000000 0x0000000000020000 xr
SRAM             0x000000001ffff000 0x0000000000004000 xrw
*default*        0x0000000000000000 0xffffffffffffffff

Linker script and memory map

LOAD ./utilities/fsl_debug_console.o
LOAD ./startup/startup_mkl25z4.o
LOAD ./source/PRATICA_06_SEMAFOROS_KL25Z.o
LOAD ./source/mtb.o
LOAD ./source/semihost_hardfault.o
LOAD ./freertos/croutine.o
LOAD ./freertos/event_groups.o
LOAD ./freertos/fsl_tickless_lptmr.o
LOAD ./freertos/fsl_tickless_systick.o
LOAD ./freertos/heap_4.o
LOAD ./freertos/list.o
LOAD ./freertos/port.o
LOAD ./freertos/queue.o
LOAD ./freertos/tasks.o
LOAD ./freertos/timers.o
LOAD ./drivers/fsl_clock.o
LOAD ./drivers/fsl_common.o
LOAD ./drivers/fsl_flash.o
LOAD ./drivers/fsl_gpio.o
LOAD ./drivers/fsl_lpsci.o
LOAD ./drivers/fsl_lpsci_freertos.o
LOAD ./drivers/fsl_lptmr.o
LOAD ./drivers/fsl_pit.o
LOAD ./drivers/fsl_smc.o
LOAD ./drivers/fsl_tpm.o
LOAD ./drivers/fsl_tsi_v4.o
LOAD ./drivers/fsl_uart.o
LOAD ./drivers/fsl_uart_freertos.o
LOAD ./board/board.o
LOAD ./board/clock_config.o
LOAD ./board/peripherals.o
LOAD ./board/pin_mux.o
LOAD ./CMSIS/system_MKL25Z4.o
START GROUP
LOAD /usr/local/mcuxpressoide-11.5.0_7232/ide/plugins/com.nxp.mcuxpresso.tools.linux_11.5.0.202107051138/tools/bin/../lib/gcc/arm-none-eabi/10.3.1/../../../../arm-none-eabi/lib/thumb/v6-m/nofp/libcr_semihost_nf.a
LOAD /usr/local/mcuxpressoide-11.5.0_7232/ide/plugins/com.nxp.mcuxpresso.tools.linux_11.5.0.202107051138/tools/bin/../lib/gcc/arm-none-eabi/10.3.1/../../../../arm-none-eabi/lib/thumb/v6-m/nofp/libcr_c.a
LOAD /usr/local/mcuxpressoide-11.5.0_7232/ide/plugins/com.nxp.mcuxpresso.tools.linux_11.5.0.202107051138/tools/bin/../lib/gcc/arm-none-eabi/10.3.1/thumb/v6-m/nofp/libcr_eabihelpers.a
LOAD /usr/local/mcuxpressoide-11.5.0_7232/ide/plugins/com.nxp.mcuxpresso.tools.linux_11.5.0.202107051138/tools/bin/../lib/gcc/arm-none-eabi/10.3.1/thumb/v6-m/nofp/libgcc.a
END GROUP
                0x0000000000000000                __base_PROGRAM_FLASH = 0x0
                0x0000000000000000                __base_Flash = 0x0
                0x0000000000020000                __top_PROGRAM_FLASH = 0x20000
                0x0000000000020000                __top_Flash = 0x20000
                0x000000001ffff000                __base_SRAM = 0x1ffff000
                0x000000001ffff000                __base_RAM = 0x1ffff000
                0x0000000020003000                __top_SRAM = 0x20003000
                0x0000000020003000                __top_RAM = 0x20003000

.text           0x0000000000000000     0x4600
 FILL mask 0xff
                0x0000000000000000                __vectors_start__ = ABSOLUTE (.)
 *(SORT_BY_ALIGNMENT(.isr_vector))
 .isr_vector    0x0000000000000000       0xc0 ./startup/startup_mkl25z4.o
                0x0000000000000000                __Vectors
                0x0000000000000000                g_pfnVectors
                0x00000000000000c0                . = ALIGN (0x4)
                0x00000000000000c0                __section_table_start = .
                0x00000000000000c0                __data_section_table = .
                0x00000000000000c0        0x4 LONG 0x4600 LOADADDR (.data)
                0x00000000000000c4        0x4 LONG 0x1ffff080 ADDR (.data)
                0x00000000000000c8        0x4 LONG 0x8 SIZEOF (.data)
                0x00000000000000cc                __data_section_table_end = .
                0x00000000000000cc                __bss_section_table = .
                0x00000000000000cc        0x4 LONG 0x1ffff088 ADDR (.bss)
                0x00000000000000d0        0x4 LONG 0x2a74 SIZEOF (.bss)
                0x00000000000000d4                __bss_section_table_end = .
                0x00000000000000d4                __section_table_end = .
 *(SORT_BY_ALIGNMENT(.after_vectors*))
 .after_vectors.reset
                0x00000000000000d4       0x4c ./startup/startup_mkl25z4.o
                0x00000000000000d4                ResetISR
 .after_vectors.init_data
                0x0000000000000120       0x12 ./startup/startup_mkl25z4.o
                0x0000000000000120                data_init
 .after_vectors.init_bss
                0x0000000000000132       0x10 ./startup/startup_mkl25z4.o
                0x0000000000000132                bss_init
 .after_vectors
                0x0000000000000142      0x10c ./startup/startup_mkl25z4.o
                0x0000000000000142                NMI_Handler
                0x000000000000014c                PIT_DriverIRQHandler
                0x000000000000014c                Reserved39_DriverIRQHandler
                0x000000000000014c                DMA0_DriverIRQHandler
                0x000000000000014c                SPI1_DriverIRQHandler
                0x000000000000014c                LPTMR0_DriverIRQHandler
                0x000000000000014c                TPM2_DriverIRQHandler
                0x000000000000014c                TSI0_DriverIRQHandler
                0x000000000000014c                RTC_Seconds_DriverIRQHandler
                0x000000000000014c                LLWU_DriverIRQHandler
                0x000000000000014c                MCG_DriverIRQHandler
                0x000000000000014c                FTFA_DriverIRQHandler
                0x000000000000014c                IntDefaultHandler
                0x000000000000014c                USB0_DriverIRQHandler
                0x000000000000014c                DAC0_DriverIRQHandler
                0x000000000000014c                LVD_LVW_DriverIRQHandler
                0x000000000000014c                TPM0_DriverIRQHandler
                0x000000000000014c                Reserved20_DriverIRQHandler
                0x000000000000014c                DMA3_DriverIRQHandler
                0x000000000000014c                Reserved45_DriverIRQHandler
                0x000000000000014c                PORTA_DriverIRQHandler
                0x000000000000014c                TPM1_DriverIRQHandler
                0x000000000000014c                RTC_DriverIRQHandler
                0x000000000000014c                DMA1_DriverIRQHandler
                0x000000000000014c                I2C1_DriverIRQHandler
                0x000000000000014c                SPI0_DriverIRQHandler
                0x000000000000014c                ADC0_DriverIRQHandler
                0x000000000000014c                CMP0_DriverIRQHandler
                0x000000000000014c                DMA2_DriverIRQHandler
                0x000000000000014c                PORTD_DriverIRQHandler
                0x000000000000014c                I2C0_DriverIRQHandler
                0x000000000000014e                DMA0_IRQHandler
                0x0000000000000156                DMA1_IRQHandler
                0x000000000000015e                DMA2_IRQHandler
                0x0000000000000166                DMA3_IRQHandler
                0x000000000000016e                Reserved20_IRQHandler
                0x0000000000000176                FTFA_IRQHandler
                0x000000000000017e                LVD_LVW_IRQHandler
                0x0000000000000186                LLWU_IRQHandler
                0x000000000000018e                I2C0_IRQHandler
                0x0000000000000196                I2C1_IRQHandler
                0x000000000000019e                SPI0_IRQHandler
                0x00000000000001a6                SPI1_IRQHandler
                0x00000000000001ae                UART0_IRQHandler
                0x00000000000001b6                UART1_IRQHandler
                0x00000000000001be                UART2_IRQHandler
                0x00000000000001c6                ADC0_IRQHandler
                0x00000000000001ce                CMP0_IRQHandler
                0x00000000000001d6                TPM0_IRQHandler
                0x00000000000001de                TPM1_IRQHandler
                0x00000000000001e6                TPM2_IRQHandler
                0x00000000000001ee                RTC_IRQHandler
                0x00000000000001f6                RTC_Seconds_IRQHandler
                0x00000000000001fe                PIT_IRQHandler
                0x0000000000000206                Reserved39_IRQHandler
                0x000000000000020e                USB0_IRQHandler
                0x0000000000000216                DAC0_IRQHandler
                0x000000000000021e                TSI0_IRQHandler
                0x0000000000000226                MCG_IRQHandler
                0x000000000000022e                LPTMR0_IRQHandler
                0x0000000000000236                Reserved45_IRQHandler
                0x0000000000000400                . = 0x400
 *fill*         0x000000000000024e      0x1b2 ff
                0x0000000000000400                PROVIDE (__FLASH_CONFIG_START__ = .)
 *(SORT_BY_ALIGNMENT(.FlashConfig))
 .FlashConfig   0x0000000000000400       0x10 ./startup/startup_mkl25z4.o
                0x0000000000000400                Flash_Config
                0x0000000000000410                PROVIDE (__FLASH_CONFIG_END__ = .)
                0x0000000000000001                ASSERT (! ((__FLASH_CONFIG_START__ == __FLASH_CONFIG_END__)), Linker Flash Config Support Enabled, but no .FlashConfig section provided within application)
 *(SORT_BY_ALIGNMENT(.text*))
 .text.vPortStartFirstTask
                0x0000000000000410       0x38 ./freertos/port.o
 *fill*         0x0000000000000448        0x8 ff
 .text.PendSV_Handler
                0x0000000000000450       0x48 ./freertos/port.o
                0x0000000000000450                PendSV_Handler
 .text.CLOCK_EnableClock
                0x0000000000000498       0x34 ./source/PRATICA_06_SEMAFOROS_KL25Z.o
 .text.vButtonsInit
                0x00000000000004cc       0x30 ./source/PRATICA_06_SEMAFOROS_KL25Z.o
                0x00000000000004cc                vButtonsInit
 .text.highLedGreen
                0x00000000000004fc       0x3c ./source/PRATICA_06_SEMAFOROS_KL25Z.o
                0x00000000000004fc                highLedGreen
 .text.lowLedGreen
                0x0000000000000538       0x3c ./source/PRATICA_06_SEMAFOROS_KL25Z.o
                0x0000000000000538                lowLedGreen
 .text.highLedRed
                0x0000000000000574       0x3c ./source/PRATICA_06_SEMAFOROS_KL25Z.o
                0x0000000000000574                highLedRed
 .text.lowLedRed
                0x00000000000005b0       0x3c ./source/PRATICA_06_SEMAFOROS_KL25Z.o
                0x00000000000005b0                lowLedRed
 .text.drvButtonsSW1Pressed
                0x00000000000005ec       0x20 ./source/PRATICA_06_SEMAFOROS_KL25Z.o
                0x00000000000005ec                drvButtonsSW1Pressed
 .text.drvButtonsSW2Pressed
                0x000000000000060c       0x20 ./source/PRATICA_06_SEMAFOROS_KL25Z.o
                0x000000000000060c                drvButtonsSW2Pressed
 .text.taskButton
                0x000000000000062c       0x94 ./source/PRATICA_06_SEMAFOROS_KL25Z.o
                0x000000000000062c                taskButton
 .text.PORTD_IRQHandler
                0x00000000000006c0       0x64 ./source/PRATICA_06_SEMAFOROS_KL25Z.o
                0x00000000000006c0                PORTD_IRQHandler
 .text.PORTA_IRQHandler
                0x0000000000000724       0x68 ./source/PRATICA_06_SEMAFOROS_KL25Z.o
                0x0000000000000724                PORTA_IRQHandler
 .text.main     0x000000000000078c       0xc4 ./source/PRATICA_06_SEMAFOROS_KL25Z.o
                0x000000000000078c                main
 .text.HardFault_Handler
                0x0000000000000850       0x30 ./source/semihost_hardfault.o
                0x0000000000000850                HardFault_Handler
 .text.prvSetupTimerInterrupt
                0x0000000000000880       0x40 ./freertos/fsl_tickless_lptmr.o
                0x0000000000000880                prvSetupTimerInterrupt
 .text.pvPortMalloc
                0x00000000000008c0      0x14c ./freertos/heap_4.o
                0x00000000000008c0                pvPortMalloc
 .text.vPortFree
                0x0000000000000a0c       0x90 ./freertos/heap_4.o
                0x0000000000000a0c                vPortFree
 .text.prvHeapInit
                0x0000000000000a9c       0xc0 ./freertos/heap_4.o
 .text.prvInsertBlockIntoFreeList
                0x0000000000000b5c       0xb0 ./freertos/heap_4.o
 .text.pxPortInitialiseStack
                0x0000000000000c0c       0x54 ./freertos/port.o
                0x0000000000000c0c                pxPortInitialiseStack
 .text.prvTaskExitError
                0x0000000000000c60       0x18 ./freertos/port.o
 .text.xPortStartScheduler
                0x0000000000000c78       0x44 ./freertos/port.o
                0x0000000000000c78                xPortStartScheduler
 .text.vPortYield
                0x0000000000000cbc       0x20 ./freertos/port.o
                0x0000000000000cbc                vPortYield
 .text.vPortEnterCritical
                0x0000000000000cdc       0x24 ./freertos/port.o
                0x0000000000000cdc                vPortEnterCritical
 .text.vPortExitCritical
                0x0000000000000d00       0x30 ./freertos/port.o
                0x0000000000000d00                vPortExitCritical
 .text.SysTick_Handler
                0x0000000000000d30       0x34 ./freertos/port.o
                0x0000000000000d30                SysTick_Handler
 .text.vQueueAddToRegistry
                0x0000000000000d64       0x50 ./freertos/queue.o
                0x0000000000000d64                vQueueAddToRegistry
 .text.prvInitialiseNewTask
                0x0000000000000db4      0x120 ./freertos/tasks.o
 .text.prvAddNewTaskToReadyList
                0x0000000000000ed4       0xd0 ./freertos/tasks.o
 .text.vTaskDelay
                0x0000000000000fa4       0x4c ./freertos/tasks.o
                0x0000000000000fa4                vTaskDelay
 .text.vTaskStartScheduler
                0x0000000000000ff0       0x78 ./freertos/tasks.o
                0x0000000000000ff0                vTaskStartScheduler
 .text.vTaskSuspendAll
                0x0000000000001068       0x18 ./freertos/tasks.o
                0x0000000000001068                vTaskSuspendAll
 .text.xTaskResumeAll
                0x0000000000001080      0x118 ./freertos/tasks.o
                0x0000000000001080                xTaskResumeAll
 .text.xTaskGetTickCount
                0x0000000000001198       0x1c ./freertos/tasks.o
                0x0000000000001198                xTaskGetTickCount
 .text.xTaskIncrementTick
                0x00000000000011b4      0x14c ./freertos/tasks.o
                0x00000000000011b4                xTaskIncrementTick
 .text.vTaskSwitchContext
                0x0000000000001300       0xa4 ./freertos/tasks.o
                0x0000000000001300                vTaskSwitchContext
 .text.vTaskPlaceOnEventList
                0x00000000000013a4       0x3c ./freertos/tasks.o
                0x00000000000013a4                vTaskPlaceOnEventList
 .text.vTaskPlaceOnEventListRestricted
                0x00000000000013e0       0x4c ./freertos/tasks.o
                0x00000000000013e0                vTaskPlaceOnEventListRestricted
 .text.xTaskRemoveFromEventList
                0x000000000000142c       0xb8 ./freertos/tasks.o
                0x000000000000142c                xTaskRemoveFromEventList
 .text.vTaskSetTimeOutState
                0x00000000000014e4       0x34 ./freertos/tasks.o
                0x00000000000014e4                vTaskSetTimeOutState
 .text.xTaskCheckForTimeOut
                0x0000000000001518       0x9c ./freertos/tasks.o
                0x0000000000001518                xTaskCheckForTimeOut
 .text.vTaskMissedYield
                0x00000000000015b4       0x14 ./freertos/tasks.o
                0x00000000000015b4                vTaskMissedYield
 .text.prvIdleTask
                0x00000000000015c8       0x20 ./freertos/tasks.o
 .text.prvInitialiseTaskLists
                0x00000000000015e8       0x88 ./freertos/tasks.o
 .text.prvCheckTasksWaitingTermination
                0x0000000000001670       0x78 ./freertos/tasks.o
 .text.prvResetNextTaskUnblockTime
                0x00000000000016e8       0x48 ./freertos/tasks.o
 .text.xTaskGetSchedulerState
                0x0000000000001730       0x38 ./freertos/tasks.o
                0x0000000000001730                xTaskGetSchedulerState
 .text.vTaskPriorityInherit
                0x0000000000001768       0xbc ./freertos/tasks.o
                0x0000000000001768                vTaskPriorityInherit
 .text.xTaskPriorityDisinherit
                0x0000000000001824       0xb8 ./freertos/tasks.o
                0x0000000000001824                xTaskPriorityDisinherit
 .text.pvTaskIncrementMutexHeldCount
                0x00000000000018dc       0x24 ./freertos/tasks.o
                0x00000000000018dc                pvTaskIncrementMutexHeldCount
 .text.xTaskGenericNotify
                0x0000000000001900      0x118 ./freertos/tasks.o
                0x0000000000001900                xTaskGenericNotify
 .text.xTaskGenericNotifyFromISR
                0x0000000000001a18      0x154 ./freertos/tasks.o
                0x0000000000001a18                xTaskGenericNotifyFromISR
 .text.prvAddCurrentTaskToDelayedList
                0x0000000000001b6c       0xa8 ./freertos/tasks.o
 .text.xTimerCreateTimerTask
                0x0000000000001c14       0x54 ./freertos/timers.o
                0x0000000000001c14                xTimerCreateTimerTask
 .text.xTimerGenericCommand
                0x0000000000001c68       0x94 ./freertos/timers.o
                0x0000000000001c68                xTimerGenericCommand
 .text.prvProcessExpiredTimer
                0x0000000000001cfc       0x70 ./freertos/timers.o
 .text.prvProcessTimerOrBlockTask
                0x0000000000001d6c       0x8c ./freertos/timers.o
 .text.prvGetNextExpireTime
                0x0000000000001df8       0x40 ./freertos/timers.o
 .text.prvSampleTimeNow
                0x0000000000001e38       0x40 ./freertos/timers.o
 .text.prvInsertTimerInActiveList
                0x0000000000001e78       0x84 ./freertos/timers.o
 .text.prvProcessReceivedCommands
                0x0000000000001efc      0x128 ./freertos/timers.o
 .text.prvSwitchTimerLists
                0x0000000000002024       0xb4 ./freertos/timers.o
 .text.prvCheckForValidListAndQueue
                0x00000000000020d8       0x74 ./freertos/timers.o
 .text.UART0_DriverIRQHandler
                0x000000000000214c       0x24 ./drivers/fsl_lpsci.o
                0x000000000000214c                UART0_DriverIRQHandler
 .text.UART1_DriverIRQHandler
                0x0000000000002170       0x24 ./drivers/fsl_uart.o
                0x0000000000002170                UART1_DriverIRQHandler
 .text.UART2_DriverIRQHandler
                0x0000000000002194       0x24 ./drivers/fsl_uart.o
                0x0000000000002194                UART2_DriverIRQHandler
 .text.SystemInit
                0x00000000000021b8       0x18 ./CMSIS/system_MKL25Z4.o
                0x00000000000021b8                SystemInit
 .text.__sys_appexit
                0x00000000000021d0        0xc /usr/local/mcuxpressoide-11.5.0_7232/ide/plugins/com.nxp.mcuxpresso.tools.linux_11.5.0.202107051138/tools/bin/../lib/gcc/arm-none-eabi/10.3.1/../../../../arm-none-eabi/lib/thumb/v6-m/nofp/libcr_semihost_nf.a(__sys_appexit.o)
                0x00000000000021d0                __exit
                0x00000000000021d0                __sys_appexit
 .text._deferredlazyseek
                0x00000000000021dc       0x40 /usr/local/mcuxpressoide-11.5.0_7232/ide/plugins/com.nxp.mcuxpresso.tools.linux_11.5.0.202107051138/tools/bin/../lib/gcc/arm-none-eabi/10.3.1/../../../../arm-none-eabi/lib/thumb/v6-m/nofp/libcr_c.a(_deferredlazyseek.o)
                0x00000000000021dc                _deferredlazyseek
 .text.__flsbuf
                0x000000000000221c      0x150 /usr/local/mcuxpressoide-11.5.0_7232/ide/plugins/com.nxp.mcuxpresso.tools.linux_11.5.0.202107051138/tools/bin/../lib/gcc/arm-none-eabi/10.3.1/../../../../arm-none-eabi/lib/thumb/v6-m/nofp/libcr_c.a(_deferredlazyseek.o)
                0x000000000000221c                __flsbuf
 .text._fflush  0x000000000000236c       0x60 /usr/local/mcuxpressoide-11.5.0_7232/ide/plugins/com.nxp.mcuxpresso.tools.linux_11.5.0.202107051138/tools/bin/../lib/gcc/arm-none-eabi/10.3.1/../../../../arm-none-eabi/lib/thumb/v6-m/nofp/libcr_c.a(_fflush.o)
                0x000000000000236c                _fflush
 .text._Cwritebuf
                0x00000000000023cc       0x68 /usr/local/mcuxpressoide-11.5.0_7232/ide/plugins/com.nxp.mcuxpresso.tools.linux_11.5.0.202107051138/tools/bin/../lib/gcc/arm-none-eabi/10.3.1/../../../../arm-none-eabi/lib/thumb/v6-m/nofp/libcr_c.a(_writebuf.o)
                0x00000000000023cc                _Cwritebuf
 .text.malloc   0x0000000000002434       0xcc /usr/local/mcuxpressoide-11.5.0_7232/ide/plugins/com.nxp.mcuxpresso.tools.linux_11.5.0.202107051138/tools/bin/../lib/gcc/arm-none-eabi/10.3.1/../../../../arm-none-eabi/lib/thumb/v6-m/nofp/libcr_c.a(alloc.o)
                0x0000000000002434                malloc
 .text._Csys_alloc
                0x0000000000002500       0x20 /usr/local/mcuxpressoide-11.5.0_7232/ide/plugins/com.nxp.mcuxpresso.tools.linux_11.5.0.202107051138/tools/bin/../lib/gcc/arm-none-eabi/10.3.1/../../../../arm-none-eabi/lib/thumb/v6-m/nofp/libcr_c.a(alloc.o)
                0x0000000000002500                _Csys_alloc
 .text.fseek    0x0000000000002520       0xf0 /usr/local/mcuxpressoide-11.5.0_7232/ide/plugins/com.nxp.mcuxpresso.tools.linux_11.5.0.202107051138/tools/bin/../lib/gcc/arm-none-eabi/10.3.1/../../../../arm-none-eabi/lib/thumb/v6-m/nofp/libcr_c.a(fseek.o)
                0x0000000000002520                fseek
 .text.ftell    0x0000000000002610       0x48 /usr/local/mcuxpressoide-11.5.0_7232/ide/plugins/com.nxp.mcuxpresso.tools.linux_11.5.0.202107051138/tools/bin/../lib/gcc/arm-none-eabi/10.3.1/../../../../arm-none-eabi/lib/thumb/v6-m/nofp/libcr_c.a(ftell.o)
                0x0000000000002610                ftell
 .text._initio  0x0000000000002658       0x7c /usr/local/mcuxpressoide-11.5.0_7232/ide/plugins/com.nxp.mcuxpresso.tools.linux_11.5.0.202107051138/tools/bin/../lib/gcc/arm-none-eabi/10.3.1/../../../../arm-none-eabi/lib/thumb/v6-m/nofp/libcr_c.a(initio.o)
                0x0000000000002658                _initio
 .text.__vfprintf
                0x00000000000026d4      0xd40 /usr/local/mcuxpressoide-11.5.0_7232/ide/plugins/com.nxp.mcuxpresso.tools.linux_11.5.0.202107051138/tools/bin/../lib/gcc/arm-none-eabi/10.3.1/../../../../arm-none-eabi/lib/thumb/v6-m/nofp/libcr_c.a(printf.o)
                0x00000000000026d4                __vfprintf
 .text._vsnprintf
                0x0000000000003414       0x70 /usr/local/mcuxpressoide-11.5.0_7232/ide/plugins/com.nxp.mcuxpresso.tools.linux_11.5.0.202107051138/tools/bin/../lib/gcc/arm-none-eabi/10.3.1/../../../../arm-none-eabi/lib/thumb/v6-m/nofp/libcr_c.a(printf.o)
                0x0000000000003414                _vsnprintf
 .text._printf  0x0000000000003484       0x50 /usr/local/mcuxpressoide-11.5.0_7232/ide/plugins/com.nxp.mcuxpresso.tools.linux_11.5.0.202107051138/tools/bin/../lib/gcc/arm-none-eabi/10.3.1/../../../../arm-none-eabi/lib/thumb/v6-m/nofp/libcr_c.a(printf.o)
                0x0000000000003484                _printf
 .text.setvbuf  0x00000000000034d4       0x4c /usr/local/mcuxpressoide-11.5.0_7232/ide/plugins/com.nxp.mcuxpresso.tools.linux_11.5.0.202107051138/tools/bin/../lib/gcc/arm-none-eabi/10.3.1/../../../../arm-none-eabi/lib/thumb/v6-m/nofp/libcr_c.a(setvbuf.o)
                0x00000000000034d4                setvbuf
 .text.strlen   0x0000000000003520       0x58 /usr/local/mcuxpressoide-11.5.0_7232/ide/plugins/com.nxp.mcuxpresso.tools.linux_11.5.0.202107051138/tools/bin/../lib/gcc/arm-none-eabi/10.3.1/../../../../arm-none-eabi/lib/thumb/v6-m/nofp/libcr_c.a(strlen.o)
                0x0000000000003520                strlen
 .text._sbrk    0x0000000000003578       0x44 /usr/local/mcuxpressoide-11.5.0_7232/ide/plugins/com.nxp.mcuxpresso.tools.linux_11.5.0.202107051138/tools/bin/../lib/gcc/arm-none-eabi/10.3.1/../../../../arm-none-eabi/lib/thumb/v6-m/nofp/libcr_c.a(_cr_sbrk.o)
                0x0000000000003578                _sbrk
 .text._fdopen  0x00000000000035bc       0x74 /usr/local/mcuxpressoide-11.5.0_7232/ide/plugins/com.nxp.mcuxpresso.tools.linux_11.5.0.202107051138/tools/bin/../lib/gcc/arm-none-eabi/10.3.1/../../../../arm-none-eabi/lib/thumb/v6-m/nofp/libcr_c.a(_fdopen.o)
                0x00000000000035bc                _fdopen
 .text.fclose   0x0000000000003630       0x5c /usr/local/mcuxpressoide-11.5.0_7232/ide/plugins/com.nxp.mcuxpresso.tools.linux_11.5.0.202107051138/tools/bin/../lib/gcc/arm-none-eabi/10.3.1/../../../../arm-none-eabi/lib/thumb/v6-m/nofp/libcr_c.a(fclose.o)
                0x0000000000003630                fclose
 .text.fflush   0x000000000000368c       0x44 /usr/local/mcuxpressoide-11.5.0_7232/ide/plugins/com.nxp.mcuxpresso.tools.linux_11.5.0.202107051138/tools/bin/../lib/gcc/arm-none-eabi/10.3.1/../../../../arm-none-eabi/lib/thumb/v6-m/nofp/libcr_c.a(fflush.o)
                0x000000000000368c                fflush
 .text.__check_heap_overflow
                0x00000000000036d0       0x18 /usr/local/mcuxpressoide-11.5.0_7232/ide/plugins/com.nxp.mcuxpresso.tools.linux_11.5.0.202107051138/tools/bin/../lib/gcc/arm-none-eabi/10.3.1/../../../../arm-none-eabi/lib/thumb/v6-m/nofp/libcr_c.a(_cr_check_heap.o)
                0x00000000000036d0                __check_heap_overflow
 .text._do_fflush
                0x00000000000036e8       0x48 /usr/local/mcuxpressoide-11.5.0_7232/ide/plugins/com.nxp.mcuxpresso.tools.linux_11.5.0.202107051138/tools/bin/../lib/gcc/arm-none-eabi/10.3.1/../../../../arm-none-eabi/lib/thumb/v6-m/nofp/libcr_c.a(_do_fflush.o)
                0x00000000000036e8                _do_fflush
 .text.GPIO_ReadPinInput
                0x0000000000003730       0x20 ./source/PRATICA_06_SEMAFOROS_KL25Z.o
 .text.PORT_ClearPinsInterruptFlags
                0x0000000000003750       0x1a ./source/PRATICA_06_SEMAFOROS_KL25Z.o
 .text.drvLedsSet
                0x000000000000376a       0x3a ./source/PRATICA_06_SEMAFOROS_KL25Z.o
                0x000000000000376a                drvLedsSet
 .text.taskLed  0x00000000000037a4       0x32 ./source/PRATICA_06_SEMAFOROS_KL25Z.o
                0x00000000000037a4                taskLed
 .text.vListInitialise
                0x00000000000037d6       0x3c ./freertos/list.o
                0x00000000000037d6                vListInitialise
 .text.vListInitialiseItem
                0x0000000000003812       0x16 ./freertos/list.o
                0x0000000000003812                vListInitialiseItem
 .text.vListInsertEnd
                0x0000000000003828       0x44 ./freertos/list.o
                0x0000000000003828                vListInsertEnd
 .text.vListInsert
                0x000000000000386c       0x6c ./freertos/list.o
                0x000000000000386c                vListInsert
 .text.uxListRemove
                0x00000000000038d8       0x50 ./freertos/list.o
                0x00000000000038d8                uxListRemove
 .text.SVC_Handler
                0x0000000000003928        0xa ./freertos/port.o
                0x0000000000003928                SVC_Handler
 .text.ulSetInterruptMaskFromISR
                0x0000000000003932        0xc ./freertos/port.o
                0x0000000000003932                ulSetInterruptMaskFromISR
 .text.vClearInterruptMaskFromISR
                0x000000000000393e        0x8 ./freertos/port.o
                0x000000000000393e                vClearInterruptMaskFromISR
 .text.xQueueGenericReset
                0x0000000000003946       0xa8 ./freertos/queue.o
                0x0000000000003946                xQueueGenericReset
 .text.xQueueGenericCreate
                0x00000000000039ee       0x64 ./freertos/queue.o
                0x00000000000039ee                xQueueGenericCreate
 .text.prvInitialiseNewQueue
                0x0000000000003a52       0x4e ./freertos/queue.o
 .text.xQueueGenericSend
                0x0000000000003aa0      0x188 ./freertos/queue.o
                0x0000000000003aa0                xQueueGenericSend
 .text.xQueueGenericSendFromISR
                0x0000000000003c28       0xe2 ./freertos/queue.o
                0x0000000000003c28                xQueueGenericSendFromISR
 .text.xQueueGiveFromISR
                0x0000000000003d0a       0xca ./freertos/queue.o
                0x0000000000003d0a                xQueueGiveFromISR
 .text.xQueueGenericReceive
                0x0000000000003dd4      0x1c8 ./freertos/queue.o
                0x0000000000003dd4                xQueueGenericReceive
 .text.prvCopyDataToQueue
                0x0000000000003f9c       0xd6 ./freertos/queue.o
 .text.prvCopyDataFromQueue
                0x0000000000004072       0x4c ./freertos/queue.o
 .text.prvUnlockQueue
                0x00000000000040be       0xbc ./freertos/queue.o
 .text.prvIsQueueEmpty
                0x000000000000417a       0x2c ./freertos/queue.o
 .text.prvIsQueueFull
                0x00000000000041a6       0x30 ./freertos/queue.o
 .text.vQueueWaitForMessageRestricted
                0x00000000000041d6       0x66 ./freertos/queue.o
                0x00000000000041d6                vQueueWaitForMessageRestricted
 .text.xTaskCreate
                0x000000000000423c       0x90 ./freertos/tasks.o
                0x000000000000423c                xTaskCreate
 .text.prvDeleteTCB
                0x00000000000042cc       0x22 ./freertos/tasks.o
 .text.prvTimerTask
                0x00000000000042ee       0x28 ./freertos/timers.o
 .text.__main   0x0000000000004316        0xc /usr/local/mcuxpressoide-11.5.0_7232/ide/plugins/com.nxp.mcuxpresso.tools.linux_11.5.0.202107051138/tools/bin/../lib/gcc/arm-none-eabi/10.3.1/../../../../arm-none-eabi/lib/thumb/v6-m/nofp/libcr_semihost_nf.a(_cr__main.o)
                0x0000000000004316                __main
                0x0000000000004316                __CR_SEMIHOST
 .text.memcpy   0x0000000000004322        0x8 /usr/local/mcuxpressoide-11.5.0_7232/ide/plugins/com.nxp.mcuxpresso.tools.linux_11.5.0.202107051138/tools/bin/../lib/gcc/arm-none-eabi/10.3.1/../../../../arm-none-eabi/lib/thumb/v6-m/nofp/libcr_c.a(memcpy.o)
                0x0000000000004322                memcpy
 .text.memset   0x000000000000432a        0x8 /usr/local/mcuxpressoide-11.5.0_7232/ide/plugins/com.nxp.mcuxpresso.tools.linux_11.5.0.202107051138/tools/bin/../lib/gcc/arm-none-eabi/10.3.1/../../../../arm-none-eabi/lib/thumb/v6-m/nofp/libcr_c.a(memset.o)
                0x000000000000432a                memset
 .text.free     0x0000000000004332       0x2c /usr/local/mcuxpressoide-11.5.0_7232/ide/plugins/com.nxp.mcuxpresso.tools.linux_11.5.0.202107051138/tools/bin/../lib/gcc/arm-none-eabi/10.3.1/../../../../arm-none-eabi/lib/thumb/v6-m/nofp/libcr_c.a(alloc.o)
                0x0000000000004332                free
 .text.no_fp_display
                0x000000000000435e        0x4 /usr/local/mcuxpressoide-11.5.0_7232/ide/plugins/com.nxp.mcuxpresso.tools.linux_11.5.0.202107051138/tools/bin/../lib/gcc/arm-none-eabi/10.3.1/../../../../arm-none-eabi/lib/thumb/v6-m/nofp/libcr_c.a(printf.o)
 .text.remove   0x0000000000004362       0x12 /usr/local/mcuxpressoide-11.5.0_7232/ide/plugins/com.nxp.mcuxpresso.tools.linux_11.5.0.202107051138/tools/bin/../lib/gcc/arm-none-eabi/10.3.1/../../../../arm-none-eabi/lib/thumb/v6-m/nofp/libcr_c.a(remove.o)
                0x0000000000004362                remove
 .text.__aeabi_division_idivmod
                0x0000000000004374       0x78 /usr/local/mcuxpressoide-11.5.0_7232/ide/plugins/com.nxp.mcuxpresso.tools.linux_11.5.0.202107051138/tools/bin/../lib/gcc/arm-none-eabi/10.3.1/thumb/v6-m/nofp/libcr_eabihelpers.a(division_32.o)
                0x0000000000004374                __aeabi_idiv
                0x0000000000004374                __aeabi_idivmod
                0x000000000000437a                __aeabi_uidiv
                0x000000000000437a                __aeabi_uidivmod
 .text.__aeabi_division_idiv0
                0x00000000000043ec        0x2 /usr/local/mcuxpressoide-11.5.0_7232/ide/plugins/com.nxp.mcuxpresso.tools.linux_11.5.0.202107051138/tools/bin/../lib/gcc/arm-none-eabi/10.3.1/thumb/v6-m/nofp/libcr_eabihelpers.a(division_idiv0.o)
                0x00000000000043ec                __aeabi_idiv0
 .text.__aeabi_llong_lmul
                0x00000000000043ee       0x2e /usr/local/mcuxpressoide-11.5.0_7232/ide/plugins/com.nxp.mcuxpresso.tools.linux_11.5.0.202107051138/tools/bin/../lib/gcc/arm-none-eabi/10.3.1/thumb/v6-m/nofp/libcr_eabihelpers.a(llong.o)
                0x00000000000043ee                __aeabi_lmul
 .text.__aeabi_memcpy
                0x000000000000441c       0x2c /usr/local/mcuxpressoide-11.5.0_7232/ide/plugins/com.nxp.mcuxpresso.tools.linux_11.5.0.202107051138/tools/bin/../lib/gcc/arm-none-eabi/10.3.1/thumb/v6-m/nofp/libcr_eabihelpers.a(memcpy.o)
                0x000000000000441c                __aeabi_memcpy
                0x000000000000441c                __aeabi_memcpy4
                0x000000000000441c                __aeabi_memcpy8
 .text.__aeabi_memset_lowlevel
                0x0000000000004448       0x2a /usr/local/mcuxpressoide-11.5.0_7232/ide/plugins/com.nxp.mcuxpresso.tools.linux_11.5.0.202107051138/tools/bin/../lib/gcc/arm-none-eabi/10.3.1/thumb/v6-m/nofp/libcr_eabihelpers.a(memcpy.o)
                0x0000000000004448                __aeabi_lowlevel_memset
 .text.__gnu_thumb1_case_shi
                0x0000000000004472       0x10 /usr/local/mcuxpressoide-11.5.0_7232/ide/plugins/com.nxp.mcuxpresso.tools.linux_11.5.0.202107051138/tools/bin/../lib/gcc/arm-none-eabi/10.3.1/thumb/v6-m/nofp/libcr_eabihelpers.a(thumb1_switch_helpers.o)
                0x0000000000004472                __gnu_thumb1_case_shi
 .text.__sys_close
                0x0000000000004482        0xc /usr/local/mcuxpressoide-11.5.0_7232/ide/plugins/com.nxp.mcuxpresso.tools.linux_11.5.0.202107051138/tools/bin/../lib/gcc/arm-none-eabi/10.3.1/../../../../arm-none-eabi/lib/thumb/v6-m/nofp/libcr_semihost_nf.a(__sys_close.o)
                0x0000000000004482                __sys_close
 .text.__sys_flen
                0x000000000000448e        0xc /usr/local/mcuxpressoide-11.5.0_7232/ide/plugins/com.nxp.mcuxpresso.tools.linux_11.5.0.202107051138/tools/bin/../lib/gcc/arm-none-eabi/10.3.1/../../../../arm-none-eabi/lib/thumb/v6-m/nofp/libcr_semihost_nf.a(__sys_flen.o)
                0x000000000000448e                __sys_flen
 .text.__sys_istty
                0x000000000000449a        0xc /usr/local/mcuxpressoide-11.5.0_7232/ide/plugins/com.nxp.mcuxpresso.tools.linux_11.5.0.202107051138/tools/bin/../lib/gcc/arm-none-eabi/10.3.1/../../../../arm-none-eabi/lib/thumb/v6-m/nofp/libcr_semihost_nf.a(__sys_istty.o)
                0x000000000000449a                __sys_istty
 .text.__sys_remove
                0x00000000000044a6        0xc /usr/local/mcuxpressoide-11.5.0_7232/ide/plugins/com.nxp.mcuxpresso.tools.linux_11.5.0.202107051138/tools/bin/../lib/gcc/arm-none-eabi/10.3.1/../../../../arm-none-eabi/lib/thumb/v6-m/nofp/libcr_semihost_nf.a(__sys_remove.o)
                0x00000000000044a6                __sys_remove
 .text.__sys_seek
                0x00000000000044b2        0xc /usr/local/mcuxpressoide-11.5.0_7232/ide/plugins/com.nxp.mcuxpresso.tools.linux_11.5.0.202107051138/tools/bin/../lib/gcc/arm-none-eabi/10.3.1/../../../../arm-none-eabi/lib/thumb/v6-m/nofp/libcr_semihost_nf.a(__sys_seek.o)
                0x00000000000044b2                __sys_seek
 .text.__sys_tmpnam
                0x00000000000044be        0xc /usr/local/mcuxpressoide-11.5.0_7232/ide/plugins/com.nxp.mcuxpresso.tools.linux_11.5.0.202107051138/tools/bin/../lib/gcc/arm-none-eabi/10.3.1/../../../../arm-none-eabi/lib/thumb/v6-m/nofp/libcr_semihost_nf.a(__sys_tmpnam.o)
                0x00000000000044be                __sys_tmpnam
 .text.__sys_write
                0x00000000000044ca        0xc /usr/local/mcuxpressoide-11.5.0_7232/ide/plugins/com.nxp.mcuxpresso.tools.linux_11.5.0.202107051138/tools/bin/../lib/gcc/arm-none-eabi/10.3.1/../../../../arm-none-eabi/lib/thumb/v6-m/nofp/libcr_semihost_nf.a(__sys_write.o)
                0x00000000000044ca                __sys_write
 *freertos*/tasks.o(SORT_BY_ALIGNMENT(.rodata*))
 *fill*         0x00000000000044d6        0x2 ff
 .rodata.vTaskStartScheduler.str1.4
                0x00000000000044d8        0x5 ./freertos/tasks.o
 *fill*         0x00000000000044dd        0x3 ff
 .rodata.xTaskGenericNotify
                0x00000000000044e0       0x14 ./freertos/tasks.o
 .rodata.xTaskGenericNotifyFromISR
                0x00000000000044f4       0x14 ./freertos/tasks.o
 *(SORT_BY_ALIGNMENT(.rodata) SORT_BY_ALIGNMENT(.rodata.*) SORT_BY_ALIGNMENT(.constdata) SORT_BY_ALIGNMENT(.constdata.*))
 .rodata.PORTD_IRQHandler.str1.4
                0x0000000000004508       0x16 ./source/PRATICA_06_SEMAFOROS_KL25Z.o
 *fill*         0x000000000000451e        0x2 ff
 .rodata.PORTA_IRQHandler.str1.4
                0x0000000000004520       0x16 ./source/PRATICA_06_SEMAFOROS_KL25Z.o
 *fill*         0x0000000000004536        0x2 ff
 .rodata.main.str1.4
                0x0000000000004538       0x37 ./source/PRATICA_06_SEMAFOROS_KL25Z.o
 *fill*         0x000000000000456f        0x1 ff
 .rodata.xTimerCreateTimerTask.str1.4
                0x0000000000004570        0x8 ./freertos/timers.o
 .rodata.prvProcessReceivedCommands
                0x0000000000004578       0x28 ./freertos/timers.o
 .rodata.prvCheckForValidListAndQueue.str1.4
                0x00000000000045a0        0x5 ./freertos/timers.o
 *fill*         0x00000000000045a5        0x3 ff
 .rodata.__num_Ciob_streams
                0x00000000000045a8        0x4 /usr/local/mcuxpressoide-11.5.0_7232/ide/plugins/com.nxp.mcuxpresso.tools.linux_11.5.0.202107051138/tools/bin/../lib/gcc/arm-none-eabi/10.3.1/../../../../arm-none-eabi/lib/thumb/v6-m/nofp/libcr_semihost_nf.a(__ciob.o)
                0x00000000000045a8                __num_Ciob_streams
 .rodata._Csys_alloc.str1.1
                0x00000000000045ac       0x18 /usr/local/mcuxpressoide-11.5.0_7232/ide/plugins/com.nxp.mcuxpresso.tools.linux_11.5.0.202107051138/tools/bin/../lib/gcc/arm-none-eabi/10.3.1/../../../../arm-none-eabi/lib/thumb/v6-m/nofp/libcr_c.a(alloc.o)
 .rodata._initio.str1.1
                0x00000000000045c4        0x4 /usr/local/mcuxpressoide-11.5.0_7232/ide/plugins/com.nxp.mcuxpresso.tools.linux_11.5.0.202107051138/tools/bin/../lib/gcc/arm-none-eabi/10.3.1/../../../../arm-none-eabi/lib/thumb/v6-m/nofp/libcr_c.a(initio.o)
 .rodata.__vfprintf.str1.1
                0x00000000000045c8       0x37 /usr/local/mcuxpressoide-11.5.0_7232/ide/plugins/com.nxp.mcuxpresso.tools.linux_11.5.0.202107051138/tools/bin/../lib/gcc/arm-none-eabi/10.3.1/../../../../arm-none-eabi/lib/thumb/v6-m/nofp/libcr_c.a(printf.o)
                                         0x38 (size before relaxing)
                0x0000000000004600                . = ALIGN (0x4)
 *fill*         0x00000000000045ff        0x1 ff

.glue_7         0x0000000000004600        0x0
 .glue_7        0x0000000000004600        0x0 linker stubs

.glue_7t        0x0000000000004600        0x0
 .glue_7t       0x0000000000004600        0x0 linker stubs

.vfp11_veneer   0x0000000000004600        0x0
 .vfp11_veneer  0x0000000000004600        0x0 linker stubs

.v4_bx          0x0000000000004600        0x0
 .v4_bx         0x0000000000004600        0x0 linker stubs

.iplt           0x0000000000004600        0x0
 .iplt          0x0000000000004600        0x0 ./startup/startup_mkl25z4.o

.rel.dyn        0x0000000000004600        0x0
 .rel.iplt      0x0000000000004600        0x0 ./startup/startup_mkl25z4.o

.ARM.extab
 *(SORT_BY_ALIGNMENT(.ARM.extab*) SORT_BY_ALIGNMENT(.gnu.linkonce.armextab.*))

.ARM.exidx      0x0000000000004600        0x0
                0x0000000000004600                __exidx_start = .
 *(SORT_BY_ALIGNMENT(.ARM.exidx*) SORT_BY_ALIGNMENT(.gnu.linkonce.armexidx.*))
                0x0000000000004600                __exidx_end = .
                0x0000000000004600                _etext = .

.m_usb_data
 *(SORT_BY_ALIGNMENT(m_usb_bdt))

.mtb_buffer_default
                0x000000001ffff000       0x80
 *(SORT_BY_ALIGNMENT(.mtb*))
 .mtb.$RAM1     0x000000001ffff000       0x80 ./source/mtb.o
                0x000000001ffff000                __mtb_buffer__

.uninit_RESERVED
                0x000000001ffff080        0x0
                0x000000001ffff080                _start_uninit_RESERVED = .
 *(SORT_BY_ALIGNMENT(.bss.$RESERVED*))
                0x000000001ffff080                . = ALIGN (0x4)
                0x000000001ffff080                _end_uninit_RESERVED = .

.data           0x000000001ffff080        0x8 load address 0x0000000000004600
 FILL mask 0xff
                0x000000001ffff080                _data = .
                [!provide]                        PROVIDE (__start_data_RAM = .)
                [!provide]                        PROVIDE (__start_data_SRAM = .)
 *(SORT_BY_ALIGNMENT(vtable))
 *(SORT_BY_ALIGNMENT(.ramfunc*))
 *(SORT_BY_ALIGNMENT(CodeQuickAccess))
 *(SORT_BY_ALIGNMENT(DataQuickAccess))
 *(SORT_BY_ALIGNMENT(RamFunction))
 *(SORT_BY_ALIGNMENT(.data*))
 .data.uxCriticalNesting
                0x000000001ffff080        0x4 ./freertos/port.o
 .data.SystemCoreClock
                0x000000001ffff084        0x4 ./CMSIS/system_MKL25Z4.o
                0x000000001ffff084                SystemCoreClock
                0x000000001ffff088                . = ALIGN (0x4)
                0x000000001ffff088                _edata = .
                [!provide]                        PROVIDE (__end_data_RAM = .)
                [!provide]                        PROVIDE (__end_data_SRAM = .)

.igot.plt       0x000000001ffff088        0x0 load address 0x0000000000004608
 .igot.plt      0x000000001ffff088        0x0 ./startup/startup_mkl25z4.o

.bss            0x000000001ffff088     0x2a74
                0x000000001ffff088                _bss = .
                [!provide]                        PROVIDE (__start_bss_RAM = .)
                [!provide]                        PROVIDE (__start_bss_SRAM = .)
 *(SORT_BY_ALIGNMENT(.bss*))
 .bss.drvButtonSem
                0x000000001ffff088        0x4 ./source/PRATICA_06_SEMAFOROS_KL25Z.o
                0x000000001ffff088                drvButtonSem
 .bss.ucHeap    0x000000001ffff08c     0x2800 ./freertos/heap_4.o
 .bss.xStart    0x000000002000188c        0x8 ./freertos/heap_4.o
 .bss.pxEnd     0x0000000020001894        0x4 ./freertos/heap_4.o
 .bss.xFreeBytesRemaining
                0x0000000020001898        0x4 ./freertos/heap_4.o
 .bss.xMinimumEverFreeBytesRemaining
                0x000000002000189c        0x4 ./freertos/heap_4.o
 .bss.xBlockAllocatedBit
                0x00000000200018a0        0x4 ./freertos/heap_4.o
 .bss.xQueueRegistry
                0x00000000200018a4       0x40 ./freertos/queue.o
                0x00000000200018a4                xQueueRegistry
 .bss.pxCurrentTCB
                0x00000000200018e4        0x4 ./freertos/tasks.o
                0x00000000200018e4                pxCurrentTCB
 .bss.pxReadyTasksLists
                0x00000000200018e8       0x64 ./freertos/tasks.o
 .bss.xDelayedTaskList1
                0x000000002000194c       0x14 ./freertos/tasks.o
 .bss.xDelayedTaskList2
                0x0000000020001960       0x14 ./freertos/tasks.o
 .bss.pxDelayedTaskList
                0x0000000020001974        0x4 ./freertos/tasks.o
 .bss.pxOverflowDelayedTaskList
                0x0000000020001978        0x4 ./freertos/tasks.o
 .bss.xPendingReadyList
                0x000000002000197c       0x14 ./freertos/tasks.o
 .bss.xTasksWaitingTermination
                0x0000000020001990       0x14 ./freertos/tasks.o
 .bss.uxDeletedTasksWaitingCleanUp
                0x00000000200019a4        0x4 ./freertos/tasks.o
 .bss.xSuspendedTaskList
                0x00000000200019a8       0x14 ./freertos/tasks.o
 .bss.uxCurrentNumberOfTasks
                0x00000000200019bc        0x4 ./freertos/tasks.o
 .bss.xTickCount
                0x00000000200019c0        0x4 ./freertos/tasks.o
 .bss.uxTopReadyPriority
                0x00000000200019c4        0x4 ./freertos/tasks.o
 .bss.xSchedulerRunning
                0x00000000200019c8        0x4 ./freertos/tasks.o
 .bss.uxPendedTicks
                0x00000000200019cc        0x4 ./freertos/tasks.o
 .bss.xYieldPending
                0x00000000200019d0        0x4 ./freertos/tasks.o
 .bss.xNumOfOverflows
                0x00000000200019d4        0x4 ./freertos/tasks.o
 .bss.uxTaskNumber
                0x00000000200019d8        0x4 ./freertos/tasks.o
 .bss.xNextTaskUnblockTime
                0x00000000200019dc        0x4 ./freertos/tasks.o
 .bss.xIdleTaskHandle
                0x00000000200019e0        0x4 ./freertos/tasks.o
 .bss.uxSchedulerSuspended
                0x00000000200019e4        0x4 ./freertos/tasks.o
 .bss.xActiveTimerList1
                0x00000000200019e8       0x14 ./freertos/timers.o
 .bss.xActiveTimerList2
                0x00000000200019fc       0x14 ./freertos/timers.o
 .bss.pxCurrentTimerList
                0x0000000020001a10        0x4 ./freertos/timers.o
 .bss.pxOverflowTimerList
                0x0000000020001a14        0x4 ./freertos/timers.o
 .bss.xTimerQueue
                0x0000000020001a18        0x4 ./freertos/timers.o
 .bss.xTimerTaskHandle
                0x0000000020001a1c        0x4 ./freertos/timers.o
 .bss.xLastTime.0
                0x0000000020001a20        0x4 ./freertos/timers.o
 .bss.s_lpsciHandle
                0x0000000020001a24        0x4 ./drivers/fsl_lpsci.o
 .bss.s_lpsciIsr
                0x0000000020001a28        0x4 ./drivers/fsl_lpsci.o
 .bss.s_uartHandle
                0x0000000020001a2c        0xc ./drivers/fsl_uart.o
 .bss.s_uartIsr
                0x0000000020001a38        0x4 ./drivers/fsl_uart.o
 .bss.__Ciob    0x0000000020001a3c       0xb4 /usr/local/mcuxpressoide-11.5.0_7232/ide/plugins/com.nxp.mcuxpresso.tools.linux_11.5.0.202107051138/tools/bin/../lib/gcc/arm-none-eabi/10.3.1/../../../../arm-none-eabi/lib/thumb/v6-m/nofp/libcr_semihost_nf.a(__ciob.o)
                0x0000000020001a3c                __Ciob
 .bss.__end_of_heap
                0x0000000020001af0        0x4 /usr/local/mcuxpressoide-11.5.0_7232/ide/plugins/com.nxp.mcuxpresso.tools.linux_11.5.0.202107051138/tools/bin/../lib/gcc/arm-none-eabi/10.3.1/../../../../arm-none-eabi/lib/thumb/v6-m/nofp/libcr_c.a(__init_alloc.o)
                0x0000000020001af0                __end_of_heap
 .bss.__heaps   0x0000000020001af4        0x4 /usr/local/mcuxpressoide-11.5.0_7232/ide/plugins/com.nxp.mcuxpresso.tools.linux_11.5.0.202107051138/tools/bin/../lib/gcc/arm-none-eabi/10.3.1/../../../../arm-none-eabi/lib/thumb/v6-m/nofp/libcr_c.a(__init_alloc.o)
                0x0000000020001af4                __heaps
 .bss.errno     0x0000000020001af8        0x4 /usr/local/mcuxpressoide-11.5.0_7232/ide/plugins/com.nxp.mcuxpresso.tools.linux_11.5.0.202107051138/tools/bin/../lib/gcc/arm-none-eabi/10.3.1/../../../../arm-none-eabi/lib/thumb/v6-m/nofp/libcr_c.a(errno.o)
                0x0000000020001af8                errno
 *(SORT_BY_ALIGNMENT(COMMON))
                0x0000000020001afc                . = ALIGN (0x4)
                0x0000000020001afc                _ebss = .
                [!provide]                        PROVIDE (__end_bss_RAM = .)
                [!provide]                        PROVIDE (__end_bss_SRAM = .)
                [!provide]                        PROVIDE (end = .)

.noinit         0x0000000020001afc        0x0
                0x0000000020001afc                _noinit = .
                [!provide]                        PROVIDE (__start_noinit_RAM = .)
                [!provide]                        PROVIDE (__start_noinit_SRAM = .)
 *(SORT_BY_ALIGNMENT(.noinit*))
                0x0000000020001afc                . = ALIGN (0x4)
                0x0000000020001afc                _end_noinit = .
                [!provide]                        PROVIDE (__end_noinit_RAM = .)
                [!provide]                        PROVIDE (__end_noinit_SRAM = .)
                0x0000000000000400                _HeapSize = 0x400

.heap           0x0000000020001afc      0x400
                0x0000000020001afc                _pvHeapStart = .
                0x0000000020001efc                . = (. + _HeapSize)
 *fill*         0x0000000020001afc      0x400 
                0x0000000020001efc                . = ALIGN (0x4)
                0x0000000020001efc                _pvHeapLimit = .
                0x0000000000000400                _StackSize = 0x400

.heap2stackfill
                0x0000000020001efc      0x400
                0x00000000200022fc                . = (. + _StackSize)
 *fill*         0x0000000020001efc      0x400 

.stack          0x0000000020002c00        0x0
                0x0000000020002c00                _vStackBase = .
                0x0000000020002c00                . = ALIGN (0x4)
                0x0000000020003000                _vStackTop = (. + _StackSize)
                0x0000000000000000                _image_start = LOADADDR (.text)
                0x0000000000004608                _image_end = (LOADADDR (.data) + SIZEOF (.data))
                0x0000000000004608                _image_size = (_image_end - _image_start)
OUTPUT(PRATICA_06_SEMAFOROS_KL25Z.axf elf32-littlearm)
LOAD linker stubs

.debug_info     0x0000000000000000     0x73d0
 .debug_info    0x0000000000000000      0x4eb ./startup/startup_mkl25z4.o
 .debug_info    0x00000000000004eb      0x76d ./source/PRATICA_06_SEMAFOROS_KL25Z.o
 .debug_info    0x0000000000000c58       0x53 ./source/mtb.o
 .debug_info    0x0000000000000cab       0x3c ./source/semihost_hardfault.o
 .debug_info    0x0000000000000ce7       0xb4 ./freertos/fsl_tickless_lptmr.o
 .debug_info    0x0000000000000d9b      0x2fc ./freertos/heap_4.o
 .debug_info    0x0000000000001097      0x2b3 ./freertos/list.o
 .debug_info    0x000000000000134a      0x236 ./freertos/port.o
 .debug_info    0x0000000000001580      0xec3 ./freertos/queue.o
 .debug_info    0x0000000000002443     0x1877 ./freertos/tasks.o
 .debug_info    0x0000000000003cba      0xb5a ./freertos/timers.o
 .debug_info    0x0000000000004814     0x140d ./drivers/fsl_lpsci.o
 .debug_info    0x0000000000005c21     0x13ae ./drivers/fsl_uart.o
 .debug_info    0x0000000000006fcf      0x401 ./CMSIS/system_MKL25Z4.o

.debug_abbrev   0x0000000000000000     0x161d
 .debug_abbrev  0x0000000000000000      0x198 ./startup/startup_mkl25z4.o
 .debug_abbrev  0x0000000000000198      0x27a ./source/PRATICA_06_SEMAFOROS_KL25Z.o
 .debug_abbrev  0x0000000000000412       0x46 ./source/mtb.o
 .debug_abbrev  0x0000000000000458       0x31 ./source/semihost_hardfault.o
 .debug_abbrev  0x0000000000000489       0x69 ./freertos/fsl_tickless_lptmr.o
 .debug_abbrev  0x00000000000004f2      0x175 ./freertos/heap_4.o
 .debug_abbrev  0x0000000000000667       0xeb ./freertos/list.o
 .debug_abbrev  0x0000000000000752      0x178 ./freertos/port.o
 .debug_abbrev  0x00000000000008ca      0x1e2 ./freertos/queue.o
 .debug_abbrev  0x0000000000000aac      0x291 ./freertos/tasks.o
 .debug_abbrev  0x0000000000000d3d      0x1ea ./freertos/timers.o
 .debug_abbrev  0x0000000000000f27      0x2d7 ./drivers/fsl_lpsci.o
 .debug_abbrev  0x00000000000011fe      0x2f1 ./drivers/fsl_uart.o
 .debug_abbrev  0x00000000000014ef      0x12e ./CMSIS/system_MKL25Z4.o

.debug_aranges  0x0000000000000000      0x998
 .debug_aranges
                0x0000000000000000      0x160 ./startup/startup_mkl25z4.o
 .debug_aranges
                0x0000000000000160       0x98 ./source/PRATICA_06_SEMAFOROS_KL25Z.o
 .debug_aranges
                0x00000000000001f8       0x18 ./source/mtb.o
 .debug_aranges
                0x0000000000000210       0x20 ./source/semihost_hardfault.o
 .debug_aranges
                0x0000000000000230       0x20 ./freertos/fsl_tickless_lptmr.o
 .debug_aranges
                0x0000000000000250       0x50 ./freertos/heap_4.o
 .debug_aranges
                0x00000000000002a0       0x40 ./freertos/list.o
 .debug_aranges
                0x00000000000002e0       0x80 ./freertos/port.o
 .debug_aranges
                0x0000000000000360      0x118 ./freertos/queue.o
 .debug_aranges
                0x0000000000000478      0x1e8 ./freertos/tasks.o
 .debug_aranges
                0x0000000000000660       0xc8 ./freertos/timers.o
 .debug_aranges
                0x0000000000000728      0x118 ./drivers/fsl_lpsci.o
 .debug_aranges
                0x0000000000000840      0x130 ./drivers/fsl_uart.o
 .debug_aranges
                0x0000000000000970       0x28 ./CMSIS/system_MKL25Z4.o

.debug_ranges   0x0000000000000000      0x8b0
 .debug_ranges  0x0000000000000000      0x150 ./startup/startup_mkl25z4.o
 .debug_ranges  0x0000000000000150       0x88 ./source/PRATICA_06_SEMAFOROS_KL25Z.o
 .debug_ranges  0x00000000000001d8       0x10 ./source/semihost_hardfault.o
 .debug_ranges  0x00000000000001e8       0x10 ./freertos/fsl_tickless_lptmr.o
 .debug_ranges  0x00000000000001f8       0x40 ./freertos/heap_4.o
 .debug_ranges  0x0000000000000238       0x30 ./freertos/list.o
 .debug_ranges  0x0000000000000268       0x70 ./freertos/port.o
 .debug_ranges  0x00000000000002d8      0x108 ./freertos/queue.o
 .debug_ranges  0x00000000000003e0      0x1d8 ./freertos/tasks.o
 .debug_ranges  0x00000000000005b8       0xb8 ./freertos/timers.o
 .debug_ranges  0x0000000000000670      0x108 ./drivers/fsl_lpsci.o
 .debug_ranges  0x0000000000000778      0x120 ./drivers/fsl_uart.o
 .debug_ranges  0x0000000000000898       0x18 ./CMSIS/system_MKL25Z4.o

.debug_macro    0x0000000000000000     0x18ba
 .debug_macro   0x0000000000000000       0x29 ./startup/startup_mkl25z4.o
 .debug_macro   0x0000000000000029      0x204 ./source/PRATICA_06_SEMAFOROS_KL25Z.o
 .debug_macro   0x000000000000022d       0xd8 ./source/PRATICA_06_SEMAFOROS_KL25Z.o
 .debug_macro   0x0000000000000305       0x16 ./source/PRATICA_06_SEMAFOROS_KL25Z.o
 .debug_macro   0x000000000000031b       0x10 ./source/PRATICA_06_SEMAFOROS_KL25Z.o
 .debug_macro   0x000000000000032b      0x112 ./source/PRATICA_06_SEMAFOROS_KL25Z.o
 .debug_macro   0x000000000000043d       0x34 ./source/PRATICA_06_SEMAFOROS_KL25Z.o
 .debug_macro   0x0000000000000471       0x10 ./source/PRATICA_06_SEMAFOROS_KL25Z.o
 .debug_macro   0x0000000000000481       0x10 ./source/PRATICA_06_SEMAFOROS_KL25Z.o
 .debug_macro   0x0000000000000491      0x18b ./source/PRATICA_06_SEMAFOROS_KL25Z.o
 .debug_macro   0x000000000000061c      0x168 ./source/PRATICA_06_SEMAFOROS_KL25Z.o
 .debug_macro   0x0000000000000784       0xb6 ./source/PRATICA_06_SEMAFOROS_KL25Z.o
 .debug_macro   0x000000000000083a       0x10 ./source/PRATICA_06_SEMAFOROS_KL25Z.o
 .debug_macro   0x000000000000084a       0x1f ./source/PRATICA_06_SEMAFOROS_KL25Z.o
 .debug_macro   0x0000000000000869      0x361 ./source/PRATICA_06_SEMAFOROS_KL25Z.o
 .debug_macro   0x0000000000000bca       0xc0 ./source/PRATICA_06_SEMAFOROS_KL25Z.o
 .debug_macro   0x0000000000000c8a       0x8c ./source/PRATICA_06_SEMAFOROS_KL25Z.o
 .debug_macro   0x0000000000000d16       0x94 ./source/PRATICA_06_SEMAFOROS_KL25Z.o
 .debug_macro   0x0000000000000daa       0x78 ./source/PRATICA_06_SEMAFOROS_KL25Z.o
 .debug_macro   0x0000000000000e22       0x2f ./source/mtb.o
 .debug_macro   0x0000000000000e51       0x82 ./source/mtb.o
 .debug_macro   0x0000000000000ed3       0x10 ./source/mtb.o
 .debug_macro   0x0000000000000ee3       0x11 ./source/semihost_hardfault.o
 .debug_macro   0x0000000000000ef4       0xbd ./freertos/fsl_tickless_lptmr.o
 .debug_macro   0x0000000000000fb1       0x8e ./freertos/fsl_tickless_lptmr.o
 .debug_macro   0x000000000000103f       0xe0 ./freertos/heap_4.o
 .debug_macro   0x000000000000111f       0xb9 ./freertos/list.o
 .debug_macro   0x00000000000011d8       0xcf ./freertos/port.o
 .debug_macro   0x00000000000012a7      0x122 ./freertos/queue.o
 .debug_macro   0x00000000000013c9      0x182 ./freertos/tasks.o
 .debug_macro   0x000000000000154b       0x11 ./freertos/tasks.o
 .debug_macro   0x000000000000155c       0xec ./freertos/timers.o
 .debug_macro   0x0000000000001648       0xec ./drivers/fsl_lpsci.o
 .debug_macro   0x0000000000001734       0xf2 ./drivers/fsl_uart.o
 .debug_macro   0x0000000000001826       0x94 ./CMSIS/system_MKL25Z4.o

.debug_line     0x0000000000000000     0x5fc4
 .debug_line    0x0000000000000000      0x1ed ./startup/startup_mkl25z4.o
 .debug_line    0x00000000000001ed      0x7aa ./source/PRATICA_06_SEMAFOROS_KL25Z.o
 .debug_line    0x0000000000000997       0xd5 ./source/mtb.o
 .debug_line    0x0000000000000a6c       0x59 ./source/semihost_hardfault.o
 .debug_line    0x0000000000000ac5      0x25d ./freertos/fsl_tickless_lptmr.o
 .debug_line    0x0000000000000d22      0x498 ./freertos/heap_4.o
 .debug_line    0x00000000000011ba      0x321 ./freertos/list.o
 .debug_line    0x00000000000014db      0x3d0 ./freertos/port.o
 .debug_line    0x00000000000018ab      0xc98 ./freertos/queue.o
 .debug_line    0x0000000000002543     0x152f ./freertos/tasks.o
 .debug_line    0x0000000000003a72      0x72a ./freertos/timers.o
 .debug_line    0x000000000000419c      0xd7f ./drivers/fsl_lpsci.o
 .debug_line    0x0000000000004f1b      0xd6e ./drivers/fsl_uart.o
 .debug_line    0x0000000000005c89      0x33b ./CMSIS/system_MKL25Z4.o

.debug_str      0x0000000000000000    0x3aacd
 .debug_str     0x0000000000000000     0x307d ./startup/startup_mkl25z4.o
                                       0x30ff (size before relaxing)
 .debug_str     0x000000000000307d    0x32c6c ./source/PRATICA_06_SEMAFOROS_KL25Z.o
                                      0x35bd1 (size before relaxing)
 .debug_str     0x0000000000035ce9      0x532 ./source/mtb.o
                                       0x321f (size before relaxing)
 .debug_str     0x000000000003621b       0x1f ./source/semihost_hardfault.o
                                       0x2d0c (size before relaxing)
 .debug_str     0x000000000003623a      0x44c ./freertos/fsl_tickless_lptmr.o
                                       0x7b52 (size before relaxing)
 .debug_str     0x0000000000036686      0x2f3 ./freertos/heap_4.o
                                       0x79ed (size before relaxing)
 .debug_str     0x0000000000036979      0x11e ./freertos/list.o
                                       0x730a (size before relaxing)
 .debug_str     0x0000000000036a97      0x17b ./freertos/port.o
                                       0x7ce9 (size before relaxing)
 .debug_str     0x0000000000036c12      0x75b ./freertos/queue.o
                                       0x8866 (size before relaxing)
 .debug_str     0x000000000003736d     0x1ad0 ./freertos/tasks.o
                                       0x94d7 (size before relaxing)
 .debug_str     0x0000000000038e3d      0x4c6 ./freertos/timers.o
                                       0x8db1 (size before relaxing)
 .debug_str     0x0000000000039303      0xd5e ./drivers/fsl_lpsci.o
                                      0x317c3 (size before relaxing)
 .debug_str     0x000000000003a061      0x93d ./drivers/fsl_uart.o
                                      0x317e6 (size before relaxing)
 .debug_str     0x000000000003a99e      0x12f ./CMSIS/system_MKL25Z4.o
                                      0x2fb4e (size before relaxing)

.comment        0x0000000000000000       0x49
 .comment       0x0000000000000000       0x49 ./startup/startup_mkl25z4.o
                                         0x4a (size before relaxing)
 .comment       0x0000000000000049       0x4a ./source/PRATICA_06_SEMAFOROS_KL25Z.o
 .comment       0x0000000000000049       0x4a ./source/mtb.o
 .comment       0x0000000000000049       0x4a ./source/semihost_hardfault.o
 .comment       0x0000000000000049       0x4a ./freertos/fsl_tickless_lptmr.o
 .comment       0x0000000000000049       0x4a ./freertos/heap_4.o
 .comment       0x0000000000000049       0x4a ./freertos/list.o
 .comment       0x0000000000000049       0x4a ./freertos/port.o
 .comment       0x0000000000000049       0x4a ./freertos/queue.o
 .comment       0x0000000000000049       0x4a ./freertos/tasks.o
 .comment       0x0000000000000049       0x4a ./freertos/timers.o
 .comment       0x0000000000000049       0x4a ./drivers/fsl_lpsci.o
 .comment       0x0000000000000049       0x4a ./drivers/fsl_uart.o
 .comment       0x0000000000000049       0x4a ./CMSIS/system_MKL25Z4.o
 .comment       0x0000000000000049       0x4a /usr/local/mcuxpressoide-11.5.0_7232/ide/plugins/com.nxp.mcuxpresso.tools.linux_11.5.0.202107051138/tools/bin/../lib/gcc/arm-none-eabi/10.3.1/../../../../arm-none-eabi/lib/thumb/v6-m/nofp/libcr_semihost_nf.a(_cr__main.o)
 .comment       0x0000000000000049       0x4a /usr/local/mcuxpressoide-11.5.0_7232/ide/plugins/com.nxp.mcuxpresso.tools.linux_11.5.0.202107051138/tools/bin/../lib/gcc/arm-none-eabi/10.3.1/../../../../arm-none-eabi/lib/thumb/v6-m/nofp/libcr_semihost_nf.a(__ciob.o)
 .comment       0x0000000000000049       0x4a /usr/local/mcuxpressoide-11.5.0_7232/ide/plugins/com.nxp.mcuxpresso.tools.linux_11.5.0.202107051138/tools/bin/../lib/gcc/arm-none-eabi/10.3.1/../../../../arm-none-eabi/lib/thumb/v6-m/nofp/libcr_c.a(memcpy.o)
 .comment       0x0000000000000049       0x4a /usr/local/mcuxpressoide-11.5.0_7232/ide/plugins/com.nxp.mcuxpresso.tools.linux_11.5.0.202107051138/tools/bin/../lib/gcc/arm-none-eabi/10.3.1/../../../../arm-none-eabi/lib/thumb/v6-m/nofp/libcr_c.a(memset.o)
 .comment       0x0000000000000049       0x4a /usr/local/mcuxpressoide-11.5.0_7232/ide/plugins/com.nxp.mcuxpresso.tools.linux_11.5.0.202107051138/tools/bin/../lib/gcc/arm-none-eabi/10.3.1/../../../../arm-none-eabi/lib/thumb/v6-m/nofp/libcr_c.a(_deferredlazyseek.o)
 .comment       0x0000000000000049       0x4a /usr/local/mcuxpressoide-11.5.0_7232/ide/plugins/com.nxp.mcuxpresso.tools.linux_11.5.0.202107051138/tools/bin/../lib/gcc/arm-none-eabi/10.3.1/../../../../arm-none-eabi/lib/thumb/v6-m/nofp/libcr_c.a(_fflush.o)
 .comment       0x0000000000000049       0x4a /usr/local/mcuxpressoide-11.5.0_7232/ide/plugins/com.nxp.mcuxpresso.tools.linux_11.5.0.202107051138/tools/bin/../lib/gcc/arm-none-eabi/10.3.1/../../../../arm-none-eabi/lib/thumb/v6-m/nofp/libcr_c.a(_writebuf.o)
 .comment       0x0000000000000049       0x4a /usr/local/mcuxpressoide-11.5.0_7232/ide/plugins/com.nxp.mcuxpresso.tools.linux_11.5.0.202107051138/tools/bin/../lib/gcc/arm-none-eabi/10.3.1/../../../../arm-none-eabi/lib/thumb/v6-m/nofp/libcr_c.a(alloc.o)
 .comment       0x0000000000000049       0x4a /usr/local/mcuxpressoide-11.5.0_7232/ide/plugins/com.nxp.mcuxpresso.tools.linux_11.5.0.202107051138/tools/bin/../lib/gcc/arm-none-eabi/10.3.1/../../../../arm-none-eabi/lib/thumb/v6-m/nofp/libcr_c.a(fseek.o)
 .comment       0x0000000000000049       0x4a /usr/local/mcuxpressoide-11.5.0_7232/ide/plugins/com.nxp.mcuxpresso.tools.linux_11.5.0.202107051138/tools/bin/../lib/gcc/arm-none-eabi/10.3.1/../../../../arm-none-eabi/lib/thumb/v6-m/nofp/libcr_c.a(ftell.o)
 .comment       0x0000000000000049       0x4a /usr/local/mcuxpressoide-11.5.0_7232/ide/plugins/com.nxp.mcuxpresso.tools.linux_11.5.0.202107051138/tools/bin/../lib/gcc/arm-none-eabi/10.3.1/../../../../arm-none-eabi/lib/thumb/v6-m/nofp/libcr_c.a(initio.o)
 .comment       0x0000000000000049       0x4a /usr/local/mcuxpressoide-11.5.0_7232/ide/plugins/com.nxp.mcuxpresso.tools.linux_11.5.0.202107051138/tools/bin/../lib/gcc/arm-none-eabi/10.3.1/../../../../arm-none-eabi/lib/thumb/v6-m/nofp/libcr_c.a(printf.o)
 .comment       0x0000000000000049       0x4a /usr/local/mcuxpressoide-11.5.0_7232/ide/plugins/com.nxp.mcuxpresso.tools.linux_11.5.0.202107051138/tools/bin/../lib/gcc/arm-none-eabi/10.3.1/../../../../arm-none-eabi/lib/thumb/v6-m/nofp/libcr_c.a(setvbuf.o)
 .comment       0x0000000000000049       0x4a /usr/local/mcuxpressoide-11.5.0_7232/ide/plugins/com.nxp.mcuxpresso.tools.linux_11.5.0.202107051138/tools/bin/../lib/gcc/arm-none-eabi/10.3.1/../../../../arm-none-eabi/lib/thumb/v6-m/nofp/libcr_c.a(strlen.o)
 .comment       0x0000000000000049       0x4a /usr/local/mcuxpressoide-11.5.0_7232/ide/plugins/com.nxp.mcuxpresso.tools.linux_11.5.0.202107051138/tools/bin/../lib/gcc/arm-none-eabi/10.3.1/../../../../arm-none-eabi/lib/thumb/v6-m/nofp/libcr_c.a(__init_alloc.o)
 .comment       0x0000000000000049       0x4a /usr/local/mcuxpressoide-11.5.0_7232/ide/plugins/com.nxp.mcuxpresso.tools.linux_11.5.0.202107051138/tools/bin/../lib/gcc/arm-none-eabi/10.3.1/../../../../arm-none-eabi/lib/thumb/v6-m/nofp/libcr_c.a(_cr_sbrk.o)
 .comment       0x0000000000000049       0x4a /usr/local/mcuxpressoide-11.5.0_7232/ide/plugins/com.nxp.mcuxpresso.tools.linux_11.5.0.202107051138/tools/bin/../lib/gcc/arm-none-eabi/10.3.1/../../../../arm-none-eabi/lib/thumb/v6-m/nofp/libcr_c.a(_fdopen.o)
 .comment       0x0000000000000049       0x4a /usr/local/mcuxpressoide-11.5.0_7232/ide/plugins/com.nxp.mcuxpresso.tools.linux_11.5.0.202107051138/tools/bin/../lib/gcc/arm-none-eabi/10.3.1/../../../../arm-none-eabi/lib/thumb/v6-m/nofp/libcr_c.a(errno.o)
 .comment       0x0000000000000049       0x4a /usr/local/mcuxpressoide-11.5.0_7232/ide/plugins/com.nxp.mcuxpresso.tools.linux_11.5.0.202107051138/tools/bin/../lib/gcc/arm-none-eabi/10.3.1/../../../../arm-none-eabi/lib/thumb/v6-m/nofp/libcr_c.a(fclose.o)
 .comment       0x0000000000000049       0x4a /usr/local/mcuxpressoide-11.5.0_7232/ide/plugins/com.nxp.mcuxpresso.tools.linux_11.5.0.202107051138/tools/bin/../lib/gcc/arm-none-eabi/10.3.1/../../../../arm-none-eabi/lib/thumb/v6-m/nofp/libcr_c.a(fflush.o)
 .comment       0x0000000000000049       0x4a /usr/local/mcuxpressoide-11.5.0_7232/ide/plugins/com.nxp.mcuxpresso.tools.linux_11.5.0.202107051138/tools/bin/../lib/gcc/arm-none-eabi/10.3.1/../../../../arm-none-eabi/lib/thumb/v6-m/nofp/libcr_c.a(remove.o)
 .comment       0x0000000000000049       0x4a /usr/local/mcuxpressoide-11.5.0_7232/ide/plugins/com.nxp.mcuxpresso.tools.linux_11.5.0.202107051138/tools/bin/../lib/gcc/arm-none-eabi/10.3.1/../../../../arm-none-eabi/lib/thumb/v6-m/nofp/libcr_c.a(_cr_check_heap.o)
 .comment       0x0000000000000049       0x4a /usr/local/mcuxpressoide-11.5.0_7232/ide/plugins/com.nxp.mcuxpresso.tools.linux_11.5.0.202107051138/tools/bin/../lib/gcc/arm-none-eabi/10.3.1/../../../../arm-none-eabi/lib/thumb/v6-m/nofp/libcr_c.a(_do_fflush.o)

.ARM.attributes
                0x0000000000000000       0x2a
 .ARM.attributes
                0x0000000000000000       0x2c ./startup/startup_mkl25z4.o
 .ARM.attributes
                0x000000000000002c       0x2c ./source/PRATICA_06_SEMAFOROS_KL25Z.o
 .ARM.attributes
                0x0000000000000058       0x32 ./source/mtb.o
 .ARM.attributes
                0x000000000000008a       0x2c ./source/semihost_hardfault.o
 .ARM.attributes
                0x00000000000000b6       0x2c ./freertos/fsl_tickless_lptmr.o
 .ARM.attributes
                0x00000000000000e2       0x2c ./freertos/heap_4.o
 .ARM.attributes
                0x000000000000010e       0x2c ./freertos/list.o
 .ARM.attributes
                0x000000000000013a       0x2c ./freertos/port.o
 .ARM.attributes
                0x0000000000000166       0x2c ./freertos/queue.o
 .ARM.attributes
                0x0000000000000192       0x2c ./freertos/tasks.o
 .ARM.attributes
                0x00000000000001be       0x2c ./freertos/timers.o
 .ARM.attributes
                0x00000000000001ea       0x2c ./drivers/fsl_lpsci.o
 .ARM.attributes
                0x0000000000000216       0x2c ./drivers/fsl_uart.o
 .ARM.attributes
                0x0000000000000242       0x2c ./CMSIS/system_MKL25Z4.o
 .ARM.attributes
                0x000000000000026e       0x2c /usr/local/mcuxpressoide-11.5.0_7232/ide/plugins/com.nxp.mcuxpresso.tools.linux_11.5.0.202107051138/tools/bin/../lib/gcc/arm-none-eabi/10.3.1/../../../../arm-none-eabi/lib/thumb/v6-m/nofp/libcr_semihost_nf.a(_cr__main.o)
 .ARM.attributes
                0x000000000000029a       0x31 /usr/local/mcuxpressoide-11.5.0_7232/ide/plugins/com.nxp.mcuxpresso.tools.linux_11.5.0.202107051138/tools/bin/../lib/gcc/arm-none-eabi/10.3.1/../../../../arm-none-eabi/lib/thumb/v6-m/nofp/libcr_semihost_nf.a(__ciob.o)
 .ARM.attributes
                0x00000000000002cb       0x1c /usr/local/mcuxpressoide-11.5.0_7232/ide/plugins/com.nxp.mcuxpresso.tools.linux_11.5.0.202107051138/tools/bin/../lib/gcc/arm-none-eabi/10.3.1/../../../../arm-none-eabi/lib/thumb/v6-m/nofp/libcr_semihost_nf.a(__sys_appexit.o)
 .ARM.attributes
                0x00000000000002e7       0x2c /usr/local/mcuxpressoide-11.5.0_7232/ide/plugins/com.nxp.mcuxpresso.tools.linux_11.5.0.202107051138/tools/bin/../lib/gcc/arm-none-eabi/10.3.1/../../../../arm-none-eabi/lib/thumb/v6-m/nofp/libcr_c.a(memcpy.o)
 .ARM.attributes
                0x0000000000000313       0x2c /usr/local/mcuxpressoide-11.5.0_7232/ide/plugins/com.nxp.mcuxpresso.tools.linux_11.5.0.202107051138/tools/bin/../lib/gcc/arm-none-eabi/10.3.1/../../../../arm-none-eabi/lib/thumb/v6-m/nofp/libcr_c.a(memset.o)
 .ARM.attributes
                0x000000000000033f       0x2c /usr/local/mcuxpressoide-11.5.0_7232/ide/plugins/com.nxp.mcuxpresso.tools.linux_11.5.0.202107051138/tools/bin/../lib/gcc/arm-none-eabi/10.3.1/../../../../arm-none-eabi/lib/thumb/v6-m/nofp/libcr_c.a(_deferredlazyseek.o)
 .ARM.attributes
                0x000000000000036b       0x2c /usr/local/mcuxpressoide-11.5.0_7232/ide/plugins/com.nxp.mcuxpresso.tools.linux_11.5.0.202107051138/tools/bin/../lib/gcc/arm-none-eabi/10.3.1/../../../../arm-none-eabi/lib/thumb/v6-m/nofp/libcr_c.a(_fflush.o)
 .ARM.attributes
                0x0000000000000397       0x2c /usr/local/mcuxpressoide-11.5.0_7232/ide/plugins/com.nxp.mcuxpresso.tools.linux_11.5.0.202107051138/tools/bin/../lib/gcc/arm-none-eabi/10.3.1/../../../../arm-none-eabi/lib/thumb/v6-m/nofp/libcr_c.a(_writebuf.o)
 .ARM.attributes
                0x00000000000003c3       0x2c /usr/local/mcuxpressoide-11.5.0_7232/ide/plugins/com.nxp.mcuxpresso.tools.linux_11.5.0.202107051138/tools/bin/../lib/gcc/arm-none-eabi/10.3.1/../../../../arm-none-eabi/lib/thumb/v6-m/nofp/libcr_c.a(alloc.o)
 .ARM.attributes
                0x00000000000003ef       0x2c /usr/local/mcuxpressoide-11.5.0_7232/ide/plugins/com.nxp.mcuxpresso.tools.linux_11.5.0.202107051138/tools/bin/../lib/gcc/arm-none-eabi/10.3.1/../../../../arm-none-eabi/lib/thumb/v6-m/nofp/libcr_c.a(fseek.o)
 .ARM.attributes
                0x000000000000041b       0x2c /usr/local/mcuxpressoide-11.5.0_7232/ide/plugins/com.nxp.mcuxpresso.tools.linux_11.5.0.202107051138/tools/bin/../lib/gcc/arm-none-eabi/10.3.1/../../../../arm-none-eabi/lib/thumb/v6-m/nofp/libcr_c.a(ftell.o)
 .ARM.attributes
                0x0000000000000447       0x2c /usr/local/mcuxpressoide-11.5.0_7232/ide/plugins/com.nxp.mcuxpresso.tools.linux_11.5.0.202107051138/tools/bin/../lib/gcc/arm-none-eabi/10.3.1/../../../../arm-none-eabi/lib/thumb/v6-m/nofp/libcr_c.a(initio.o)
 .ARM.attributes
                0x0000000000000473       0x2c /usr/local/mcuxpressoide-11.5.0_7232/ide/plugins/com.nxp.mcuxpresso.tools.linux_11.5.0.202107051138/tools/bin/../lib/gcc/arm-none-eabi/10.3.1/../../../../arm-none-eabi/lib/thumb/v6-m/nofp/libcr_c.a(printf.o)
 .ARM.attributes
                0x000000000000049f       0x2c /usr/local/mcuxpressoide-11.5.0_7232/ide/plugins/com.nxp.mcuxpresso.tools.linux_11.5.0.202107051138/tools/bin/../lib/gcc/arm-none-eabi/10.3.1/../../../../arm-none-eabi/lib/thumb/v6-m/nofp/libcr_c.a(setvbuf.o)
 .ARM.attributes
                0x00000000000004cb       0x2c /usr/local/mcuxpressoide-11.5.0_7232/ide/plugins/com.nxp.mcuxpresso.tools.linux_11.5.0.202107051138/tools/bin/../lib/gcc/arm-none-eabi/10.3.1/../../../../arm-none-eabi/lib/thumb/v6-m/nofp/libcr_c.a(strlen.o)
 .ARM.attributes
                0x00000000000004f7       0x2c /usr/local/mcuxpressoide-11.5.0_7232/ide/plugins/com.nxp.mcuxpresso.tools.linux_11.5.0.202107051138/tools/bin/../lib/gcc/arm-none-eabi/10.3.1/../../../../arm-none-eabi/lib/thumb/v6-m/nofp/libcr_c.a(__init_alloc.o)
 .ARM.attributes
                0x0000000000000523       0x2c /usr/local/mcuxpressoide-11.5.0_7232/ide/plugins/com.nxp.mcuxpresso.tools.linux_11.5.0.202107051138/tools/bin/../lib/gcc/arm-none-eabi/10.3.1/../../../../arm-none-eabi/lib/thumb/v6-m/nofp/libcr_c.a(_cr_sbrk.o)
 .ARM.attributes
                0x000000000000054f       0x2c /usr/local/mcuxpressoide-11.5.0_7232/ide/plugins/com.nxp.mcuxpresso.tools.linux_11.5.0.202107051138/tools/bin/../lib/gcc/arm-none-eabi/10.3.1/../../../../arm-none-eabi/lib/thumb/v6-m/nofp/libcr_c.a(_fdopen.o)
 .ARM.attributes
                0x000000000000057b       0x31 /usr/local/mcuxpressoide-11.5.0_7232/ide/plugins/com.nxp.mcuxpresso.tools.linux_11.5.0.202107051138/tools/bin/../lib/gcc/arm-none-eabi/10.3.1/../../../../arm-none-eabi/lib/thumb/v6-m/nofp/libcr_c.a(errno.o)
 .ARM.attributes
                0x00000000000005ac       0x2c /usr/local/mcuxpressoide-11.5.0_7232/ide/plugins/com.nxp.mcuxpresso.tools.linux_11.5.0.202107051138/tools/bin/../lib/gcc/arm-none-eabi/10.3.1/../../../../arm-none-eabi/lib/thumb/v6-m/nofp/libcr_c.a(fclose.o)
 .ARM.attributes
                0x00000000000005d8       0x2c /usr/local/mcuxpressoide-11.5.0_7232/ide/plugins/com.nxp.mcuxpresso.tools.linux_11.5.0.202107051138/tools/bin/../lib/gcc/arm-none-eabi/10.3.1/../../../../arm-none-eabi/lib/thumb/v6-m/nofp/libcr_c.a(fflush.o)
 .ARM.attributes
                0x0000000000000604       0x2c /usr/local/mcuxpressoide-11.5.0_7232/ide/plugins/com.nxp.mcuxpresso.tools.linux_11.5.0.202107051138/tools/bin/../lib/gcc/arm-none-eabi/10.3.1/../../../../arm-none-eabi/lib/thumb/v6-m/nofp/libcr_c.a(remove.o)
 .ARM.attributes
                0x0000000000000630       0x2c /usr/local/mcuxpressoide-11.5.0_7232/ide/plugins/com.nxp.mcuxpresso.tools.linux_11.5.0.202107051138/tools/bin/../lib/gcc/arm-none-eabi/10.3.1/../../../../arm-none-eabi/lib/thumb/v6-m/nofp/libcr_c.a(_cr_check_heap.o)
 .ARM.attributes
                0x000000000000065c       0x2c /usr/local/mcuxpressoide-11.5.0_7232/ide/plugins/com.nxp.mcuxpresso.tools.linux_11.5.0.202107051138/tools/bin/../lib/gcc/arm-none-eabi/10.3.1/../../../../arm-none-eabi/lib/thumb/v6-m/nofp/libcr_c.a(_do_fflush.o)
 .ARM.attributes
                0x0000000000000688       0x1c /usr/local/mcuxpressoide-11.5.0_7232/ide/plugins/com.nxp.mcuxpresso.tools.linux_11.5.0.202107051138/tools/bin/../lib/gcc/arm-none-eabi/10.3.1/thumb/v6-m/nofp/libcr_eabihelpers.a(division_32.o)
 .ARM.attributes
                0x00000000000006a4       0x1c /usr/local/mcuxpressoide-11.5.0_7232/ide/plugins/com.nxp.mcuxpresso.tools.linux_11.5.0.202107051138/tools/bin/../lib/gcc/arm-none-eabi/10.3.1/thumb/v6-m/nofp/libcr_eabihelpers.a(division_idiv0.o)
 .ARM.attributes
                0x00000000000006c0       0x1c /usr/local/mcuxpressoide-11.5.0_7232/ide/plugins/com.nxp.mcuxpresso.tools.linux_11.5.0.202107051138/tools/bin/../lib/gcc/arm-none-eabi/10.3.1/thumb/v6-m/nofp/libcr_eabihelpers.a(llong.o)
 .ARM.attributes
                0x00000000000006dc       0x1c /usr/local/mcuxpressoide-11.5.0_7232/ide/plugins/com.nxp.mcuxpresso.tools.linux_11.5.0.202107051138/tools/bin/../lib/gcc/arm-none-eabi/10.3.1/thumb/v6-m/nofp/libcr_eabihelpers.a(memcpy.o)
 .ARM.attributes
                0x00000000000006f8       0x1c /usr/local/mcuxpressoide-11.5.0_7232/ide/plugins/com.nxp.mcuxpresso.tools.linux_11.5.0.202107051138/tools/bin/../lib/gcc/arm-none-eabi/10.3.1/thumb/v6-m/nofp/libcr_eabihelpers.a(thumb1_switch_helpers.o)
 .ARM.attributes
                0x0000000000000714       0x1c /usr/local/mcuxpressoide-11.5.0_7232/ide/plugins/com.nxp.mcuxpresso.tools.linux_11.5.0.202107051138/tools/bin/../lib/gcc/arm-none-eabi/10.3.1/../../../../arm-none-eabi/lib/thumb/v6-m/nofp/libcr_semihost_nf.a(__sys_close.o)
 .ARM.attributes
                0x0000000000000730       0x1c /usr/local/mcuxpressoide-11.5.0_7232/ide/plugins/com.nxp.mcuxpresso.tools.linux_11.5.0.202107051138/tools/bin/../lib/gcc/arm-none-eabi/10.3.1/../../../../arm-none-eabi/lib/thumb/v6-m/nofp/libcr_semihost_nf.a(__sys_flen.o)
 .ARM.attributes
                0x000000000000074c       0x1c /usr/local/mcuxpressoide-11.5.0_7232/ide/plugins/com.nxp.mcuxpresso.tools.linux_11.5.0.202107051138/tools/bin/../lib/gcc/arm-none-eabi/10.3.1/../../../../arm-none-eabi/lib/thumb/v6-m/nofp/libcr_semihost_nf.a(__sys_istty.o)
 .ARM.attributes
                0x0000000000000768       0x1c /usr/local/mcuxpressoide-11.5.0_7232/ide/plugins/com.nxp.mcuxpresso.tools.linux_11.5.0.202107051138/tools/bin/../lib/gcc/arm-none-eabi/10.3.1/../../../../arm-none-eabi/lib/thumb/v6-m/nofp/libcr_semihost_nf.a(__sys_remove.o)
 .ARM.attributes
                0x0000000000000784       0x1c /usr/local/mcuxpressoide-11.5.0_7232/ide/plugins/com.nxp.mcuxpresso.tools.linux_11.5.0.202107051138/tools/bin/../lib/gcc/arm-none-eabi/10.3.1/../../../../arm-none-eabi/lib/thumb/v6-m/nofp/libcr_semihost_nf.a(__sys_seek.o)
 .ARM.attributes
                0x00000000000007a0       0x1c /usr/local/mcuxpressoide-11.5.0_7232/ide/plugins/com.nxp.mcuxpresso.tools.linux_11.5.0.202107051138/tools/bin/../lib/gcc/arm-none-eabi/10.3.1/../../../../arm-none-eabi/lib/thumb/v6-m/nofp/libcr_semihost_nf.a(__sys_tmpnam.o)
 .ARM.attributes
                0x00000000000007bc       0x1c /usr/local/mcuxpressoide-11.5.0_7232/ide/plugins/com.nxp.mcuxpresso.tools.linux_11.5.0.202107051138/tools/bin/../lib/gcc/arm-none-eabi/10.3.1/../../../../arm-none-eabi/lib/thumb/v6-m/nofp/libcr_semihost_nf.a(__sys_write.o)

.debug_frame    0x0000000000000000     0x1fb0
 .debug_frame   0x0000000000000000      0x3b0 ./startup/startup_mkl25z4.o
 .debug_frame   0x00000000000003b0      0x1f4 ./source/PRATICA_06_SEMAFOROS_KL25Z.o
 .debug_frame   0x00000000000005a4       0x20 ./source/semihost_hardfault.o
 .debug_frame   0x00000000000005c4       0x2c ./freertos/fsl_tickless_lptmr.o
 .debug_frame   0x00000000000005f0       0xe4 ./freertos/heap_4.o
 .debug_frame   0x00000000000006d4       0xb0 ./freertos/list.o
 .debug_frame   0x0000000000000784      0x154 ./freertos/port.o
 .debug_frame   0x00000000000008d8      0x410 ./freertos/queue.o
 .debug_frame   0x0000000000000ce8      0x73c ./freertos/tasks.o
 .debug_frame   0x0000000000001424      0x2c8 ./freertos/timers.o
 .debug_frame   0x00000000000016ec      0x414 ./drivers/fsl_lpsci.o
 .debug_frame   0x0000000000001b00      0x464 ./drivers/fsl_uart.o
 .debug_frame   0x0000000000001f64       0x4c ./CMSIS/system_MKL25Z4.o

Cross Reference Table

Symbol                                            File
ADC0_DriverIRQHandler                             ./startup/startup_mkl25z4.o
ADC0_IRQHandler                                   ./startup/startup_mkl25z4.o
BOARD_BootClockRUN                                ./board/clock_config.o
BOARD_BootClockVLPR                               ./board/clock_config.o
BOARD_InitBootClocks                              ./board/clock_config.o
BOARD_InitBootPeripherals                         ./board/peripherals.o
BOARD_InitBootPins                                ./board/pin_mux.o
BOARD_InitDebugConsole                            ./board/board.o
BOARD_InitPins                                    ./board/pin_mux.o
CLOCK_BootToBlpeMode                              ./drivers/fsl_clock.o
CLOCK_BootToBlpiMode                              ./drivers/fsl_clock.o
                                                  ./board/clock_config.o
CLOCK_BootToFeeMode                               ./drivers/fsl_clock.o
CLOCK_BootToFeiMode                               ./drivers/fsl_clock.o
CLOCK_BootToPeeMode                               ./drivers/fsl_clock.o
                                                  ./board/clock_config.o
CLOCK_CalcPllDiv                                  ./drivers/fsl_clock.o
CLOCK_ClearStatusFlags                            ./drivers/fsl_clock.o
CLOCK_DeinitOsc0                                  ./drivers/fsl_clock.o
CLOCK_EnablePll0                                  ./drivers/fsl_clock.o
CLOCK_EnableUsbfs0Clock                           ./drivers/fsl_clock.o
CLOCK_ExternalModeToFbeModeQuick                  ./drivers/fsl_clock.o
CLOCK_FllStableDelay                              ./drivers/fsl_clock.o
CLOCK_GetBusClkFreq                               ./drivers/fsl_clock.o
CLOCK_GetCoreSysClkFreq                           ./drivers/fsl_clock.o
CLOCK_GetEr32kClkFreq                             ./drivers/fsl_clock.o
CLOCK_GetFixedFreqClkFreq                         ./drivers/fsl_clock.o
CLOCK_GetFlashClkFreq                             ./drivers/fsl_clock.o
CLOCK_GetFllFreq                                  ./drivers/fsl_clock.o
CLOCK_GetFreq                                     ./drivers/fsl_clock.o
CLOCK_GetInternalRefClkFreq                       ./drivers/fsl_clock.o
CLOCK_GetMode                                     ./drivers/fsl_clock.o
CLOCK_GetOsc0ErClkFreq                            ./drivers/fsl_clock.o
CLOCK_GetOutClkFreq                               ./drivers/fsl_clock.o
CLOCK_GetPlatClkFreq                              ./drivers/fsl_clock.o
CLOCK_GetPll0Freq                                 ./drivers/fsl_clock.o
CLOCK_GetPllFllSelClkFreq                         ./drivers/fsl_clock.o
                                                  ./board/board.o
CLOCK_GetStatusFlags                              ./drivers/fsl_clock.o
CLOCK_InitOsc0                                    ./drivers/fsl_clock.o
                                                  ./board/clock_config.o
CLOCK_InternalModeToFbiModeQuick                  ./drivers/fsl_clock.o
CLOCK_SetBlpeMode                                 ./drivers/fsl_clock.o
CLOCK_SetBlpiMode                                 ./drivers/fsl_clock.o
CLOCK_SetExternalRefClkConfig                     ./drivers/fsl_clock.o
CLOCK_SetFbeMode                                  ./drivers/fsl_clock.o
CLOCK_SetFbiMode                                  ./drivers/fsl_clock.o
CLOCK_SetFeeMode                                  ./drivers/fsl_clock.o
CLOCK_SetFeiMode                                  ./drivers/fsl_clock.o
CLOCK_SetInternalRefClkConfig                     ./drivers/fsl_clock.o
                                                  ./board/clock_config.o
CLOCK_SetMcgConfig                                ./drivers/fsl_clock.o
CLOCK_SetOsc0MonitorMode                          ./drivers/fsl_clock.o
CLOCK_SetPbeMode                                  ./drivers/fsl_clock.o
CLOCK_SetPeeMode                                  ./drivers/fsl_clock.o
CLOCK_SetPll0MonitorMode                          ./drivers/fsl_clock.o
CLOCK_SetSimConfig                                ./drivers/fsl_clock.o
                                                  ./board/clock_config.o
CLOCK_TrimInternalRefClk                          ./drivers/fsl_clock.o
CMP0_DriverIRQHandler                             ./startup/startup_mkl25z4.o
CMP0_IRQHandler                                   ./startup/startup_mkl25z4.o
DAC0_DriverIRQHandler                             ./startup/startup_mkl25z4.o
DAC0_IRQHandler                                   ./startup/startup_mkl25z4.o
DMA0_DriverIRQHandler                             ./startup/startup_mkl25z4.o
DMA0_IRQHandler                                   ./startup/startup_mkl25z4.o
DMA1_DriverIRQHandler                             ./startup/startup_mkl25z4.o
DMA1_IRQHandler                                   ./startup/startup_mkl25z4.o
DMA2_DriverIRQHandler                             ./startup/startup_mkl25z4.o
DMA2_IRQHandler                                   ./startup/startup_mkl25z4.o
DMA3_DriverIRQHandler                             ./startup/startup_mkl25z4.o
DMA3_IRQHandler                                   ./startup/startup_mkl25z4.o
DbgConsole_Deinit                                 ./utilities/fsl_debug_console.o
DbgConsole_Init                                   ./utilities/fsl_debug_console.o
                                                  ./board/board.o
FLASH_Erase                                       ./drivers/fsl_flash.o
FLASH_EraseAll                                    ./drivers/fsl_flash.o
FLASH_EraseAllExecuteOnlySegments                 ./drivers/fsl_flash.o
FLASH_GetProperty                                 ./drivers/fsl_flash.o
FLASH_GetSecurityState                            ./drivers/fsl_flash.o
FLASH_Init                                        ./drivers/fsl_flash.o
FLASH_IsExecuteOnly                               ./drivers/fsl_flash.o
FLASH_IsProtected                                 ./drivers/fsl_flash.o
FLASH_PflashGetPrefetchSpeculation                ./drivers/fsl_flash.o
FLASH_PflashGetProtection                         ./drivers/fsl_flash.o
FLASH_PflashSetPrefetchSpeculation                ./drivers/fsl_flash.o
                                                  ./drivers/fsl_smc.o
FLASH_PflashSetProtection                         ./drivers/fsl_flash.o
FLASH_PrepareExecuteInRamFunctions                ./drivers/fsl_flash.o
FLASH_Program                                     ./drivers/fsl_flash.o
FLASH_ProgramOnce                                 ./drivers/fsl_flash.o
FLASH_ReadOnce                                    ./drivers/fsl_flash.o
FLASH_ReadResource                                ./drivers/fsl_flash.o
FLASH_SecurityBypass                              ./drivers/fsl_flash.o
FLASH_SetCallback                                 ./drivers/fsl_flash.o
FLASH_SetProperty                                 ./drivers/fsl_flash.o
FLASH_VerifyErase                                 ./drivers/fsl_flash.o
FLASH_VerifyEraseAll                              ./drivers/fsl_flash.o
FLASH_VerifyEraseAllExecuteOnlySegments           ./drivers/fsl_flash.o
FLASH_VerifyProgram                               ./drivers/fsl_flash.o
FTFA_DriverIRQHandler                             ./startup/startup_mkl25z4.o
FTFA_IRQHandler                                   ./startup/startup_mkl25z4.o
Flash_Config                                      ./startup/startup_mkl25z4.o
GPIO_ClearPinsInterruptFlags                      ./drivers/fsl_gpio.o
GPIO_GetPinsInterruptFlags                        ./drivers/fsl_gpio.o
GPIO_PinInit                                      ./drivers/fsl_gpio.o
HardFault_Handler                                 ./source/semihost_hardfault.o
                                                  ./startup/startup_mkl25z4.o
I2C0_DriverIRQHandler                             ./startup/startup_mkl25z4.o
I2C0_IRQHandler                                   ./startup/startup_mkl25z4.o
I2C1_DriverIRQHandler                             ./startup/startup_mkl25z4.o
I2C1_IRQHandler                                   ./startup/startup_mkl25z4.o
InstallIRQHandler                                 ./drivers/fsl_common.o
IntDefaultHandler                                 ./startup/startup_mkl25z4.o
LLWU_DriverIRQHandler                             ./startup/startup_mkl25z4.o
LLWU_IRQHandler                                   ./startup/startup_mkl25z4.o
LPSCI_ClearStatusFlags                            ./drivers/fsl_lpsci.o
                                                  ./drivers/fsl_lpsci_freertos.o
LPSCI_Deinit                                      ./drivers/fsl_lpsci.o
                                                  ./drivers/fsl_lpsci_freertos.o
                                                  ./utilities/fsl_debug_console.o
LPSCI_DisableInterrupts                           ./drivers/fsl_lpsci.o
LPSCI_EnableInterrupts                            ./drivers/fsl_lpsci.o
LPSCI_GetDefaultConfig                            ./drivers/fsl_lpsci.o
                                                  ./drivers/fsl_lpsci_freertos.o
                                                  ./utilities/fsl_debug_console.o
LPSCI_GetEnabledInterrupts                        ./drivers/fsl_lpsci.o
LPSCI_GetInstance                                 ./drivers/fsl_lpsci.o
LPSCI_GetStatusFlags                              ./drivers/fsl_lpsci.o
LPSCI_Init                                        ./drivers/fsl_lpsci.o
                                                  ./drivers/fsl_lpsci_freertos.o
                                                  ./utilities/fsl_debug_console.o
LPSCI_RTOS_Deinit                                 ./drivers/fsl_lpsci_freertos.o
LPSCI_RTOS_Init                                   ./drivers/fsl_lpsci_freertos.o
LPSCI_RTOS_Receive                                ./drivers/fsl_lpsci_freertos.o
LPSCI_RTOS_Send                                   ./drivers/fsl_lpsci_freertos.o
LPSCI_ReadBlocking                                ./drivers/fsl_lpsci.o
                                                  ./utilities/fsl_debug_console.o
LPSCI_SetBaudRate                                 ./drivers/fsl_lpsci.o
LPSCI_TransferAbortReceive                        ./drivers/fsl_lpsci.o
                                                  ./drivers/fsl_lpsci_freertos.o
LPSCI_TransferAbortSend                           ./drivers/fsl_lpsci.o
LPSCI_TransferCreateHandle                        ./drivers/fsl_lpsci.o
                                                  ./drivers/fsl_lpsci_freertos.o
LPSCI_TransferGetReceiveCount                     ./drivers/fsl_lpsci.o
LPSCI_TransferGetSendCount                        ./drivers/fsl_lpsci.o
LPSCI_TransferHandleErrorIRQ                      ./drivers/fsl_lpsci.o
LPSCI_TransferHandleIRQ                           ./drivers/fsl_lpsci.o
LPSCI_TransferReceiveNonBlocking                  ./drivers/fsl_lpsci.o
                                                  ./drivers/fsl_lpsci_freertos.o
LPSCI_TransferSendNonBlocking                     ./drivers/fsl_lpsci.o
                                                  ./drivers/fsl_lpsci_freertos.o
LPSCI_TransferStartRingBuffer                     ./drivers/fsl_lpsci.o
                                                  ./drivers/fsl_lpsci_freertos.o
LPSCI_TransferStopRingBuffer                      ./drivers/fsl_lpsci.o
LPSCI_WriteBlocking                               ./drivers/fsl_lpsci.o
                                                  ./utilities/fsl_debug_console.o
LPTMR0_DriverIRQHandler                           ./startup/startup_mkl25z4.o
LPTMR0_IRQHandler                                 ./startup/startup_mkl25z4.o
LPTMR_Deinit                                      ./drivers/fsl_lptmr.o
LPTMR_GetDefaultConfig                            ./drivers/fsl_lptmr.o
LPTMR_Init                                        ./drivers/fsl_lptmr.o
LVD_LVW_DriverIRQHandler                          ./startup/startup_mkl25z4.o
LVD_LVW_IRQHandler                                ./startup/startup_mkl25z4.o
MCG_DriverIRQHandler                              ./startup/startup_mkl25z4.o
MCG_IRQHandler                                    ./startup/startup_mkl25z4.o
NMI_Handler                                       ./startup/startup_mkl25z4.o
PIT_Deinit                                        ./drivers/fsl_pit.o
PIT_DriverIRQHandler                              ./startup/startup_mkl25z4.o
PIT_GetLifetimeTimerCount                         ./drivers/fsl_pit.o
PIT_IRQHandler                                    ./startup/startup_mkl25z4.o
PIT_Init                                          ./drivers/fsl_pit.o
PORTA_DriverIRQHandler                            ./startup/startup_mkl25z4.o
PORTA_IRQHandler                                  ./source/PRATICA_06_SEMAFOROS_KL25Z.o
                                                  ./startup/startup_mkl25z4.o
PORTD_DriverIRQHandler                            ./startup/startup_mkl25z4.o
PORTD_IRQHandler                                  ./source/PRATICA_06_SEMAFOROS_KL25Z.o
                                                  ./startup/startup_mkl25z4.o
PendSV_Handler                                    ./freertos/port.o
                                                  ./startup/startup_mkl25z4.o
RTC_DriverIRQHandler                              ./startup/startup_mkl25z4.o
RTC_IRQHandler                                    ./startup/startup_mkl25z4.o
RTC_Seconds_DriverIRQHandler                      ./startup/startup_mkl25z4.o
RTC_Seconds_IRQHandler                            ./startup/startup_mkl25z4.o
Reserved20_DriverIRQHandler                       ./startup/startup_mkl25z4.o
Reserved20_IRQHandler                             ./startup/startup_mkl25z4.o
Reserved39_DriverIRQHandler                       ./startup/startup_mkl25z4.o
Reserved39_IRQHandler                             ./startup/startup_mkl25z4.o
Reserved45_DriverIRQHandler                       ./startup/startup_mkl25z4.o
Reserved45_IRQHandler                             ./startup/startup_mkl25z4.o
ResetISR                                          ./startup/startup_mkl25z4.o
SMC_PostExitStopModes                             ./drivers/fsl_smc.o
SMC_PreEnterStopModes                             ./drivers/fsl_smc.o
SMC_SetPowerModeLls                               ./drivers/fsl_smc.o
SMC_SetPowerModeRun                               ./drivers/fsl_smc.o
SMC_SetPowerModeStop                              ./drivers/fsl_smc.o
SMC_SetPowerModeVlls                              ./drivers/fsl_smc.o
SMC_SetPowerModeVlpr                              ./drivers/fsl_smc.o
                                                  ./board/clock_config.o
SMC_SetPowerModeVlps                              ./drivers/fsl_smc.o
SMC_SetPowerModeVlpw                              ./drivers/fsl_smc.o
SMC_SetPowerModeWait                              ./drivers/fsl_smc.o
SPI0_DriverIRQHandler                             ./startup/startup_mkl25z4.o
SPI0_IRQHandler                                   ./startup/startup_mkl25z4.o
SPI1_DriverIRQHandler                             ./startup/startup_mkl25z4.o
SPI1_IRQHandler                                   ./startup/startup_mkl25z4.o
SVC_Handler                                       ./freertos/port.o
                                                  ./startup/startup_mkl25z4.o
SysTick_Handler                                   ./freertos/port.o
                                                  ./startup/startup_mkl25z4.o
SystemCoreClock                                   ./CMSIS/system_MKL25Z4.o
                                                  ./board/clock_config.o
                                                  ./freertos/fsl_tickless_systick.o
                                                  ./freertos/fsl_tickless_lptmr.o
SystemCoreClockUpdate                             ./CMSIS/system_MKL25Z4.o
SystemInit                                        ./CMSIS/system_MKL25Z4.o