/home/anderson/setimo-semestre/RTOS/praticas/Task_02/drivers/fsl_clock.h:438:20:CLOCK_EnableClock	24	static
../source/task02.c:18:6:highLedGreen	8	static
../source/task02.c:24:6:lowLedGreen	8	static
../source/task02.c:30:6:highLedRed	8	static
../source/task02.c:36:6:lowLedRed	8	static
../source/task02.c:42:6:controlHighLedGreen	24	static
../source/task02.c:56:6:controlHighLedRed	24	static
../source/task02.c:70:6:taskLedGreen	16	static
../source/task02.c:76:6:taskLedRed	16	static
../source/task02.c:82:6:vTaskCreateLed	24	static
../source/task02.c:93:5:main	8	static
