Archive member included to satisfy reference by file (symbol)

/usr/local/mcuxpressoide-11.5.0_7232/ide/plugins/com.nxp.mcuxpresso.tools.linux_11.5.0.202107051138/tools/bin/../lib/gcc/arm-none-eabi/10.3.1/../../../../arm-none-eabi/lib/thumb/v6-m/nofp/libcr_nohost_nf.a(_cr__main.o)
                              ./startup/startup_mkl43z4.o (__main)
/usr/local/mcuxpressoide-11.5.0_7232/ide/plugins/com.nxp.mcuxpresso.tools.linux_11.5.0.202107051138/tools/bin/../lib/gcc/arm-none-eabi/10.3.1/../../../../arm-none-eabi/lib/thumb/v6-m/nofp/libcr_c.a(memcpy.o)
                              ./utilities/fsl_str.o (memcpy)
/usr/local/mcuxpressoide-11.5.0_7232/ide/plugins/com.nxp.mcuxpresso.tools.linux_11.5.0.202107051138/tools/bin/../lib/gcc/arm-none-eabi/10.3.1/../../../../arm-none-eabi/lib/thumb/v6-m/nofp/libcr_c.a(memset.o)
                              ./utilities/fsl_debug_console.o (memset)
/usr/local/mcuxpressoide-11.5.0_7232/ide/plugins/com.nxp.mcuxpresso.tools.linux_11.5.0.202107051138/tools/bin/../lib/gcc/arm-none-eabi/10.3.1/../../../../arm-none-eabi/lib/thumb/v6-m/nofp/libcr_c.a(alloc.o)
                              ./drivers/fsl_common.o (malloc)
/usr/local/mcuxpressoide-11.5.0_7232/ide/plugins/com.nxp.mcuxpresso.tools.linux_11.5.0.202107051138/tools/bin/../lib/gcc/arm-none-eabi/10.3.1/../../../../arm-none-eabi/lib/thumb/v6-m/nofp/libcr_c.a(initio.o)
                              /usr/local/mcuxpressoide-11.5.0_7232/ide/plugins/com.nxp.mcuxpresso.tools.linux_11.5.0.202107051138/tools/bin/../lib/gcc/arm-none-eabi/10.3.1/../../../../arm-none-eabi/lib/thumb/v6-m/nofp/libcr_nohost_nf.a(_cr__main.o) (_initio)
/usr/local/mcuxpressoide-11.5.0_7232/ide/plugins/com.nxp.mcuxpresso.tools.linux_11.5.0.202107051138/tools/bin/../lib/gcc/arm-none-eabi/10.3.1/../../../../arm-none-eabi/lib/thumb/v6-m/nofp/libcr_c.a(scanf.o)
                              ./utilities/fsl_str.o (strtoul)
/usr/local/mcuxpressoide-11.5.0_7232/ide/plugins/com.nxp.mcuxpresso.tools.linux_11.5.0.202107051138/tools/bin/../lib/gcc/arm-none-eabi/10.3.1/../../../../arm-none-eabi/lib/thumb/v6-m/nofp/libcr_c.a(setvbuf.o)
                              /usr/local/mcuxpressoide-11.5.0_7232/ide/plugins/com.nxp.mcuxpresso.tools.linux_11.5.0.202107051138/tools/bin/../lib/gcc/arm-none-eabi/10.3.1/../../../../arm-none-eabi/lib/thumb/v6-m/nofp/libcr_c.a(initio.o) (setvbuf)
/usr/local/mcuxpressoide-11.5.0_7232/ide/plugins/com.nxp.mcuxpresso.tools.linux_11.5.0.202107051138/tools/bin/../lib/gcc/arm-none-eabi/10.3.1/../../../../arm-none-eabi/lib/thumb/v6-m/nofp/libcr_c.a(strlen.o)
                              ./utilities/fsl_str.o (strlen)
/usr/local/mcuxpressoide-11.5.0_7232/ide/plugins/com.nxp.mcuxpresso.tools.linux_11.5.0.202107051138/tools/bin/../lib/gcc/arm-none-eabi/10.3.1/../../../../arm-none-eabi/lib/thumb/v6-m/nofp/libcr_c.a(ungetc.o)
                              /usr/local/mcuxpressoide-11.5.0_7232/ide/plugins/com.nxp.mcuxpresso.tools.linux_11.5.0.202107051138/tools/bin/../lib/gcc/arm-none-eabi/10.3.1/../../../../arm-none-eabi/lib/thumb/v6-m/nofp/libcr_c.a(scanf.o) (ungetc)
/usr/local/mcuxpressoide-11.5.0_7232/ide/plugins/com.nxp.mcuxpresso.tools.linux_11.5.0.202107051138/tools/bin/../lib/gcc/arm-none-eabi/10.3.1/../../../../arm-none-eabi/lib/thumb/v6-m/nofp/libcr_c.a(__fillbuf.o)
                              /usr/local/mcuxpressoide-11.5.0_7232/ide/plugins/com.nxp.mcuxpresso.tools.linux_11.5.0.202107051138/tools/bin/../lib/gcc/arm-none-eabi/10.3.1/../../../../arm-none-eabi/lib/thumb/v6-m/nofp/libcr_c.a(scanf.o) (__filbuf)
/usr/local/mcuxpressoide-11.5.0_7232/ide/plugins/com.nxp.mcuxpresso.tools.linux_11.5.0.202107051138/tools/bin/../lib/gcc/arm-none-eabi/10.3.1/../../../../arm-none-eabi/lib/thumb/v6-m/nofp/libcr_c.a(__init_alloc.o)
                              /usr/local/mcuxpressoide-11.5.0_7232/ide/plugins/com.nxp.mcuxpresso.tools.linux_11.5.0.202107051138/tools/bin/../lib/gcc/arm-none-eabi/10.3.1/../../../../arm-none-eabi/lib/thumb/v6-m/nofp/libcr_c.a(alloc.o) (__heaps)
/usr/local/mcuxpressoide-11.5.0_7232/ide/plugins/com.nxp.mcuxpresso.tools.linux_11.5.0.202107051138/tools/bin/../lib/gcc/arm-none-eabi/10.3.1/../../../../arm-none-eabi/lib/thumb/v6-m/nofp/libcr_c.a(_cr_sbrk.o)
                              /usr/local/mcuxpressoide-11.5.0_7232/ide/plugins/com.nxp.mcuxpresso.tools.linux_11.5.0.202107051138/tools/bin/../lib/gcc/arm-none-eabi/10.3.1/../../../../arm-none-eabi/lib/thumb/v6-m/nofp/libcr_c.a(alloc.o) (_sbrk)
/usr/local/mcuxpressoide-11.5.0_7232/ide/plugins/com.nxp.mcuxpresso.tools.linux_11.5.0.202107051138/tools/bin/../lib/gcc/arm-none-eabi/10.3.1/../../../../arm-none-eabi/lib/thumb/v6-m/nofp/libcr_c.a(_deferredlazyseek.o)
                              /usr/local/mcuxpressoide-11.5.0_7232/ide/plugins/com.nxp.mcuxpresso.tools.linux_11.5.0.202107051138/tools/bin/../lib/gcc/arm-none-eabi/10.3.1/../../../../arm-none-eabi/lib/thumb/v6-m/nofp/libcr_c.a(__fillbuf.o) (_deferredlazyseek)
[...]
Memory Configuration

Name             Origin             Length             Attributes
PROGRAM_FLASH    0x0000000000000000 0x0000000000040000 xr
SRAM             0x000000001fffe000 0x0000000000008000 xrw
*default*        0x0000000000000000 0xffffffffffffffff

Linker script and memory map

LOAD ./utilities/fsl_assert.o
LOAD ./utilities/fsl_debug_console.o
LOAD ./utilities/fsl_str.o
LOAD ./startup/startup_mkl43z4.o
LOAD ./source/freertos_hello.o
LOAD ./source/mtb.o
LOAD ./source/semihost_hardfault.o
LOAD ./freertos/freertos_kernel/portable/MemMang/heap_4.o
LOAD ./freertos/freertos_kernel/portable/GCC/ARM_CM0/port.o
LOAD ./freertos/freertos_kernel/croutine.o
LOAD ./freertos/freertos_kernel/event_groups.o
LOAD ./freertos/freertos_kernel/list.o
LOAD ./freertos/freertos_kernel/queue.o
LOAD ./freertos/freertos_kernel/stream_buffer.o
LOAD ./freertos/freertos_kernel/tasks.o
LOAD ./freertos/freertos_kernel/timers.o
LOAD ./drivers/fsl_clock.o
LOAD ./drivers/fsl_common.o
LOAD ./drivers/fsl_gpio.o
LOAD ./drivers/fsl_lpuart.o
LOAD ./drivers/fsl_smc.o
LOAD ./drivers/fsl_uart.o
LOAD ./device/system_MKL43Z4.o
LOAD ./component/uart/lpuart_adapter.o
LOAD ./component/serial_manager/serial_manager.o
LOAD ./component/serial_manager/serial_port_uart.o
LOAD ./component/lists/generic_list.o
LOAD ./board/board.o
LOAD ./board/clock_config.o
LOAD ./board/pin_mux.o
START GROUP
LOAD /usr/local/mcuxpressoide-11.5.0_7232/ide/plugins/com.nxp.mcuxpresso.tools.linux_11.5.0.202107051138/tools/bin/../lib/gcc/arm-none-eabi/10.3.1/../../../../arm-none-eabi/lib/thumb/v6-m/nofp/libcr_nohost_nf.a
LOAD /usr/local/mcuxpressoide-11.5.0_7232/ide/plugins/com.nxp.mcuxpresso.tools.linux_11.5.0.202107051138/tools/bin/../lib/gcc/arm-none-eabi/10.3.1/../../../../arm-none-eabi/lib/thumb/v6-m/nofp/libcr_c.a
LOAD /usr/local/mcuxpressoide-11.5.0_7232/ide/plugins/com.nxp.mcuxpresso.tools.linux_11.5.0.202107051138/tools/bin/../lib/gcc/arm-none-eabi/10.3.1/thumb/v6-m/nofp/libcr_eabihelpers.a
LOAD /usr/local/mcuxpressoide-11.5.0_7232/ide/plugins/com.nxp.mcuxpresso.tools.linux_11.5.0.202107051138/tools/bin/../lib/gcc/arm-none-eabi/10.3.1/thumb/v6-m/nofp/libgcc.a
END GROUP
                0x0000000000000000                __base_PROGRAM_FLASH = 0x0
                0x0000000000000000                __base_Flash = 0x0
                0x0000000000040000                __top_PROGRAM_FLASH = 0x40000
                0x0000000000040000                __top_Flash = 0x40000
                0x000000001fffe000                __base_SRAM = 0x1fffe000
                0x000000001fffe000                __base_RAM = 0x1fffe000
                0x0000000020006000                __top_SRAM = 0x20006000
                0x0000000020006000                __top_RAM = 0x20006000

.text           0x0000000000000000     0x2900
 FILL mask 0xff
                0x0000000000000000                __vectors_start__ = ABSOLUTE (.)
 *(SORT_BY_ALIGNMENT(.isr_vector))
 .isr_vector    0x0000000000000000       0xc0 ./startup/startup_mkl43z4.o
                0x0000000000000000                __Vectors
                0x0000000000000000                g_pfnVectors
                0x00000000000000c0                . = ALIGN (0x4)
                0x00000000000000c0                __section_table_start = .
                0x00000000000000c0                __data_section_table = .
                0x00000000000000c0        0x4 LONG 0x2900 LOADADDR (.data)
                0x00000000000000c4        0x4 LONG 0x1fffe080 ADDR (.data)
                0x00000000000000c8        0x4 LONG 0x8 SIZEOF (.data)
                0x00000000000000cc                __data_section_table_end = .
                0x00000000000000cc                __bss_section_table = .
                0x00000000000000cc        0x4 LONG 0x1fffe088 ADDR (.bss)
                0x00000000000000d0        0x4 LONG 0x2a8c SIZEOF (.bss)
                0x00000000000000d4                __bss_section_table_end = .
                0x00000000000000d4                __section_table_end = .
 *(SORT_BY_ALIGNMENT(.after_vectors*))
 .after_vectors.reset
                0x00000000000000d4       0x44 ./startup/startup_mkl43z4.o
                0x00000000000000d4                ResetISR
 .after_vectors
                0x0000000000000118      0x10c ./startup/startup_mkl43z4.o
                0x0000000000000118                NMI_Handler
                0x0000000000000122                PMC_DriverIRQHandler
                0x0000000000000122                PIT_DriverIRQHandler
                0x0000000000000122                DMA0_DriverIRQHandler
                0x0000000000000122                Reserved42_DriverIRQHandler
                0x0000000000000122                SPI1_DriverIRQHandler
                0x0000000000000122                LPTMR0_DriverIRQHandler
                0x0000000000000122                PORTC_PORTD_DriverIRQHandler
                0x0000000000000122                I2S0_DriverIRQHandler
                0x0000000000000122                TPM2_DriverIRQHandler
                0x0000000000000122                RTC_Seconds_DriverIRQHandler
                0x0000000000000122                LLWU_DriverIRQHandler
                0x0000000000000122                FTFA_DriverIRQHandler
                0x0000000000000122                IntDefaultHandler
                0x0000000000000122                USB0_DriverIRQHandler
                0x0000000000000122                DAC0_DriverIRQHandler
                0x0000000000000122                TPM0_DriverIRQHandler
                0x0000000000000122                Reserved20_DriverIRQHandler
                0x0000000000000122                DMA3_DriverIRQHandler
                0x0000000000000122                UART2_FLEXIO_DriverIRQHandler
                0x0000000000000122                PORTA_DriverIRQHandler
                0x0000000000000122                TPM1_DriverIRQHandler
                0x0000000000000122                RTC_DriverIRQHandler
                0x0000000000000122                LCD_DriverIRQHandler
                0x0000000000000122                DMA1_DriverIRQHandler
                0x0000000000000122                I2C1_DriverIRQHandler
                0x0000000000000122                SPI0_DriverIRQHandler
                0x0000000000000122                ADC0_DriverIRQHandler
                0x0000000000000122                CMP0_DriverIRQHandler
                0x0000000000000122                DMA2_DriverIRQHandler
                0x0000000000000122                Reserved43_DriverIRQHandler
                0x0000000000000122                I2C0_DriverIRQHandler
                0x0000000000000124                DMA0_IRQHandler
                0x000000000000012c                DMA1_IRQHandler
                0x0000000000000134                DMA2_IRQHandler
                0x000000000000013c                DMA3_IRQHandler
                0x0000000000000144                Reserved20_IRQHandler
                0x000000000000014c                FTFA_IRQHandler
                0x0000000000000154                PMC_IRQHandler
                0x000000000000015c                LLWU_IRQHandler
                0x0000000000000164                I2C0_IRQHandler
                0x000000000000016c                I2C1_IRQHandler
                0x0000000000000174                SPI0_IRQHandler
                0x000000000000017c                SPI1_IRQHandler
                0x0000000000000184                LPUART0_IRQHandler
                0x000000000000018c                LPUART1_IRQHandler
                0x0000000000000194                UART2_FLEXIO_IRQHandler
                0x000000000000019c                ADC0_IRQHandler
                0x00000000000001a4                CMP0_IRQHandler
                0x00000000000001ac                TPM0_IRQHandler
                0x00000000000001b4                TPM1_IRQHandler
                0x00000000000001bc                TPM2_IRQHandler
                0x00000000000001c4                RTC_IRQHandler
                0x00000000000001cc                RTC_Seconds_IRQHandler
                0x00000000000001d4                PIT_IRQHandler
                0x00000000000001dc                I2S0_IRQHandler
                0x00000000000001e4                USB0_IRQHandler
                0x00000000000001ec                DAC0_IRQHandler
                0x00000000000001f4                Reserved42_IRQHandler
                0x00000000000001fc                Reserved43_IRQHandler
                0x0000000000000204                LPTMR0_IRQHandler
                0x000000000000020c                LCD_IRQHandler
                0x0000000000000214                PORTA_IRQHandler
                0x000000000000021c                PORTC_PORTD_IRQHandler
 .after_vectors.init_data
                0x0000000000000224       0x16 ./startup/startup_mkl43z4.o
                0x0000000000000224                data_init
 .after_vectors.init_bss
                0x000000000000023a       0x14 ./startup/startup_mkl43z4.o
                0x000000000000023a                bss_init
                0x0000000000000400                . = 0x400
 *fill*         0x000000000000024e      0x1b2 ff
                0x0000000000000400                PROVIDE (__FLASH_CONFIG_START__ = .)
 *(SORT_BY_ALIGNMENT(.FlashConfig))
 .FlashConfig   0x0000000000000400       0x10 ./startup/startup_mkl43z4.o
                0x0000000000000400                Flash_Config
                0x0000000000000410                PROVIDE (__FLASH_CONFIG_END__ = .)
                0x0000000000000001                ASSERT (! ((__FLASH_CONFIG_START__ == __FLASH_CONFIG_END__)), Linker Flash Config Support Enabled, but no .FlashConfig section provided within application)
 *(SORT_BY_ALIGNMENT(.text*))
 .text.vPortStartFirstTask
                0x0000000000000410       0x34 ./freertos/freertos_kernel/portable/GCC/ARM_CM0/port.o
 *fill*         0x0000000000000444        0xc ff
 .text.PendSV_Handler
                0x0000000000000450       0x44 ./freertos/freertos_kernel/portable/GCC/ARM_CM0/port.o
                0x0000000000000450                PendSV_Handler
 .text.DbgConsole_SendDataReliable
                0x0000000000000494       0x34 ./utilities/fsl_debug_console.o
                0x0000000000000494                DbgConsole_SendDataReliable
 .text.DbgConsole_Init
                0x00000000000004c8       0x64 ./utilities/fsl_debug_console.o
                0x00000000000004c8                DbgConsole_Init
 .text.DbgConsole_Printf
                0x000000000000052c       0x48 ./utilities/fsl_debug_console.o
                0x000000000000052c                DbgConsole_Printf
 .text.StrFormatPrintf
                0x0000000000000574      0x230 ./utilities/fsl_str.o
                0x0000000000000574                StrFormatPrintf
 .text.hello_task
                0x00000000000007a4       0x14 ./source/freertos_hello.o
 .text.startup.main
                0x00000000000007b8       0x40 ./source/freertos_hello.o
                0x00000000000007b8                main
 .text.HardFault_Handler
                0x00000000000007f8       0x2c ./source/semihost_hardfault.o
                0x00000000000007f8                HardFault_Handler
 .text.prvInsertBlockIntoFreeList
                0x0000000000000824       0x48 ./freertos/freertos_kernel/portable/MemMang/heap_4.o
 .text.pvPortMalloc
                0x000000000000086c      0x110 ./freertos/freertos_kernel/portable/MemMang/heap_4.o
                0x000000000000086c                pvPortMalloc
 .text.vPortFree
                0x000000000000097c       0x54 ./freertos/freertos_kernel/portable/MemMang/heap_4.o
                0x000000000000097c                vPortFree
 .text.prvTaskExitError
                0x00000000000009d0       0x24 ./freertos/freertos_kernel/portable/GCC/ARM_CM0/port.o
 .text.pxPortInitialiseStack
                0x00000000000009f4       0x20 ./freertos/freertos_kernel/portable/GCC/ARM_CM0/port.o
                0x00000000000009f4                pxPortInitialiseStack
 .text.vPortYield
                0x0000000000000a14       0x18 ./freertos/freertos_kernel/portable/GCC/ARM_CM0/port.o
                0x0000000000000a14                vPortYield
 .text.vPortEnterCritical
                0x0000000000000a2c       0x18 ./freertos/freertos_kernel/portable/GCC/ARM_CM0/port.o
                0x0000000000000a2c                vPortEnterCritical
 .text.vPortExitCritical
                0x0000000000000a44       0x1c ./freertos/freertos_kernel/portable/GCC/ARM_CM0/port.o
                0x0000000000000a44                vPortExitCritical
 .text.SysTick_Handler
                0x0000000000000a60       0x24 ./freertos/freertos_kernel/portable/GCC/ARM_CM0/port.o
                0x0000000000000a60                SysTick_Handler
 .text.vPortSetupTimerInterrupt
                0x0000000000000a84       0x34 ./freertos/freertos_kernel/portable/GCC/ARM_CM0/port.o
                0x0000000000000a84                vPortSetupTimerInterrupt
 .text.xPortStartScheduler
                0x0000000000000ab8       0x3c ./freertos/freertos_kernel/portable/GCC/ARM_CM0/port.o
                0x0000000000000ab8                xPortStartScheduler
 .text.vQueueAddToRegistry
                0x0000000000000af4       0x24 ./freertos/freertos_kernel/queue.o
                0x0000000000000af4                vQueueAddToRegistry
 .text.prvAddCurrentTaskToDelayedList
                0x0000000000000b18       0x70 ./freertos/freertos_kernel/tasks.o
 .text.prvResetNextTaskUnblockTime
                0x0000000000000b88       0x28 ./freertos/freertos_kernel/tasks.o
 .text.prvIdleTask
                0x0000000000000bb0       0x58 ./freertos/freertos_kernel/tasks.o
 .text.xTaskCreate
                0x0000000000000c08      0x1ac ./freertos/freertos_kernel/tasks.o
                0x0000000000000c08                xTaskCreate
 .text.vTaskStartScheduler
                0x0000000000000db4       0x5c ./freertos/freertos_kernel/tasks.o
                0x0000000000000db4                vTaskStartScheduler
 .text.vTaskSuspendAll
                0x0000000000000e10       0x10 ./freertos/freertos_kernel/tasks.o
                0x0000000000000e10                vTaskSuspendAll
 .text.xTaskGetTickCount
                0x0000000000000e20        0xc ./freertos/freertos_kernel/tasks.o
                0x0000000000000e20                xTaskGetTickCount
 .text.xTaskIncrementTick
                0x0000000000000e2c       0xe8 ./freertos/freertos_kernel/tasks.o
                0x0000000000000e2c                xTaskIncrementTick
 .text.xTaskResumeAll
                0x0000000000000f14       0xd0 ./freertos/freertos_kernel/tasks.o
                0x0000000000000f14                xTaskResumeAll
 .text.vTaskSwitchContext
                0x0000000000000fe4       0x6c ./freertos/freertos_kernel/tasks.o
                0x0000000000000fe4                vTaskSwitchContext
 .text.vTaskSuspend
                0x0000000000001050       0x9c ./freertos/freertos_kernel/tasks.o
                0x0000000000001050                vTaskSuspend
 .text.vTaskPlaceOnEventList
                0x00000000000010ec       0x24 ./freertos/freertos_kernel/tasks.o
                0x00000000000010ec                vTaskPlaceOnEventList
 .text.vTaskPlaceOnEventListRestricted
                0x0000000000001110       0x30 ./freertos/freertos_kernel/tasks.o
                0x0000000000001110                vTaskPlaceOnEventListRestricted
 .text.xTaskRemoveFromEventList
                0x0000000000001140       0x78 ./freertos/freertos_kernel/tasks.o
                0x0000000000001140                xTaskRemoveFromEventList
 .text.vTaskInternalSetTimeOutState
                0x00000000000011b8       0x18 ./freertos/freertos_kernel/tasks.o
                0x00000000000011b8                vTaskInternalSetTimeOutState
 .text.xTaskCheckForTimeOut
                0x00000000000011d0       0x64 ./freertos/freertos_kernel/tasks.o
                0x00000000000011d0                xTaskCheckForTimeOut
 .text.vTaskMissedYield
                0x0000000000001234        0xc ./freertos/freertos_kernel/tasks.o
                0x0000000000001234                vTaskMissedYield
 .text.xTaskGetSchedulerState
                0x0000000000001240       0x20 ./freertos/freertos_kernel/tasks.o
                0x0000000000001240                xTaskGetSchedulerState
 .text.xTaskPriorityDisinherit
                0x0000000000001260       0x6c ./freertos/freertos_kernel/tasks.o
                0x0000000000001260                xTaskPriorityDisinherit
 .text.prvCheckForValidListAndQueue
                0x00000000000012cc       0x5c ./freertos/freertos_kernel/timers.o
 .text.prvInsertTimerInActiveList
                0x0000000000001328       0x3c ./freertos/freertos_kernel/timers.o
 .text.xTimerCreateTimerTask
                0x0000000000001364       0x3c ./freertos/freertos_kernel/timers.o
                0x0000000000001364                xTimerCreateTimerTask
 .text.xTimerGenericCommand
                0x00000000000013a0       0x4c ./freertos/freertos_kernel/timers.o
                0x00000000000013a0                xTimerGenericCommand
 .text.prvSampleTimeNow
                0x00000000000013ec       0x98 ./freertos/freertos_kernel/timers.o
 .text.prvTimerTask
                0x0000000000001484      0x18c ./freertos/freertos_kernel/timers.o
 .text.CLOCK_GetLircClkFreq
                0x0000000000001610       0x30 ./drivers/fsl_clock.o
 .text.CLOCK_GetOsc0ErClkFreq
                0x0000000000001640       0x1c ./drivers/fsl_clock.o
                0x0000000000001640                CLOCK_GetOsc0ErClkFreq
 .text.CLOCK_GetEr32kClkFreq
                0x000000000000165c       0x3c ./drivers/fsl_clock.o
                0x000000000000165c                CLOCK_GetEr32kClkFreq
 .text.CLOCK_SetSimConfig
                0x0000000000001698       0x2c ./drivers/fsl_clock.o
                0x0000000000001698                CLOCK_SetSimConfig
 .text.CLOCK_GetInternalRefClkFreq
                0x00000000000016c4       0x24 ./drivers/fsl_clock.o
                0x00000000000016c4                CLOCK_GetInternalRefClkFreq
 .text.CLOCK_GetPeriphClkFreq
                0x00000000000016e8       0x28 ./drivers/fsl_clock.o
                0x00000000000016e8                CLOCK_GetPeriphClkFreq
 .text.CLOCK_GetOutClkFreq
                0x0000000000001710       0x48 ./drivers/fsl_clock.o
                0x0000000000001710                CLOCK_GetOutClkFreq
 .text.CLOCK_GetFreq
                0x0000000000001758       0x78 ./drivers/fsl_clock.o
                0x0000000000001758                CLOCK_GetFreq
 .text.CLOCK_SetMcgliteConfig
                0x00000000000017d0       0x88 ./drivers/fsl_clock.o
                0x00000000000017d0                CLOCK_SetMcgliteConfig
 .text.LPUART_GetInstance
                0x0000000000001858       0x20 ./drivers/fsl_lpuart.o
                0x0000000000001858                LPUART_GetInstance
 .text.LPUART_Init
                0x0000000000001878      0x180 ./drivers/fsl_lpuart.o
                0x0000000000001878                LPUART_Init
 .text.LPUART0_DriverIRQHandler
                0x00000000000019f8       0x1c ./drivers/fsl_lpuart.o
                0x00000000000019f8                LPUART0_DriverIRQHandler
 .text.LPUART1_DriverIRQHandler
                0x0000000000001a14       0x1c ./drivers/fsl_lpuart.o
                0x0000000000001a14                LPUART1_DriverIRQHandler
 .text.SystemInit
                0x0000000000001a30       0x2c ./device/system_MKL43Z4.o
                0x0000000000001a30                SystemInit
 .text.HAL_UartInit
                0x0000000000001a5c       0x68 ./component/uart/lpuart_adapter.o
                0x0000000000001a5c                HAL_UartInit
 .text.HAL_UartSendBlocking
                0x0000000000001ac4       0x18 ./component/uart/lpuart_adapter.o
                0x0000000000001ac4                HAL_UartSendBlocking
 .text.SerialManager_Init
                0x0000000000001adc       0x2c ./component/serial_manager/serial_manager.o
                0x0000000000001adc                SerialManager_Init
 .text.SerialManager_OpenReadHandle
                0x0000000000001b08       0x34 ./component/serial_manager/serial_manager.o
                0x0000000000001b08                SerialManager_OpenReadHandle
 .text.SerialManager_WriteBlocking
                0x0000000000001b3c       0x1c ./component/serial_manager/serial_manager.o
                0x0000000000001b3c                SerialManager_WriteBlocking
 .text.Serial_UartInit
                0x0000000000001b58       0x30 ./component/serial_manager/serial_port_uart.o
                0x0000000000001b58                Serial_UartInit
 .text.BOARD_InitDebugConsole
                0x0000000000001b88       0x38 ./board/board.o
                0x0000000000001b88                BOARD_InitDebugConsole
 .text.BOARD_BootClockRUN
                0x0000000000001bc0       0x3c ./board/clock_config.o
                0x0000000000001bc0                BOARD_BootClockRUN
 .text.BOARD_InitPins
                0x0000000000001bfc       0x44 ./board/pin_mux.o
                0x0000000000001bfc                BOARD_InitPins
 .text._initio  0x0000000000001c40       0x7c /usr/local/mcuxpressoide-11.5.0_7232/ide/plugins/com.nxp.mcuxpresso.tools.linux_11.5.0.202107051138/tools/bin/../lib/gcc/arm-none-eabi/10.3.1/../../../../arm-none-eabi/lib/thumb/v6-m/nofp/libcr_c.a(initio.o)
                0x0000000000001c40                _initio
 .text.setvbuf  0x0000000000001cbc       0x4c /usr/local/mcuxpressoide-11.5.0_7232/ide/plugins/com.nxp.mcuxpresso.tools.linux_11.5.0.202107051138/tools/bin/../lib/gcc/arm-none-eabi/10.3.1/../../../../arm-none-eabi/lib/thumb/v6-m/nofp/libcr_c.a(setvbuf.o)
                0x0000000000001cbc                setvbuf
 .text.strlen   0x0000000000001d08       0x58 /usr/local/mcuxpressoide-11.5.0_7232/ide/plugins/com.nxp.mcuxpresso.tools.linux_11.5.0.202107051138/tools/bin/../lib/gcc/arm-none-eabi/10.3.1/../../../../arm-none-eabi/lib/thumb/v6-m/nofp/libcr_c.a(strlen.o)
                0x0000000000001d08                strlen
 .text._deferredlazyseek
                0x0000000000001d60       0x40 /usr/local/mcuxpressoide-11.5.0_7232/ide/plugins/com.nxp.mcuxpresso.tools.linux_11.5.0.202107051138/tools/bin/../lib/gcc/arm-none-eabi/10.3.1/../../../../arm-none-eabi/lib/thumb/v6-m/nofp/libcr_c.a(_deferredlazyseek.o)
                0x0000000000001d60                _deferredlazyseek
 .text._fdopen  0x0000000000001da0       0x74 /usr/local/mcuxpressoide-11.5.0_7232/ide/plugins/com.nxp.mcuxpresso.tools.linux_11.5.0.202107051138/tools/bin/../lib/gcc/arm-none-eabi/10.3.1/../../../../arm-none-eabi/lib/thumb/v6-m/nofp/libcr_c.a(_fdopen.o)
                0x0000000000001da0                _fdopen
 .text._fflush  0x0000000000001e14       0x60 /usr/local/mcuxpressoide-11.5.0_7232/ide/plugins/com.nxp.mcuxpresso.tools.linux_11.5.0.202107051138/tools/bin/../lib/gcc/arm-none-eabi/10.3.1/../../../../arm-none-eabi/lib/thumb/v6-m/nofp/libcr_c.a(_fflush.o)
                0x0000000000001e14                _fflush
 .text._Cwritebuf
                0x0000000000001e74       0x68 /usr/local/mcuxpressoide-11.5.0_7232/ide/plugins/com.nxp.mcuxpresso.tools.linux_11.5.0.202107051138/tools/bin/../lib/gcc/arm-none-eabi/10.3.1/../../../../arm-none-eabi/lib/thumb/v6-m/nofp/libcr_c.a(_writebuf.o)
                0x0000000000001e74                _Cwritebuf
 .text.fclose   0x0000000000001edc       0x5c /usr/local/mcuxpressoide-11.5.0_7232/ide/plugins/com.nxp.mcuxpresso.tools.linux_11.5.0.202107051138/tools/bin/../lib/gcc/arm-none-eabi/10.3.1/../../../../arm-none-eabi/lib/thumb/v6-m/nofp/libcr_c.a(fclose.o)
                0x0000000000001edc                fclose
 .text.fflush   0x0000000000001f38       0x44 /usr/local/mcuxpressoide-11.5.0_7232/ide/plugins/com.nxp.mcuxpresso.tools.linux_11.5.0.202107051138/tools/bin/../lib/gcc/arm-none-eabi/10.3.1/../../../../arm-none-eabi/lib/thumb/v6-m/nofp/libcr_c.a(fflush.o)
                0x0000000000001f38                fflush
 .text.fseek    0x0000000000001f7c       0xf0 /usr/local/mcuxpressoide-11.5.0_7232/ide/plugins/com.nxp.mcuxpresso.tools.linux_11.5.0.202107051138/tools/bin/../lib/gcc/arm-none-eabi/10.3.1/../../../../arm-none-eabi/lib/thumb/v6-m/nofp/libcr_c.a(fseek.o)
                0x0000000000001f7c                fseek
 .text.ftell    0x000000000000206c       0x48 /usr/local/mcuxpressoide-11.5.0_7232/ide/plugins/com.nxp.mcuxpresso.tools.linux_11.5.0.202107051138/tools/bin/../lib/gcc/arm-none-eabi/10.3.1/../../../../arm-none-eabi/lib/thumb/v6-m/nofp/libcr_c.a(ftell.o)
                0x000000000000206c                ftell
 .text._do_fflush
                0x00000000000020b4       0x48 /usr/local/mcuxpressoide-11.5.0_7232/ide/plugins/com.nxp.mcuxpresso.tools.linux_11.5.0.202107051138/tools/bin/../lib/gcc/arm-none-eabi/10.3.1/../../../../arm-none-eabi/lib/thumb/v6-m/nofp/libcr_c.a(_do_fflush.o)
                0x00000000000020b4                _do_fflush
 .text.DbgConsole_PrintCallback
                0x00000000000020fc       0x34 ./utilities/fsl_debug_console.o
 .text.SVC_Handler
                0x0000000000002130        0x2 ./freertos/freertos_kernel/portable/GCC/ARM_CM0/port.o
                0x0000000000002130                SVC_Handler
 .text.ulSetInterruptMaskFromISR
                0x0000000000002132        0x8 ./freertos/freertos_kernel/portable/GCC/ARM_CM0/port.o
                0x0000000000002132                ulSetInterruptMaskFromISR
 .text.vClearInterruptMaskFromISR
                0x000000000000213a        0x6 ./freertos/freertos_kernel/portable/GCC/ARM_CM0/port.o
                0x000000000000213a                vClearInterruptMaskFromISR
 .text.vListInitialise
                0x0000000000002140       0x16 ./freertos/freertos_kernel/list.o
                0x0000000000002140                vListInitialise
 .text.vListInitialiseItem
                0x0000000000002156        0x6 ./freertos/freertos_kernel/list.o
                0x0000000000002156                vListInitialiseItem
 .text.vListInsertEnd
                0x000000000000215c       0x18 ./freertos/freertos_kernel/list.o
                0x000000000000215c                vListInsertEnd
 .text.vListInsert
                0x0000000000002174       0x2e ./freertos/freertos_kernel/list.o
                0x0000000000002174                vListInsert
 .text.uxListRemove
                0x00000000000021a2       0x20 ./freertos/freertos_kernel/list.o
                0x00000000000021a2                uxListRemove
 .text.prvIsQueueEmpty
                0x00000000000021c2       0x14 ./freertos/freertos_kernel/queue.o
 .text.prvCopyDataToQueue
                0x00000000000021d6       0x76 ./freertos/freertos_kernel/queue.o
 .text.prvCopyDataFromQueue
                0x000000000000224c       0x24 ./freertos/freertos_kernel/queue.o
 .text.prvUnlockQueue
                0x0000000000002270       0x6a ./freertos/freertos_kernel/queue.o
 .text.xQueueGenericReset
                0x00000000000022da       0x68 ./freertos/freertos_kernel/queue.o
                0x00000000000022da                xQueueGenericReset
 .text.xQueueGenericCreate
                0x0000000000002342       0x3e ./freertos/freertos_kernel/queue.o
                0x0000000000002342                xQueueGenericCreate
 .text.xQueueGenericSend
                0x0000000000002380      0x120 ./freertos/freertos_kernel/queue.o
                0x0000000000002380                xQueueGenericSend
 .text.xQueueGenericSendFromISR
                0x00000000000024a0       0x94 ./freertos/freertos_kernel/queue.o
                0x00000000000024a0                xQueueGenericSendFromISR
 .text.xQueueReceive
                0x0000000000002534      0x10a ./freertos/freertos_kernel/queue.o
                0x0000000000002534                xQueueReceive
 .text.vQueueWaitForMessageRestricted
                0x000000000000263e       0x4a ./freertos/freertos_kernel/queue.o
                0x000000000000263e                vQueueWaitForMessageRestricted
 .text.LPUART_GetDefaultConfig
                0x0000000000002688       0x1a ./drivers/fsl_lpuart.o
                0x0000000000002688                LPUART_GetDefaultConfig
 .text.LPUART_WriteBlocking
                0x00000000000026a2       0x28 ./drivers/fsl_lpuart.o
                0x00000000000026a2                LPUART_WriteBlocking
 .text.SystemInitHook
                0x00000000000026ca        0x2 ./device/system_MKL43Z4.o
                0x00000000000026ca                SystemInitHook
 .text.SerialManager_OpenWriteHandle
                0x00000000000026cc       0x26 ./component/serial_manager/serial_manager.o
                0x00000000000026cc                SerialManager_OpenWriteHandle
 .text.Serial_UartWrite
                0x00000000000026f2        0x8 ./component/serial_manager/serial_port_uart.o
                0x00000000000026f2                Serial_UartWrite
 .text.BOARD_InitBootClocks
                0x00000000000026fa        0x8 ./board/clock_config.o
                0x00000000000026fa                BOARD_InitBootClocks
 .text.BOARD_InitBootPins
                0x0000000000002702        0x8 ./board/pin_mux.o
                0x0000000000002702                BOARD_InitBootPins
 .text.__main   0x000000000000270a        0xc /usr/local/mcuxpressoide-11.5.0_7232/ide/plugins/com.nxp.mcuxpresso.tools.linux_11.5.0.202107051138/tools/bin/../lib/gcc/arm-none-eabi/10.3.1/../../../../arm-none-eabi/lib/thumb/v6-m/nofp/libcr_nohost_nf.a(_cr__main.o)
                0x000000000000270a                __main
 .text.memcpy   0x0000000000002716        0x8 /usr/local/mcuxpressoide-11.5.0_7232/ide/plugins/com.nxp.mcuxpresso.tools.linux_11.5.0.202107051138/tools/bin/../lib/gcc/arm-none-eabi/10.3.1/../../../../arm-none-eabi/lib/thumb/v6-m/nofp/libcr_c.a(memcpy.o)
                0x0000000000002716                memcpy
 .text.memset   0x000000000000271e        0x8 /usr/local/mcuxpressoide-11.5.0_7232/ide/plugins/com.nxp.mcuxpresso.tools.linux_11.5.0.202107051138/tools/bin/../lib/gcc/arm-none-eabi/10.3.1/../../../../arm-none-eabi/lib/thumb/v6-m/nofp/libcr_c.a(memset.o)
                0x000000000000271e                memset
 .text.free     0x0000000000002726       0x2c /usr/local/mcuxpressoide-11.5.0_7232/ide/plugins/com.nxp.mcuxpresso.tools.linux_11.5.0.202107051138/tools/bin/../lib/gcc/arm-none-eabi/10.3.1/../../../../arm-none-eabi/lib/thumb/v6-m/nofp/libcr_c.a(alloc.o)
                0x0000000000002726                free
 .text.remove   0x0000000000002752       0x12 /usr/local/mcuxpressoide-11.5.0_7232/ide/plugins/com.nxp.mcuxpresso.tools.linux_11.5.0.202107051138/tools/bin/../lib/gcc/arm-none-eabi/10.3.1/../../../../arm-none-eabi/lib/thumb/v6-m/nofp/libcr_c.a(remove.o)
                0x0000000000002752                remove
 .text.__aeabi_division_idivmod
                0x0000000000002764       0x78 /usr/local/mcuxpressoide-11.5.0_7232/ide/plugins/com.nxp.mcuxpresso.tools.linux_11.5.0.202107051138/tools/bin/../lib/gcc/arm-none-eabi/10.3.1/thumb/v6-m/nofp/libcr_eabihelpers.a(division_32.o)
                0x0000000000002764                __aeabi_idiv
                0x0000000000002764                __aeabi_idivmod
                0x000000000000276a                __aeabi_uidiv
                0x000000000000276a                __aeabi_uidivmod
 .text.__aeabi_division_idiv0
                0x00000000000027dc        0x2 /usr/local/mcuxpressoide-11.5.0_7232/ide/plugins/com.nxp.mcuxpresso.tools.linux_11.5.0.202107051138/tools/bin/../lib/gcc/arm-none-eabi/10.3.1/thumb/v6-m/nofp/libcr_eabihelpers.a(division_idiv0.o)
                0x00000000000027dc                __aeabi_idiv0
 .text.__aeabi_memcpy
                0x00000000000027de       0x2c /usr/local/mcuxpressoide-11.5.0_7232/ide/plugins/com.nxp.mcuxpresso.tools.linux_11.5.0.202107051138/tools/bin/../lib/gcc/arm-none-eabi/10.3.1/thumb/v6-m/nofp/libcr_eabihelpers.a(memcpy.o)
                0x00000000000027de                __aeabi_memcpy
                0x00000000000027de                __aeabi_memcpy4
                0x00000000000027de                __aeabi_memcpy8
 .text.__aeabi_memset_lowlevel
                0x000000000000280a       0x2a /usr/local/mcuxpressoide-11.5.0_7232/ide/plugins/com.nxp.mcuxpresso.tools.linux_11.5.0.202107051138/tools/bin/../lib/gcc/arm-none-eabi/10.3.1/thumb/v6-m/nofp/libcr_eabihelpers.a(memcpy.o)
                0x000000000000280a                __aeabi_lowlevel_memset
 .text.__gnu_thumb1_case_uqi
                0x0000000000002834       0x10 /usr/local/mcuxpressoide-11.5.0_7232/ide/plugins/com.nxp.mcuxpresso.tools.linux_11.5.0.202107051138/tools/bin/../lib/gcc/arm-none-eabi/10.3.1/thumb/v6-m/nofp/libcr_eabihelpers.a(thumb1_switch_helpers.o)
                0x0000000000002834                __gnu_thumb1_case_uqi
 .text.__sys_close
                0x0000000000002844        0x6 /usr/local/mcuxpressoide-11.5.0_7232/ide/plugins/com.nxp.mcuxpresso.tools.linux_11.5.0.202107051138/tools/bin/../lib/gcc/arm-none-eabi/10.3.1/../../../../arm-none-eabi/lib/thumb/v6-m/nofp/libcr_nohost_nf.a(__sys_close.o)
                0x0000000000002844                __sys_close
 .text.__sys_flen
                0x000000000000284a        0x6 /usr/local/mcuxpressoide-11.5.0_7232/ide/plugins/com.nxp.mcuxpresso.tools.linux_11.5.0.202107051138/tools/bin/../lib/gcc/arm-none-eabi/10.3.1/../../../../arm-none-eabi/lib/thumb/v6-m/nofp/libcr_nohost_nf.a(__sys_flen.o)
                0x000000000000284a                __sys_flen
 .text.__sys_istty
                0x0000000000002850        0x6 /usr/local/mcuxpressoide-11.5.0_7232/ide/plugins/com.nxp.mcuxpresso.tools.linux_11.5.0.202107051138/tools/bin/../lib/gcc/arm-none-eabi/10.3.1/../../../../arm-none-eabi/lib/thumb/v6-m/nofp/libcr_nohost_nf.a(__sys_istty.o)
                0x0000000000002850                __sys_istty
 .text.__sys_remove
                0x0000000000002856        0x6 /usr/local/mcuxpressoide-11.5.0_7232/ide/plugins/com.nxp.mcuxpresso.tools.linux_11.5.0.202107051138/tools/bin/../lib/gcc/arm-none-eabi/10.3.1/../../../../arm-none-eabi/lib/thumb/v6-m/nofp/libcr_nohost_nf.a(__sys_remove.o)
                0x0000000000002856                __sys_remove
 .text.__sys_seek
                0x000000000000285c        0x6 /usr/local/mcuxpressoide-11.5.0_7232/ide/plugins/com.nxp.mcuxpresso.tools.linux_11.5.0.202107051138/tools/bin/../lib/gcc/arm-none-eabi/10.3.1/../../../../arm-none-eabi/lib/thumb/v6-m/nofp/libcr_nohost_nf.a(__sys_seek.o)
                0x000000000000285c                __sys_seek
 .text.__sys_tmpnam
                0x0000000000002862        0x6 /usr/local/mcuxpressoide-11.5.0_7232/ide/plugins/com.nxp.mcuxpresso.tools.linux_11.5.0.202107051138/tools/bin/../lib/gcc/arm-none-eabi/10.3.1/../../../../arm-none-eabi/lib/thumb/v6-m/nofp/libcr_nohost_nf.a(__sys_tmpnam.o)
                0x0000000000002862                __sys_tmpnam
 .text.__sys_write
                0x0000000000002868        0x4 /usr/local/mcuxpressoide-11.5.0_7232/ide/plugins/com.nxp.mcuxpresso.tools.linux_11.5.0.202107051138/tools/bin/../lib/gcc/arm-none-eabi/10.3.1/../../../../arm-none-eabi/lib/thumb/v6-m/nofp/libcr_nohost_nf.a(__sys_write.o)
                0x0000000000002868                __sys_write
 *freertos*/tasks.o(SORT_BY_ALIGNMENT(.rodata*))
 .rodata        0x000000000000286c       0x1c ./freertos/freertos_kernel/tasks.o
                0x000000000000286c                FreeRTOSDebugConfig
                0x0000000000002884                portArch_Name
 .rodata.vTaskStartScheduler.str1.1
                0x0000000000002888        0x5 ./freertos/freertos_kernel/tasks.o
 *(SORT_BY_ALIGNMENT(.rodata) SORT_BY_ALIGNMENT(.rodata.*) SORT_BY_ALIGNMENT(.constdata) SORT_BY_ALIGNMENT(.constdata.*))
 *fill*         0x000000000000288d        0x3 ff
 .rodata.lircFreqs.0
                0x0000000000002890        0x8 ./drivers/fsl_clock.o
 .rodata.s_lpuartClock
                0x0000000000002898        0x8 ./drivers/fsl_lpuart.o
 .rodata.s_LpuartAdapterBase
                0x00000000000028a0        0x8 ./component/uart/lpuart_adapter.o
 .rodata.simConfig_BOARD_BootClockRUN
                0x00000000000028a8        0x8 ./board/clock_config.o
                0x00000000000028a8                simConfig_BOARD_BootClockRUN
 .rodata.__num_Ciob_streams
                0x00000000000028b0        0x4 /usr/local/mcuxpressoide-11.5.0_7232/ide/plugins/com.nxp.mcuxpresso.tools.linux_11.5.0.202107051138/tools/bin/../lib/gcc/arm-none-eabi/10.3.1/../../../../arm-none-eabi/lib/thumb/v6-m/nofp/libcr_nohost_nf.a(__ciob.o)
                0x00000000000028b0                __num_Ciob_streams
 .rodata.hello_task.str1.1
                0x00000000000028b4        0xf ./source/freertos_hello.o
 .rodata.main.str1.1
                0x00000000000028c3       0x24 ./source/freertos_hello.o
 .rodata.prvCheckForValidListAndQueue.str1.1
                0x00000000000028e7        0x5 ./freertos/freertos_kernel/timers.o
 .rodata.xTimerCreateTimerTask.str1.1
                0x00000000000028ec        0x8 ./freertos/freertos_kernel/timers.o
 .rodata.mcgliteConfig_BOARD_BootClockRUN
                0x00000000000028f4        0x6 ./board/clock_config.o
                0x00000000000028f4                mcgliteConfig_BOARD_BootClockRUN
 .rodata._initio.str1.1
                0x00000000000028fa        0x4 /usr/local/mcuxpressoide-11.5.0_7232/ide/plugins/com.nxp.mcuxpresso.tools.linux_11.5.0.202107051138/tools/bin/../lib/gcc/arm-none-eabi/10.3.1/../../../../arm-none-eabi/lib/thumb/v6-m/nofp/libcr_c.a(initio.o)
                0x0000000000002900                . = ALIGN (0x4)
 *fill*         0x00000000000028fe        0x2 ff

.glue_7         0x0000000000002900        0x0
 .glue_7        0x0000000000002900        0x0 linker stubs

.glue_7t        0x0000000000002900        0x0
 .glue_7t       0x0000000000002900        0x0 linker stubs

.vfp11_veneer   0x0000000000002900        0x0
 .vfp11_veneer  0x0000000000002900        0x0 linker stubs

.v4_bx          0x0000000000002900        0x0
 .v4_bx         0x0000000000002900        0x0 linker stubs

.iplt           0x0000000000002900        0x0
 .iplt          0x0000000000002900        0x0 ./utilities/fsl_debug_console.o

.rel.dyn        0x0000000000002900        0x0
 .rel.iplt      0x0000000000002900        0x0 ./utilities/fsl_debug_console.o

.ARM.extab
 *(SORT_BY_ALIGNMENT(.ARM.extab*) SORT_BY_ALIGNMENT(.gnu.linkonce.armextab.*))

.ARM.exidx      0x0000000000002900        0x0
                0x0000000000002900                __exidx_start = .
 *(SORT_BY_ALIGNMENT(.ARM.exidx*) SORT_BY_ALIGNMENT(.gnu.linkonce.armexidx.*))
                0x0000000000002900                __exidx_end = .
                0x0000000000002900                _etext = .

.m_usb_data
 *(SORT_BY_ALIGNMENT(m_usb_bdt))

.mtb_buffer_default
                0x000000001fffe000       0x80
 *(SORT_BY_ALIGNMENT(.mtb*))
 .mtb.$RAM1     0x000000001fffe000       0x80 ./source/mtb.o
                0x000000001fffe000                __mtb_buffer__

.uninit_RESERVED
                0x000000001fffe080        0x0
                0x000000001fffe080                _start_uninit_RESERVED = .
 *(SORT_BY_ALIGNMENT(.bss.$RESERVED*))
                0x000000001fffe080                . = ALIGN (0x4)
                0x000000001fffe080                _end_uninit_RESERVED = .

.data           0x000000001fffe080        0x8 load address 0x0000000000002900
 FILL mask 0xff
                0x000000001fffe080                _data = .
                [!provide]                        PROVIDE (__start_data_RAM = .)
                [!provide]                        PROVIDE (__start_data_SRAM = .)
 *(SORT_BY_ALIGNMENT(vtable))
 *(SORT_BY_ALIGNMENT(.ramfunc*))
 *(SORT_BY_ALIGNMENT(CodeQuickAccess))
 *(SORT_BY_ALIGNMENT(DataQuickAccess))
 *(SORT_BY_ALIGNMENT(RamFunction))
 *(SORT_BY_ALIGNMENT(.data*))
 .data.uxCriticalNesting
                0x000000001fffe080        0x4 ./freertos/freertos_kernel/portable/GCC/ARM_CM0/port.o
 .data.SystemCoreClock
                0x000000001fffe084        0x4 ./device/system_MKL43Z4.o
                0x000000001fffe084                SystemCoreClock
                0x000000001fffe088                . = ALIGN (0x4)
                0x000000001fffe088                _edata = .
                [!provide]                        PROVIDE (__end_data_RAM = .)
                [!provide]                        PROVIDE (__end_data_SRAM = .)

.igot.plt       0x000000001fffe088        0x0 load address 0x0000000000002908
 .igot.plt      0x000000001fffe088        0x0 ./utilities/fsl_debug_console.o

.bss            0x000000001fffe088     0x2a8c
                0x000000001fffe088                _bss = .
                [!provide]                        PROVIDE (__start_bss_RAM = .)
                [!provide]                        PROVIDE (__start_bss_SRAM = .)
 *(SORT_BY_ALIGNMENT(.bss*))
 .bss.g_serialHandle
                0x000000001fffe088        0x4 ./utilities/fsl_debug_console.o
                0x000000001fffe088                g_serialHandle
 .bss.s_debugConsoleState
                0x000000001fffe08c       0x1c ./utilities/fsl_debug_console.o
 .bss.pxEnd     0x000000001fffe0a8        0x4 ./freertos/freertos_kernel/portable/MemMang/heap_4.o
 .bss.xBlockAllocatedBit
                0x000000001fffe0ac        0x4 ./freertos/freertos_kernel/portable/MemMang/heap_4.o
 .bss.xFreeBytesRemaining
                0x000000001fffe0b0        0x4 ./freertos/freertos_kernel/portable/MemMang/heap_4.o
 .bss.xMinimumEverFreeBytesRemaining
                0x000000001fffe0b4        0x4 ./freertos/freertos_kernel/portable/MemMang/heap_4.o
 .bss.xNumberOfSuccessfulAllocations
                0x000000001fffe0b8        0x4 ./freertos/freertos_kernel/portable/MemMang/heap_4.o
 .bss.xNumberOfSuccessfulFrees
                0x000000001fffe0bc        0x4 ./freertos/freertos_kernel/portable/MemMang/heap_4.o
 .bss.xStart    0x000000001fffe0c0        0x8 ./freertos/freertos_kernel/portable/MemMang/heap_4.o
 .bss.xQueueRegistry
                0x000000001fffe0c8       0x40 ./freertos/freertos_kernel/queue.o
                0x000000001fffe0c8                xQueueRegistry
 .bss.pxCurrentTCB
                0x000000001fffe108        0x4 ./freertos/freertos_kernel/tasks.o
                0x000000001fffe108                pxCurrentTCB
 .bss.pxDelayedTaskList
                0x000000001fffe10c        0x4 ./freertos/freertos_kernel/tasks.o
 .bss.pxOverflowDelayedTaskList
                0x000000001fffe110        0x4 ./freertos/freertos_kernel/tasks.o
 .bss.pxReadyTasksLists
                0x000000001fffe114       0x64 ./freertos/freertos_kernel/tasks.o
 .bss.uxCurrentNumberOfTasks
                0x000000001fffe178        0x4 ./freertos/freertos_kernel/tasks.o
 .bss.uxDeletedTasksWaitingCleanUp
                0x000000001fffe17c        0x4 ./freertos/freertos_kernel/tasks.o
 .bss.uxSchedulerSuspended
                0x000000001fffe180        0x4 ./freertos/freertos_kernel/tasks.o
 .bss.uxTaskNumber
                0x000000001fffe184        0x4 ./freertos/freertos_kernel/tasks.o
 .bss.uxTopReadyPriority
                0x000000001fffe188        0x4 ./freertos/freertos_kernel/tasks.o
 .bss.xDelayedTaskList1
                0x000000001fffe18c       0x14 ./freertos/freertos_kernel/tasks.o
 .bss.xDelayedTaskList2
                0x000000001fffe1a0       0x14 ./freertos/freertos_kernel/tasks.o
 .bss.xIdleTaskHandle
                0x000000001fffe1b4        0x4 ./freertos/freertos_kernel/tasks.o
 .bss.xNextTaskUnblockTime
                0x000000001fffe1b8        0x4 ./freertos/freertos_kernel/tasks.o
 .bss.xNumOfOverflows
                0x000000001fffe1bc        0x4 ./freertos/freertos_kernel/tasks.o
 .bss.xPendedTicks
                0x000000001fffe1c0        0x4 ./freertos/freertos_kernel/tasks.o
 .bss.xPendingReadyList
                0x000000001fffe1c4       0x14 ./freertos/freertos_kernel/tasks.o
 .bss.xSchedulerRunning
                0x000000001fffe1d8        0x4 ./freertos/freertos_kernel/tasks.o
 .bss.xSuspendedTaskList
                0x000000001fffe1dc       0x14 ./freertos/freertos_kernel/tasks.o
 .bss.xTasksWaitingTermination
                0x000000001fffe1f0       0x14 ./freertos/freertos_kernel/tasks.o
 .bss.xTickCount
                0x000000001fffe204        0x4 ./freertos/freertos_kernel/tasks.o
 .bss.xYieldPending
                0x000000001fffe208        0x4 ./freertos/freertos_kernel/tasks.o
 .bss.pxCurrentTimerList
                0x000000001fffe20c        0x4 ./freertos/freertos_kernel/timers.o
 .bss.pxOverflowTimerList
                0x000000001fffe210        0x4 ./freertos/freertos_kernel/timers.o
 .bss.xActiveTimerList1
                0x000000001fffe214       0x14 ./freertos/freertos_kernel/timers.o
 .bss.xActiveTimerList2
                0x000000001fffe228       0x14 ./freertos/freertos_kernel/timers.o
 .bss.xLastTime.0
                0x000000001fffe23c        0x4 ./freertos/freertos_kernel/timers.o
 .bss.xTimerQueue
                0x000000001fffe240        0x4 ./freertos/freertos_kernel/timers.o
 .bss.xTimerTaskHandle
                0x000000001fffe244        0x4 ./freertos/freertos_kernel/timers.o
 .bss.g_xtal0Freq
                0x000000001fffe248        0x4 ./drivers/fsl_clock.o
                0x000000001fffe248                g_xtal0Freq
 .bss.g_xtal32Freq
                0x000000001fffe24c        0x4 ./drivers/fsl_clock.o
                0x000000001fffe24c                g_xtal32Freq
 .bss.s_lpuartHandle
                0x000000001fffe250        0x8 ./drivers/fsl_lpuart.o
 .bss.s_lpuartIsr
                0x000000001fffe258        0x4 ./drivers/fsl_lpuart.o
 .bss.errno     0x000000001fffe25c        0x4 /usr/local/mcuxpressoide-11.5.0_7232/ide/plugins/com.nxp.mcuxpresso.tools.linux_11.5.0.202107051138/tools/bin/../lib/gcc/arm-none-eabi/10.3.1/../../../../arm-none-eabi/lib/thumb/v6-m/nofp/libcr_c.a(errno.o)
                0x000000001fffe25c                errno
 .bss.__Ciob    0x000000001fffe260       0xb4 /usr/local/mcuxpressoide-11.5.0_7232/ide/plugins/com.nxp.mcuxpresso.tools.linux_11.5.0.202107051138/tools/bin/../lib/gcc/arm-none-eabi/10.3.1/../../../../arm-none-eabi/lib/thumb/v6-m/nofp/libcr_nohost_nf.a(__ciob.o)
                0x000000001fffe260                __Ciob
 .bss.ucHeap    0x000000001fffe314     0x2800 ./freertos/freertos_kernel/portable/MemMang/heap_4.o
 *(SORT_BY_ALIGNMENT(COMMON))
                0x0000000020000b14                . = ALIGN (0x4)
                0x0000000020000b14                _ebss = .
                [!provide]                        PROVIDE (__end_bss_RAM = .)
                [!provide]                        PROVIDE (__end_bss_SRAM = .)
                [!provide]                        PROVIDE (end = .)

.noinit         0x0000000020000b14        0x0
                0x0000000020000b14                _noinit = .
                [!provide]                        PROVIDE (__start_noinit_RAM = .)
                [!provide]                        PROVIDE (__start_noinit_SRAM = .)
 *(SORT_BY_ALIGNMENT(.noinit*))
                0x0000000020000b14                . = ALIGN (0x4)
                0x0000000020000b14                _end_noinit = .
                [!provide]                        PROVIDE (__end_noinit_RAM = .)
                [!provide]                        PROVIDE (__end_noinit_SRAM = .)
                0x0000000000000800                _HeapSize = 0x800

.heap           0x0000000020000b14      0x800
                0x0000000020000b14                _pvHeapStart = .
                0x0000000020001314                . = (. + _HeapSize)
 *fill*         0x0000000020000b14      0x800 
                0x0000000020001314                . = ALIGN (0x4)
                0x0000000020001314                _pvHeapLimit = .
                0x0000000000000800                _StackSize = 0x800

.heap2stackfill
                0x0000000020001314      0x800
                0x0000000020001b14                . = (. + _StackSize)
 *fill*         0x0000000020001314      0x800 

.stack          0x0000000020005800        0x0
                0x0000000020005800                _vStackBase = .
                0x0000000020005800                . = ALIGN (0x4)
                0x0000000020006000                _vStackTop = (. + _StackSize)
                0x0000000000000000                _image_start = LOADADDR (.text)
                0x0000000000002908                _image_end = (LOADADDR (.data) + SIZEOF (.data))
                0x0000000000002908                _image_size = (_image_end - _image_start)
OUTPUT(HELLO_RTOS_freertos_hello.axf elf32-littlearm)
LOAD linker stubs

.debug_info     0x0000000000000000     0xffa0
 .debug_info    0x0000000000000000      0xe9f ./utilities/fsl_debug_console.o
 .debug_info    0x0000000000000e9f     0x129a ./utilities/fsl_str.o
 .debug_info    0x0000000000002139      0x69d ./startup/startup_mkl43z4.o
 .debug_info    0x00000000000027d6      0x1c4 ./source/freertos_hello.o
 .debug_info    0x000000000000299a       0x4f ./source/mtb.o
 .debug_info    0x00000000000029e9       0x38 ./source/semihost_hardfault.o
 .debug_info    0x0000000000002a21      0x530 ./freertos/freertos_kernel/portable/MemMang/heap_4.o
 .debug_info    0x0000000000002f51      0x306 ./freertos/freertos_kernel/portable/GCC/ARM_CM0/port.o
 .debug_info    0x0000000000003257      0x2cd ./freertos/freertos_kernel/list.o
 .debug_info    0x0000000000003524     0x1f19 ./freertos/freertos_kernel/queue.o
 .debug_info    0x000000000000543d     0x2afa ./freertos/freertos_kernel/tasks.o
 .debug_info    0x0000000000007f37     0x13f5 ./freertos/freertos_kernel/timers.o
 .debug_info    0x000000000000932c     0x154b ./drivers/fsl_clock.o
 .debug_info    0x000000000000a877     0x1ef3 ./drivers/fsl_lpuart.o
 .debug_info    0x000000000000c76a      0x483 ./device/system_MKL43Z4.o
 .debug_info    0x000000000000cbed      0x9ed ./component/uart/lpuart_adapter.o
 .debug_info    0x000000000000d5da      0xf0b ./component/serial_manager/serial_manager.o
 .debug_info    0x000000000000e4e5      0x632 ./component/serial_manager/serial_port_uart.o
 .debug_info    0x000000000000eb17      0x400 ./board/board.o
 .debug_info    0x000000000000ef17      0xa86 ./board/clock_config.o
 .debug_info    0x000000000000f99d      0x603 ./board/pin_mux.o

.debug_abbrev   0x0000000000000000     0x2d7f
 .debug_abbrev  0x0000000000000000      0x32a ./utilities/fsl_debug_console.o
 .debug_abbrev  0x000000000000032a      0x333 ./utilities/fsl_str.o
 .debug_abbrev  0x000000000000065d      0x190 ./startup/startup_mkl43z4.o
 .debug_abbrev  0x00000000000007ed       0xe1 ./source/freertos_hello.o
 .debug_abbrev  0x00000000000008ce       0x43 ./source/mtb.o
 .debug_abbrev  0x0000000000000911       0x2e ./source/semihost_hardfault.o
 .debug_abbrev  0x000000000000093f      0x244 ./freertos/freertos_kernel/portable/MemMang/heap_4.o
 .debug_abbrev  0x0000000000000b83      0x1cc ./freertos/freertos_kernel/portable/GCC/ARM_CM0/port.o
 .debug_abbrev  0x0000000000000d4f      0x106 ./freertos/freertos_kernel/list.o
 .debug_abbrev  0x0000000000000e55      0x336 ./freertos/freertos_kernel/queue.o
 .debug_abbrev  0x000000000000118b      0x3f9 ./freertos/freertos_kernel/tasks.o
 .debug_abbrev  0x0000000000001584      0x33d ./freertos/freertos_kernel/timers.o
 .debug_abbrev  0x00000000000018c1      0x3e4 ./drivers/fsl_clock.o
 .debug_abbrev  0x0000000000001ca5      0x423 ./drivers/fsl_lpuart.o
 .debug_abbrev  0x00000000000020c8      0x146 ./device/system_MKL43Z4.o
 .debug_abbrev  0x000000000000220e      0x266 ./component/uart/lpuart_adapter.o
 .debug_abbrev  0x0000000000002474      0x233 ./component/serial_manager/serial_manager.o
 .debug_abbrev  0x00000000000026a7      0x17e ./component/serial_manager/serial_port_uart.o
 .debug_abbrev  0x0000000000002825      0x17e ./board/board.o
 .debug_abbrev  0x00000000000029a3      0x214 ./board/clock_config.o
 .debug_abbrev  0x0000000000002bb7      0x1c8 ./board/pin_mux.o

.debug_loc      0x0000000000000000     0x9ea3
 .debug_loc     0x0000000000000000      0x6c3 ./utilities/fsl_debug_console.o
 .debug_loc     0x00000000000006c3     0x18a0 ./utilities/fsl_str.o
 .debug_loc     0x0000000000001f63      0x234 ./startup/startup_mkl43z4.o
 .debug_loc     0x0000000000002197       0x25 ./source/freertos_hello.o
 .debug_loc     0x00000000000021bc      0x45d ./freertos/freertos_kernel/portable/MemMang/heap_4.o
 .debug_loc     0x0000000000002619       0xce ./freertos/freertos_kernel/portable/GCC/ARM_CM0/port.o
 .debug_loc     0x00000000000026e7       0xca ./freertos/freertos_kernel/list.o
 .debug_loc     0x00000000000027b1     0x1aef ./freertos/freertos_kernel/queue.o
 .debug_loc     0x00000000000042a0     0x1fd9 ./freertos/freertos_kernel/tasks.o
 .debug_loc     0x0000000000006279      0xd80 ./freertos/freertos_kernel/timers.o
 .debug_loc     0x0000000000006ff9      0x479 ./drivers/fsl_clock.o
 .debug_loc     0x0000000000007472     0x15fa ./drivers/fsl_lpuart.o
 .debug_loc     0x0000000000008a6c       0x35 ./device/system_MKL43Z4.o
 .debug_loc     0x0000000000008aa1      0x276 ./component/uart/lpuart_adapter.o
 .debug_loc     0x0000000000008d17      0xdc5 ./component/serial_manager/serial_manager.o
 .debug_loc     0x0000000000009adc      0x29a ./component/serial_manager/serial_port_uart.o
 .debug_loc     0x0000000000009d76       0x38 ./board/board.o
 .debug_loc     0x0000000000009dae       0x4b ./board/clock_config.o
 .debug_loc     0x0000000000009df9       0xaa ./board/pin_mux.o

.debug_aranges  0x0000000000000000      0xa38
 .debug_aranges
                0x0000000000000000       0x88 ./utilities/fsl_debug_console.o
 .debug_aranges
                0x0000000000000088       0x38 ./utilities/fsl_str.o
 .debug_aranges
                0x00000000000000c0      0x160 ./startup/startup_mkl43z4.o
 .debug_aranges
                0x0000000000000220       0x28 ./source/freertos_hello.o
 .debug_aranges
                0x0000000000000248       0x18 ./source/mtb.o
 .debug_aranges
                0x0000000000000260       0x20 ./source/semihost_hardfault.o
 .debug_aranges
                0x0000000000000280       0x50 ./freertos/freertos_kernel/portable/MemMang/heap_4.o
 .debug_aranges
                0x00000000000002d0       0x88 ./freertos/freertos_kernel/portable/GCC/ARM_CM0/port.o
 .debug_aranges
                0x0000000000000358       0x40 ./freertos/freertos_kernel/list.o
 .debug_aranges
                0x0000000000000398      0x110 ./freertos/freertos_kernel/queue.o
 .debug_aranges
                0x00000000000004a8      0x1c8 ./freertos/freertos_kernel/tasks.o
 .debug_aranges
                0x0000000000000670       0xb8 ./freertos/freertos_kernel/timers.o
 .debug_aranges
                0x0000000000000728       0x90 ./drivers/fsl_clock.o
 .debug_aranges
                0x00000000000007b8       0xe8 ./drivers/fsl_lpuart.o
 .debug_aranges
                0x00000000000008a0       0x30 ./device/system_MKL43Z4.o
 .debug_aranges
                0x00000000000008d0       0x40 ./component/uart/lpuart_adapter.o
 .debug_aranges
                0x0000000000000910       0x68 ./component/serial_manager/serial_manager.o
 .debug_aranges
                0x0000000000000978       0x48 ./component/serial_manager/serial_port_uart.o
 .debug_aranges
                0x00000000000009c0       0x20 ./board/board.o
 .debug_aranges
                0x00000000000009e0       0x30 ./board/clock_config.o
 .debug_aranges
                0x0000000000000a10       0x28 ./board/pin_mux.o

.debug_ranges   0x0000000000000000     0x11f0
 .debug_ranges  0x0000000000000000       0xa8 ./utilities/fsl_debug_console.o
 .debug_ranges  0x00000000000000a8      0x1c8 ./utilities/fsl_str.o
 .debug_ranges  0x0000000000000270      0x150 ./startup/startup_mkl43z4.o
 .debug_ranges  0x00000000000003c0       0x18 ./source/freertos_hello.o
 .debug_ranges  0x00000000000003d8       0x10 ./source/semihost_hardfault.o
 .debug_ranges  0x00000000000003e8       0x58 ./freertos/freertos_kernel/portable/MemMang/heap_4.o
 .debug_ranges  0x0000000000000440       0x78 ./freertos/freertos_kernel/portable/GCC/ARM_CM0/port.o
 .debug_ranges  0x00000000000004b8       0x30 ./freertos/freertos_kernel/list.o
 .debug_ranges  0x00000000000004e8      0x278 ./freertos/freertos_kernel/queue.o
 .debug_ranges  0x0000000000000760      0x3c8 ./freertos/freertos_kernel/tasks.o
 .debug_ranges  0x0000000000000b28      0x128 ./freertos/freertos_kernel/timers.o
 .debug_ranges  0x0000000000000c50      0x110 ./drivers/fsl_clock.o
 .debug_ranges  0x0000000000000d60      0x120 ./drivers/fsl_lpuart.o
 .debug_ranges  0x0000000000000e80       0x20 ./device/system_MKL43Z4.o
 .debug_ranges  0x0000000000000ea0       0x48 ./component/uart/lpuart_adapter.o
 .debug_ranges  0x0000000000000ee8      0x1d0 ./component/serial_manager/serial_manager.o
 .debug_ranges  0x00000000000010b8       0x38 ./component/serial_manager/serial_port_uart.o
 .debug_ranges  0x00000000000010f0       0x30 ./board/board.o
 .debug_ranges  0x0000000000001120       0x68 ./board/clock_config.o
 .debug_ranges  0x0000000000001188       0x68 ./board/pin_mux.o

.debug_line     0x0000000000000000     0xa578
 .debug_line    0x0000000000000000      0x77d ./utilities/fsl_debug_console.o
 .debug_line    0x000000000000077d      0xa28 ./utilities/fsl_str.o
 .debug_line    0x00000000000011a5      0x3c5 ./startup/startup_mkl43z4.o
 .debug_line    0x000000000000156a      0x291 ./source/freertos_hello.o
 .debug_line    0x00000000000017fb       0x30 ./source/mtb.o
 .debug_line    0x000000000000182b       0x5a ./source/semihost_hardfault.o
 .debug_line    0x0000000000001885      0x70f ./freertos/freertos_kernel/portable/MemMang/heap_4.o
 .debug_line    0x0000000000001f94      0x521 ./freertos/freertos_kernel/portable/GCC/ARM_CM0/port.o
 .debug_line    0x00000000000024b5      0x39a ./freertos/freertos_kernel/list.o
 .debug_line    0x000000000000284f     0x1985 ./freertos/freertos_kernel/queue.o
 .debug_line    0x00000000000041d4     0x26fb ./freertos/freertos_kernel/tasks.o
 .debug_line    0x00000000000068cf      0xc2d ./freertos/freertos_kernel/timers.o
 .debug_line    0x00000000000074fc      0x766 ./drivers/fsl_clock.o
 .debug_line    0x0000000000007c62     0x120b ./drivers/fsl_lpuart.o
 .debug_line    0x0000000000008e6d      0x1a4 ./device/system_MKL43Z4.o
 .debug_line    0x0000000000009011      0x3b1 ./component/uart/lpuart_adapter.o
 .debug_line    0x00000000000093c2      0x754 ./component/serial_manager/serial_manager.o
 .debug_line    0x0000000000009b16      0x28d ./component/serial_manager/serial_port_uart.o
 .debug_line    0x0000000000009da3      0x2b8 ./board/board.o
 .debug_line    0x000000000000a05b      0x2d0 ./board/clock_config.o
 .debug_line    0x000000000000a32b      0x24d ./board/pin_mux.o

.debug_str      0x0000000000000000     0x5dee
 .debug_str     0x0000000000000000     0x1162 ./utilities/fsl_debug_console.o
                                       0x11df (size before relaxing)
 .debug_str     0x0000000000001162      0x335 ./utilities/fsl_str.o
                                        0x544 (size before relaxing)
 .debug_str     0x0000000000001497      0x39f ./startup/startup_mkl43z4.o
                                        0x4cc (size before relaxing)
 .debug_str     0x0000000000001836       0x9f ./source/freertos_hello.o
                                        0x271 (size before relaxing)
 .debug_str     0x00000000000018d5       0x1f ./source/mtb.o
                                        0x14b (size before relaxing)
 .debug_str     0x00000000000018f4       0x1f ./source/semihost_hardfault.o
                                        0x14b (size before relaxing)
 .debug_str     0x0000000000001913      0x32d ./freertos/freertos_kernel/portable/MemMang/heap_4.o
                                        0x4fa (size before relaxing)
 .debug_str     0x0000000000001c40      0x1a1 ./freertos/freertos_kernel/portable/GCC/ARM_CM0/port.o
                                        0x3c7 (size before relaxing)
 .debug_str     0x0000000000001de1      0x135 ./freertos/freertos_kernel/list.o
                                        0x310 (size before relaxing)
 .debug_str     0x0000000000001f16      0x7b8 ./freertos/freertos_kernel/queue.o
                                        0xb34 (size before relaxing)
 .debug_str     0x00000000000026ce      0xb6a ./freertos/freertos_kernel/tasks.o
                                       0x11dc (size before relaxing)
 .debug_str     0x0000000000003238      0x51f ./freertos/freertos_kernel/timers.o
                                        0x9bf (size before relaxing)
 .debug_str     0x0000000000003757      0xbd3 ./drivers/fsl_clock.o
                                       0x164d (size before relaxing)
 .debug_str     0x000000000000432a      0xfa0 ./drivers/fsl_lpuart.o
                                       0x1c7d (size before relaxing)
 .debug_str     0x00000000000052ca       0x71 ./device/system_MKL43Z4.o
                                        0x352 (size before relaxing)
 .debug_str     0x000000000000533b      0x2d5 ./component/uart/lpuart_adapter.o
                                       0x10c2 (size before relaxing)
 .debug_str     0x0000000000005610      0x2cf ./component/serial_manager/serial_manager.o
                                        0x7b0 (size before relaxing)
 .debug_str     0x00000000000058df       0x79 ./component/serial_manager/serial_port_uart.o
                                        0x81b (size before relaxing)
 .debug_str     0x0000000000005958       0x36 ./board/board.o
                                        0x4da (size before relaxing)
 .debug_str     0x000000000000598e      0x30b ./board/clock_config.o
                                       0x10ed (size before relaxing)
 .debug_str     0x0000000000005c99      0x155 ./board/pin_mux.o
                                        0x5b0 (size before relaxing)

.comment        0x0000000000000000       0x49
 .comment       0x0000000000000000       0x49 ./utilities/fsl_debug_console.o
                                         0x4a (size before relaxing)
 .comment       0x0000000000000049       0x4a ./utilities/fsl_str.o
 .comment       0x0000000000000049       0x4a ./startup/startup_mkl43z4.o
 .comment       0x0000000000000049       0x4a ./source/freertos_hello.o
 .comment       0x0000000000000049       0x4a ./source/mtb.o
 .comment       0x0000000000000049       0x4a ./source/semihost_hardfault.o
 .comment       0x0000000000000049       0x4a ./freertos/freertos_kernel/portable/MemMang/heap_4.o
 .comment       0x0000000000000049       0x4a ./freertos/freertos_kernel/portable/GCC/ARM_CM0/port.o
 .comment       0x0000000000000049       0x4a ./freertos/freertos_kernel/list.o
 .comment       0x0000000000000049       0x4a ./freertos/freertos_kernel/queue.o
 .comment       0x0000000000000049       0x4a ./freertos/freertos_kernel/tasks.o
 .comment       0x0000000000000049       0x4a ./freertos/freertos_kernel/timers.o
 .comment       0x0000000000000049       0x4a ./drivers/fsl_clock.o
 .comment       0x0000000000000049       0x4a ./drivers/fsl_lpuart.o
 .comment       0x0000000000000049       0x4a ./device/system_MKL43Z4.o
 .comment       0x0000000000000049       0x4a ./component/uart/lpuart_adapter.o
 .comment       0x0000000000000049       0x4a ./component/serial_manager/serial_manager.o
 .comment       0x0000000000000049       0x4a ./component/serial_manager/serial_port_uart.o
 .comment       0x0000000000000049       0x4a ./board/board.o
 .comment       0x0000000000000049       0x4a ./board/clock_config.o
 .comment       0x0000000000000049       0x4a ./board/pin_mux.o
 .comment       0x0000000000000049       0x4a /usr/local/mcuxpressoide-11.5.0_7232/ide/plugins/com.nxp.mcuxpresso.tools.linux_11.5.0.202107051138/tools/bin/../lib/gcc/arm-none-eabi/10.3.1/../../../../arm-none-eabi/lib/thumb/v6-m/nofp/libcr_nohost_nf.a(_cr__main.o)
 .comment       0x0000000000000049       0x4a /usr/local/mcuxpressoide-11.5.0_7232/ide/plugins/com.nxp.mcuxpresso.tools.linux_11.5.0.202107051138/tools/bin/../lib/gcc/arm-none-eabi/10.3.1/../../../../arm-none-eabi/lib/thumb/v6-m/nofp/libcr_c.a(memcpy.o)
 .comment       0x0000000000000049       0x4a /usr/local/mcuxpressoide-11.5.0_7232/ide/plugins/com.nxp.mcuxpresso.tools.linux_11.5.0.202107051138/tools/bin/../lib/gcc/arm-none-eabi/10.3.1/../../../../arm-none-eabi/lib/thumb/v6-m/nofp/libcr_c.a(memset.o)
 .comment       0x0000000000000049       0x4a /usr/local/mcuxpressoide-11.5.0_7232/ide/plugins/com.nxp.mcuxpresso.tools.linux_11.5.0.202107051138/tools/bin/../lib/gcc/arm-none-eabi/10.3.1/../../../../arm-none-eabi/lib/thumb/v6-m/nofp/libcr_c.a(alloc.o)
 .comment       0x0000000000000049       0x4a /usr/local/mcuxpressoide-11.5.0_7232/ide/plugins/com.nxp.mcuxpresso.tools.linux_11.5.0.202107051138/tools/bin/../lib/gcc/arm-none-eabi/10.3.1/../../../../arm-none-eabi/lib/thumb/v6-m/nofp/libcr_c.a(initio.o)
 .comment       0x0000000000000049       0x4a /usr/local/mcuxpressoide-11.5.0_7232/ide/plugins/com.nxp.mcuxpresso.tools.linux_11.5.0.202107051138/tools/bin/../lib/gcc/arm-none-eabi/10.3.1/../../../../arm-none-eabi/lib/thumb/v6-m/nofp/libcr_c.a(setvbuf.o)
 .comment       0x0000000000000049       0x4a /usr/local/mcuxpressoide-11.5.0_7232/ide/plugins/com.nxp.mcuxpresso.tools.linux_11.5.0.202107051138/tools/bin/../lib/gcc/arm-none-eabi/10.3.1/../../../../arm-none-eabi/lib/thumb/v6-m/nofp/libcr_c.a(strlen.o)
 .comment       0x0000000000000049       0x4a /usr/local/mcuxpressoide-11.5.0_7232/ide/plugins/com.nxp.mcuxpresso.tools.linux_11.5.0.202107051138/tools/bin/../lib/gcc/arm-none-eabi/10.3.1/../../../../arm-none-eabi/lib/thumb/v6-m/nofp/libcr_c.a(_deferredlazyseek.o)
 .comment       0x0000000000000049       0x4a /usr/local/mcuxpressoide-11.5.0_7232/ide/plugins/com.nxp.mcuxpresso.tools.linux_11.5.0.202107051138/tools/bin/../lib/gcc/arm-none-eabi/10.3.1/../../../../arm-none-eabi/lib/thumb/v6-m/nofp/libcr_c.a(_fdopen.o)
 .comment       0x0000000000000049       0x4a /usr/local/mcuxpressoide-11.5.0_7232/ide/plugins/com.nxp.mcuxpresso.tools.linux_11.5.0.202107051138/tools/bin/../lib/gcc/arm-none-eabi/10.3.1/../../../../arm-none-eabi/lib/thumb/v6-m/nofp/libcr_c.a(_fflush.o)
 .comment       0x0000000000000049       0x4a /usr/local/mcuxpressoide-11.5.0_7232/ide/plugins/com.nxp.mcuxpresso.tools.linux_11.5.0.202107051138/tools/bin/../lib/gcc/arm-none-eabi/10.3.1/../../../../arm-none-eabi/lib/thumb/v6-m/nofp/libcr_c.a(_writebuf.o)
 .comment       0x0000000000000049       0x4a /usr/local/mcuxpressoide-11.5.0_7232/ide/plugins/com.nxp.mcuxpresso.tools.linux_11.5.0.202107051138/tools/bin/../lib/gcc/arm-none-eabi/10.3.1/../../../../arm-none-eabi/lib/thumb/v6-m/nofp/libcr_c.a(errno.o)
 .comment       0x0000000000000049       0x4a /usr/local/mcuxpressoide-11.5.0_7232/ide/plugins/com.nxp.mcuxpresso.tools.linux_11.5.0.202107051138/tools/bin/../lib/gcc/arm-none-eabi/10.3.1/../../../../arm-none-eabi/lib/thumb/v6-m/nofp/libcr_c.a(fclose.o)
 .comment       0x0000000000000049       0x4a /usr/local/mcuxpressoide-11.5.0_7232/ide/plugins/com.nxp.mcuxpresso.tools.linux_11.5.0.202107051138/tools/bin/../lib/gcc/arm-none-eabi/10.3.1/../../../../arm-none-eabi/lib/thumb/v6-m/nofp/libcr_c.a(fflush.o)
 .comment       0x0000000000000049       0x4a /usr/local/mcuxpressoide-11.5.0_7232/ide/plugins/com.nxp.mcuxpresso.tools.linux_11.5.0.202107051138/tools/bin/../lib/gcc/arm-none-eabi/10.3.1/../../../../arm-none-eabi/lib/thumb/v6-m/nofp/libcr_c.a(fseek.o)
 .comment       0x0000000000000049       0x4a /usr/local/mcuxpressoide-11.5.0_7232/ide/plugins/com.nxp.mcuxpresso.tools.linux_11.5.0.202107051138/tools/bin/../lib/gcc/arm-none-eabi/10.3.1/../../../../arm-none-eabi/lib/thumb/v6-m/nofp/libcr_c.a(ftell.o)
 .comment       0x0000000000000049       0x4a /usr/local/mcuxpressoide-11.5.0_7232/ide/plugins/com.nxp.mcuxpresso.tools.linux_11.5.0.202107051138/tools/bin/../lib/gcc/arm-none-eabi/10.3.1/../../../../arm-none-eabi/lib/thumb/v6-m/nofp/libcr_c.a(remove.o)
 .comment       0x0000000000000049       0x4a /usr/local/mcuxpressoide-11.5.0_7232/ide/plugins/com.nxp.mcuxpresso.tools.linux_11.5.0.202107051138/tools/bin/../lib/gcc/arm-none-eabi/10.3.1/../../../../arm-none-eabi/lib/thumb/v6-m/nofp/libcr_c.a(_do_fflush.o)
 .comment       0x0000000000000049       0x4a /usr/local/mcuxpressoide-11.5.0_7232/ide/plugins/com.nxp.mcuxpresso.tools.linux_11.5.0.202107051138/tools/bin/../lib/gcc/arm-none-eabi/10.3.1/../../../../arm-none-eabi/lib/thumb/v6-m/nofp/libcr_nohost_nf.a(__ciob.o)
 .comment       0x0000000000000049       0x4a /usr/local/mcuxpressoide-11.5.0_7232/ide/plugins/com.nxp.mcuxpresso.tools.linux_11.5.0.202107051138/tools/bin/../lib/gcc/arm-none-eabi/10.3.1/../../../../arm-none-eabi/lib/thumb/v6-m/nofp/libcr_nohost_nf.a(__sys_close.o)
 .comment       0x0000000000000049       0x4a /usr/local/mcuxpressoide-11.5.0_7232/ide/plugins/com.nxp.mcuxpresso.tools.linux_11.5.0.202107051138/tools/bin/../lib/gcc/arm-none-eabi/10.3.1/../../../../arm-none-eabi/lib/thumb/v6-m/nofp/libcr_nohost_nf.a(__sys_flen.o)
 .comment       0x0000000000000049       0x4a /usr/local/mcuxpressoide-11.5.0_7232/ide/plugins/com.nxp.mcuxpresso.tools.linux_11.5.0.202107051138/tools/bin/../lib/gcc/arm-none-eabi/10.3.1/../../../../arm-none-eabi/lib/thumb/v6-m/nofp/libcr_nohost_nf.a(__sys_istty.o)
 .comment       0x0000000000000049       0x4a /usr/local/mcuxpressoide-11.5.0_7232/ide/plugins/com.nxp.mcuxpresso.tools.linux_11.5.0.202107051138/tools/bin/../lib/gcc/arm-none-eabi/10.3.1/../../../../arm-none-eabi/lib/thumb/v6-m/nofp/libcr_nohost_nf.a(__sys_remove.o)
 .comment       0x0000000000000049       0x4a /usr/local/mcuxpressoide-11.5.0_7232/ide/plugins/com.nxp.mcuxpresso.tools.linux_11.5.0.202107051138/tools/bin/../lib/gcc/arm-none-eabi/10.3.1/../../../../arm-none-eabi/lib/thumb/v6-m/nofp/libcr_nohost_nf.a(__sys_seek.o)
 .comment       0x0000000000000049       0x4a /usr/local/mcuxpressoide-11.5.0_7232/ide/plugins/com.nxp.mcuxpresso.tools.linux_11.5.0.202107051138/tools/bin/../lib/gcc/arm-none-eabi/10.3.1/../../../../arm-none-eabi/lib/thumb/v6-m/nofp/libcr_nohost_nf.a(__sys_tmpnam.o)
 .comment       0x0000000000000049       0x4a /usr/local/mcuxpressoide-11.5.0_7232/ide/plugins/com.nxp.mcuxpresso.tools.linux_11.5.0.202107051138/tools/bin/../lib/gcc/arm-none-eabi/10.3.1/../../../../arm-none-eabi/lib/thumb/v6-m/nofp/libcr_nohost_nf.a(__sys_write.o)

.ARM.attributes
                0x0000000000000000       0x30
 .ARM.attributes
                0x0000000000000000       0x2c ./utilities/fsl_debug_console.o
 .ARM.attributes
                0x000000000000002c       0x2c ./utilities/fsl_str.o
 .ARM.attributes
                0x0000000000000058       0x2c ./startup/startup_mkl43z4.o
 .ARM.attributes
                0x0000000000000084       0x2c ./source/freertos_hello.o
 .ARM.attributes
                0x00000000000000b0       0x32 ./source/mtb.o
 .ARM.attributes
                0x00000000000000e2       0x2c ./source/semihost_hardfault.o
 .ARM.attributes
                0x000000000000010e       0x2c ./freertos/freertos_kernel/portable/MemMang/heap_4.o
 .ARM.attributes
                0x000000000000013a       0x2c ./freertos/freertos_kernel/portable/GCC/ARM_CM0/port.o
 .ARM.attributes
                0x0000000000000166       0x2c ./freertos/freertos_kernel/list.o
 .ARM.attributes
                0x0000000000000192       0x2c ./freertos/freertos_kernel/queue.o
 .ARM.attributes
                0x00000000000001be       0x2c ./freertos/freertos_kernel/tasks.o
 .ARM.attributes
                0x00000000000001ea       0x2c ./freertos/freertos_kernel/timers.o
 .ARM.attributes
                0x0000000000000216       0x2c ./drivers/fsl_clock.o
 .ARM.attributes
                0x0000000000000242       0x2c ./drivers/fsl_lpuart.o
 .ARM.attributes
                0x000000000000026e       0x2c ./device/system_MKL43Z4.o
 .ARM.attributes
                0x000000000000029a       0x2c ./component/uart/lpuart_adapter.o
 .ARM.attributes
                0x00000000000002c6       0x2c ./component/serial_manager/serial_manager.o
 .ARM.attributes
                0x00000000000002f2       0x2c ./component/serial_manager/serial_port_uart.o
 .ARM.attributes
                0x000000000000031e       0x2c ./board/board.o
 .ARM.attributes
                0x000000000000034a       0x2c ./board/clock_config.o
 .ARM.attributes
                0x0000000000000376       0x2c ./board/pin_mux.o
 .ARM.attributes
                0x00000000000003a2       0x2c /usr/local/mcuxpressoide-11.5.0_7232/ide/plugins/com.nxp.mcuxpresso.tools.linux_11.5.0.202107051138/tools/bin/../lib/gcc/arm-none-eabi/10.3.1/../../../../arm-none-eabi/lib/thumb/v6-m/nofp/libcr_nohost_nf.a(_cr__main.o)
 .ARM.attributes
                0x00000000000003ce       0x2c /usr/local/mcuxpressoide-11.5.0_7232/ide/plugins/com.nxp.mcuxpresso.tools.linux_11.5.0.202107051138/tools/bin/../lib/gcc/arm-none-eabi/10.3.1/../../../../arm-none-eabi/lib/thumb/v6-m/nofp/libcr_c.a(memcpy.o)
 .ARM.attributes
                0x00000000000003fa       0x2c /usr/local/mcuxpressoide-11.5.0_7232/ide/plugins/com.nxp.mcuxpresso.tools.linux_11.5.0.202107051138/tools/bin/../lib/gcc/arm-none-eabi/10.3.1/../../../../arm-none-eabi/lib/thumb/v6-m/nofp/libcr_c.a(memset.o)
 .ARM.attributes
                0x0000000000000426       0x2c /usr/local/mcuxpressoide-11.5.0_7232/ide/plugins/com.nxp.mcuxpresso.tools.linux_11.5.0.202107051138/tools/bin/../lib/gcc/arm-none-eabi/10.3.1/../../../../arm-none-eabi/lib/thumb/v6-m/nofp/libcr_c.a(alloc.o)
 .ARM.attributes
                0x0000000000000452       0x2c /usr/local/mcuxpressoide-11.5.0_7232/ide/plugins/com.nxp.mcuxpresso.tools.linux_11.5.0.202107051138/tools/bin/../lib/gcc/arm-none-eabi/10.3.1/../../../../arm-none-eabi/lib/thumb/v6-m/nofp/libcr_c.a(initio.o)
 .ARM.attributes
                0x000000000000047e       0x2c /usr/local/mcuxpressoide-11.5.0_7232/ide/plugins/com.nxp.mcuxpresso.tools.linux_11.5.0.202107051138/tools/bin/../lib/gcc/arm-none-eabi/10.3.1/../../../../arm-none-eabi/lib/thumb/v6-m/nofp/libcr_c.a(setvbuf.o)
 .ARM.attributes
                0x00000000000004aa       0x2c /usr/local/mcuxpressoide-11.5.0_7232/ide/plugins/com.nxp.mcuxpresso.tools.linux_11.5.0.202107051138/tools/bin/../lib/gcc/arm-none-eabi/10.3.1/../../../../arm-none-eabi/lib/thumb/v6-m/nofp/libcr_c.a(strlen.o)
 .ARM.attributes
                0x00000000000004d6       0x2c /usr/local/mcuxpressoide-11.5.0_7232/ide/plugins/com.nxp.mcuxpresso.tools.linux_11.5.0.202107051138/tools/bin/../lib/gcc/arm-none-eabi/10.3.1/../../../../arm-none-eabi/lib/thumb/v6-m/nofp/libcr_c.a(_deferredlazyseek.o)
 .ARM.attributes
                0x0000000000000502       0x2c /usr/local/mcuxpressoide-11.5.0_7232/ide/plugins/com.nxp.mcuxpresso.tools.linux_11.5.0.202107051138/tools/bin/../lib/gcc/arm-none-eabi/10.3.1/../../../../arm-none-eabi/lib/thumb/v6-m/nofp/libcr_c.a(_fdopen.o)
 .ARM.attributes
                0x000000000000052e       0x2c /usr/local/mcuxpressoide-11.5.0_7232/ide/plugins/com.nxp.mcuxpresso.tools.linux_11.5.0.202107051138/tools/bin/../lib/gcc/arm-none-eabi/10.3.1/../../../../arm-none-eabi/lib/thumb/v6-m/nofp/libcr_c.a(_fflush.o)
 .ARM.attributes
                0x000000000000055a       0x2c /usr/local/mcuxpressoide-11.5.0_7232/ide/plugins/com.nxp.mcuxpresso.tools.linux_11.5.0.202107051138/tools/bin/../lib/gcc/arm-none-eabi/10.3.1/../../../../arm-none-eabi/lib/thumb/v6-m/nofp/libcr_c.a(_writebuf.o)
 .ARM.attributes
                0x0000000000000586       0x31 /usr/local/mcuxpressoide-11.5.0_7232/ide/plugins/com.nxp.mcuxpresso.tools.linux_11.5.0.202107051138/tools/bin/../lib/gcc/arm-none-eabi/10.3.1/../../../../arm-none-eabi/lib/thumb/v6-m/nofp/libcr_c.a(errno.o)
 .ARM.attributes
                0x00000000000005b7       0x2c /usr/local/mcuxpressoide-11.5.0_7232/ide/plugins/com.nxp.mcuxpresso.tools.linux_11.5.0.202107051138/tools/bin/../lib/gcc/arm-none-eabi/10.3.1/../../../../arm-none-eabi/lib/thumb/v6-m/nofp/libcr_c.a(fclose.o)
 .ARM.attributes
                0x00000000000005e3       0x2c /usr/local/mcuxpressoide-11.5.0_7232/ide/plugins/com.nxp.mcuxpresso.tools.linux_11.5.0.202107051138/tools/bin/../lib/gcc/arm-none-eabi/10.3.1/../../../../arm-none-eabi/lib/thumb/v6-m/nofp/libcr_c.a(fflush.o)
 .ARM.attributes
                0x000000000000060f       0x2c /usr/local/mcuxpressoide-11.5.0_7232/ide/plugins/com.nxp.mcuxpresso.tools.linux_11.5.0.202107051138/tools/bin/../lib/gcc/arm-none-eabi/10.3.1/../../../../arm-none-eabi/lib/thumb/v6-m/nofp/libcr_c.a(fseek.o)
 .ARM.attributes
                0x000000000000063b       0x2c /usr/local/mcuxpressoide-11.5.0_7232/ide/plugins/com.nxp.mcuxpresso.tools.linux_11.5.0.202107051138/tools/bin/../lib/gcc/arm-none-eabi/10.3.1/../../../../arm-none-eabi/lib/thumb/v6-m/nofp/libcr_c.a(ftell.o)
 .ARM.attributes
                0x0000000000000667       0x2c /usr/local/mcuxpressoide-11.5.0_7232/ide/plugins/com.nxp.mcuxpresso.tools.linux_11.5.0.202107051138/tools/bin/../lib/gcc/arm-none-eabi/10.3.1/../../../../arm-none-eabi/lib/thumb/v6-m/nofp/libcr_c.a(remove.o)
 .ARM.attributes
                0x0000000000000693       0x2c /usr/local/mcuxpressoide-11.5.0_7232/ide/plugins/com.nxp.mcuxpresso.tools.linux_11.5.0.202107051138/tools/bin/../lib/gcc/arm-none-eabi/10.3.1/../../../../arm-none-eabi/lib/thumb/v6-m/nofp/libcr_c.a(_do_fflush.o)
 .ARM.attributes
                0x00000000000006bf       0x1c /usr/local/mcuxpressoide-11.5.0_7232/ide/plugins/com.nxp.mcuxpresso.tools.linux_11.5.0.202107051138/tools/bin/../lib/gcc/arm-none-eabi/10.3.1/thumb/v6-m/nofp/libcr_eabihelpers.a(division_32.o)
 .ARM.attributes
                0x00000000000006db       0x1c /usr/local/mcuxpressoide-11.5.0_7232/ide/plugins/com.nxp.mcuxpresso.tools.linux_11.5.0.202107051138/tools/bin/../lib/gcc/arm-none-eabi/10.3.1/thumb/v6-m/nofp/libcr_eabihelpers.a(division_idiv0.o)
 .ARM.attributes
                0x00000000000006f7       0x1c /usr/local/mcuxpressoide-11.5.0_7232/ide/plugins/com.nxp.mcuxpresso.tools.linux_11.5.0.202107051138/tools/bin/../lib/gcc/arm-none-eabi/10.3.1/thumb/v6-m/nofp/libcr_eabihelpers.a(memcpy.o)
 .ARM.attributes
                0x0000000000000713       0x1c /usr/local/mcuxpressoide-11.5.0_7232/ide/plugins/com.nxp.mcuxpresso.tools.linux_11.5.0.202107051138/tools/bin/../lib/gcc/arm-none-eabi/10.3.1/thumb/v6-m/nofp/libcr_eabihelpers.a(thumb1_switch_helpers.o)
 .ARM.attributes
                0x000000000000072f       0x31 /usr/local/mcuxpressoide-11.5.0_7232/ide/plugins/com.nxp.mcuxpresso.tools.linux_11.5.0.202107051138/tools/bin/../lib/gcc/arm-none-eabi/10.3.1/../../../../arm-none-eabi/lib/thumb/v6-m/nofp/libcr_nohost_nf.a(__ciob.o)
 .ARM.attributes
                0x0000000000000760       0x2c /usr/local/mcuxpressoide-11.5.0_7232/ide/plugins/com.nxp.mcuxpresso.tools.linux_11.5.0.202107051138/tools/bin/../lib/gcc/arm-none-eabi/10.3.1/../../../../arm-none-eabi/lib/thumb/v6-m/nofp/libcr_nohost_nf.a(__sys_close.o)
 .ARM.attributes
                0x000000000000078c       0x2c /usr/local/mcuxpressoide-11.5.0_7232/ide/plugins/com.nxp.mcuxpresso.tools.linux_11.5.0.202107051138/tools/bin/../lib/gcc/arm-none-eabi/10.3.1/../../../../arm-none-eabi/lib/thumb/v6-m/nofp/libcr_nohost_nf.a(__sys_flen.o)
 .ARM.attributes
                0x00000000000007b8       0x2c /usr/local/mcuxpressoide-11.5.0_7232/ide/plugins/com.nxp.mcuxpresso.tools.linux_11.5.0.202107051138/tools/bin/../lib/gcc/arm-none-eabi/10.3.1/../../../../arm-none-eabi/lib/thumb/v6-m/nofp/libcr_nohost_nf.a(__sys_istty.o)
 .ARM.attributes
                0x00000000000007e4       0x2c /usr/local/mcuxpressoide-11.5.0_7232/ide/plugins/com.nxp.mcuxpresso.tools.linux_11.5.0.202107051138/tools/bin/../lib/gcc/arm-none-eabi/10.3.1/../../../../arm-none-eabi/lib/thumb/v6-m/nofp/libcr_nohost_nf.a(__sys_remove.o)
 .ARM.attributes
                0x0000000000000810       0x2c /usr/local/mcuxpressoide-11.5.0_7232/ide/plugins/com.nxp.mcuxpresso.tools.linux_11.5.0.202107051138/tools/bin/../lib/gcc/arm-none-eabi/10.3.1/../../../../arm-none-eabi/lib/thumb/v6-m/nofp/libcr_nohost_nf.a(__sys_seek.o)
 .ARM.attributes
                0x000000000000083c       0x2c /usr/local/mcuxpressoide-11.5.0_7232/ide/plugins/com.nxp.mcuxpresso.tools.linux_11.5.0.202107051138/tools/bin/../lib/gcc/arm-none-eabi/10.3.1/../../../../arm-none-eabi/lib/thumb/v6-m/nofp/libcr_nohost_nf.a(__sys_tmpnam.o)
 .ARM.attributes
                0x0000000000000868       0x2c /usr/local/mcuxpressoide-11.5.0_7232/ide/plugins/com.nxp.mcuxpresso.tools.linux_11.5.0.202107051138/tools/bin/../lib/gcc/arm-none-eabi/10.3.1/../../../../arm-none-eabi/lib/thumb/v6-m/nofp/libcr_nohost_nf.a(__sys_write.o)

.debug_frame    0x0000000000000000     0x1aa8
 .debug_frame   0x0000000000000000      0x190 ./utilities/fsl_debug_console.o
 .debug_frame   0x0000000000000190       0x7c ./utilities/fsl_str.o
 .debug_frame   0x000000000000020c      0x3bc ./startup/startup_mkl43z4.o
 .debug_frame   0x00000000000005c8       0x44 ./source/freertos_hello.o
 .debug_frame   0x000000000000060c       0x20 ./source/semihost_hardfault.o
 .debug_frame   0x000000000000062c       0xb0 ./freertos/freertos_kernel/portable/MemMang/heap_4.o
 .debug_frame   0x00000000000006dc      0x114 ./freertos/freertos_kernel/portable/GCC/ARM_CM0/port.o
 .debug_frame   0x00000000000007f0       0x6c ./freertos/freertos_kernel/list.o
 .debug_frame   0x000000000000085c      0x334 ./freertos/freertos_kernel/queue.o
 .debug_frame   0x0000000000000b90      0x588 ./freertos/freertos_kernel/tasks.o
 .debug_frame   0x0000000000001118      0x204 ./freertos/freertos_kernel/timers.o
 .debug_frame   0x000000000000131c      0x190 ./drivers/fsl_clock.o
 .debug_frame   0x00000000000014ac      0x2a4 ./drivers/fsl_lpuart.o
 .debug_frame   0x0000000000001750       0x50 ./device/system_MKL43Z4.o
 .debug_frame   0x00000000000017a0       0x9c ./component/uart/lpuart_adapter.o
 .debug_frame   0x000000000000183c      0x10c ./component/serial_manager/serial_manager.o
 .debug_frame   0x0000000000001948       0xa8 ./component/serial_manager/serial_port_uart.o
 .debug_frame   0x00000000000019f0       0x28 ./board/board.o
 .debug_frame   0x0000000000001a18       0x58 ./board/clock_config.o
 .debug_frame   0x0000000000001a70       0x38 ./board/pin_mux.o

Cross Reference Table

Symbol                                            File
ADC0_DriverIRQHandler                             ./startup/startup_mkl43z4.o
ADC0_IRQHandler                                   ./startup/startup_mkl43z4.o
BOARD_BootClockRUN                                ./board/clock_config.o
BOARD_BootClockVLPR                               ./board/clock_config.o
BOARD_InitBootClocks                              ./board/clock_config.o
                                                  ./source/freertos_hello.o
BOARD_InitBootPins                                ./board/pin_mux.o
                                                  ./source/freertos_hello.o
BOARD_InitDebugConsole                            ./board/board.o
                                                  ./source/freertos_hello.o
BOARD_InitPins                                    ./board/pin_mux.o
CLOCK_DeinitOsc0                                  ./drivers/fsl_clock.o
CLOCK_EnableUsbfs0Clock                           ./drivers/fsl_clock.o
CLOCK_GetBusClkFreq                               ./drivers/fsl_clock.o
CLOCK_GetCoreSysClkFreq                           ./drivers/fsl_clock.o
CLOCK_GetEr32kClkFreq                             ./drivers/fsl_clock.o
CLOCK_GetFlashClkFreq                             ./drivers/fsl_clock.o
CLOCK_GetFreq                                     ./drivers/fsl_clock.o
                                                  ./board/board.o
CLOCK_GetInternalRefClkFreq                       ./drivers/fsl_clock.o
CLOCK_GetMode                                     ./drivers/fsl_clock.o
CLOCK_GetOsc0ErClkFreq                            ./drivers/fsl_clock.o
CLOCK_GetOutClkFreq                               ./drivers/fsl_clock.o
CLOCK_GetPeriphClkFreq                            ./drivers/fsl_clock.o
CLOCK_GetPlatClkFreq                              ./drivers/fsl_clock.o
CLOCK_InitOsc0                                    ./drivers/fsl_clock.o
CLOCK_SetMcgliteConfig                            ./drivers/fsl_clock.o
                                                  ./board/clock_config.o
CLOCK_SetSimConfig                                ./drivers/fsl_clock.o
                                                  ./board/clock_config.o
CMP0_DriverIRQHandler                             ./startup/startup_mkl43z4.o
CMP0_IRQHandler                                   ./startup/startup_mkl43z4.o
DAC0_DriverIRQHandler                             ./startup/startup_mkl43z4.o
DAC0_IRQHandler                                   ./startup/startup_mkl43z4.o
DMA0_DriverIRQHandler                             ./startup/startup_mkl43z4.o
DMA0_IRQHandler                                   ./startup/startup_mkl43z4.o
DMA1_DriverIRQHandler                             ./startup/startup_mkl43z4.o
DMA1_IRQHandler                                   ./startup/startup_mkl43z4.o
DMA2_DriverIRQHandler                             ./startup/startup_mkl43z4.o
DMA2_IRQHandler                                   ./startup/startup_mkl43z4.o
DMA3_DriverIRQHandler                             ./startup/startup_mkl43z4.o
DMA3_IRQHandler                                   ./startup/startup_mkl43z4.o
DbgConsole_BlockingPrintf                         ./utilities/fsl_debug_console.o
DbgConsole_Deinit                                 ./utilities/fsl_debug_console.o
DbgConsole_Flush                                  ./utilities/fsl_debug_console.o
DbgConsole_Getchar                                ./utilities/fsl_debug_console.o
DbgConsole_Init                                   ./utilities/fsl_debug_console.o
                                                  ./board/board.o
DbgConsole_Printf                                 ./utilities/fsl_debug_console.o
                                                  ./source/freertos_hello.o
DbgConsole_Putchar                                ./utilities/fsl_debug_console.o
DbgConsole_ReadCharacter                          ./utilities/fsl_debug_console.o
DbgConsole_ReadLine                               ./utilities/fsl_debug_console.o
DbgConsole_ReadOneCharacter                       ./utilities/fsl_debug_console.o
DbgConsole_Scanf                                  ./utilities/fsl_debug_console.o
DbgConsole_SendData                               ./utilities/fsl_debug_console.o
DbgConsole_SendDataReliable                       ./utilities/fsl_debug_console.o
FGPIO_PinInit                                     ./drivers/fsl_gpio.o
FGPIO_PortClearInterruptFlags                     ./drivers/fsl_gpio.o
FGPIO_PortGetInterruptFlags                       ./drivers/fsl_gpio.o
FTFA_DriverIRQHandler                             ./startup/startup_mkl43z4.o
FTFA_IRQHandler                                   ./startup/startup_mkl43z4.o
Flash_Config                                      ./startup/startup_mkl43z4.o
FreeRTOSDebugConfig                               ./freertos/freertos_kernel/tasks.o
GPIO_PinInit                                      ./drivers/fsl_gpio.o
GPIO_PortClearInterruptFlags                      ./drivers/fsl_gpio.o
GPIO_PortGetInterruptFlags                        ./drivers/fsl_gpio.o
HAL_UartDeinit                                    ./component/uart/lpuart_adapter.o
                                                  ./component/serial_manager/serial_port_uart.o
HAL_UartEnterLowpower                             ./component/uart/lpuart_adapter.o
                                                  ./component/serial_manager/serial_port_uart.o
HAL_UartExitLowpower                              ./component/uart/lpuart_adapter.o
                                                  ./component/serial_manager/serial_port_uart.o
HAL_UartInit                                      ./component/uart/lpuart_adapter.o
                                                  ./component/serial_manager/serial_port_uart.o
HAL_UartReceiveBlocking                           ./component/uart/lpuart_adapter.o
                                                  ./component/serial_manager/serial_port_uart.o
HAL_UartSendBlocking                              ./component/uart/lpuart_adapter.o
                                                  ./component/serial_manager/serial_port_uart.o
HardFault_Handler                                 ./source/semihost_hardfault.o
                                                  ./startup/startup_mkl43z4.o
I2C0_DriverIRQHandler                             ./startup/startup_mkl43z4.o
I2C0_IRQHandler                                   ./startup/startup_mkl43z4.o
I2C1_DriverIRQHandler                             ./startup/startup_mkl43z4.o
I2C1_IRQHandler                                   ./startup/startup_mkl43z4.o
I2S0_DriverIRQHandler                             ./startup/startup_mkl43z4.o
I2S0_IRQHandler                                   ./startup/startup_mkl43z4.o
IntDefaultHandler                                 ./startup/startup_mkl43z4.o
LCD_DriverIRQHandler                              ./startup/startup_mkl43z4.o
LCD_IRQHandler                                    ./startup/startup_mkl43z4.o
LIST_AddHead                                      ./component/lists/generic_list.o
LIST_AddPrevElement                               ./component/lists/generic_list.o
LIST_AddTail                                      ./component/lists/generic_list.o
LIST_GetAvailableSize                             ./component/lists/generic_list.o
LIST_GetHead                                      ./component/lists/generic_list.o
LIST_GetList                                      ./component/lists/generic_list.o
LIST_GetNext                                      ./component/lists/generic_list.o
LIST_GetPrev                                      ./component/lists/generic_list.o
LIST_GetSize                                      ./component/lists/generic_list.o
LIST_Init                                         ./component/lists/generic_list.o
LIST_RemoveElement                                ./component/lists/generic_list.o
LIST_RemoveHead                                   ./component/lists/generic_list.o
LLWU_DriverIRQHandler                             ./startup/startup_mkl43z4.o
LLWU_IRQHandler                                   ./startup/startup_mkl43z4.o
LPTMR0_DriverIRQHandler                           ./startup/startup_mkl43z4.o
LPTMR0_IRQHandler                                 ./startup/startup_mkl43z4.o
LPUART0_DriverIRQHandler                          ./drivers/fsl_lpuart.o
                                                  ./startup/startup_mkl43z4.o
LPUART0_IRQHandler                                ./startup/startup_mkl43z4.o
LPUART1_DriverIRQHandler                          ./drivers/fsl_lpuart.o
                                                  ./startup/startup_mkl43z4.o
LPUART1_IRQHandler                                ./startup/startup_mkl43z4.o
LPUART_ClearStatusFlags                           ./drivers/fsl_lpuart.o
LPUART_Deinit                                     ./drivers/fsl_lpuart.o
                                                  ./component/uart/lpuart_adapter.o
LPUART_DisableInterrupts                          ./drivers/fsl_lpuart.o
LPUART_EnableInterrupts                           ./drivers/fsl_lpuart.o
LPUART_GetDefaultConfig                           ./drivers/fsl_lpuart.o
                                                  ./component/uart/lpuart_adapter.o
LPUART_GetEnabledInterrupts                       ./drivers/fsl_lpuart.o
LPUART_GetInstance                                ./drivers/fsl_lpuart.o
LPUART_GetStatusFlags                             ./drivers/fsl_lpuart.o
LPUART_Init                                       ./drivers/fsl_lpuart.o
                                                  ./component/uart/lpuart_adapter.o
LPUART_ReadBlocking                               ./drivers/fsl_lpuart.o
                                                  ./component/uart/lpuart_adapter.o
LPUART_SetBaudRate                                ./drivers/fsl_lpuart.o
LPUART_TransferAbortReceive                       ./drivers/fsl_lpuart.o
LPUART_TransferAbortSend                          ./drivers/fsl_lpuart.o
LPUART_TransferCreateHandle                       ./drivers/fsl_lpuart.o
LPUART_TransferGetReceiveCount                    ./drivers/fsl_lpuart.o
LPUART_TransferGetRxRingBufferLength              ./drivers/fsl_lpuart.o
LPUART_TransferGetSendCount                       ./drivers/fsl_lpuart.o
LPUART_TransferHandleErrorIRQ                     ./drivers/fsl_lpuart.o
LPUART_TransferHandleIRQ                          ./drivers/fsl_lpuart.o
LPUART_TransferReceiveNonBlocking                 ./drivers/fsl_lpuart.o
LPUART_TransferSendNonBlocking                    ./drivers/fsl_lpuart.o
LPUART_TransferStartRingBuffer                    ./drivers/fsl_lpuart.o
LPUART_TransferStopRingBuffer                     ./drivers/fsl_lpuart.o
LPUART_WriteBlocking                              ./drivers/fsl_lpuart.o
                                                  ./component/uart/lpuart_adapter.o
NMI_Handler                                       ./startup/startup_mkl43z4.o
PIT_DriverIRQHandler                              ./startup/startup_mkl43z4.o
PIT_IRQHandler                                    ./startup/startup_mkl43z4.o
PMC_DriverIRQHandler                              ./startup/startup_mkl43z4.o
PMC_IRQHandler                                    ./startup/startup_mkl43z4.o
PORTA_DriverIRQHandler                            ./startup/startup_mkl43z4.o
PORTA_IRQHandler                                  ./startup/startup_mkl43z4.o
PORTC_PORTD_DriverIRQHandler                      ./startup/startup_mkl43z4.o
PORTC_PORTD_IRQHandler                            ./startup/startup_mkl43z4.o
PendSV_Handler                                    ./freertos/freertos_kernel/portable/GCC/ARM_CM0/port.o
                                                  ./startup/startup_mkl43z4.o
RTC_DriverIRQHandler                              ./startup/startup_mkl43z4.o
RTC_IRQHandler                                    ./startup/startup_mkl43z4.o
RTC_Seconds_DriverIRQHandler                      ./startup/startup_mkl43z4.o
RTC_Seconds_IRQHandler                            ./startup/startup_mkl43z4.o
Reserved20_DriverIRQHandler                       ./startup/startup_mkl43z4.o
Reserved20_IRQHandler                             ./startup/startup_mkl43z4.o
Reserved42_DriverIRQHandler                       ./startup/startup_mkl43z4.o
Reserved42_IRQHandler                             ./startup/startup_mkl43z4.o
Reserved43_DriverIRQHandler                       ./startup/startup_mkl43z4.o