/home/anderson/setimo-semestre/RTOS/praticas/Task_04/drivers/fsl_clock.h:438:20:CLOCK_EnableClock	24	static
../source/task04.c:23:6:highLedGreen	8	static
../source/task04.c:29:6:lowLedGreen	8	static
../source/task04.c:35:6:highLedRed	8	static
../source/task04.c:41:6:lowLedRed	8	static
../source/task04.c:47:6:controlHighLedGreen	24	static
../source/task04.c:69:6:controlHighLedRed	24	static
../source/task04.c:94:6:taskLedGreen	16	static
../source/task04.c:100:6:taskLedRed	16	static
../source/task04.c:106:6:vTaskCreateLed	24	static
../source/task04.c:117:5:main	16	static
