Archive member included to satisfy reference by file (symbol)

/usr/local/mcuxpressoide-11.5.0_7232/ide/plugins/com.nxp.mcuxpresso.tools.linux_11.5.0.202107051138/tools/bin/../lib/gcc/arm-none-eabi/10.3.1/../../../../arm-none-eabi/lib/thumb/v6-m/nofp/libcr_semihost_nf.a(_cr__main.o)
                              ./startup/startup_mkl25z4.o (__main)
/usr/local/mcuxpressoide-11.5.0_7232/ide/plugins/com.nxp.mcuxpresso.tools.linux_11.5.0.202107051138/tools/bin/../lib/gcc/arm-none-eabi/10.3.1/../../../../arm-none-eabi/lib/thumb/v6-m/nofp/libcr_semihost_nf.a(_cr_assert.o)
                              ./drivers/fsl_clock.o (__assertion_failed)
/usr/local/mcuxpressoide-11.5.0_7232/ide/plugins/com.nxp.mcuxpresso.tools.linux_11.5.0.202107051138/tools/bin/../lib/gcc/arm-none-eabi/10.3.1/../../../../arm-none-eabi/lib/thumb/v6-m/nofp/libcr_semihost_nf.a(__ciob.o)
                              /usr/local/mcuxpressoide-11.5.0_7232/ide/plugins/com.nxp.mcuxpresso.tools.linux_11.5.0.202107051138/tools/bin/../lib/gcc/arm-none-eabi/10.3.1/../../../../arm-none-eabi/lib/thumb/v6-m/nofp/libcr_semihost_nf.a(_cr_assert.o) (__Ciob)
/usr/local/mcuxpressoide-11.5.0_7232/ide/plugins/com.nxp.mcuxpresso.tools.linux_11.5.0.202107051138/tools/bin/../lib/gcc/arm-none-eabi/10.3.1/../../../../arm-none-eabi/lib/thumb/v6-m/nofp/libcr_semihost_nf.a(__sys_appexit.o)
                              /usr/local/mcuxpressoide-11.5.0_7232/ide/plugins/com.nxp.mcuxpresso.tools.linux_11.5.0.202107051138/tools/bin/../lib/gcc/arm-none-eabi/10.3.1/../../../../arm-none-eabi/lib/thumb/v6-m/nofp/libcr_semihost_nf.a(_cr_assert.o) (__sys_appexit)
/usr/local/mcuxpressoide-11.5.0_7232/ide/plugins/com.nxp.mcuxpresso.tools.linux_11.5.0.202107051138/tools/bin/../lib/gcc/arm-none-eabi/10.3.1/../../../../arm-none-eabi/lib/thumb/v6-m/nofp/libcr_c.a(memcpy.o)
                              ./drivers/fsl_flash.o (memcpy)
/usr/local/mcuxpressoide-11.5.0_7232/ide/plugins/com.nxp.mcuxpresso.tools.linux_11.5.0.202107051138/tools/bin/../lib/gcc/arm-none-eabi/10.3.1/../../../../arm-none-eabi/lib/thumb/v6-m/nofp/libcr_c.a(memset.o)
                              ./drivers/fsl_flash.o (memset)
/usr/local/mcuxpressoide-11.5.0_7232/ide/plugins/com.nxp.mcuxpresso.tools.linux_11.5.0.202107051138/tools/bin/../lib/gcc/arm-none-eabi/10.3.1/../../../../arm-none-eabi/lib/thumb/v6-m/nofp/libcr_c.a(_deferredlazyseek.o)
                              /usr/local/mcuxpressoide-11.5.0_7232/ide/plugins/com.nxp.mcuxpresso.tools.linux_11.5.0.202107051138/tools/bin/../lib/gcc/arm-none-eabi/10.3.1/../../../../arm-none-eabi/lib/thumb/v6-m/nofp/libcr_semihost_nf.a(_cr_assert.o) (__flsbuf)
/usr/local/mcuxpressoide-11.5.0_7232/ide/plugins/com.nxp.mcuxpresso.tools.linux_11.5.0.202107051138/tools/bin/../lib/gcc/arm-none-eabi/10.3.1/../../../../arm-none-eabi/lib/thumb/v6-m/nofp/libcr_c.a(_fflush.o)
                              /usr/local/mcuxpressoide-11.5.0_7232/ide/plugins/com.nxp.mcuxpresso.tools.linux_11.5.0.202107051138/tools/bin/../lib/gcc/arm-none-eabi/10.3.1/../../../../arm-none-eabi/lib/thumb/v6-m/nofp/libcr_c.a(_deferredlazyseek.o) (_fflush)
/usr/local/mcuxpressoide-11.5.0_7232/ide/plugins/com.nxp.mcuxpresso.tools.linux_11.5.0.202107051138/tools/bin/../lib/gcc/arm-none-eabi/10.3.1/../../../../arm-none-eabi/lib/thumb/v6-m/nofp/libcr_c.a(_writebuf.o)
                              /usr/local/mcuxpressoide-11.5.0_7232/ide/plugins/com.nxp.mcuxpresso.tools.linux_11.5.0.202107051138/tools/bin/../lib/gcc/arm-none-eabi/10.3.1/../../../../arm-none-eabi/lib/thumb/v6-m/nofp/libcr_c.a(_deferredlazyseek.o) (_Cwritebuf)
/usr/local/mcuxpressoide-11.5.0_7232/ide/plugins/com.nxp.mcuxpresso.tools.linux_11.5.0.202107051138/tools/bin/../lib/gcc/arm-none-eabi/10.3.1/../../../../arm-none-eabi/lib/thumb/v6-m/nofp/libcr_c.a(alloc.o)
                              /usr/local/mcuxpressoide-11.5.0_7232/ide/plugins/com.nxp.mcuxpresso.tools.linux_11.5.0.202107051138/tools/bin/../lib/gcc/arm-none-eabi/10.3.1/../../../../arm-none-eabi/lib/thumb/v6-m/nofp/libcr_c.a(_deferredlazyseek.o) (_Csys_alloc)
/usr/local/mcuxpressoide-11.5.0_7232/ide/plugins/com.nxp.mcuxpresso.tools.linux_11.5.0.202107051138/tools/bin/../lib/gcc/arm-none-eabi/10.3.1/../../../../arm-none-eabi/lib/thumb/v6-m/nofp/libcr_c.a(fputs.o)
                              /usr/local/mcuxpressoide-11.5.0_7232/ide/plugins/com.nxp.mcuxpresso.tools.linux_11.5.0.202107051138/tools/bin/../lib/gcc/arm-none-eabi/10.3.1/../../../../arm-none-eabi/lib/thumb/v6-m/nofp/libcr_semihost_nf.a(_cr_assert.o) (fputs)
/usr/local/mcuxpressoide-11.5.0_7232/ide/plugins/com.nxp.mcuxpresso.tools.linux_11.5.0.202107051138/tools/bin/../lib/gcc/arm-none-eabi/10.3.1/../../../../arm-none-eabi/lib/thumb/v6-m/nofp/libcr_c.a(fseek.o)
                              /usr/local/mcuxpressoide-11.5.0_7232/ide/plugins/com.nxp.mcuxpresso.tools.linux_11.5.0.202107051138/tools/bin/../lib/gcc/arm-none-eabi/10.3.1/../../../../arm-none-eabi/lib/thumb/v6-m/nofp/libcr_c.a(_deferredlazyseek.o) (fseek)
[...]
Memory Configuration

Name             Origin             Length             Attributes
PROGRAM_FLASH    0x0000000000000000 0x0000000000020000 xr
SRAM             0x000000001ffff000 0x0000000000004000 xrw
*default*        0x0000000000000000 0xffffffffffffffff

Linker script and memory map

LOAD ./utilities/fsl_debug_console.o
LOAD ./startup/startup_mkl25z4.o
LOAD ./source/TESTE_TOUCH_KL25.o
LOAD ./source/mtb.o
LOAD ./source/semihost_hardfault.o
LOAD ./drivers/fsl_clock.o
LOAD ./drivers/fsl_common.o
LOAD ./drivers/fsl_flash.o
LOAD ./drivers/fsl_gpio.o
LOAD ./drivers/fsl_lpsci.o
LOAD ./drivers/fsl_smc.o
LOAD ./drivers/fsl_tsi_v4.o
LOAD ./drivers/fsl_uart.o
LOAD ./board/board.o
LOAD ./board/clock_config.o
LOAD ./board/peripherals.o
LOAD ./board/pin_mux.o
LOAD ./CMSIS/system_MKL25Z4.o
START GROUP
LOAD /usr/local/mcuxpressoide-11.5.0_7232/ide/plugins/com.nxp.mcuxpresso.tools.linux_11.5.0.202107051138/tools/bin/../lib/gcc/arm-none-eabi/10.3.1/../../../../arm-none-eabi/lib/thumb/v6-m/nofp/libcr_semihost_nf.a
LOAD /usr/local/mcuxpressoide-11.5.0_7232/ide/plugins/com.nxp.mcuxpresso.tools.linux_11.5.0.202107051138/tools/bin/../lib/gcc/arm-none-eabi/10.3.1/../../../../arm-none-eabi/lib/thumb/v6-m/nofp/libcr_c.a
LOAD /usr/local/mcuxpressoide-11.5.0_7232/ide/plugins/com.nxp.mcuxpresso.tools.linux_11.5.0.202107051138/tools/bin/../lib/gcc/arm-none-eabi/10.3.1/thumb/v6-m/nofp/libcr_eabihelpers.a
LOAD /usr/local/mcuxpressoide-11.5.0_7232/ide/plugins/com.nxp.mcuxpresso.tools.linux_11.5.0.202107051138/tools/bin/../lib/gcc/arm-none-eabi/10.3.1/thumb/v6-m/nofp/libgcc.a
END GROUP
                0x0000000000000000                __base_PROGRAM_FLASH = 0x0
                0x0000000000000000                __base_Flash = 0x0
                0x0000000000020000                __top_PROGRAM_FLASH = 0x20000
                0x0000000000020000                __top_Flash = 0x20000
                0x000000001ffff000                __base_SRAM = 0x1ffff000
                0x000000001ffff000                __base_RAM = 0x1ffff000
                0x0000000020003000                __top_SRAM = 0x20003000
                0x0000000020003000                __top_RAM = 0x20003000

.text           0x0000000000000000     0x1c6c
 FILL mask 0xff
                0x0000000000000000                __vectors_start__ = ABSOLUTE (.)
 *(SORT_BY_ALIGNMENT(.isr_vector))
 .isr_vector    0x0000000000000000       0xc0 ./startup/startup_mkl25z4.o
                0x0000000000000000                __Vectors
                0x0000000000000000                g_pfnVectors
                0x00000000000000c0                . = ALIGN (0x4)
                0x00000000000000c0                __section_table_start = .
                0x00000000000000c0                __data_section_table = .
                0x00000000000000c0        0x4 LONG 0x1c6c LOADADDR (.data)
                0x00000000000000c4        0x4 LONG 0x1ffff080 ADDR (.data)
                0x00000000000000c8        0x4 LONG 0x0 SIZEOF (.data)
                0x00000000000000cc                __data_section_table_end = .
                0x00000000000000cc                __bss_section_table = .
                0x00000000000000cc        0x4 LONG 0x1ffff080 ADDR (.bss)
                0x00000000000000d0        0x4 LONG 0xd8 SIZEOF (.bss)
                0x00000000000000d4                __bss_section_table_end = .
                0x00000000000000d4                __section_table_end = .
 *(SORT_BY_ALIGNMENT(.after_vectors*))
 .after_vectors.reset
                0x00000000000000d4       0x4c ./startup/startup_mkl25z4.o
                0x00000000000000d4                ResetISR
 .after_vectors.init_data
                0x0000000000000120       0x12 ./startup/startup_mkl25z4.o
                0x0000000000000120                data_init
 .after_vectors.init_bss
                0x0000000000000132       0x10 ./startup/startup_mkl25z4.o
                0x0000000000000132                bss_init
 .after_vectors
                0x0000000000000142      0x10c ./startup/startup_mkl25z4.o
                0x0000000000000142                NMI_Handler
                0x0000000000000146                SVC_Handler
                0x0000000000000148                PendSV_Handler
                0x000000000000014a                SysTick_Handler
                0x000000000000014c                PIT_DriverIRQHandler
                0x000000000000014c                Reserved39_DriverIRQHandler
                0x000000000000014c                DMA0_DriverIRQHandler
                0x000000000000014c                SPI1_DriverIRQHandler
                0x000000000000014c                LPTMR0_DriverIRQHandler
                0x000000000000014c                TPM2_DriverIRQHandler
                0x000000000000014c                TSI0_DriverIRQHandler
                0x000000000000014c                RTC_Seconds_DriverIRQHandler
                0x000000000000014c                LLWU_DriverIRQHandler
                0x000000000000014c                MCG_DriverIRQHandler
                0x000000000000014c                FTFA_DriverIRQHandler
                0x000000000000014c                IntDefaultHandler
                0x000000000000014c                USB0_DriverIRQHandler
                0x000000000000014c                DAC0_DriverIRQHandler
                0x000000000000014c                LVD_LVW_DriverIRQHandler
                0x000000000000014c                TPM0_DriverIRQHandler
                0x000000000000014c                Reserved20_DriverIRQHandler
                0x000000000000014c                DMA3_DriverIRQHandler
                0x000000000000014c                Reserved45_DriverIRQHandler
                0x000000000000014c                PORTA_DriverIRQHandler
                0x000000000000014c                TPM1_DriverIRQHandler
                0x000000000000014c                RTC_DriverIRQHandler
                0x000000000000014c                DMA1_DriverIRQHandler
                0x000000000000014c                I2C1_DriverIRQHandler
                0x000000000000014c                SPI0_DriverIRQHandler
                0x000000000000014c                ADC0_DriverIRQHandler
                0x000000000000014c                CMP0_DriverIRQHandler
                0x000000000000014c                DMA2_DriverIRQHandler
                0x000000000000014c                PORTD_DriverIRQHandler
                0x000000000000014c                I2C0_DriverIRQHandler
                0x000000000000014e                DMA0_IRQHandler
                0x0000000000000156                DMA1_IRQHandler
                0x000000000000015e                DMA2_IRQHandler
                0x0000000000000166                DMA3_IRQHandler
                0x000000000000016e                Reserved20_IRQHandler
                0x0000000000000176                FTFA_IRQHandler
                0x000000000000017e                LVD_LVW_IRQHandler
                0x0000000000000186                LLWU_IRQHandler
                0x000000000000018e                I2C0_IRQHandler
                0x0000000000000196                I2C1_IRQHandler
                0x000000000000019e                SPI0_IRQHandler
                0x00000000000001a6                SPI1_IRQHandler
                0x00000000000001ae                UART0_IRQHandler
                0x00000000000001b6                UART1_IRQHandler
                0x00000000000001be                UART2_IRQHandler
                0x00000000000001c6                ADC0_IRQHandler
                0x00000000000001ce                CMP0_IRQHandler
                0x00000000000001d6                TPM0_IRQHandler
                0x00000000000001de                TPM1_IRQHandler
                0x00000000000001e6                TPM2_IRQHandler
                0x00000000000001ee                RTC_IRQHandler
                0x00000000000001f6                RTC_Seconds_IRQHandler
                0x00000000000001fe                PIT_IRQHandler
                0x0000000000000206                Reserved39_IRQHandler
                0x000000000000020e                USB0_IRQHandler
                0x0000000000000216                DAC0_IRQHandler
                0x000000000000021e                TSI0_IRQHandler
                0x0000000000000226                MCG_IRQHandler
                0x000000000000022e                LPTMR0_IRQHandler
                0x0000000000000236                Reserved45_IRQHandler
                0x000000000000023e                PORTA_IRQHandler
                0x0000000000000246                PORTD_IRQHandler
                0x0000000000000400                . = 0x400
 *fill*         0x000000000000024e      0x1b2 ff
                0x0000000000000400                PROVIDE (__FLASH_CONFIG_START__ = .)
 *(SORT_BY_ALIGNMENT(.FlashConfig))
 .FlashConfig   0x0000000000000400       0x10 ./startup/startup_mkl25z4.o
                0x0000000000000400                Flash_Config
                0x0000000000000410                PROVIDE (__FLASH_CONFIG_END__ = .)
                0x0000000000000001                ASSERT (! ((__FLASH_CONFIG_START__ == __FLASH_CONFIG_END__)), Linker Flash Config Support Enabled, but no .FlashConfig section provided within application)
 *(SORT_BY_ALIGNMENT(.text*))
 .text.CLOCK_EnableClock
                0x0000000000000410       0x34 ./source/TESTE_TOUCH_KL25.o
 .text.Touch_Scan_LH
                0x0000000000000444       0x5c ./source/TESTE_TOUCH_KL25.o
                0x0000000000000444                Touch_Scan_LH
 .text.main     0x00000000000004a0       0x40 ./source/TESTE_TOUCH_KL25.o
                0x00000000000004a0                main
 .text.HardFault_Handler
                0x00000000000004e0       0x30 ./source/semihost_hardfault.o
                0x00000000000004e0                HardFault_Handler
 .text.UART0_DriverIRQHandler
                0x0000000000000510       0x24 ./drivers/fsl_lpsci.o
                0x0000000000000510                UART0_DriverIRQHandler
 .text.UART1_DriverIRQHandler
                0x0000000000000534       0x24 ./drivers/fsl_uart.o
                0x0000000000000534                UART1_DriverIRQHandler
 .text.UART2_DriverIRQHandler
                0x0000000000000558       0x24 ./drivers/fsl_uart.o
                0x0000000000000558                UART2_DriverIRQHandler
 .text.SystemInit
                0x000000000000057c       0x18 ./CMSIS/system_MKL25Z4.o
                0x000000000000057c                SystemInit
 .text.__sys_appexit
                0x0000000000000594        0xc /usr/local/mcuxpressoide-11.5.0_7232/ide/plugins/com.nxp.mcuxpresso.tools.linux_11.5.0.202107051138/tools/bin/../lib/gcc/arm-none-eabi/10.3.1/../../../../arm-none-eabi/lib/thumb/v6-m/nofp/libcr_semihost_nf.a(__sys_appexit.o)
                0x0000000000000594                __exit
                0x0000000000000594                __sys_appexit
 .text._deferredlazyseek
                0x00000000000005a0       0x40 /usr/local/mcuxpressoide-11.5.0_7232/ide/plugins/com.nxp.mcuxpresso.tools.linux_11.5.0.202107051138/tools/bin/../lib/gcc/arm-none-eabi/10.3.1/../../../../arm-none-eabi/lib/thumb/v6-m/nofp/libcr_c.a(_deferredlazyseek.o)
                0x00000000000005a0                _deferredlazyseek
 .text.__flsbuf
                0x00000000000005e0      0x150 /usr/local/mcuxpressoide-11.5.0_7232/ide/plugins/com.nxp.mcuxpresso.tools.linux_11.5.0.202107051138/tools/bin/../lib/gcc/arm-none-eabi/10.3.1/../../../../arm-none-eabi/lib/thumb/v6-m/nofp/libcr_c.a(_deferredlazyseek.o)
                0x00000000000005e0                __flsbuf
 .text._fflush  0x0000000000000730       0x60 /usr/local/mcuxpressoide-11.5.0_7232/ide/plugins/com.nxp.mcuxpresso.tools.linux_11.5.0.202107051138/tools/bin/../lib/gcc/arm-none-eabi/10.3.1/../../../../arm-none-eabi/lib/thumb/v6-m/nofp/libcr_c.a(_fflush.o)
                0x0000000000000730                _fflush
 .text._Cwritebuf
                0x0000000000000790       0x68 /usr/local/mcuxpressoide-11.5.0_7232/ide/plugins/com.nxp.mcuxpresso.tools.linux_11.5.0.202107051138/tools/bin/../lib/gcc/arm-none-eabi/10.3.1/../../../../arm-none-eabi/lib/thumb/v6-m/nofp/libcr_c.a(_writebuf.o)
                0x0000000000000790                _Cwritebuf
 .text.malloc   0x00000000000007f8       0xcc /usr/local/mcuxpressoide-11.5.0_7232/ide/plugins/com.nxp.mcuxpresso.tools.linux_11.5.0.202107051138/tools/bin/../lib/gcc/arm-none-eabi/10.3.1/../../../../arm-none-eabi/lib/thumb/v6-m/nofp/libcr_c.a(alloc.o)
                0x00000000000007f8                malloc
 .text._Csys_alloc
                0x00000000000008c4       0x20 /usr/local/mcuxpressoide-11.5.0_7232/ide/plugins/com.nxp.mcuxpresso.tools.linux_11.5.0.202107051138/tools/bin/../lib/gcc/arm-none-eabi/10.3.1/../../../../arm-none-eabi/lib/thumb/v6-m/nofp/libcr_c.a(alloc.o)
                0x00000000000008c4                _Csys_alloc
 .text.fseek    0x00000000000008e4       0xf0 /usr/local/mcuxpressoide-11.5.0_7232/ide/plugins/com.nxp.mcuxpresso.tools.linux_11.5.0.202107051138/tools/bin/../lib/gcc/arm-none-eabi/10.3.1/../../../../arm-none-eabi/lib/thumb/v6-m/nofp/libcr_c.a(fseek.o)
                0x00000000000008e4                fseek
 .text.ftell    0x00000000000009d4       0x48 /usr/local/mcuxpressoide-11.5.0_7232/ide/plugins/com.nxp.mcuxpresso.tools.linux_11.5.0.202107051138/tools/bin/../lib/gcc/arm-none-eabi/10.3.1/../../../../arm-none-eabi/lib/thumb/v6-m/nofp/libcr_c.a(ftell.o)
                0x00000000000009d4                ftell
 .text._initio  0x0000000000000a1c       0x7c /usr/local/mcuxpressoide-11.5.0_7232/ide/plugins/com.nxp.mcuxpresso.tools.linux_11.5.0.202107051138/tools/bin/../lib/gcc/arm-none-eabi/10.3.1/../../../../arm-none-eabi/lib/thumb/v6-m/nofp/libcr_c.a(initio.o)
                0x0000000000000a1c                _initio
 .text.__vfprintf
                0x0000000000000a98      0xd40 /usr/local/mcuxpressoide-11.5.0_7232/ide/plugins/com.nxp.mcuxpresso.tools.linux_11.5.0.202107051138/tools/bin/../lib/gcc/arm-none-eabi/10.3.1/../../../../arm-none-eabi/lib/thumb/v6-m/nofp/libcr_c.a(printf.o)
                0x0000000000000a98                __vfprintf
 .text._vsnprintf
                0x00000000000017d8       0x70 /usr/local/mcuxpressoide-11.5.0_7232/ide/plugins/com.nxp.mcuxpresso.tools.linux_11.5.0.202107051138/tools/bin/../lib/gcc/arm-none-eabi/10.3.1/../../../../arm-none-eabi/lib/thumb/v6-m/nofp/libcr_c.a(printf.o)
                0x00000000000017d8                _vsnprintf
 .text._printf  0x0000000000001848       0x50 /usr/local/mcuxpressoide-11.5.0_7232/ide/plugins/com.nxp.mcuxpresso.tools.linux_11.5.0.202107051138/tools/bin/../lib/gcc/arm-none-eabi/10.3.1/../../../../arm-none-eabi/lib/thumb/v6-m/nofp/libcr_c.a(printf.o)
                0x0000000000001848                _printf
 .text.setvbuf  0x0000000000001898       0x4c /usr/local/mcuxpressoide-11.5.0_7232/ide/plugins/com.nxp.mcuxpresso.tools.linux_11.5.0.202107051138/tools/bin/../lib/gcc/arm-none-eabi/10.3.1/../../../../arm-none-eabi/lib/thumb/v6-m/nofp/libcr_c.a(setvbuf.o)
                0x0000000000001898                setvbuf
 .text.strlen   0x00000000000018e4       0x58 /usr/local/mcuxpressoide-11.5.0_7232/ide/plugins/com.nxp.mcuxpresso.tools.linux_11.5.0.202107051138/tools/bin/../lib/gcc/arm-none-eabi/10.3.1/../../../../arm-none-eabi/lib/thumb/v6-m/nofp/libcr_c.a(strlen.o)
                0x00000000000018e4                strlen
 .text._sbrk    0x000000000000193c       0x44 /usr/local/mcuxpressoide-11.5.0_7232/ide/plugins/com.nxp.mcuxpresso.tools.linux_11.5.0.202107051138/tools/bin/../lib/gcc/arm-none-eabi/10.3.1/../../../../arm-none-eabi/lib/thumb/v6-m/nofp/libcr_c.a(_cr_sbrk.o)
                0x000000000000193c                _sbrk
 .text._fdopen  0x0000000000001980       0x74 /usr/local/mcuxpressoide-11.5.0_7232/ide/plugins/com.nxp.mcuxpresso.tools.linux_11.5.0.202107051138/tools/bin/../lib/gcc/arm-none-eabi/10.3.1/../../../../arm-none-eabi/lib/thumb/v6-m/nofp/libcr_c.a(_fdopen.o)
                0x0000000000001980                _fdopen
 .text.fclose   0x00000000000019f4       0x5c /usr/local/mcuxpressoide-11.5.0_7232/ide/plugins/com.nxp.mcuxpresso.tools.linux_11.5.0.202107051138/tools/bin/../lib/gcc/arm-none-eabi/10.3.1/../../../../arm-none-eabi/lib/thumb/v6-m/nofp/libcr_c.a(fclose.o)
                0x00000000000019f4                fclose
 .text.fflush   0x0000000000001a50       0x44 /usr/local/mcuxpressoide-11.5.0_7232/ide/plugins/com.nxp.mcuxpresso.tools.linux_11.5.0.202107051138/tools/bin/../lib/gcc/arm-none-eabi/10.3.1/../../../../arm-none-eabi/lib/thumb/v6-m/nofp/libcr_c.a(fflush.o)
                0x0000000000001a50                fflush
 .text.__check_heap_overflow
                0x0000000000001a94       0x18 /usr/local/mcuxpressoide-11.5.0_7232/ide/plugins/com.nxp.mcuxpresso.tools.linux_11.5.0.202107051138/tools/bin/../lib/gcc/arm-none-eabi/10.3.1/../../../../arm-none-eabi/lib/thumb/v6-m/nofp/libcr_c.a(_cr_check_heap.o)
                0x0000000000001a94                __check_heap_overflow
 .text._do_fflush
                0x0000000000001aac       0x48 /usr/local/mcuxpressoide-11.5.0_7232/ide/plugins/com.nxp.mcuxpresso.tools.linux_11.5.0.202107051138/tools/bin/../lib/gcc/arm-none-eabi/10.3.1/../../../../arm-none-eabi/lib/thumb/v6-m/nofp/libcr_c.a(_do_fflush.o)
                0x0000000000001aac                _do_fflush
 .text.__main   0x0000000000001af4        0xc /usr/local/mcuxpressoide-11.5.0_7232/ide/plugins/com.nxp.mcuxpresso.tools.linux_11.5.0.202107051138/tools/bin/../lib/gcc/arm-none-eabi/10.3.1/../../../../arm-none-eabi/lib/thumb/v6-m/nofp/libcr_semihost_nf.a(_cr__main.o)
                0x0000000000001af4                __main
                0x0000000000001af4                __CR_SEMIHOST
 .text.memset   0x0000000000001b00        0x8 /usr/local/mcuxpressoide-11.5.0_7232/ide/plugins/com.nxp.mcuxpresso.tools.linux_11.5.0.202107051138/tools/bin/../lib/gcc/arm-none-eabi/10.3.1/../../../../arm-none-eabi/lib/thumb/v6-m/nofp/libcr_c.a(memset.o)
                0x0000000000001b00                memset
 .text.free     0x0000000000001b08       0x2c /usr/local/mcuxpressoide-11.5.0_7232/ide/plugins/com.nxp.mcuxpresso.tools.linux_11.5.0.202107051138/tools/bin/../lib/gcc/arm-none-eabi/10.3.1/../../../../arm-none-eabi/lib/thumb/v6-m/nofp/libcr_c.a(alloc.o)
                0x0000000000001b08                free
 .text.no_fp_display
                0x0000000000001b34        0x4 /usr/local/mcuxpressoide-11.5.0_7232/ide/plugins/com.nxp.mcuxpresso.tools.linux_11.5.0.202107051138/tools/bin/../lib/gcc/arm-none-eabi/10.3.1/../../../../arm-none-eabi/lib/thumb/v6-m/nofp/libcr_c.a(printf.o)
 .text.remove   0x0000000000001b38       0x12 /usr/local/mcuxpressoide-11.5.0_7232/ide/plugins/com.nxp.mcuxpresso.tools.linux_11.5.0.202107051138/tools/bin/../lib/gcc/arm-none-eabi/10.3.1/../../../../arm-none-eabi/lib/thumb/v6-m/nofp/libcr_c.a(remove.o)
                0x0000000000001b38                remove
 .text.__aeabi_llong_lmul
                0x0000000000001b4a       0x2e /usr/local/mcuxpressoide-11.5.0_7232/ide/plugins/com.nxp.mcuxpresso.tools.linux_11.5.0.202107051138/tools/bin/../lib/gcc/arm-none-eabi/10.3.1/thumb/v6-m/nofp/libcr_eabihelpers.a(llong.o)
                0x0000000000001b4a                __aeabi_lmul
 .text.__aeabi_memset_lowlevel
                0x0000000000001b78       0x2a /usr/local/mcuxpressoide-11.5.0_7232/ide/plugins/com.nxp.mcuxpresso.tools.linux_11.5.0.202107051138/tools/bin/../lib/gcc/arm-none-eabi/10.3.1/thumb/v6-m/nofp/libcr_eabihelpers.a(memcpy.o)
                0x0000000000001b78                __aeabi_lowlevel_memset
 .text.__gnu_thumb1_case_shi
                0x0000000000001ba2       0x10 /usr/local/mcuxpressoide-11.5.0_7232/ide/plugins/com.nxp.mcuxpresso.tools.linux_11.5.0.202107051138/tools/bin/../lib/gcc/arm-none-eabi/10.3.1/thumb/v6-m/nofp/libcr_eabihelpers.a(thumb1_switch_helpers.o)
                0x0000000000001ba2                __gnu_thumb1_case_shi
 .text.__sys_close
                0x0000000000001bb2        0xc /usr/local/mcuxpressoide-11.5.0_7232/ide/plugins/com.nxp.mcuxpresso.tools.linux_11.5.0.202107051138/tools/bin/../lib/gcc/arm-none-eabi/10.3.1/../../../../arm-none-eabi/lib/thumb/v6-m/nofp/libcr_semihost_nf.a(__sys_close.o)
                0x0000000000001bb2                __sys_close
 .text.__sys_flen
                0x0000000000001bbe        0xc /usr/local/mcuxpressoide-11.5.0_7232/ide/plugins/com.nxp.mcuxpresso.tools.linux_11.5.0.202107051138/tools/bin/../lib/gcc/arm-none-eabi/10.3.1/../../../../arm-none-eabi/lib/thumb/v6-m/nofp/libcr_semihost_nf.a(__sys_flen.o)
                0x0000000000001bbe                __sys_flen
 .text.__sys_istty
                0x0000000000001bca        0xc /usr/local/mcuxpressoide-11.5.0_7232/ide/plugins/com.nxp.mcuxpresso.tools.linux_11.5.0.202107051138/tools/bin/../lib/gcc/arm-none-eabi/10.3.1/../../../../arm-none-eabi/lib/thumb/v6-m/nofp/libcr_semihost_nf.a(__sys_istty.o)
                0x0000000000001bca                __sys_istty
 .text.__sys_remove
                0x0000000000001bd6        0xc /usr/local/mcuxpressoide-11.5.0_7232/ide/plugins/com.nxp.mcuxpresso.tools.linux_11.5.0.202107051138/tools/bin/../lib/gcc/arm-none-eabi/10.3.1/../../../../arm-none-eabi/lib/thumb/v6-m/nofp/libcr_semihost_nf.a(__sys_remove.o)
                0x0000000000001bd6                __sys_remove
 .text.__sys_seek
                0x0000000000001be2        0xc /usr/local/mcuxpressoide-11.5.0_7232/ide/plugins/com.nxp.mcuxpresso.tools.linux_11.5.0.202107051138/tools/bin/../lib/gcc/arm-none-eabi/10.3.1/../../../../arm-none-eabi/lib/thumb/v6-m/nofp/libcr_semihost_nf.a(__sys_seek.o)
                0x0000000000001be2                __sys_seek
 .text.__sys_tmpnam
                0x0000000000001bee        0xc /usr/local/mcuxpressoide-11.5.0_7232/ide/plugins/com.nxp.mcuxpresso.tools.linux_11.5.0.202107051138/tools/bin/../lib/gcc/arm-none-eabi/10.3.1/../../../../arm-none-eabi/lib/thumb/v6-m/nofp/libcr_semihost_nf.a(__sys_tmpnam.o)
                0x0000000000001bee                __sys_tmpnam
 .text.__sys_write
                0x0000000000001bfa        0xc /usr/local/mcuxpressoide-11.5.0_7232/ide/plugins/com.nxp.mcuxpresso.tools.linux_11.5.0.202107051138/tools/bin/../lib/gcc/arm-none-eabi/10.3.1/../../../../arm-none-eabi/lib/thumb/v6-m/nofp/libcr_semihost_nf.a(__sys_write.o)
                0x0000000000001bfa                __sys_write
 *(SORT_BY_ALIGNMENT(.rodata) SORT_BY_ALIGNMENT(.rodata.*) SORT_BY_ALIGNMENT(.constdata) SORT_BY_ALIGNMENT(.constdata.*))
 *fill*         0x0000000000001c06        0x2 ff
 .rodata.main.str1.4
                0x0000000000001c08        0xb ./source/TESTE_TOUCH_KL25.o
 *fill*         0x0000000000001c13        0x1 ff
 .rodata.__num_Ciob_streams
                0x0000000000001c14        0x4 /usr/local/mcuxpressoide-11.5.0_7232/ide/plugins/com.nxp.mcuxpresso.tools.linux_11.5.0.202107051138/tools/bin/../lib/gcc/arm-none-eabi/10.3.1/../../../../arm-none-eabi/lib/thumb/v6-m/nofp/libcr_semihost_nf.a(__ciob.o)
                0x0000000000001c14                __num_Ciob_streams
 .rodata._Csys_alloc.str1.1
                0x0000000000001c18       0x18 /usr/local/mcuxpressoide-11.5.0_7232/ide/plugins/com.nxp.mcuxpresso.tools.linux_11.5.0.202107051138/tools/bin/../lib/gcc/arm-none-eabi/10.3.1/../../../../arm-none-eabi/lib/thumb/v6-m/nofp/libcr_c.a(alloc.o)
 .rodata._initio.str1.1
                0x0000000000001c30        0x4 /usr/local/mcuxpressoide-11.5.0_7232/ide/plugins/com.nxp.mcuxpresso.tools.linux_11.5.0.202107051138/tools/bin/../lib/gcc/arm-none-eabi/10.3.1/../../../../arm-none-eabi/lib/thumb/v6-m/nofp/libcr_c.a(initio.o)
 .rodata.__vfprintf.str1.1
                0x0000000000001c34       0x37 /usr/local/mcuxpressoide-11.5.0_7232/ide/plugins/com.nxp.mcuxpresso.tools.linux_11.5.0.202107051138/tools/bin/../lib/gcc/arm-none-eabi/10.3.1/../../../../arm-none-eabi/lib/thumb/v6-m/nofp/libcr_c.a(printf.o)
                                         0x38 (size before relaxing)
                0x0000000000001c6c                . = ALIGN (0x4)
 *fill*         0x0000000000001c6b        0x1 ff

.glue_7         0x0000000000001c6c        0x0
 .glue_7        0x0000000000001c6c        0x0 linker stubs

.glue_7t        0x0000000000001c6c        0x0
 .glue_7t       0x0000000000001c6c        0x0 linker stubs

.vfp11_veneer   0x0000000000001c6c        0x0
 .vfp11_veneer  0x0000000000001c6c        0x0 linker stubs

.v4_bx          0x0000000000001c6c        0x0
 .v4_bx         0x0000000000001c6c        0x0 linker stubs

.iplt           0x0000000000001c6c        0x0
 .iplt          0x0000000000001c6c        0x0 ./startup/startup_mkl25z4.o

.rel.dyn        0x0000000000001c6c        0x0
 .rel.iplt      0x0000000000001c6c        0x0 ./startup/startup_mkl25z4.o

.ARM.extab
 *(SORT_BY_ALIGNMENT(.ARM.extab*) SORT_BY_ALIGNMENT(.gnu.linkonce.armextab.*))

.ARM.exidx      0x0000000000001c6c        0x0
                0x0000000000001c6c                __exidx_start = .
 *(SORT_BY_ALIGNMENT(.ARM.exidx*) SORT_BY_ALIGNMENT(.gnu.linkonce.armexidx.*))
                0x0000000000001c6c                __exidx_end = .
                0x0000000000001c6c                _etext = .

.m_usb_data
 *(SORT_BY_ALIGNMENT(m_usb_bdt))

.mtb_buffer_default
                0x000000001ffff000       0x80
 *(SORT_BY_ALIGNMENT(.mtb*))
 .mtb.$RAM1     0x000000001ffff000       0x80 ./source/mtb.o
                0x000000001ffff000                __mtb_buffer__

.uninit_RESERVED
                0x000000001ffff080        0x0
                0x000000001ffff080                _start_uninit_RESERVED = .
 *(SORT_BY_ALIGNMENT(.bss.$RESERVED*))
                0x000000001ffff080                . = ALIGN (0x4)
                0x000000001ffff080                _end_uninit_RESERVED = .

.data           0x000000001ffff080        0x0 load address 0x0000000000001c6c
 FILL mask 0xff
                0x000000001ffff080                _data = .
                [!provide]                        PROVIDE (__start_data_RAM = .)
                [!provide]                        PROVIDE (__start_data_SRAM = .)
 *(SORT_BY_ALIGNMENT(vtable))
 *(SORT_BY_ALIGNMENT(.ramfunc*))
 *(SORT_BY_ALIGNMENT(CodeQuickAccess))
 *(SORT_BY_ALIGNMENT(DataQuickAccess))
 *(SORT_BY_ALIGNMENT(RamFunction))
 *(SORT_BY_ALIGNMENT(.data*))
                0x000000001ffff080                . = ALIGN (0x4)
                0x000000001ffff080                _edata = .
                [!provide]                        PROVIDE (__end_data_RAM = .)
                [!provide]                        PROVIDE (__end_data_SRAM = .)

.igot.plt       0x000000001ffff080        0x0 load address 0x0000000000001c6c
 .igot.plt      0x000000001ffff080        0x0 ./startup/startup_mkl25z4.o

.bss            0x000000001ffff080       0xd8
                0x000000001ffff080                _bss = .
                [!provide]                        PROVIDE (__start_bss_RAM = .)
                [!provide]                        PROVIDE (__start_bss_SRAM = .)
 *(SORT_BY_ALIGNMENT(.bss*))
 .bss.s_lpsciHandle
                0x000000001ffff080        0x4 ./drivers/fsl_lpsci.o
 .bss.s_lpsciIsr
                0x000000001ffff084        0x4 ./drivers/fsl_lpsci.o
 .bss.s_uartHandle
                0x000000001ffff088        0xc ./drivers/fsl_uart.o
 .bss.s_uartIsr
                0x000000001ffff094        0x4 ./drivers/fsl_uart.o
 .bss.__Ciob    0x000000001ffff098       0xb4 /usr/local/mcuxpressoide-11.5.0_7232/ide/plugins/com.nxp.mcuxpresso.tools.linux_11.5.0.202107051138/tools/bin/../lib/gcc/arm-none-eabi/10.3.1/../../../../arm-none-eabi/lib/thumb/v6-m/nofp/libcr_semihost_nf.a(__ciob.o)
                0x000000001ffff098                __Ciob
 .bss.__end_of_heap
                0x000000001ffff14c        0x4 /usr/local/mcuxpressoide-11.5.0_7232/ide/plugins/com.nxp.mcuxpresso.tools.linux_11.5.0.202107051138/tools/bin/../lib/gcc/arm-none-eabi/10.3.1/../../../../arm-none-eabi/lib/thumb/v6-m/nofp/libcr_c.a(__init_alloc.o)
                0x000000001ffff14c                __end_of_heap
 .bss.__heaps   0x000000001ffff150        0x4 /usr/local/mcuxpressoide-11.5.0_7232/ide/plugins/com.nxp.mcuxpresso.tools.linux_11.5.0.202107051138/tools/bin/../lib/gcc/arm-none-eabi/10.3.1/../../../../arm-none-eabi/lib/thumb/v6-m/nofp/libcr_c.a(__init_alloc.o)
                0x000000001ffff150                __heaps
 .bss.errno     0x000000001ffff154        0x4 /usr/local/mcuxpressoide-11.5.0_7232/ide/plugins/com.nxp.mcuxpresso.tools.linux_11.5.0.202107051138/tools/bin/../lib/gcc/arm-none-eabi/10.3.1/../../../../arm-none-eabi/lib/thumb/v6-m/nofp/libcr_c.a(errno.o)
                0x000000001ffff154                errno
 *(SORT_BY_ALIGNMENT(COMMON))
                0x000000001ffff158                . = ALIGN (0x4)
                0x000000001ffff158                _ebss = .
                [!provide]                        PROVIDE (__end_bss_RAM = .)
                [!provide]                        PROVIDE (__end_bss_SRAM = .)
                [!provide]                        PROVIDE (end = .)

.noinit         0x000000001ffff158        0x0
                0x000000001ffff158                _noinit = .
                [!provide]                        PROVIDE (__start_noinit_RAM = .)
                [!provide]                        PROVIDE (__start_noinit_SRAM = .)
 *(SORT_BY_ALIGNMENT(.noinit*))
                0x000000001ffff158                . = ALIGN (0x4)
                0x000000001ffff158                _end_noinit = .
                [!provide]                        PROVIDE (__end_noinit_RAM = .)
                [!provide]                        PROVIDE (__end_noinit_SRAM = .)
                0x0000000000000400                _HeapSize = 0x400

.heap           0x000000001ffff158      0x400
                0x000000001ffff158                _pvHeapStart = .
                0x000000001ffff558                . = (. + _HeapSize)
 *fill*         0x000000001ffff158      0x400 
                0x000000001ffff558                . = ALIGN (0x4)
                0x000000001ffff558                _pvHeapLimit = .
                0x0000000000000400                _StackSize = 0x400

.heap2stackfill
                0x000000001ffff558      0x400
                0x000000001ffff958                . = (. + _StackSize)
 *fill*         0x000000001ffff558      0x400 

.stack          0x0000000020002c00        0x0
                0x0000000020002c00                _vStackBase = .
                0x0000000020002c00                . = ALIGN (0x4)
                0x0000000020003000                _vStackTop = (. + _StackSize)
                0x0000000000000000                _image_start = LOADADDR (.text)
                0x0000000000001c6c                _image_end = (LOADADDR (.data) + SIZEOF (.data))
                0x0000000000001c6c                _image_size = (_image_end - _image_start)
OUTPUT(TESTE_TOUCH_KL25.axf elf32-littlearm)
LOAD linker stubs

.debug_info     0x0000000000000000     0x36db
 .debug_info    0x0000000000000000      0x4eb ./startup/startup_mkl25z4.o
 .debug_info    0x00000000000004eb      0x5a5 ./source/TESTE_TOUCH_KL25.o
 .debug_info    0x0000000000000a90       0x53 ./source/mtb.o
 .debug_info    0x0000000000000ae3       0x3c ./source/semihost_hardfault.o
 .debug_info    0x0000000000000b1f     0x140d ./drivers/fsl_lpsci.o
 .debug_info    0x0000000000001f2c     0x13ae ./drivers/fsl_uart.o
 .debug_info    0x00000000000032da      0x401 ./CMSIS/system_MKL25Z4.o

.debug_abbrev   0x0000000000000000      0xa8e
 .debug_abbrev  0x0000000000000000      0x198 ./startup/startup_mkl25z4.o
 .debug_abbrev  0x0000000000000198      0x189 ./source/TESTE_TOUCH_KL25.o
 .debug_abbrev  0x0000000000000321       0x46 ./source/mtb.o
 .debug_abbrev  0x0000000000000367       0x31 ./source/semihost_hardfault.o
 .debug_abbrev  0x0000000000000398      0x2d7 ./drivers/fsl_lpsci.o
 .debug_abbrev  0x000000000000066f      0x2f1 ./drivers/fsl_uart.o
 .debug_abbrev  0x0000000000000960      0x12e ./CMSIS/system_MKL25Z4.o

.debug_aranges  0x0000000000000000      0x460
 .debug_aranges
                0x0000000000000000      0x160 ./startup/startup_mkl25z4.o
 .debug_aranges
                0x0000000000000160       0x58 ./source/TESTE_TOUCH_KL25.o
 .debug_aranges
                0x00000000000001b8       0x18 ./source/mtb.o
 .debug_aranges
                0x00000000000001d0       0x20 ./source/semihost_hardfault.o
 .debug_aranges
                0x00000000000001f0      0x118 ./drivers/fsl_lpsci.o
 .debug_aranges
                0x0000000000000308      0x130 ./drivers/fsl_uart.o
 .debug_aranges
                0x0000000000000438       0x28 ./CMSIS/system_MKL25Z4.o

.debug_ranges   0x0000000000000000      0x3e8
 .debug_ranges  0x0000000000000000      0x150 ./startup/startup_mkl25z4.o
 .debug_ranges  0x0000000000000150       0x48 ./source/TESTE_TOUCH_KL25.o
 .debug_ranges  0x0000000000000198       0x10 ./source/semihost_hardfault.o
 .debug_ranges  0x00000000000001a8      0x108 ./drivers/fsl_lpsci.o
 .debug_ranges  0x00000000000002b0      0x120 ./drivers/fsl_uart.o
 .debug_ranges  0x00000000000003d0       0x18 ./CMSIS/system_MKL25Z4.o

.debug_macro    0x0000000000000000      0x71e
 .debug_macro   0x0000000000000000       0x29 ./startup/startup_mkl25z4.o
 .debug_macro   0x0000000000000029      0x16d ./source/TESTE_TOUCH_KL25.o
 .debug_macro   0x0000000000000196       0xd8 ./source/TESTE_TOUCH_KL25.o
 .debug_macro   0x000000000000026e       0x16 ./source/TESTE_TOUCH_KL25.o
 .debug_macro   0x0000000000000284       0x10 ./source/TESTE_TOUCH_KL25.o
 .debug_macro   0x0000000000000294      0x112 ./source/TESTE_TOUCH_KL25.o
 .debug_macro   0x00000000000003a6       0x34 ./source/TESTE_TOUCH_KL25.o
 .debug_macro   0x00000000000003da       0x2f ./source/mtb.o
 .debug_macro   0x0000000000000409       0x82 ./source/mtb.o
 .debug_macro   0x000000000000048b       0x10 ./source/mtb.o
 .debug_macro   0x000000000000049b       0x11 ./source/semihost_hardfault.o
 .debug_macro   0x00000000000004ac       0xec ./drivers/fsl_lpsci.o
 .debug_macro   0x0000000000000598       0xf2 ./drivers/fsl_uart.o
 .debug_macro   0x000000000000068a       0x94 ./CMSIS/system_MKL25Z4.o

.debug_line     0x0000000000000000     0x260e
 .debug_line    0x0000000000000000      0x1ed ./startup/startup_mkl25z4.o
 .debug_line    0x00000000000001ed      0x4df ./source/TESTE_TOUCH_KL25.o
 .debug_line    0x00000000000006cc       0xd5 ./source/mtb.o
 .debug_line    0x00000000000007a1       0x59 ./source/semihost_hardfault.o
 .debug_line    0x00000000000007fa      0xd75 ./drivers/fsl_lpsci.o
 .debug_line    0x000000000000156f      0xd64 ./drivers/fsl_uart.o
 .debug_line    0x00000000000022d3      0x33b ./CMSIS/system_MKL25Z4.o

.debug_str      0x0000000000000000    0x33767
 .debug_str     0x0000000000000000     0x3076 ./startup/startup_mkl25z4.o
                                       0x30cd (size before relaxing)
 .debug_str     0x0000000000003076    0x2e603 ./source/TESTE_TOUCH_KL25.o
                                      0x314ab (size before relaxing)
 .debug_str     0x0000000000031679      0x532 ./source/mtb.o
                                       0x31ed (size before relaxing)
 .debug_str     0x0000000000031bab       0x1f ./source/semihost_hardfault.o
                                       0x2cda (size before relaxing)
 .debug_str     0x0000000000031bca     0x11ec ./drivers/fsl_lpsci.o
                                      0x31791 (size before relaxing)
 .debug_str     0x0000000000032db6      0x93d ./drivers/fsl_uart.o
                                      0x317b4 (size before relaxing)
 .debug_str     0x00000000000336f3       0x74 ./CMSIS/system_MKL25Z4.o
                                      0x2fb1c (size before relaxing)

.comment        0x0000000000000000       0x49
 .comment       0x0000000000000000       0x49 ./startup/startup_mkl25z4.o
                                         0x4a (size before relaxing)
 .comment       0x0000000000000049       0x4a ./source/TESTE_TOUCH_KL25.o
 .comment       0x0000000000000049       0x4a ./source/mtb.o
 .comment       0x0000000000000049       0x4a ./source/semihost_hardfault.o
 .comment       0x0000000000000049       0x4a ./drivers/fsl_lpsci.o
 .comment       0x0000000000000049       0x4a ./drivers/fsl_uart.o
 .comment       0x0000000000000049       0x4a ./CMSIS/system_MKL25Z4.o
 .comment       0x0000000000000049       0x4a /usr/local/mcuxpressoide-11.5.0_7232/ide/plugins/com.nxp.mcuxpresso.tools.linux_11.5.0.202107051138/tools/bin/../lib/gcc/arm-none-eabi/10.3.1/../../../../arm-none-eabi/lib/thumb/v6-m/nofp/libcr_semihost_nf.a(_cr__main.o)
 .comment       0x0000000000000049       0x4a /usr/local/mcuxpressoide-11.5.0_7232/ide/plugins/com.nxp.mcuxpresso.tools.linux_11.5.0.202107051138/tools/bin/../lib/gcc/arm-none-eabi/10.3.1/../../../../arm-none-eabi/lib/thumb/v6-m/nofp/libcr_semihost_nf.a(__ciob.o)
 .comment       0x0000000000000049       0x4a /usr/local/mcuxpressoide-11.5.0_7232/ide/plugins/com.nxp.mcuxpresso.tools.linux_11.5.0.202107051138/tools/bin/../lib/gcc/arm-none-eabi/10.3.1/../../../../arm-none-eabi/lib/thumb/v6-m/nofp/libcr_c.a(memset.o)
 .comment       0x0000000000000049       0x4a /usr/local/mcuxpressoide-11.5.0_7232/ide/plugins/com.nxp.mcuxpresso.tools.linux_11.5.0.202107051138/tools/bin/../lib/gcc/arm-none-eabi/10.3.1/../../../../arm-none-eabi/lib/thumb/v6-m/nofp/libcr_c.a(_deferredlazyseek.o)
 .comment       0x0000000000000049       0x4a /usr/local/mcuxpressoide-11.5.0_7232/ide/plugins/com.nxp.mcuxpresso.tools.linux_11.5.0.202107051138/tools/bin/../lib/gcc/arm-none-eabi/10.3.1/../../../../arm-none-eabi/lib/thumb/v6-m/nofp/libcr_c.a(_fflush.o)
 .comment       0x0000000000000049       0x4a /usr/local/mcuxpressoide-11.5.0_7232/ide/plugins/com.nxp.mcuxpresso.tools.linux_11.5.0.202107051138/tools/bin/../lib/gcc/arm-none-eabi/10.3.1/../../../../arm-none-eabi/lib/thumb/v6-m/nofp/libcr_c.a(_writebuf.o)
 .comment       0x0000000000000049       0x4a /usr/local/mcuxpressoide-11.5.0_7232/ide/plugins/com.nxp.mcuxpresso.tools.linux_11.5.0.202107051138/tools/bin/../lib/gcc/arm-none-eabi/10.3.1/../../../../arm-none-eabi/lib/thumb/v6-m/nofp/libcr_c.a(alloc.o)
 .comment       0x0000000000000049       0x4a /usr/local/mcuxpressoide-11.5.0_7232/ide/plugins/com.nxp.mcuxpresso.tools.linux_11.5.0.202107051138/tools/bin/../lib/gcc/arm-none-eabi/10.3.1/../../../../arm-none-eabi/lib/thumb/v6-m/nofp/libcr_c.a(fseek.o)
 .comment       0x0000000000000049       0x4a /usr/local/mcuxpressoide-11.5.0_7232/ide/plugins/com.nxp.mcuxpresso.tools.linux_11.5.0.202107051138/tools/bin/../lib/gcc/arm-none-eabi/10.3.1/../../../../arm-none-eabi/lib/thumb/v6-m/nofp/libcr_c.a(ftell.o)
 .comment       0x0000000000000049       0x4a /usr/local/mcuxpressoide-11.5.0_7232/ide/plugins/com.nxp.mcuxpresso.tools.linux_11.5.0.202107051138/tools/bin/../lib/gcc/arm-none-eabi/10.3.1/../../../../arm-none-eabi/lib/thumb/v6-m/nofp/libcr_c.a(initio.o)
 .comment       0x0000000000000049       0x4a /usr/local/mcuxpressoide-11.5.0_7232/ide/plugins/com.nxp.mcuxpresso.tools.linux_11.5.0.202107051138/tools/bin/../lib/gcc/arm-none-eabi/10.3.1/../../../../arm-none-eabi/lib/thumb/v6-m/nofp/libcr_c.a(printf.o)
 .comment       0x0000000000000049       0x4a /usr/local/mcuxpressoide-11.5.0_7232/ide/plugins/com.nxp.mcuxpresso.tools.linux_11.5.0.202107051138/tools/bin/../lib/gcc/arm-none-eabi/10.3.1/../../../../arm-none-eabi/lib/thumb/v6-m/nofp/libcr_c.a(setvbuf.o)
 .comment       0x0000000000000049       0x4a /usr/local/mcuxpressoide-11.5.0_7232/ide/plugins/com.nxp.mcuxpresso.tools.linux_11.5.0.202107051138/tools/bin/../lib/gcc/arm-none-eabi/10.3.1/../../../../arm-none-eabi/lib/thumb/v6-m/nofp/libcr_c.a(strlen.o)
 .comment       0x0000000000000049       0x4a /usr/local/mcuxpressoide-11.5.0_7232/ide/plugins/com.nxp.mcuxpresso.tools.linux_11.5.0.202107051138/tools/bin/../lib/gcc/arm-none-eabi/10.3.1/../../../../arm-none-eabi/lib/thumb/v6-m/nofp/libcr_c.a(__init_alloc.o)
 .comment       0x0000000000000049       0x4a /usr/local/mcuxpressoide-11.5.0_7232/ide/plugins/com.nxp.mcuxpresso.tools.linux_11.5.0.202107051138/tools/bin/../lib/gcc/arm-none-eabi/10.3.1/../../../../arm-none-eabi/lib/thumb/v6-m/nofp/libcr_c.a(_cr_sbrk.o)
 .comment       0x0000000000000049       0x4a /usr/local/mcuxpressoide-11.5.0_7232/ide/plugins/com.nxp.mcuxpresso.tools.linux_11.5.0.202107051138/tools/bin/../lib/gcc/arm-none-eabi/10.3.1/../../../../arm-none-eabi/lib/thumb/v6-m/nofp/libcr_c.a(_fdopen.o)
 .comment       0x0000000000000049       0x4a /usr/local/mcuxpressoide-11.5.0_7232/ide/plugins/com.nxp.mcuxpresso.tools.linux_11.5.0.202107051138/tools/bin/../lib/gcc/arm-none-eabi/10.3.1/../../../../arm-none-eabi/lib/thumb/v6-m/nofp/libcr_c.a(errno.o)
 .comment       0x0000000000000049       0x4a /usr/local/mcuxpressoide-11.5.0_7232/ide/plugins/com.nxp.mcuxpresso.tools.linux_11.5.0.202107051138/tools/bin/../lib/gcc/arm-none-eabi/10.3.1/../../../../arm-none-eabi/lib/thumb/v6-m/nofp/libcr_c.a(fclose.o)
 .comment       0x0000000000000049       0x4a /usr/local/mcuxpressoide-11.5.0_7232/ide/plugins/com.nxp.mcuxpresso.tools.linux_11.5.0.202107051138/tools/bin/../lib/gcc/arm-none-eabi/10.3.1/../../../../arm-none-eabi/lib/thumb/v6-m/nofp/libcr_c.a(fflush.o)
 .comment       0x0000000000000049       0x4a /usr/local/mcuxpressoide-11.5.0_7232/ide/plugins/com.nxp.mcuxpresso.tools.linux_11.5.0.202107051138/tools/bin/../lib/gcc/arm-none-eabi/10.3.1/../../../../arm-none-eabi/lib/thumb/v6-m/nofp/libcr_c.a(remove.o)
 .comment       0x0000000000000049       0x4a /usr/local/mcuxpressoide-11.5.0_7232/ide/plugins/com.nxp.mcuxpresso.tools.linux_11.5.0.202107051138/tools/bin/../lib/gcc/arm-none-eabi/10.3.1/../../../../arm-none-eabi/lib/thumb/v6-m/nofp/libcr_c.a(_cr_check_heap.o)
 .comment       0x0000000000000049       0x4a /usr/local/mcuxpressoide-11.5.0_7232/ide/plugins/com.nxp.mcuxpresso.tools.linux_11.5.0.202107051138/tools/bin/../lib/gcc/arm-none-eabi/10.3.1/../../../../arm-none-eabi/lib/thumb/v6-m/nofp/libcr_c.a(_do_fflush.o)

.ARM.attributes
                0x0000000000000000       0x2a
 .ARM.attributes
                0x0000000000000000       0x2c ./startup/startup_mkl25z4.o
 .ARM.attributes
                0x000000000000002c       0x2c ./source/TESTE_TOUCH_KL25.o
 .ARM.attributes
                0x0000000000000058       0x32 ./source/mtb.o
 .ARM.attributes
                0x000000000000008a       0x2c ./source/semihost_hardfault.o
 .ARM.attributes
                0x00000000000000b6       0x2c ./drivers/fsl_lpsci.o
 .ARM.attributes
                0x00000000000000e2       0x2c ./drivers/fsl_uart.o
 .ARM.attributes
                0x000000000000010e       0x2c ./CMSIS/system_MKL25Z4.o
 .ARM.attributes
                0x000000000000013a       0x2c /usr/local/mcuxpressoide-11.5.0_7232/ide/plugins/com.nxp.mcuxpresso.tools.linux_11.5.0.202107051138/tools/bin/../lib/gcc/arm-none-eabi/10.3.1/../../../../arm-none-eabi/lib/thumb/v6-m/nofp/libcr_semihost_nf.a(_cr__main.o)
 .ARM.attributes
                0x0000000000000166       0x31 /usr/local/mcuxpressoide-11.5.0_7232/ide/plugins/com.nxp.mcuxpresso.tools.linux_11.5.0.202107051138/tools/bin/../lib/gcc/arm-none-eabi/10.3.1/../../../../arm-none-eabi/lib/thumb/v6-m/nofp/libcr_semihost_nf.a(__ciob.o)
 .ARM.attributes
                0x0000000000000197       0x1c /usr/local/mcuxpressoide-11.5.0_7232/ide/plugins/com.nxp.mcuxpresso.tools.linux_11.5.0.202107051138/tools/bin/../lib/gcc/arm-none-eabi/10.3.1/../../../../arm-none-eabi/lib/thumb/v6-m/nofp/libcr_semihost_nf.a(__sys_appexit.o)
 .ARM.attributes
                0x00000000000001b3       0x2c /usr/local/mcuxpressoide-11.5.0_7232/ide/plugins/com.nxp.mcuxpresso.tools.linux_11.5.0.202107051138/tools/bin/../lib/gcc/arm-none-eabi/10.3.1/../../../../arm-none-eabi/lib/thumb/v6-m/nofp/libcr_c.a(memset.o)
 .ARM.attributes
                0x00000000000001df       0x2c /usr/local/mcuxpressoide-11.5.0_7232/ide/plugins/com.nxp.mcuxpresso.tools.linux_11.5.0.202107051138/tools/bin/../lib/gcc/arm-none-eabi/10.3.1/../../../../arm-none-eabi/lib/thumb/v6-m/nofp/libcr_c.a(_deferredlazyseek.o)
 .ARM.attributes
                0x000000000000020b       0x2c /usr/local/mcuxpressoide-11.5.0_7232/ide/plugins/com.nxp.mcuxpresso.tools.linux_11.5.0.202107051138/tools/bin/../lib/gcc/arm-none-eabi/10.3.1/../../../../arm-none-eabi/lib/thumb/v6-m/nofp/libcr_c.a(_fflush.o)
 .ARM.attributes
                0x0000000000000237       0x2c /usr/local/mcuxpressoide-11.5.0_7232/ide/plugins/com.nxp.mcuxpresso.tools.linux_11.5.0.202107051138/tools/bin/../lib/gcc/arm-none-eabi/10.3.1/../../../../arm-none-eabi/lib/thumb/v6-m/nofp/libcr_c.a(_writebuf.o)
 .ARM.attributes
                0x0000000000000263       0x2c /usr/local/mcuxpressoide-11.5.0_7232/ide/plugins/com.nxp.mcuxpresso.tools.linux_11.5.0.202107051138/tools/bin/../lib/gcc/arm-none-eabi/10.3.1/../../../../arm-none-eabi/lib/thumb/v6-m/nofp/libcr_c.a(alloc.o)
 .ARM.attributes
                0x000000000000028f       0x2c /usr/local/mcuxpressoide-11.5.0_7232/ide/plugins/com.nxp.mcuxpresso.tools.linux_11.5.0.202107051138/tools/bin/../lib/gcc/arm-none-eabi/10.3.1/../../../../arm-none-eabi/lib/thumb/v6-m/nofp/libcr_c.a(fseek.o)
 .ARM.attributes
                0x00000000000002bb       0x2c /usr/local/mcuxpressoide-11.5.0_7232/ide/plugins/com.nxp.mcuxpresso.tools.linux_11.5.0.202107051138/tools/bin/../lib/gcc/arm-none-eabi/10.3.1/../../../../arm-none-eabi/lib/thumb/v6-m/nofp/libcr_c.a(ftell.o)
 .ARM.attributes
                0x00000000000002e7       0x2c /usr/local/mcuxpressoide-11.5.0_7232/ide/plugins/com.nxp.mcuxpresso.tools.linux_11.5.0.202107051138/tools/bin/../lib/gcc/arm-none-eabi/10.3.1/../../../../arm-none-eabi/lib/thumb/v6-m/nofp/libcr_c.a(initio.o)
 .ARM.attributes
                0x0000000000000313       0x2c /usr/local/mcuxpressoide-11.5.0_7232/ide/plugins/com.nxp.mcuxpresso.tools.linux_11.5.0.202107051138/tools/bin/../lib/gcc/arm-none-eabi/10.3.1/../../../../arm-none-eabi/lib/thumb/v6-m/nofp/libcr_c.a(printf.o)
 .ARM.attributes
                0x000000000000033f       0x2c /usr/local/mcuxpressoide-11.5.0_7232/ide/plugins/com.nxp.mcuxpresso.tools.linux_11.5.0.202107051138/tools/bin/../lib/gcc/arm-none-eabi/10.3.1/../../../../arm-none-eabi/lib/thumb/v6-m/nofp/libcr_c.a(setvbuf.o)
 .ARM.attributes
                0x000000000000036b       0x2c /usr/local/mcuxpressoide-11.5.0_7232/ide/plugins/com.nxp.mcuxpresso.tools.linux_11.5.0.202107051138/tools/bin/../lib/gcc/arm-none-eabi/10.3.1/../../../../arm-none-eabi/lib/thumb/v6-m/nofp/libcr_c.a(strlen.o)
 .ARM.attributes
                0x0000000000000397       0x2c /usr/local/mcuxpressoide-11.5.0_7232/ide/plugins/com.nxp.mcuxpresso.tools.linux_11.5.0.202107051138/tools/bin/../lib/gcc/arm-none-eabi/10.3.1/../../../../arm-none-eabi/lib/thumb/v6-m/nofp/libcr_c.a(__init_alloc.o)
 .ARM.attributes
                0x00000000000003c3       0x2c /usr/local/mcuxpressoide-11.5.0_7232/ide/plugins/com.nxp.mcuxpresso.tools.linux_11.5.0.202107051138/tools/bin/../lib/gcc/arm-none-eabi/10.3.1/../../../../arm-none-eabi/lib/thumb/v6-m/nofp/libcr_c.a(_cr_sbrk.o)
 .ARM.attributes
                0x00000000000003ef       0x2c /usr/local/mcuxpressoide-11.5.0_7232/ide/plugins/com.nxp.mcuxpresso.tools.linux_11.5.0.202107051138/tools/bin/../lib/gcc/arm-none-eabi/10.3.1/../../../../arm-none-eabi/lib/thumb/v6-m/nofp/libcr_c.a(_fdopen.o)
 .ARM.attributes
                0x000000000000041b       0x31 /usr/local/mcuxpressoide-11.5.0_7232/ide/plugins/com.nxp.mcuxpresso.tools.linux_11.5.0.202107051138/tools/bin/../lib/gcc/arm-none-eabi/10.3.1/../../../../arm-none-eabi/lib/thumb/v6-m/nofp/libcr_c.a(errno.o)
 .ARM.attributes
                0x000000000000044c       0x2c /usr/local/mcuxpressoide-11.5.0_7232/ide/plugins/com.nxp.mcuxpresso.tools.linux_11.5.0.202107051138/tools/bin/../lib/gcc/arm-none-eabi/10.3.1/../../../../arm-none-eabi/lib/thumb/v6-m/nofp/libcr_c.a(fclose.o)
 .ARM.attributes
                0x0000000000000478       0x2c /usr/local/mcuxpressoide-11.5.0_7232/ide/plugins/com.nxp.mcuxpresso.tools.linux_11.5.0.202107051138/tools/bin/../lib/gcc/arm-none-eabi/10.3.1/../../../../arm-none-eabi/lib/thumb/v6-m/nofp/libcr_c.a(fflush.o)
 .ARM.attributes
                0x00000000000004a4       0x2c /usr/local/mcuxpressoide-11.5.0_7232/ide/plugins/com.nxp.mcuxpresso.tools.linux_11.5.0.202107051138/tools/bin/../lib/gcc/arm-none-eabi/10.3.1/../../../../arm-none-eabi/lib/thumb/v6-m/nofp/libcr_c.a(remove.o)
 .ARM.attributes
                0x00000000000004d0       0x2c /usr/local/mcuxpressoide-11.5.0_7232/ide/plugins/com.nxp.mcuxpresso.tools.linux_11.5.0.202107051138/tools/bin/../lib/gcc/arm-none-eabi/10.3.1/../../../../arm-none-eabi/lib/thumb/v6-m/nofp/libcr_c.a(_cr_check_heap.o)
 .ARM.attributes
                0x00000000000004fc       0x2c /usr/local/mcuxpressoide-11.5.0_7232/ide/plugins/com.nxp.mcuxpresso.tools.linux_11.5.0.202107051138/tools/bin/../lib/gcc/arm-none-eabi/10.3.1/../../../../arm-none-eabi/lib/thumb/v6-m/nofp/libcr_c.a(_do_fflush.o)
 .ARM.attributes
                0x0000000000000528       0x1c /usr/local/mcuxpressoide-11.5.0_7232/ide/plugins/com.nxp.mcuxpresso.tools.linux_11.5.0.202107051138/tools/bin/../lib/gcc/arm-none-eabi/10.3.1/thumb/v6-m/nofp/libcr_eabihelpers.a(llong.o)
 .ARM.attributes
                0x0000000000000544       0x1c /usr/local/mcuxpressoide-11.5.0_7232/ide/plugins/com.nxp.mcuxpresso.tools.linux_11.5.0.202107051138/tools/bin/../lib/gcc/arm-none-eabi/10.3.1/thumb/v6-m/nofp/libcr_eabihelpers.a(memcpy.o)
 .ARM.attributes
                0x0000000000000560       0x1c /usr/local/mcuxpressoide-11.5.0_7232/ide/plugins/com.nxp.mcuxpresso.tools.linux_11.5.0.202107051138/tools/bin/../lib/gcc/arm-none-eabi/10.3.1/thumb/v6-m/nofp/libcr_eabihelpers.a(thumb1_switch_helpers.o)
 .ARM.attributes
                0x000000000000057c       0x1c /usr/local/mcuxpressoide-11.5.0_7232/ide/plugins/com.nxp.mcuxpresso.tools.linux_11.5.0.202107051138/tools/bin/../lib/gcc/arm-none-eabi/10.3.1/../../../../arm-none-eabi/lib/thumb/v6-m/nofp/libcr_semihost_nf.a(__sys_close.o)
 .ARM.attributes
                0x0000000000000598       0x1c /usr/local/mcuxpressoide-11.5.0_7232/ide/plugins/com.nxp.mcuxpresso.tools.linux_11.5.0.202107051138/tools/bin/../lib/gcc/arm-none-eabi/10.3.1/../../../../arm-none-eabi/lib/thumb/v6-m/nofp/libcr_semihost_nf.a(__sys_flen.o)
 .ARM.attributes
                0x00000000000005b4       0x1c /usr/local/mcuxpressoide-11.5.0_7232/ide/plugins/com.nxp.mcuxpresso.tools.linux_11.5.0.202107051138/tools/bin/../lib/gcc/arm-none-eabi/10.3.1/../../../../arm-none-eabi/lib/thumb/v6-m/nofp/libcr_semihost_nf.a(__sys_istty.o)
 .ARM.attributes
                0x00000000000005d0       0x1c /usr/local/mcuxpressoide-11.5.0_7232/ide/plugins/com.nxp.mcuxpresso.tools.linux_11.5.0.202107051138/tools/bin/../lib/gcc/arm-none-eabi/10.3.1/../../../../arm-none-eabi/lib/thumb/v6-m/nofp/libcr_semihost_nf.a(__sys_remove.o)
 .ARM.attributes
                0x00000000000005ec       0x1c /usr/local/mcuxpressoide-11.5.0_7232/ide/plugins/com.nxp.mcuxpresso.tools.linux_11.5.0.202107051138/tools/bin/../lib/gcc/arm-none-eabi/10.3.1/../../../../arm-none-eabi/lib/thumb/v6-m/nofp/libcr_semihost_nf.a(__sys_seek.o)
 .ARM.attributes
                0x0000000000000608       0x1c /usr/local/mcuxpressoide-11.5.0_7232/ide/plugins/com.nxp.mcuxpresso.tools.linux_11.5.0.202107051138/tools/bin/../lib/gcc/arm-none-eabi/10.3.1/../../../../arm-none-eabi/lib/thumb/v6-m/nofp/libcr_semihost_nf.a(__sys_tmpnam.o)
 .ARM.attributes
                0x0000000000000624       0x1c /usr/local/mcuxpressoide-11.5.0_7232/ide/plugins/com.nxp.mcuxpresso.tools.linux_11.5.0.202107051138/tools/bin/../lib/gcc/arm-none-eabi/10.3.1/../../../../arm-none-eabi/lib/thumb/v6-m/nofp/libcr_semihost_nf.a(__sys_write.o)

.debug_frame    0x0000000000000000      0xd8c
 .debug_frame   0x0000000000000000      0x3b0 ./startup/startup_mkl25z4.o
 .debug_frame   0x00000000000003b0       0xf8 ./source/TESTE_TOUCH_KL25.o
 .debug_frame   0x00000000000004a8       0x20 ./source/semihost_hardfault.o
 .debug_frame   0x00000000000004c8      0x414 ./drivers/fsl_lpsci.o
 .debug_frame   0x00000000000008dc      0x464 ./drivers/fsl_uart.o
 .debug_frame   0x0000000000000d40       0x4c ./CMSIS/system_MKL25Z4.o

Cross Reference Table

Symbol                                            File
ADC0_DriverIRQHandler                             ./startup/startup_mkl25z4.o
ADC0_IRQHandler                                   ./startup/startup_mkl25z4.o
BOARD_BootClockRUN                                ./board/clock_config.o
BOARD_BootClockVLPR                               ./board/clock_config.o
BOARD_InitBootClocks                              ./board/clock_config.o
BOARD_InitBootPeripherals                         ./board/peripherals.o
BOARD_InitBootPins                                ./board/pin_mux.o
BOARD_InitDebugConsole                            ./board/board.o
BOARD_InitPins                                    ./board/pin_mux.o
CLOCK_BootToBlpeMode                              ./drivers/fsl_clock.o
CLOCK_BootToBlpiMode                              ./drivers/fsl_clock.o
                                                  ./board/clock_config.o
CLOCK_BootToFeeMode                               ./drivers/fsl_clock.o
CLOCK_BootToFeiMode                               ./drivers/fsl_clock.o
CLOCK_BootToPeeMode                               ./drivers/fsl_clock.o
                                                  ./board/clock_config.o
CLOCK_CalcPllDiv                                  ./drivers/fsl_clock.o
CLOCK_ClearStatusFlags                            ./drivers/fsl_clock.o
CLOCK_DeinitOsc0                                  ./drivers/fsl_clock.o
CLOCK_EnablePll0                                  ./drivers/fsl_clock.o
CLOCK_EnableUsbfs0Clock                           ./drivers/fsl_clock.o
CLOCK_ExternalModeToFbeModeQuick                  ./drivers/fsl_clock.o
CLOCK_FllStableDelay                              ./drivers/fsl_clock.o
CLOCK_GetBusClkFreq                               ./drivers/fsl_clock.o
CLOCK_GetCoreSysClkFreq                           ./drivers/fsl_clock.o
CLOCK_GetEr32kClkFreq                             ./drivers/fsl_clock.o
CLOCK_GetFixedFreqClkFreq                         ./drivers/fsl_clock.o
CLOCK_GetFlashClkFreq                             ./drivers/fsl_clock.o
CLOCK_GetFllFreq                                  ./drivers/fsl_clock.o
CLOCK_GetFreq                                     ./drivers/fsl_clock.o
CLOCK_GetInternalRefClkFreq                       ./drivers/fsl_clock.o
CLOCK_GetMode                                     ./drivers/fsl_clock.o
CLOCK_GetOsc0ErClkFreq                            ./drivers/fsl_clock.o
CLOCK_GetOutClkFreq                               ./drivers/fsl_clock.o
CLOCK_GetPlatClkFreq                              ./drivers/fsl_clock.o
CLOCK_GetPll0Freq                                 ./drivers/fsl_clock.o
CLOCK_GetPllFllSelClkFreq                         ./drivers/fsl_clock.o
                                                  ./board/board.o
CLOCK_GetStatusFlags                              ./drivers/fsl_clock.o
CLOCK_InitOsc0                                    ./drivers/fsl_clock.o
                                                  ./board/clock_config.o
CLOCK_InternalModeToFbiModeQuick                  ./drivers/fsl_clock.o
CLOCK_SetBlpeMode                                 ./drivers/fsl_clock.o
CLOCK_SetBlpiMode                                 ./drivers/fsl_clock.o
CLOCK_SetExternalRefClkConfig                     ./drivers/fsl_clock.o
CLOCK_SetFbeMode                                  ./drivers/fsl_clock.o
CLOCK_SetFbiMode                                  ./drivers/fsl_clock.o
CLOCK_SetFeeMode                                  ./drivers/fsl_clock.o
CLOCK_SetFeiMode                                  ./drivers/fsl_clock.o
CLOCK_SetInternalRefClkConfig                     ./drivers/fsl_clock.o
                                                  ./board/clock_config.o
CLOCK_SetMcgConfig                                ./drivers/fsl_clock.o
CLOCK_SetOsc0MonitorMode                          ./drivers/fsl_clock.o
CLOCK_SetPbeMode                                  ./drivers/fsl_clock.o
CLOCK_SetPeeMode                                  ./drivers/fsl_clock.o
CLOCK_SetPll0MonitorMode                          ./drivers/fsl_clock.o
CLOCK_SetSimConfig                                ./drivers/fsl_clock.o
                                                  ./board/clock_config.o
CLOCK_TrimInternalRefClk                          ./drivers/fsl_clock.o
CMP0_DriverIRQHandler                             ./startup/startup_mkl25z4.o
CMP0_IRQHandler                                   ./startup/startup_mkl25z4.o
DAC0_DriverIRQHandler                             ./startup/startup_mkl25z4.o
DAC0_IRQHandler                                   ./startup/startup_mkl25z4.o
DMA0_DriverIRQHandler                             ./startup/startup_mkl25z4.o
DMA0_IRQHandler                                   ./startup/startup_mkl25z4.o
DMA1_DriverIRQHandler                             ./startup/startup_mkl25z4.o
DMA1_IRQHandler                                   ./startup/startup_mkl25z4.o
DMA2_DriverIRQHandler                             ./startup/startup_mkl25z4.o
DMA2_IRQHandler                                   ./startup/startup_mkl25z4.o
DMA3_DriverIRQHandler                             ./startup/startup_mkl25z4.o
DMA3_IRQHandler                                   ./startup/startup_mkl25z4.o
DbgConsole_Deinit                                 ./utilities/fsl_debug_console.o
DbgConsole_Init                                   ./utilities/fsl_debug_console.o
                                                  ./board/board.o
FLASH_Erase                                       ./drivers/fsl_flash.o
FLASH_EraseAll                                    ./drivers/fsl_flash.o
FLASH_EraseAllExecuteOnlySegments                 ./drivers/fsl_flash.o
FLASH_GetProperty                                 ./drivers/fsl_flash.o
FLASH_GetSecurityState                            ./drivers/fsl_flash.o
FLASH_Init                                        ./drivers/fsl_flash.o
FLASH_IsExecuteOnly                               ./drivers/fsl_flash.o
FLASH_IsProtected                                 ./drivers/fsl_flash.o
FLASH_PflashGetPrefetchSpeculation                ./drivers/fsl_flash.o
FLASH_PflashGetProtection                         ./drivers/fsl_flash.o
FLASH_PflashSetPrefetchSpeculation                ./drivers/fsl_flash.o
                                                  ./drivers/fsl_smc.o
FLASH_PflashSetProtection                         ./drivers/fsl_flash.o
FLASH_PrepareExecuteInRamFunctions                ./drivers/fsl_flash.o
FLASH_Program                                     ./drivers/fsl_flash.o
FLASH_ProgramOnce                                 ./drivers/fsl_flash.o
FLASH_ReadOnce                                    ./drivers/fsl_flash.o
FLASH_ReadResource                                ./drivers/fsl_flash.o
FLASH_SecurityBypass                              ./drivers/fsl_flash.o
FLASH_SetCallback                                 ./drivers/fsl_flash.o
FLASH_SetProperty                                 ./drivers/fsl_flash.o
FLASH_VerifyErase                                 ./drivers/fsl_flash.o
FLASH_VerifyEraseAll                              ./drivers/fsl_flash.o
FLASH_VerifyEraseAllExecuteOnlySegments           ./drivers/fsl_flash.o
FLASH_VerifyProgram                               ./drivers/fsl_flash.o
FTFA_DriverIRQHandler                             ./startup/startup_mkl25z4.o
FTFA_IRQHandler                                   ./startup/startup_mkl25z4.o
Flash_Config                                      ./startup/startup_mkl25z4.o
GPIO_ClearPinsInterruptFlags                      ./drivers/fsl_gpio.o
GPIO_GetPinsInterruptFlags                        ./drivers/fsl_gpio.o
GPIO_PinInit                                      ./drivers/fsl_gpio.o
HardFault_Handler                                 ./source/semihost_hardfault.o
                                                  ./startup/startup_mkl25z4.o
I2C0_DriverIRQHandler                             ./startup/startup_mkl25z4.o
I2C0_IRQHandler                                   ./startup/startup_mkl25z4.o
I2C1_DriverIRQHandler                             ./startup/startup_mkl25z4.o
I2C1_IRQHandler                                   ./startup/startup_mkl25z4.o
InstallIRQHandler                                 ./drivers/fsl_common.o
IntDefaultHandler                                 ./startup/startup_mkl25z4.o
LLWU_DriverIRQHandler                             ./startup/startup_mkl25z4.o
LLWU_IRQHandler                                   ./startup/startup_mkl25z4.o
LPSCI_ClearStatusFlags                            ./drivers/fsl_lpsci.o
LPSCI_Deinit                                      ./drivers/fsl_lpsci.o
                                                  ./utilities/fsl_debug_console.o
LPSCI_DisableInterrupts                           ./drivers/fsl_lpsci.o
LPSCI_EnableInterrupts                            ./drivers/fsl_lpsci.o
LPSCI_GetDefaultConfig                            ./drivers/fsl_lpsci.o
                                                  ./utilities/fsl_debug_console.o
LPSCI_GetEnabledInterrupts                        ./drivers/fsl_lpsci.o
LPSCI_GetInstance                                 ./drivers/fsl_lpsci.o
LPSCI_GetStatusFlags                              ./drivers/fsl_lpsci.o
LPSCI_Init                                        ./drivers/fsl_lpsci.o
                                                  ./utilities/fsl_debug_console.o
LPSCI_ReadBlocking                                ./drivers/fsl_lpsci.o
                                                  ./utilities/fsl_debug_console.o
LPSCI_SetBaudRate                                 ./drivers/fsl_lpsci.o
LPSCI_TransferAbortReceive                        ./drivers/fsl_lpsci.o
LPSCI_TransferAbortSend                           ./drivers/fsl_lpsci.o
LPSCI_TransferCreateHandle                        ./drivers/fsl_lpsci.o
LPSCI_TransferGetReceiveCount                     ./drivers/fsl_lpsci.o
LPSCI_TransferGetSendCount                        ./drivers/fsl_lpsci.o
LPSCI_TransferHandleErrorIRQ                      ./drivers/fsl_lpsci.o
LPSCI_TransferHandleIRQ                           ./drivers/fsl_lpsci.o
LPSCI_TransferReceiveNonBlocking                  ./drivers/fsl_lpsci.o
LPSCI_TransferSendNonBlocking                     ./drivers/fsl_lpsci.o
LPSCI_TransferStartRingBuffer                     ./drivers/fsl_lpsci.o
LPSCI_TransferStopRingBuffer                      ./drivers/fsl_lpsci.o
LPSCI_WriteBlocking                               ./drivers/fsl_lpsci.o
                                                  ./utilities/fsl_debug_console.o
LPTMR0_DriverIRQHandler                           ./startup/startup_mkl25z4.o
LPTMR0_IRQHandler                                 ./startup/startup_mkl25z4.o
LVD_LVW_DriverIRQHandler                          ./startup/startup_mkl25z4.o
LVD_LVW_IRQHandler                                ./startup/startup_mkl25z4.o
MCG_DriverIRQHandler                              ./startup/startup_mkl25z4.o
MCG_IRQHandler                                    ./startup/startup_mkl25z4.o
NMI_Handler                                       ./startup/startup_mkl25z4.o
PIT_DriverIRQHandler                              ./startup/startup_mkl25z4.o
PIT_IRQHandler                                    ./startup/startup_mkl25z4.o
PORTA_DriverIRQHandler                            ./startup/startup_mkl25z4.o
PORTA_IRQHandler                                  ./startup/startup_mkl25z4.o
PORTD_DriverIRQHandler                            ./startup/startup_mkl25z4.o
PORTD_IRQHandler                                  ./startup/startup_mkl25z4.o
PendSV_Handler                                    ./startup/startup_mkl25z4.o
RTC_DriverIRQHandler                              ./startup/startup_mkl25z4.o
RTC_IRQHandler                                    ./startup/startup_mkl25z4.o
RTC_Seconds_DriverIRQHandler                      ./startup/startup_mkl25z4.o
RTC_Seconds_IRQHandler                            ./startup/startup_mkl25z4.o
Reserved20_DriverIRQHandler                       ./startup/startup_mkl25z4.o
Reserved20_IRQHandler                             ./startup/startup_mkl25z4.o
Reserved39_DriverIRQHandler                       ./startup/startup_mkl25z4.o
Reserved39_IRQHandler                             ./startup/startup_mkl25z4.o
Reserved45_DriverIRQHandler                       ./startup/startup_mkl25z4.o
Reserved45_IRQHandler                             ./startup/startup_mkl25z4.o
ResetISR                                          ./startup/startup_mkl25z4.o
SMC_PostExitStopModes                             ./drivers/fsl_smc.o
SMC_PreEnterStopModes                             ./drivers/fsl_smc.o
SMC_SetPowerModeLls                               ./drivers/fsl_smc.o
SMC_SetPowerModeRun                               ./drivers/fsl_smc.o
SMC_SetPowerModeStop                              ./drivers/fsl_smc.o
SMC_SetPowerModeVlls                              ./drivers/fsl_smc.o
SMC_SetPowerModeVlpr                              ./drivers/fsl_smc.o
                                                  ./board/clock_config.o
SMC_SetPowerModeVlps                              ./drivers/fsl_smc.o
SMC_SetPowerModeVlpw                              ./drivers/fsl_smc.o
SMC_SetPowerModeWait                              ./drivers/fsl_smc.o
SPI0_DriverIRQHandler                             ./startup/startup_mkl25z4.o
SPI0_IRQHandler                                   ./startup/startup_mkl25z4.o
SPI1_DriverIRQHandler                             ./startup/startup_mkl25z4.o
SPI1_IRQHandler                                   ./startup/startup_mkl25z4.o
SVC_Handler                                       ./startup/startup_mkl25z4.o
SysTick_Handler                                   ./startup/startup_mkl25z4.o
SystemCoreClock                                   ./CMSIS/system_MKL25Z4.o
                                                  ./board/clock_config.o
SystemCoreClockUpdate                             ./CMSIS/system_MKL25Z4.o
SystemInit                                        ./CMSIS/system_MKL25Z4.o
                                                  ./startup/startup_mkl25z4.o
TPM0_DriverIRQHandler                             ./startup/startup_mkl25z4.o
TPM0_IRQHandler                                   ./startup/startup_mkl25z4.o
TPM1_DriverIRQHandler                             ./startup/startup_mkl25z4.o
TPM1_IRQHandler                                   ./startup/startup_mkl25z4.o
TPM2_DriverIRQHandler                             ./startup/startup_mkl25z4.o
TPM2_IRQHandler                                   ./startup/startup_mkl25z4.o
TSI0_DriverIRQHandler                             ./startup/startup_mkl25z4.o
TSI0_IRQHandler                                   ./startup/startup_mkl25z4.o
TSI_Calibrate                                     ./drivers/fsl_tsi_v4.o
TSI_ClearStatusFlags                              ./drivers/fsl_tsi_v4.o
TSI_Deinit                                        ./drivers/fsl_tsi_v4.o
TSI_DisableInterrupts                             ./drivers/fsl_tsi_v4.o
TSI_EnableInterrupts                              ./drivers/fsl_tsi_v4.o
TSI_GetLowPowerModeDefaultConfig                  ./drivers/fsl_tsi_v4.o
TSI_GetNormalModeDefaultConfig                    ./drivers/fsl_tsi_v4.o
TSI_Init                                          ./drivers/fsl_tsi_v4.o
Touch_Init                                        ./source/TESTE_TOUCH_KL25.o
Touch_Scan_LH                                     ./source/TESTE_TOUCH_KL25.o
UART0_DriverIRQHandler                            ./drivers/fsl_lpsci.o
                                                  ./startup/startup_mkl25z4.o
UART0_IRQHandler                                  ./startup/startup_mkl25z4.o
UART1_DriverIRQHandler                            ./drivers/fsl_uart.o
                                                  ./startup/startup_mkl25z4.o
UART1_IRQHandler                                  ./startup/startup_mkl25z4.o
UART1_RX_TX_DriverIRQHandler                      ./drivers/fsl_uart.o
UART2_DriverIRQHandler                            ./drivers/fsl_uart.o
                                                  ./startup/startup_mkl25z4.o
UART2_IRQHandler                                  ./startup/startup_mkl25z4.o
UART2_RX_TX_DriverIRQHandler                      ./drivers/fsl_uart.o
UART_ClearStatusFlags                             ./drivers/fsl_uart.o
UART_Deinit                                       ./drivers/fsl_uart.o
                                                  ./utilities/fsl_debug_console.o
UART_DisableInterrupts                            ./drivers/fsl_uart.o
UART_EnableInterrupts                             ./drivers/fsl_uart.o
UART_GetDefaultConfig                             ./drivers/fsl_uart.o
                                                  ./utilities/fsl_debug_console.o
UART_GetEnabledInterrupts                         ./drivers/fsl_uart.o
UART_GetInstance                                  ./drivers/fsl_uart.o
UART_GetStatusFlags                               ./drivers/fsl_uart.o
UART_Init                                         ./drivers/fsl_uart.o
                                                  ./utilities/fsl_debug_console.o
UART_ReadBlocking                                 ./drivers/fsl_uart.o
                                                  ./utilities/fsl_debug_console.o
UART_SetBaudRate                                  ./drivers/fsl_uart.o
UART_TransferAbortReceive                         ./drivers/fsl_uart.o
UART_TransferAbortSend                            ./drivers/fsl_uart.o
UART_TransferCreateHandle                         ./drivers/fsl_uart.o
UART_TransferGetReceiveCount                      ./drivers/fsl_uart.o
UART_TransferGetSendCount                         ./drivers/fsl_uart.o
UART_TransferHandleErrorIRQ                       ./drivers/fsl_uart.o
UART_TransferHandleIRQ                            ./drivers/fsl_uart.o
UART_TransferReceiveNonBlocking                   ./drivers/fsl_uart.o
UART_TransferSendNonBlocking                      ./drivers/fsl_uart.o
UART_TransferStartRingBuffer                      ./drivers/fsl_uart.o
UART_TransferStopRingBuffer                       ./drivers/fsl_uart.o
UART_WriteBlocking                                ./drivers/fsl_uart.o
                                                  ./utilities/fsl_debug_console.o
USB0_DriverIRQHandler                             ./startup/startup_mkl25z4.o
USB0_IRQHandler                                   ./startup/startup_mkl25z4.o
_Csys_alloc                                       /usr/local/mcuxpressoide-11.5.0_7232/ide/plugins/com.nxp.mcuxpresso.tools.linux_11.5.0.202107051138/tools/bin/../lib/gcc/arm-none-eabi/10.3.1/../../../../arm-none-eabi/lib/thumb/v6-m/nofp/libcr_c.a(alloc.o)
                                                  /usr/local/mcuxpressoide-11.5.0_7232/ide/plugins/com.nxp.mcuxpresso.tools.linux_11.5.0.202107051138/tools/bin/../lib/gcc/arm-none-eabi/10.3.1/../../../../arm-none-eabi/lib/thumb/v6-m/nofp/libcr_c.a(_deferredlazyseek.o)
_Cwritebuf                                        /usr/local/mcuxpressoide-11.5.0_7232/ide/plugins/com.nxp.mcuxpresso.tools.linux_11.5.0.202107051138/tools/bin/../lib/gcc/arm-none-eabi/10.3.1/../../../../arm-none-eabi/lib/thumb/v6-m/nofp/libcr_c.a(_writebuf.o)
                                                  /usr/local/mcuxpressoide-11.5.0_7232/ide/plugins/com.nxp.mcuxpresso.tools.linux_11.5.0.202107051138/tools/bin/../lib/gcc/arm-none-eabi/10.3.1/../../../../arm-none-eabi/lib/thumb/v6-m/nofp/libcr_c.a(_fflush.o)
                                                  /usr/local/mcuxpressoide-11.5.0_7232/ide/plugins/com.nxp.mcuxpresso.tools.linux_11.5.0.202107051138/tools/bin/../lib/gcc/arm-none-eabi/10.3.1/../../../../arm-none-eabi/lib/thumb/v6-m/nofp/libcr_c.a(_deferredlazyseek.o)
__CR_SEMIHOST                                     /usr/local/mcuxpressoide-11.5.0_7232/ide/plugins/com.nxp.mcuxpresso.tools.linux_11.5.0.202107051138/tools/bin/../lib/gcc/arm-none-eabi/10.3.1/../../../../arm-none-eabi/lib/thumb/v6-m/nofp/libcr_semihost_nf.a(_cr__main.o)
__Ciob                                            /usr/local/mcuxpressoide-11.5.0_7232/ide/plugins/com.nxp.mcuxpresso.tools.linux_11.5.0.202107051138/tools/bin/../lib/gcc/arm-none-eabi/10.3.1/../../../../arm-none-eabi/lib/thumb/v6-m/nofp/libcr_semihost_nf.a(__ciob.o)
                                                  /usr/local/mcuxpressoide-11.5.0_7232/ide/plugins/com.nxp.mcuxpresso.tools.linux_11.5.0.202107051138/tools/bin/../lib/gcc/arm-none-eabi/10.3.1/../../../../arm-none-eabi/lib/thumb/v6-m/nofp/libcr_c.a(fflush.o)
                                                  /usr/local/mcuxpressoide-11.5.0_7232/ide/plugins/com.nxp.mcuxpresso.tools.linux_11.5.0.202107051138/tools/bin/../lib/gcc/arm-none-eabi/10.3.1/../../../../arm-none-eabi/lib/thumb/v6-m/nofp/libcr_c.a(printf.o)
                                                  /usr/local/mcuxpressoide-11.5.0_7232/ide/plugins/com.nxp.mcuxpresso.tools.linux_11.5.0.202107051138/tools/bin/../lib/gcc/arm-none-eabi/10.3.1/../../../../arm-none-eabi/lib/thumb/v6-m/nofp/libcr_c.a(initio.o)
                                                  /usr/local/mcuxpressoide-11.5.0_7232/ide/plugins/com.nxp.mcuxpresso.tools.linux_11.5.0.202107051138/tools/bin/../lib/gcc/arm-none-eabi/10.3.1/../../../../arm-none-eabi/lib/thumb/v6-m/nofp/libcr_semihost_nf.a(_cr_assert.o)
__RAM_VECTOR_TABLE_SIZE_BYTES                     ./drivers/fsl_common.o
__VECTOR_RAM                                      ./drivers/fsl_common.o
__VECTOR_TABLE                                    ./drivers/fsl_common.o
__Vectors                                         ./startup/startup_mkl25z4.o
__aeabi_idiv                                      /usr/local/mcuxpressoide-11.5.0_7232/ide/plugins/com.nxp.mcuxpresso.tools.linux_11.5.0.202107051138/tools/bin/../lib/gcc/arm-none-eabi/10.3.1/thumb/v6-m/nofp/libcr_eabihelpers.a(division_32.o)
__aeabi_idiv0                                     /usr/local/mcuxpressoide-11.5.0_7232/ide/plugins/com.nxp.mcuxpresso.tools.linux_11.5.0.202107051138/tools/bin/../lib/gcc/arm-none-eabi/10.3.1/thumb/v6-m/nofp/libcr_eabihelpers.a(division_idiv0.o)
                                                  /usr/local/mcuxpressoide-11.5.0_7232/ide/plugins/com.nxp.mcuxpresso.tools.linux_11.5.0.202107051138/tools/bin/../lib/gcc/arm-none-eabi/10.3.1/thumb/v6-m/nofp/libcr_eabihelpers.a(division_32.o)
__aeabi_idivmod                                   /usr/local/mcuxpressoide-11.5.0_7232/ide/plugins/com.nxp.mcuxpresso.tools.linux_11.5.0.202107051138/tools/bin/../lib/gcc/arm-none-eabi/10.3.1/thumb/v6-m/nofp/libcr_eabihelpers.a(division_32.o)
__aeabi_lasr                                      /usr/local/mcuxpressoide-11.5.0_7232/ide/plugins/com.nxp.mcuxpresso.tools.linux_11.5.0.202107051138/tools/bin/../lib/gcc/arm-none-eabi/10.3.1/thumb/v6-m/nofp/libcr_eabihelpers.a(llong.o)
__aeabi_lcmp                                      /usr/local/mcuxpressoide-11.5.0_7232/ide/plugins/com.nxp.mcuxpresso.tools.linux_11.5.0.202107051138/tools/bin/../lib/gcc/arm-none-eabi/10.3.1/thumb/v6-m/nofp/libcr_eabihelpers.a(llong.o)
__aeabi_llsl                                      /usr/local/mcuxpressoide-11.5.0_7232/ide/plugins/com.nxp.mcuxpresso.tools.linux_11.5.0.202107051138/tools/bin/../lib/gcc/arm-none-eabi/10.3.1/thumb/v6-m/nofp/libcr_eabihelpers.a(llong.o)
__aeabi_llsr                                      /usr/local/mcuxpressoide-11.5.0_7232/ide/plugins/com.nxp.mcuxpresso.tools.linux_11.5.0.202107051138/tools/bin/../lib/gcc/arm-none-eabi/10.3.1/thumb/v6-m/nofp/libcr_eabihelpers.a(llong.o)
__aeabi_lmul                                      /usr/local/mcuxpressoide-11.5.0_7232/ide/plugins/com.nxp.mcuxpresso.tools.linux_11.5.0.202107051138/tools/bin/../lib/gcc/arm-none-eabi/10.3.1/thumb/v6-m/nofp/libcr_eabihelpers.a(llong.o)
                                                  /usr/local/mcuxpressoide-11.5.0_7232/ide/plugins/com.nxp.mcuxpresso.tools.linux_11.5.0.202107051138/tools/bin/../lib/gcc/arm-none-eabi/10.3.1/../../../../arm-none-eabi/lib/thumb/v6-m/nofp/libcr_c.a(printf.o)
__aeabi_lowlevel_memset                           /usr/local/mcuxpressoide-11.5.0_7232/ide/plugins/com.nxp.mcuxpresso.tools.linux_11.5.0.202107051138/tools/bin/../lib/gcc/arm-none-eabi/10.3.1/thumb/v6-m/nofp/libcr_eabihelpers.a(memcpy.o)
                                                  /usr/local/mcuxpressoide-11.5.0_7232/ide/plugins/com.nxp.mcuxpresso.tools.linux_11.5.0.202107051138/tools/bin/../lib/gcc/arm-none-eabi/10.3.1/../../../../arm-none-eabi/lib/thumb/v6-m/nofp/libcr_c.a(memset.o)
__aeabi_memclr                                    /usr/local/mcuxpressoide-11.5.0_7232/ide/plugins/com.nxp.mcuxpresso.tools.linux_11.5.0.202107051138/tools/bin/../lib/gcc/arm-none-eabi/10.3.1/thumb/v6-m/nofp/libcr_eabihelpers.a(memcpy.o)
__aeabi_memclr4                                   /usr/local/mcuxpressoide-11.5.0_7232/ide/plugins/com.nxp.mcuxpresso.tools.linux_11.5.0.202107051138/tools/bin/../lib/gcc/arm-none-eabi/10.3.1/thumb/v6-m/nofp/libcr_eabihelpers.a(memcpy.o)
__aeabi_memclr8                                   /usr/local/mcuxpressoide-11.5.0_7232/ide/plugins/com.nxp.mcuxpresso.tools.linux_11.5.0.202107051138/tools/bin/../lib/gcc/arm-none-eabi/10.3.1/thumb/v6-m/nofp/libcr_eabihelpers.a(memcpy.o)
__aeabi_memcpy                                    /usr/local/mcuxpressoide-11.5.0_7232/ide/plugins/com.nxp.mcuxpresso.tools.linux_11.5.0.202107051138/tools/bin/../lib/gcc/arm-none-eabi/10.3.1/thumb/v6-m/nofp/libcr_eabihelpers.a(memcpy.o)
                                                  /usr/local/mcuxpressoide-11.5.0_7232/ide/plugins/com.nxp.mcuxpresso.tools.linux_11.5.0.202107051138/tools/bin/../lib/gcc/arm-none-eabi/10.3.1/../../../../arm-none-eabi/lib/thumb/v6-m/nofp/libcr_c.a(memcpy.o)
__aeabi_memcpy4                                   /usr/local/mcuxpressoide-11.5.0_7232/ide/plugins/com.nxp.mcuxpresso.tools.linux_11.5.0.202107051138/tools/bin/../lib/gcc/arm-none-eabi/10.3.1/thumb/v6-m/nofp/libcr_eabihelpers.a(memcpy.o)
__aeabi_memcpy8                                   /usr/local/mcuxpressoide-11.5.0_7232/ide/plugins/com.nxp.mcuxpresso.tools.linux_11.5.0.202107051138/tools/bin/../lib/gcc/arm-none-eabi/10.3.1/thumb/v6-m/nofp/libcr_eabihelpers.a(memcpy.o)
__aeabi_memmove                                   /usr/local/mcuxpressoide-11.5.0_7232/ide/plugins/com.nxp.mcuxpresso.tools.linux_11.5.0.202107051138/tools/bin/../lib/gcc/arm-none-eabi/10.3.1/thumb/v6-m/nofp/libcr_eabihelpers.a(memcpy.o)
__aeabi_memmove4                                  /usr/local/mcuxpressoide-11.5.0_7232/ide/plugins/com.nxp.mcuxpresso.tools.linux_11.5.0.202107051138/tools/bin/../lib/gcc/arm-none-eabi/10.3.1/thumb/v6-m/nofp/libcr_eabihelpers.a(memcpy.o)
__aeabi_memmove8                                  /usr/local/mcuxpressoide-11.5.0_7232/ide/plugins/com.nxp.mcuxpresso.tools.linux_11.5.0.202107051138/tools/bin/../lib/gcc/arm-none-eabi/10.3.1/thumb/v6-m/nofp/libcr_eabihelpers.a(memcpy.o)
__aeabi_memset                                    /usr/local/mcuxpressoide-11.5.0_7232/ide/plugins/com.nxp.mcuxpresso.tools.linux_11.5.0.202107051138/tools/bin/../lib/gcc/arm-none-eabi/10.3.1/thumb/v6-m/nofp/libcr_eabihelpers.a(memcpy.o)
__aeabi_memset4                                   /usr/local/mcuxpressoide-11.5.0_7232/ide/plugins/com.nxp.mcuxpresso.tools.linux_11.5.0.202107051138/tools/bin/../lib/gcc/arm-none-eabi/10.3.1/thumb/v6-m/nofp/libcr_eabihelpers.a(memcpy.o)
__aeabi_memset8                                   /usr/local/mcuxpressoide-11.5.0_7232/ide/plugins/com.nxp.mcuxpresso.tools.linux_11.5.0.202107051138/tools/bin/../lib/gcc/arm-none-eabi/10.3.1/thumb/v6-m/nofp/libcr_eabihelpers.a(memcpy.o)
__aeabi_uidiv                                     /usr/local/mcuxpressoide-11.5.0_7232/ide/plugins/com.nxp.mcuxpresso.tools.linux_11.5.0.202107051138/tools/bin/../lib/gcc/arm-none-eabi/10.3.1/thumb/v6-m/nofp/libcr_eabihelpers.a(division_32.o)
                                                  ./CMSIS/system_MKL25Z4.o
                                                  ./drivers/fsl_uart.o
                                                  ./drivers/fsl_lpsci.o
                                                  ./drivers/fsl_flash.o
                                                  ./drivers/fsl_clock.o
__aeabi_uidivmod                                  /usr/local/mcuxpressoide-11.5.0_7232/ide/plugins/com.nxp.mcuxpresso.tools.linux_11.5.0.202107051138/tools/bin/../lib/gcc/arm-none-eabi/10.3.1/thumb/v6-m/nofp/libcr_eabihelpers.a(division_32.o)
                                                  ./drivers/fsl_flash.o
__aeabi_ulcmp                                     /usr/local/mcuxpressoide-11.5.0_7232/ide/plugins/com.nxp.mcuxpresso.tools.linux_11.5.0.202107051138/tools/bin/../lib/gcc/arm-none-eabi/10.3.1/thumb/v6-m/nofp/libcr_eabihelpers.a(llong.o)
__assertion_failed                                /usr/local/mcuxpressoide-11.5.0_7232/ide/plugins/com.nxp.mcuxpresso.tools.linux_11.5.0.202107051138/tools/bin/../lib/gcc/arm-none-eabi/10.3.1/../../../../arm-none-eabi/lib/thumb/v6-m/nofp/libcr_semihost_nf.a(_cr_assert.o)
                                                  ./drivers/fsl_uart.o
                                                  ./drivers/fsl_tsi_v4.o
                                                  ./drivers/fsl_lpsci.o
                                                  ./drivers/fsl_gpio.o
                                                  ./drivers/fsl_clock.o
__bss_section_table_end                           ./startup/startup_mkl25z4.o
__check_heap_overflow                             /usr/local/mcuxpressoide-11.5.0_7232/ide/plugins/com.nxp.mcuxpresso.tools.linux_11.5.0.202107051138/tools/bin/../lib/gcc/arm-none-eabi/10.3.1/../../../../arm-none-eabi/lib/thumb/v6-m/nofp/libcr_c.a(_cr_check_heap.o)
                                                  /usr/local/mcuxpressoide-11.5.0_7232/ide/plugins/com.nxp.mcuxpresso.tools.linux_11.5.0.202107051138/tools/bin/../lib/gcc/arm-none-eabi/10.3.1/../../../../arm-none-eabi/lib/thumb/v6-m/nofp/libcr_c.a(_cr_sbrk.o)
__data_section_table                              ./startup/startup_mkl25z4.o
__data_section_table_end                          ./startup/startup_mkl25z4.o
__end_of_heap                                     /usr/local/mcuxpressoide-11.5.0_7232/ide/plugins/com.nxp.mcuxpresso.tools.linux_11.5.0.202107051138/tools/bin/../lib/gcc/arm-none-eabi/10.3.1/../../../../arm-none-eabi/lib/thumb/v6-m/nofp/libcr_c.a(__init_alloc.o)
                                                  /usr/local/mcuxpressoide-11.5.0_7232/ide/plugins/com.nxp.mcuxpresso.tools.linux_11.5.0.202107051138/tools/bin/../lib/gcc/arm-none-eabi/10.3.1/../../../../arm-none-eabi/lib/thumb/v6-m/nofp/libcr_c.a(_cr_sbrk.o)
__exit                                            /usr/local/mcuxpressoide-11.5.0_7232/ide/plugins/com.nxp.mcuxpresso.tools.linux_11.5.0.202107051138/tools/bin/../lib/gcc/arm-none-eabi/10.3.1/../../../../arm-none-eabi/lib/thumb/v6-m/nofp/libcr_semihost_nf.a(__sys_appexit.o)
__flsbuf                                          /usr/local/mcuxpressoide-11.5.0_7232/ide/plugins/com.nxp.mcuxpresso.tools.linux_11.5.0.202107051138/tools/bin/../lib/gcc/arm-none-eabi/10.3.1/../../../../arm-none-eabi/lib/thumb/v6-m/nofp/libcr_c.a(_deferredlazyseek.o)
                                                  /usr/local/mcuxpressoide-11.5.0_7232/ide/plugins/com.nxp.mcuxpresso.tools.linux_11.5.0.202107051138/tools/bin/../lib/gcc/arm-none-eabi/10.3.1/../../../../arm-none-eabi/lib/thumb/v6-m/nofp/libcr_c.a(printf.o)
                                                  /usr/local/mcuxpressoide-11.5.0_7232/ide/plugins/com.nxp.mcuxpresso.tools.linux_11.5.0.202107051138/tools/bin/../lib/gcc/arm-none-eabi/10.3.1/../../../../arm-none-eabi/lib/thumb/v6-m/nofp/libcr_c.a(fputs.o)
                                                  /usr/local/mcuxpressoide-11.5.0_7232/ide/plugins/com.nxp.mcuxpresso.tools.linux_11.5.0.202107051138/tools/bin/../lib/gcc/arm-none-eabi/10.3.1/../../../../arm-none-eabi/lib/thumb/v6-m/nofp/libcr_semihost_nf.a(_cr_assert.o)
__gnu_thumb1_case_shi                             /usr/local/mcuxpressoide-11.5.0_7232/ide/plugins/com.nxp.mcuxpresso.tools.linux_11.5.0.202107051138/tools/bin/../lib/gcc/arm-none-eabi/10.3.1/thumb/v6-m/nofp/libcr_eabihelpers.a(thumb1_switch_helpers.o)
                                                  /usr/local/mcuxpressoide-11.5.0_7232/ide/plugins/com.nxp.mcuxpresso.tools.linux_11.5.0.202107051138/tools/bin/../lib/gcc/arm-none-eabi/10.3.1/../../../../arm-none-eabi/lib/thumb/v6-m/nofp/libcr_c.a(printf.o)
__gnu_thumb1_case_si                              /usr/local/mcuxpressoide-11.5.0_7232/ide/plugins/com.nxp.mcuxpresso.tools.linux_11.5.0.202107051138/tools/bin/../lib/gcc/arm-none-eabi/10.3.1/thumb/v6-m/nofp/libcr_eabihelpers.a(thumb1_switch_helpers.o)
__gnu_thumb1_case_sqi                             /usr/local/mcuxpressoide-11.5.0_7232/ide/plugins/com.nxp.mcuxpresso.tools.linux_11.5.0.202107051138/tools/bin/../lib/gcc/arm-none-eabi/10.3.1/thumb/v6-m/nofp/libcr_eabihelpers.a(thumb1_switch_helpers.o)
__gnu_thumb1_case_uhi                             /usr/local/mcuxpressoide-11.5.0_7232/ide/plugins/com.nxp.mcuxpresso.tools.linux_11.5.0.202107051138/tools/bin/../lib/gcc/arm-none-eabi/10.3.1/thumb/v6-m/nofp/libcr_eabihelpers.a(thumb1_switch_helpers.o)
__gnu_thumb1_case_uqi                             /usr/local/mcuxpressoide-11.5.0_7232/ide/plugins/com.nxp.mcuxpresso.tools.linux_11.5.0.202107051138/tools/bin/../lib/gcc/arm-none-eabi/10.3.1/thumb/v6-m/nofp/libcr_eabihelpers.a(thumb1_switch_helpers.o)
__heaps                                           /usr/local/mcuxpressoide-11.5.0_7232/ide/plugins/com.nxp.mcuxpresso.tools.linux_11.5.0.202107051138/tools/bin/../lib/gcc/arm-none-eabi/10.3.1/../../../../arm-none-eabi/lib/thumb/v6-m/nofp/libcr_c.a(__init_alloc.o)
                                                  /usr/local/mcuxpressoide-11.5.0_7232/ide/plugins/com.nxp.mcuxpresso.tools.linux_11.5.0.202107051138/tools/bin/../lib/gcc/arm-none-eabi/10.3.1/../../../../arm-none-eabi/lib/thumb/v6-m/nofp/libcr_c.a(alloc.o)
__main                                            /usr/local/mcuxpressoide-11.5.0_7232/ide/plugins/com.nxp.mcuxpresso.tools.linux_11.5.0.202107051138/tools/bin/../lib/gcc/arm-none-eabi/10.3.1/../../../../arm-none-eabi/lib/thumb/v6-m/nofp/libcr_semihost_nf.a(_cr__main.o)
                                                  ./startup/startup_mkl25z4.o
__mtb_buffer__                                    ./source/mtb.o
__num_Ciob_streams                                /usr/local/mcuxpressoide-11.5.0_7232/ide/plugins/com.nxp.mcuxpresso.tools.linux_11.5.0.202107051138/tools/bin/../lib/gcc/arm-none-eabi/10.3.1/../../../../arm-none-eabi/lib/thumb/v6-m/nofp/libcr_semihost_nf.a(__ciob.o)
                                                  /usr/local/mcuxpressoide-11.5.0_7232/ide/plugins/com.nxp.mcuxpresso.tools.linux_11.5.0.202107051138/tools/bin/../lib/gcc/arm-none-eabi/10.3.1/../../../../arm-none-eabi/lib/thumb/v6-m/nofp/libcr_c.a(fflush.o)
                                                  /usr/local/mcuxpressoide-11.5.0_7232/ide/plugins/com.nxp.mcuxpresso.tools.linux_11.5.0.202107051138/tools/bin/../lib/gcc/arm-none-eabi/10.3.1/../../../../arm-none-eabi/lib/thumb/v6-m/nofp/libcr_c.a(initio.o)
__sys_appexit                                     /usr/local/mcuxpressoide-11.5.0_7232/ide/plugins/com.nxp.mcuxpresso.tools.linux_11.5.0.202107051138/tools/bin/../lib/gcc/arm-none-eabi/10.3.1/../../../../arm-none-eabi/lib/thumb/v6-m/nofp/libcr_semihost_nf.a(__sys_appexit.o)
                                                  /usr/local/mcuxpressoide-11.5.0_7232/ide/plugins/com.nxp.mcuxpresso.tools.linux_11.5.0.202107051138/tools/bin/../lib/gcc/arm-none-eabi/10.3.1/../../../../arm-none-eabi/lib/thumb/v6-m/nofp/libcr_c.a(alloc.o)
                                                  /usr/local/mcuxpressoide-11.5.0_7232/ide/plugins/com.nxp.mcuxpresso.tools.linux_11.5.0.202107051138/tools/bin/../lib/gcc/arm-none-eabi/10.3.1/../../../../arm-none-eabi/lib/thumb/v6-m/nofp/libcr_semihost_nf.a(_cr_assert.o)
__sys_close                                       /usr/local/mcuxpressoide-11.5.0_7232/ide/plugins/com.nxp.mcuxpresso.tools.linux_11.5.0.202107051138/tools/bin/../lib/gcc/arm-none-eabi/10.3.1/../../../../arm-none-eabi/lib/thumb/v6-m/nofp/libcr_semihost_nf.a(__sys_close.o)
                                                  /usr/local/mcuxpressoide-11.5.0_7232/ide/plugins/com.nxp.mcuxpresso.tools.linux_11.5.0.202107051138/tools/bin/../lib/gcc/arm-none-eabi/10.3.1/../../../../arm-none-eabi/lib/thumb/v6-m/nofp/libcr_c.a(fclose.o)
__sys_flen                                        /usr/local/mcuxpressoide-11.5.0_7232/ide/plugins/com.nxp.mcuxpresso.tools.linux_11.5.0.202107051138/tools/bin/../lib/gcc/arm-none-eabi/10.3.1/../../../../arm-none-eabi/lib/thumb/v6-m/nofp/libcr_semihost_nf.a(__sys_flen.o)
                                                  /usr/local/mcuxpressoide-11.5.0_7232/ide/plugins/com.nxp.mcuxpresso.tools.linux_11.5.0.202107051138/tools/bin/../lib/gcc/arm-none-eabi/10.3.1/../../../../arm-none-eabi/lib/thumb/v6-m/nofp/libcr_c.a(fseek.o)
                                                  /usr/local/mcuxpressoide-11.5.0_7232/ide/plugins/com.nxp.mcuxpresso.tools.linux_11.5.0.202107051138/tools/bin/../lib/gcc/arm-none-eabi/10.3.1/../../../../arm-none-eabi/lib/thumb/v6-m/nofp/libcr_c.a(_writebuf.o)
__sys_istty                                       /usr/local/mcuxpressoide-11.5.0_7232/ide/plugins/com.nxp.mcuxpresso.tools.linux_11.5.0.202107051138/tools/bin/../lib/gcc/arm-none-eabi/10.3.1/../../../../arm-none-eabi/lib/thumb/v6-m/nofp/libcr_semihost_nf.a(__sys_istty.o)
                                                  /usr/local/mcuxpressoide-11.5.0_7232/ide/plugins/com.nxp.mcuxpresso.tools.linux_11.5.0.202107051138/tools/bin/../lib/gcc/arm-none-eabi/10.3.1/../../../../arm-none-eabi/lib/thumb/v6-m/nofp/libcr_c.a(fseek.o)
                                                  /usr/local/mcuxpressoide-11.5.0_7232/ide/plugins/com.nxp.mcuxpresso.tools.linux_11.5.0.202107051138/tools/bin/../lib/gcc/arm-none-eabi/10.3.1/../../../../arm-none-eabi/lib/thumb/v6-m/nofp/libcr_c.a(_deferredlazyseek.o)
__sys_remove                                      /usr/local/mcuxpressoide-11.5.0_7232/ide/plugins/com.nxp.mcuxpresso.tools.linux_11.5.0.202107051138/tools/bin/../lib/gcc/arm-none-eabi/10.3.1/../../../../arm-none-eabi/lib/thumb/v6-m/nofp/libcr_semihost_nf.a(__sys_remove.o)
                                                  /usr/local/mcuxpressoide-11.5.0_7232/ide/plugins/com.nxp.mcuxpresso.tools.linux_11.5.0.202107051138/tools/bin/../lib/gcc/arm-none-eabi/10.3.1/../../../../arm-none-eabi/lib/thumb/v6-m/nofp/libcr_c.a(remove.o)
__sys_rename                                      /usr/local/mcuxpressoide-11.5.0_7232/ide/plugins/com.nxp.mcuxpresso.tools.linux_11.5.0.202107051138/tools/bin/../lib/gcc/arm-none-eabi/10.3.1/../../../../arm-none-eabi/lib/thumb/v6-m/nofp/libcr_semihost_nf.a(__sys_rename.o)
                                                  /usr/local/mcuxpressoide-11.5.0_7232/ide/plugins/com.nxp.mcuxpresso.tools.linux_11.5.0.202107051138/tools/bin/../lib/gcc/arm-none-eabi/10.3.1/../../../../arm-none-eabi/lib/thumb/v6-m/nofp/libcr_c.a(remove.o)
__sys_seek                                        /usr/local/mcuxpressoide-11.5.0_7232/ide/plugins/com.nxp.mcuxpresso.tools.linux_11.5.0.202107051138/tools/bin/../lib/gcc/arm-none-eabi/10.3.1/../../../../arm-none-eabi/lib/thumb/v6-m/nofp/libcr_semihost_nf.a(__sys_seek.o)
                                                  /usr/local/mcuxpressoide-11.5.0_7232/ide/plugins/com.nxp.mcuxpresso.tools.linux_11.5.0.202107051138/tools/bin/../lib/gcc/arm-none-eabi/10.3.1/../../../../arm-none-eabi/lib/thumb/v6-m/nofp/libcr_c.a(_writebuf.o)
__sys_tmpnam                                      /usr/local/mcuxpressoide-11.5.0_7232/ide/plugins/com.nxp.mcuxpresso.tools.linux_11.5.0.202107051138/tools/bin/../lib/gcc/arm-none-eabi/10.3.1/../../../../arm-none-eabi/lib/thumb/v6-m/nofp/libcr_semihost_nf.a(__sys_tmpnam.o)
                                                  /usr/local/mcuxpressoide-11.5.0_7232/ide/plugins/com.nxp.mcuxpresso.tools.linux_11.5.0.202107051138/tools/bin/../lib/gcc/arm-none-eabi/10.3.1/../../../../arm-none-eabi/lib/thumb/v6-m/nofp/libcr_c.a(fclose.o)
__sys_write                                       /usr/local/mcuxpressoide-11.5.0_7232/ide/plugins/com.nxp.mcuxpresso.tools.linux_11.5.0.202107051138/tools/bin/../lib/gcc/arm-none-eabi/10.3.1/../../../../arm-none-eabi/lib/thumb/v6-m/nofp/libcr_semihost_nf.a(__sys_write.o)
                                                  /usr/local/mcuxpressoide-11.5.0_7232/ide/plugins/com.nxp.mcuxpresso.tools.linux_11.5.0.202107051138/tools/bin/../lib/gcc/arm-none-eabi/10.3.1/../../../../arm-none-eabi/lib/thumb/v6-m/nofp/libcr_c.a(printf.o)
                                                  /usr/local/mcuxpressoide-11.5.0_7232/ide/plugins/com.nxp.mcuxpresso.tools.linux_11.5.0.202107051138/tools/bin/../lib/gcc/arm-none-eabi/10.3.1/../../../../arm-none-eabi/lib/thumb/v6-m/nofp/libcr_c.a(alloc.o)
                                                  /usr/local/mcuxpressoide-11.5.0_7232/ide/plugins/com.nxp.mcuxpresso.tools.linux_11.5.0.202107051138/tools/bin/../lib/gcc/arm-none-eabi/10.3.1/../../../../arm-none-eabi/lib/thumb/v6-m/nofp/libcr_c.a(_writebuf.o)
__vfprintf                                        /usr/local/mcuxpressoide-11.5.0_7232/ide/plugins/com.nxp.mcuxpresso.tools.linux_11.5.0.202107051138/tools/bin/../lib/gcc/arm-none-eabi/10.3.1/../../../../arm-none-eabi/lib/thumb/v6-m/nofp/libcr_c.a(printf.o)
_deferredlazyseek                                 /usr/local/mcuxpressoide-11.5.0_7232/ide/plugins/com.nxp.mcuxpresso.tools.linux_11.5.0.202107051138/tools/bin/../lib/gcc/arm-none-eabi/10.3.1/../../../../arm-none-eabi/lib/thumb/v6-m/nofp/libcr_c.a(_deferredlazyseek.o)
                                                  /usr/local/mcuxpressoide-11.5.0_7232/ide/plugins/com.nxp.mcuxpresso.tools.linux_11.5.0.202107051138/tools/bin/../lib/gcc/arm-none-eabi/10.3.1/../../../../arm-none-eabi/lib/thumb/v6-m/nofp/libcr_c.a(_do_fflush.o)
_do_fflush                                        /usr/local/mcuxpressoide-11.5.0_7232/ide/plugins/com.nxp.mcuxpresso.tools.linux_11.5.0.202107051138/tools/bin/../lib/gcc/arm-none-eabi/10.3.1/../../../../arm-none-eabi/lib/thumb/v6-m/nofp/libcr_c.a(_do_fflush.o)