23:13:31 **** Incremental Build of configuration Debug for project PRATICA06_SEMAFOROS_KL43Z ****
make -r -j4 all 
Building file: ../source/main.c
Invoking: MCU C Compiler
arm-none-eabi-gcc -D__REDLIB__ -DCPU_MKL43Z256VLH4 -DCPU_MKL43Z256VLH4_cm0plus -DFSL_RTOS_BM -DSDK_OS_BAREMETAL -DSDK_DEBUGCONSOLE=1 -DCR_INTEGER_PRINTF -DPRINTF_FLOAT_ENABLE=0 -DFSL_RTOS_FREE_RTOS -DSDK_OS_FREE_RTOS -DSERIAL_PORT_TYPE_UART=1 -D__MCUXPRESSO -D__USE_CMSIS -DDEBUG -I"/home/anderson/setimo-semestre/RTOS/praticas/PRATICA06_SEMAFOROS_KL43Z/board" -I"/home/anderson/setimo-semestre/RTOS/praticas/PRATICA06_SEMAFOROS_KL43Z/source" -I"/home/anderson/setimo-semestre/RTOS/praticas/PRATICA06_SEMAFOROS_KL43Z" -I"/home/anderson/setimo-semestre/RTOS/praticas/PRATICA06_SEMAFOROS_KL43Z/freertos/freertos_kernel/include" -I"/home/anderson/setimo-semestre/RTOS/praticas/PRATICA06_SEMAFOROS_KL43Z/freertos/freertos_kernel/portable/GCC/ARM_CM0" -I"/home/anderson/setimo-semestre/RTOS/praticas/PRATICA06_SEMAFOROS_KL43Z/drivers" -I"/home/anderson/setimo-semestre/RTOS/praticas/PRATICA06_SEMAFOROS_KL43Z/drivers/freertos" -I"/home/anderson/setimo-semestre/RTOS/praticas/PRATICA06_SEMAFOROS_KL43Z/component/uart" -I"/home/anderson/setimo-semestre/RTOS/praticas/PRATICA06_SEMAFOROS_KL43Z/component/serial_manager" -I"/home/anderson/setimo-semestre/RTOS/praticas/PRATICA06_SEMAFOROS_KL43Z/utilities" -I"/home/anderson/setimo-semestre/RTOS/praticas/PRATICA06_SEMAFOROS_KL43Z/component/lists" -I"/home/anderson/setimo-semestre/RTOS/praticas/PRATICA06_SEMAFOROS_KL43Z/device" -I"/home/anderson/setimo-semestre/RTOS/praticas/PRATICA06_SEMAFOROS_KL43Z/CMSIS" -O0 -fno-common -g3 -Wall -c -ffunction-sections -fdata-sections -ffreestanding -fno-builtin -fmerge-constants -fmacro-prefix-map="../source/"= -mcpu=cortex-m0plus -mthumb -D__REDLIB__ -fstack-usage -specs=redlib.specs -MMD -MP -MF"source/main.d" -MT"source/main.o" -MT"source/main.d" -o "source/main.o" "../source/main.c"
Finished building: ../source/main.c
 
Building target: PRATICA06_SEMAFOROS_KL43Z.axf
Invoking: MCU Linker
arm-none-eabi-gcc -nostdlib -Xlinker -Map="PRATICA06_SEMAFOROS_KL43Z.map" -Xlinker --gc-sections -Xlinker -print-memory-usage -Xlinker --sort-section=alignment -Xlinker --cref -mcpu=cortex-m0plus -mthumb -T PRATICA06_SEMAFOROS_KL43Z_Debug.ld -o "PRATICA06_SEMAFOROS_KL43Z.axf"  ./utilities/fsl_debug_console.o ./utilities/fsl_str.o  ./startup/startup_mkl43z4.o  ./source/button_control.o ./source/led_control.o ./source/main.o ./source/mtb.o ./source/semihost_hardfault.o  ./freertos/freertos_kernel/portable/MemMang/heap_4.o  ./freertos/freertos_kernel/portable/GCC/ARM_CM0/port.o  ./freertos/freertos_kernel/croutine.o ./freertos/freertos_kernel/event_groups.o ./freertos/freertos_kernel/list.o ./freertos/freertos_kernel/queue.o ./freertos/freertos_kernel/stream_buffer.o ./freertos/freertos_kernel/tasks.o ./freertos/freertos_kernel/timers.o  ./drivers/freertos/fsl_spi_freertos.o  ./drivers/fsl_adc16.o ./drivers/fsl_clock.o ./drivers/fsl_common.o ./drivers/fsl_gpio.o ./drivers/fsl_lpuart.o ./drivers/fsl_pit.o ./drivers/fsl_smc.o ./drivers/fsl_spi.o ./drivers/fsl_tpm.o  ./device/system_MKL43Z4.o  ./component/uart/lpuart_adapter.o  ./component/serial_manager/serial_manager.o ./component/serial_manager/serial_port_uart.o  ./component/lists/generic_list.o  ./board/board.o ./board/clock_config.o ./board/peripherals.o ./board/pin_mux.o   
Memory region         Used Size  Region Size  %age Used
   PROGRAM_FLASH:       19256 B       256 KB      7.35%
            SRAM:       15112 B        32 KB     46.12%
Finished building target: PRATICA06_SEMAFOROS_KL43Z.axf
 
Performing post-build steps
arm-none-eabi-size "PRATICA06_SEMAFOROS_KL43Z.axf"; # arm-none-eabi-objcopy -v -O binary "PRATICA06_SEMAFOROS_KL43Z.axf" "PRATICA06_SEMAFOROS_KL43Z.bin" ; # checksum -p MKL43Z256xxx4 -d "PRATICA06_SEMAFOROS_KL43Z.bin";
   text	   data	    bss	    dec	    hex	filename
  19248	      8	  15104	  34360	   8638	PRATICA06_SEMAFOROS_KL43Z.axf
 
13:43:08 **** Build of configuration Debug for project PRATICA06_SEMAFOROS_KL43Z ****
make -r -j4 all 
Building file: ../source/main.c
Invoking: MCU C Compiler
arm-none-eabi-gcc -D__REDLIB__ -DCPU_MKL43Z256VLH4 -DCPU_MKL43Z256VLH4_cm0plus -DFSL_RTOS_BM -DSDK_OS_BAREMETAL -DSDK_DEBUGCONSOLE=1 -DCR_INTEGER_PRINTF -DPRINTF_FLOAT_ENABLE=0 -DFSL_RTOS_FREE_RTOS -DSDK_OS_FREE_RTOS -DSERIAL_PORT_TYPE_UART=1 -D__MCUXPRESSO -D__USE_CMSIS -DDEBUG -I"/home/anderson/setimo-semestre/RTOS/praticas/PRATICA06_SEMAFOROS_KL43Z/board" -I"/home/anderson/setimo-semestre/RTOS/praticas/PRATICA06_SEMAFOROS_KL43Z/source" -I"/home/anderson/setimo-semestre/RTOS/praticas/PRATICA06_SEMAFOROS_KL43Z" -I"/home/anderson/setimo-semestre/RTOS/praticas/PRATICA06_SEMAFOROS_KL43Z/freertos/freertos_kernel/include" -I"/home/anderson/setimo-semestre/RTOS/praticas/PRATICA06_SEMAFOROS_KL43Z/freertos/freertos_kernel/portable/GCC/ARM_CM0" -I"/home/anderson/setimo-semestre/RTOS/praticas/PRATICA06_SEMAFOROS_KL43Z/drivers" -I"/home/anderson/setimo-semestre/RTOS/praticas/PRATICA06_SEMAFOROS_KL43Z/drivers/freertos" -I"/home/anderson/setimo-semestre/RTOS/praticas/PRATICA06_SEMAFOROS_KL43Z/component/uart" -I"/home/anderson/setimo-semestre/RTOS/praticas/PRATICA06_SEMAFOROS_KL43Z/component/serial_manager" -I"/home/anderson/setimo-semestre/RTOS/praticas/PRATICA06_SEMAFOROS_KL43Z/utilities" -I"/home/anderson/setimo-semestre/RTOS/praticas/PRATICA06_SEMAFOROS_KL43Z/component/lists" -I"/home/anderson/setimo-semestre/RTOS/praticas/PRATICA06_SEMAFOROS_KL43Z/device" -I"/home/anderson/setimo-semestre/RTOS/praticas/PRATICA06_SEMAFOROS_KL43Z/CMSIS" -O0 -fno-common -g3 -Wall -c -ffunction-sections -fdata-sections -ffreestanding -fno-builtin -fmerge-constants -fmacro-prefix-map="../source/"= -mcpu=cortex-m0plus -mthumb -D__REDLIB__ -fstack-usage -specs=redlib.specs -MMD -MP -MF"source/main.d" -MT"source/main.o" -MT"source/main.d" -o "source/main.o" "../source/main.c"
Finished building: ../source/main.c
 
Building target: PRATICA06_SEMAFOROS_KL43Z.axf
Invoking: MCU Linker
arm-none-eabi-gcc -nostdlib -Xlinker -Map="PRATICA06_SEMAFOROS_KL43Z.map" -Xlinker --gc-sections -Xlinker -print-memory-usage -Xlinker --sort-section=alignment -Xlinker --cref -mcpu=cortex-m0plus -mthumb -T PRATICA06_SEMAFOROS_KL43Z_Debug.ld -o "PRATICA06_SEMAFOROS_KL43Z.axf"  ./utilities/fsl_debug_console.o ./utilities/fsl_str.o  ./startup/startup_mkl43z4.o  ./source/button_control.o ./source/led_control.o ./source/main.o ./source/mtb.o ./source/semihost_hardfault.o  ./freertos/freertos_kernel/portable/MemMang/heap_4.o  ./freertos/freertos_kernel/portable/GCC/ARM_CM0/port.o  ./freertos/freertos_kernel/croutine.o ./freertos/freertos_kernel/event_groups.o ./freertos/freertos_kernel/list.o ./freertos/freertos_kernel/queue.o ./freertos/freertos_kernel/stream_buffer.o ./freertos/freertos_kernel/tasks.o ./freertos/freertos_kernel/timers.o  ./drivers/freertos/fsl_spi_freertos.o  ./drivers/fsl_adc16.o ./drivers/fsl_clock.o ./drivers/fsl_common.o ./drivers/fsl_gpio.o ./drivers/fsl_lpuart.o ./drivers/fsl_pit.o ./drivers/fsl_smc.o ./drivers/fsl_spi.o ./drivers/fsl_tpm.o  ./device/system_MKL43Z4.o  ./component/uart/lpuart_adapter.o  ./component/serial_manager/serial_manager.o ./component/serial_manager/serial_port_uart.o  ./component/lists/generic_list.o  ./board/board.o ./board/clock_config.o ./board/peripherals.o ./board/pin_mux.o   
Memory region         Used Size  Region Size  %age Used
   PROGRAM_FLASH:       19392 B       256 KB      7.40%
            SRAM:       15112 B        32 KB     46.12%
Finished building target: PRATICA06_SEMAFOROS_KL43Z.axf
 
Performing post-build steps
arm-none-eabi-size "PRATICA06_SEMAFOROS_KL43Z.axf"; # arm-none-eabi-objcopy -v -O binary "PRATICA06_SEMAFOROS_KL43Z.axf" "PRATICA06_SEMAFOROS_KL43Z.bin" ; # checksum -p MKL43Z256xxx4 -d "PRATICA06_SEMAFOROS_KL43Z.bin";
   text	   data	    bss	    dec	    hex	filename
  19384	      8	  15104	  34496	   86c0	PRATICA06_SEMAFOROS_KL43Z.axf
 
13:43:13 **** Incremental Build of configuration Debug for project PRATICA06_SEMAFOROS_KL43Z ****
make -r -j4 all 
make[1]: Nothing to be done for 'main-build'.
Performing post-build steps
arm-none-eabi-size "PRATICA06_SEMAFOROS_KL43Z.axf"; # arm-none-eabi-objcopy -v -O binary "PRATICA06_SEMAFOROS_KL43Z.axf" "PRATICA06_SEMAFOROS_KL43Z.bin" ; # checksum -p MKL43Z256xxx4 -d "PRATICA06_SEMAFOROS_KL43Z.bin";
   text	   data	    bss	    dec	    hex	filename
  19384	      8	  15104	  34496	   86c0	PRATICA06_SEMAFOROS_KL43Z.axf
 
13:44:20 **** Build of configuration Debug for project PRATICA06_SEMAFOROS_KL43Z ****
make -r -j4 all 
make[1]: Nothing to be done for 'main-build'.
Performing post-build steps
arm-none-eabi-size "PRATICA06_SEMAFOROS_KL43Z.axf"; # arm-none-eabi-objcopy -v -O binary "PRATICA06_SEMAFOROS_KL43Z.axf" "PRATICA06_SEMAFOROS_KL43Z.bin" ; # checksum -p MKL43Z256xxx4 -d "PRATICA06_SEMAFOROS_KL43Z.bin";
   text	   data	    bss	    dec	    hex	filename
  19384	      8	  15104	  34496	   86c0	PRATICA06_SEMAFOROS_KL43Z.axf
 
13:44:23 **** Incremental Build of configuration Debug for project PRATICA06_SEMAFOROS_KL43Z ****
make -r -j4 all 
make[1]: Nothing to be done for 'main-build'.
Performing post-build steps
arm-none-eabi-size "PRATICA06_SEMAFOROS_KL43Z.axf"; # arm-none-eabi-objcopy -v -O binary "PRATICA06_SEMAFOROS_KL43Z.axf" "PRATICA06_SEMAFOROS_KL43Z.bin" ; # checksum -p MKL43Z256xxx4 -d "PRATICA06_SEMAFOROS_KL43Z.bin";
   text	   data	    bss	    dec	    hex	filename
  19384	      8	  15104	  34496	   86c0	PRATICA06_SEMAFOROS_KL43Z.axf
 
13:44:56 **** Clean-only build of configuration Debug for project PRATICA06_SEMAFOROS_KL43Z ****
make -r -j4 clean 
rm -rf  ./utilities/fsl_debug_console.o ./utilities/fsl_str.o  ./startup/startup_mkl43z4.o  ./source/button_control.o ./source/led_control.o ./source/main.o ./source/mtb.o ./source/semihost_hardfault.o  ./freertos/freertos_kernel/portable/MemMang/heap_4.o  ./freertos/freertos_kernel/portable/GCC/ARM_CM0/port.o  ./freertos/freertos_kernel/croutine.o ./freertos/freertos_kernel/event_groups.o ./freertos/freertos_kernel/list.o ./freertos/freertos_kernel/queue.o ./freertos/freertos_kernel/stream_buffer.o ./freertos/freertos_kernel/tasks.o ./freertos/freertos_kernel/timers.o  ./drivers/freertos/fsl_spi_freertos.o  ./drivers/fsl_adc16.o ./drivers/fsl_clock.o ./drivers/fsl_common.o ./drivers/fsl_gpio.o ./drivers/fsl_lpuart.o ./drivers/fsl_pit.o ./drivers/fsl_smc.o ./drivers/fsl_spi.o ./drivers/fsl_tpm.o  ./device/system_MKL43Z4.o  ./component/uart/lpuart_adapter.o  ./component/serial_manager/serial_manager.o ./component/serial_manager/serial_port_uart.o  ./component/lists/generic_list.o  ./board/board.o ./board/clock_config.o ./board/peripherals.o ./board/pin_mux.o  ./utilities/fsl_debug_console.d ./utilities/fsl_str.d  ./startup/startup_mkl43z4.d  ./source/button_control.d ./source/led_control.d ./source/main.d ./source/mtb.d ./source/semihost_hardfault.d  ./freertos/freertos_kernel/portable/MemMang/heap_4.d  ./freertos/freertos_kernel/portable/GCC/ARM_CM0/port.d  ./freertos/freertos_kernel/croutine.d ./freertos/freertos_kernel/event_groups.d ./freertos/freertos_kernel/list.d ./freertos/freertos_kernel/queue.d ./freertos/freertos_kernel/stream_buffer.d ./freertos/freertos_kernel/tasks.d ./freertos/freertos_kernel/timers.d  ./drivers/freertos/fsl_spi_freertos.d  ./drivers/fsl_adc16.d ./drivers/fsl_clock.d ./drivers/fsl_common.d ./drivers/fsl_gpio.d ./drivers/fsl_lpuart.d ./drivers/fsl_pit.d ./drivers/fsl_smc.d ./drivers/fsl_spi.d ./drivers/fsl_tpm.d  ./device/system_MKL43Z4.d  ./component/uart/lpuart_adapter.d  ./component/serial_manager/serial_manager.d ./component/serial_manager/serial_port_uart.d  ./component/lists/generic_list.d  ./board/board.d ./board/clock_config.d ./board/peripherals.d ./board/pin_mux.d  PRATICA06_SEMAFOROS_KL43Z.axf
 
13:44:58 **** Build of configuration Debug for project PRATICA06_SEMAFOROS_KL43Z ****
make -r -j4 all 
Building file: ../utilities/fsl_debug_console.c
Building file: ../utilities/fsl_str.c
Building file: ../startup/startup_mkl43z4.c
Invoking: MCU C Compiler
Invoking: MCU C Compiler
arm-none-eabi-gcc -D__REDLIB__ -DCPU_MKL43Z256VLH4 -DCPU_MKL43Z256VLH4_cm0plus -DFSL_RTOS_BM -DSDK_OS_BAREMETAL -DCR_INTEGER_PRINTF -DPRINTF_FLOAT_ENABLE=0 -DFSL_RTOS_FREE_RTOS -DSDK_OS_FREE_RTOS -DSERIAL_PORT_TYPE_UART=1 -D__MCUXPRESSO -D__USE_CMSIS -DDEBUG -DSDK_DEBUGCONSOLE=0 -I"/home/anderson/setimo-semestre/RTOS/praticas/PRATICA06_SEMAFOROS_KL43Z/board" -I"/home/anderson/setimo-semestre/RTOS/praticas/PRATICA06_SEMAFOROS_KL43Z/source" -I"/home/anderson/setimo-semestre/RTOS/praticas/PRATICA06_SEMAFOROS_KL43Z" -I"/home/anderson/setimo-semestre/RTOS/praticas/PRATICA06_SEMAFOROS_KL43Z/freertos/freertos_kernel/include" -I"/home/anderson/setimo-semestre/RTOS/praticas/PRATICA06_SEMAFOROS_KL43Z/freertos/freertos_kernel/portable/GCC/ARM_CM0" -I"/home/anderson/setimo-semestre/RTOS/praticas/PRATICA06_SEMAFOROS_KL43Z/drivers" -I"/home/anderson/setimo-semestre/RTOS/praticas/PRATICA06_SEMAFOROS_KL43Z/drivers/freertos" -I"/home/anderson/setimo-semestre/RTOS/praticas/PRATICA06_SEMAFOROS_KL43Z/component/uart" -I"/home/anderson/setimo-semestre/RTOS/praticas/PRATICA06_SEMAFOROS_KL43Z/component/serial_manager" -I"/home/anderson/setimo-semestre/RTOS/praticas/PRATICA06_SEMAFOROS_KL43Z/utilities" -I"/home/anderson/setimo-semestre/RTOS/praticas/PRATICA06_SEMAFOROS_KL43Z/component/lists" -I"/home/anderson/setimo-semestre/RTOS/praticas/PRATICA06_SEMAFOROS_KL43Z/device" -I"/home/anderson/setimo-semestre/RTOS/praticas/PRATICA06_SEMAFOROS_KL43Z/CMSIS" -O0 -fno-common -g3 -Wall -c -ffunction-sections -fdata-sections -ffreestanding -fno-builtin -fmerge-constants -fmacro-prefix-map="../utilities/"= -mcpu=cortex-m0plus -mthumb -D__REDLIB__ -fstack-usage -specs=redlib.specs -MMD -MP -MF"utilities/fsl_debug_console.d" -MT"utilities/fsl_debug_console.o" -MT"utilities/fsl_debug_console.d" -o "utilities/fsl_debug_console.o" "../utilities/fsl_debug_console.c"
Invoking: MCU C Compiler
arm-none-eabi-gcc -D__REDLIB__ -DCPU_MKL43Z256VLH4 -DCPU_MKL43Z256VLH4_cm0plus -DFSL_RTOS_BM -DSDK_OS_BAREMETAL -DCR_INTEGER_PRINTF -DPRINTF_FLOAT_ENABLE=0 -DFSL_RTOS_FREE_RTOS -DSDK_OS_FREE_RTOS -DSERIAL_PORT_TYPE_UART=1 -D__MCUXPRESSO -D__USE_CMSIS -DDEBUG -DSDK_DEBUGCONSOLE=0 -I"/home/anderson/setimo-semestre/RTOS/praticas/PRATICA06_SEMAFOROS_KL43Z/board" -I"/home/anderson/setimo-semestre/RTOS/praticas/PRATICA06_SEMAFOROS_KL43Z/source" -I"/home/anderson/setimo-semestre/RTOS/praticas/PRATICA06_SEMAFOROS_KL43Z" -I"/home/anderson/setimo-semestre/RTOS/praticas/PRATICA06_SEMAFOROS_KL43Z/freertos/freertos_kernel/include" -I"/home/anderson/setimo-semestre/RTOS/praticas/PRATICA06_SEMAFOROS_KL43Z/freertos/freertos_kernel/portable/GCC/ARM_CM0" -I"/home/anderson/setimo-semestre/RTOS/praticas/PRATICA06_SEMAFOROS_KL43Z/drivers" -I"/home/anderson/setimo-semestre/RTOS/praticas/PRATICA06_SEMAFOROS_KL43Z/drivers/freertos" -I"/home/anderson/setimo-semestre/RTOS/praticas/PRATICA06_SEMAFOROS_KL43Z/component/uart" -I"/home/anderson/setimo-semestre/RTOS/praticas/PRATICA06_SEMAFOROS_KL43Z/component/serial_manager" -I"/home/anderson/setimo-semestre/RTOS/praticas/PRATICA06_SEMAFOROS_KL43Z/utilities" -I"/home/anderson/setimo-semestre/RTOS/praticas/PRATICA06_SEMAFOROS_KL43Z/component/lists" -I"/home/anderson/setimo-semestre/RTOS/praticas/PRATICA06_SEMAFOROS_KL43Z/device" -I"/home/anderson/setimo-semestre/RTOS/praticas/PRATICA06_SEMAFOROS_KL43Z/CMSIS" -O0 -fno-common -g3 -Wall -c -ffunction-sections -fdata-sections -ffreestanding -fno-builtin -fmerge-constants -fmacro-prefix-map="../utilities/"= -mcpu=cortex-m0plus -mthumb -D__REDLIB__ -fstack-usage -specs=redlib.specs -MMD -MP -MF"utilities/fsl_str.d" -MT"utilities/fsl_str.o" -MT"utilities/fsl_str.d" -o "utilities/fsl_str.o" "../utilities/fsl_str.c"
arm-none-eabi-gcc -D__REDLIB__ -DCPU_MKL43Z256VLH4 -DCPU_MKL43Z256VLH4_cm0plus -DFSL_RTOS_BM -DSDK_OS_BAREMETAL -DCR_INTEGER_PRINTF -DPRINTF_FLOAT_ENABLE=0 -DFSL_RTOS_FREE_RTOS -DSDK_OS_FREE_RTOS -DSERIAL_PORT_TYPE_UART=1 -D__MCUXPRESSO -D__USE_CMSIS -DDEBUG -DSDK_DEBUGCONSOLE=0 -I"/home/anderson/setimo-semestre/RTOS/praticas/PRATICA06_SEMAFOROS_KL43Z/board" -I"/home/anderson/setimo-semestre/RTOS/praticas/PRATICA06_SEMAFOROS_KL43Z/source" -I"/home/anderson/setimo-semestre/RTOS/praticas/PRATICA06_SEMAFOROS_KL43Z" -I"/home/anderson/setimo-semestre/RTOS/praticas/PRATICA06_SEMAFOROS_KL43Z/freertos/freertos_kernel/include" -I"/home/anderson/setimo-semestre/RTOS/praticas/PRATICA06_SEMAFOROS_KL43Z/freertos/freertos_kernel/portable/GCC/ARM_CM0" -I"/home/anderson/setimo-semestre/RTOS/praticas/PRATICA06_SEMAFOROS_KL43Z/drivers" -I"/home/anderson/setimo-semestre/RTOS/praticas/PRATICA06_SEMAFOROS_KL43Z/drivers/freertos" -I"/home/anderson/setimo-semestre/RTOS/praticas/PRATICA06_SEMAFOROS_KL43Z/component/uart" -I"/home/anderson/setimo-semestre/RTOS/praticas/PRATICA06_SEMAFOROS_KL43Z/component/serial_manager" -I"/home/anderson/setimo-semestre/RTOS/praticas/PRATICA06_SEMAFOROS_KL43Z/utilities" -I"/home/anderson/setimo-semestre/RTOS/praticas/PRATICA06_SEMAFOROS_KL43Z/component/lists" -I"/home/anderson/setimo-semestre/RTOS/praticas/PRATICA06_SEMAFOROS_KL43Z/device" -I"/home/anderson/setimo-semestre/RTOS/praticas/PRATICA06_SEMAFOROS_KL43Z/CMSIS" -O0 -fno-common -g3 -Wall -c -ffunction-sections -fdata-sections -ffreestanding -fno-builtin -fmerge-constants -fmacro-prefix-map="../startup/"= -mcpu=cortex-m0plus -mthumb -D__REDLIB__ -fstack-usage -specs=redlib.specs -MMD -MP -MF"startup/startup_mkl43z4.d" -MT"startup/startup_mkl43z4.o" -MT"startup/startup_mkl43z4.d" -o "startup/startup_mkl43z4.o" "../startup/startup_mkl43z4.c"
Building file: ../source/button_control.c
Invoking: MCU C Compiler
arm-none-eabi-gcc -D__REDLIB__ -DCPU_MKL43Z256VLH4 -DCPU_MKL43Z256VLH4_cm0plus -DFSL_RTOS_BM -DSDK_OS_BAREMETAL -DCR_INTEGER_PRINTF -DPRINTF_FLOAT_ENABLE=0 -DFSL_RTOS_FREE_RTOS -DSDK_OS_FREE_RTOS -DSERIAL_PORT_TYPE_UART=1 -D__MCUXPRESSO -D__USE_CMSIS -DDEBUG -DSDK_DEBUGCONSOLE=0 -I"/home/anderson/setimo-semestre/RTOS/praticas/PRATICA06_SEMAFOROS_KL43Z/board" -I"/home/anderson/setimo-semestre/RTOS/praticas/PRATICA06_SEMAFOROS_KL43Z/source" -I"/home/anderson/setimo-semestre/RTOS/praticas/PRATICA06_SEMAFOROS_KL43Z" -I"/home/anderson/setimo-semestre/RTOS/praticas/PRATICA06_SEMAFOROS_KL43Z/freertos/freertos_kernel/include" -I"/home/anderson/setimo-semestre/RTOS/praticas/PRATICA06_SEMAFOROS_KL43Z/freertos/freertos_kernel/portable/GCC/ARM_CM0" -I"/home/anderson/setimo-semestre/RTOS/praticas/PRATICA06_SEMAFOROS_KL43Z/drivers" -I"/home/anderson/setimo-semestre/RTOS/praticas/PRATICA06_SEMAFOROS_KL43Z/drivers/freertos" -I"/home/anderson/setimo-semestre/RTOS/praticas/PRATICA06_SEMAFOROS_KL43Z/component/uart" -I"/home/anderson/setimo-semestre/RTOS/praticas/PRATICA06_SEMAFOROS_KL43Z/component/serial_manager" -I"/home/anderson/setimo-semestre/RTOS/praticas/PRATICA06_SEMAFOROS_KL43Z/utilities" -I"/home/anderson/setimo-semestre/RTOS/praticas/PRATICA06_SEMAFOROS_KL43Z/component/lists" -I"/home/anderson/setimo-semestre/RTOS/praticas/PRATICA06_SEMAFOROS_KL43Z/device" -I"/home/anderson/setimo-semestre/RTOS/praticas/PRATICA06_SEMAFOROS_KL43Z/CMSIS" -O0 -fno-common -g3 -Wall -c -ffunction-sections -fdata-sections -ffreestanding -fno-builtin -fmerge-constants -fmacro-prefix-map="../source/"= -mcpu=cortex-m0plus -mthumb -D__REDLIB__ -fstack-usage -specs=redlib.specs -MMD -MP -MF"source/button_control.d" -MT"source/button_control.o" -MT"source/button_control.d" -o "source/button_control.o" "../source/button_control.c"
Finished building: ../startup/startup_mkl43z4.c
Finished building: ../source/button_control.c
 
 
Building file: ../source/led_control.c
Building file: ../source/main.c
Invoking: MCU C Compiler
arm-none-eabi-gcc -D__REDLIB__ -DCPU_MKL43Z256VLH4 -DCPU_MKL43Z256VLH4_cm0plus -DFSL_RTOS_BM -DSDK_OS_BAREMETAL -DCR_INTEGER_PRINTF -DPRINTF_FLOAT_ENABLE=0 -DFSL_RTOS_FREE_RTOS -DSDK_OS_FREE_RTOS -DSERIAL_PORT_TYPE_UART=1 -D__MCUXPRESSO -D__USE_CMSIS -DDEBUG -DSDK_DEBUGCONSOLE=0 -I"/home/anderson/setimo-semestre/RTOS/praticas/PRATICA06_SEMAFOROS_KL43Z/board" -I"/home/anderson/setimo-semestre/RTOS/praticas/PRATICA06_SEMAFOROS_KL43Z/source" -I"/home/anderson/setimo-semestre/RTOS/praticas/PRATICA06_SEMAFOROS_KL43Z" -I"/home/anderson/setimo-semestre/RTOS/praticas/PRATICA06_SEMAFOROS_KL43Z/freertos/freertos_kernel/include" -I"/home/anderson/setimo-semestre/RTOS/praticas/PRATICA06_SEMAFOROS_KL43Z/freertos/freertos_kernel/portable/GCC/ARM_CM0" -I"/home/anderson/setimo-semestre/RTOS/praticas/PRATICA06_SEMAFOROS_KL43Z/drivers" -I"/home/anderson/setimo-semestre/RTOS/praticas/PRATICA06_SEMAFOROS_KL43Z/drivers/freertos" -I"/home/anderson/setimo-semestre/RTOS/praticas/PRATICA06_SEMAFOROS_KL43Z/component/uart" -I"/home/anderson/setimo-semestre/RTOS/praticas/PRATICA06_SEMAFOROS_KL43Z/component/serial_manager" -I"/home/anderson/setimo-semestre/RTOS/praticas/PRATICA06_SEMAFOROS_KL43Z/utilities" -I"/home/anderson/setimo-semestre/RTOS/praticas/PRATICA06_SEMAFOROS_KL43Z/component/lists" -I"/home/anderson/setimo-semestre/RTOS/praticas/PRATICA06_SEMAFOROS_KL43Z/device" -I"/home/anderson/setimo-semestre/RTOS/praticas/PRATICA06_SEMAFOROS_KL43Z/CMSIS" -O0 -fno-common -g3 -Wall -c -ffunction-sections -fdata-sections -ffreestanding -fno-builtin -fmerge-constants -fmacro-prefix-map="../source/"= -mcpu=cortex-m0plus -mthumb -D__REDLIB__ -fstack-usage -specs=redlib.specs -MMD -MP -MF"source/led_control.d" -MT"source/led_control.o" -MT"source/led_control.d" -o "source/led_control.o" "../source/led_control.c"
Invoking: MCU C Compiler
arm-none-eabi-gcc -D__REDLIB__ -DCPU_MKL43Z256VLH4 -DCPU_MKL43Z256VLH4_cm0plus -DFSL_RTOS_BM -DSDK_OS_BAREMETAL -DCR_INTEGER_PRINTF -DPRINTF_FLOAT_ENABLE=0 -DFSL_RTOS_FREE_RTOS -DSDK_OS_FREE_RTOS -DSERIAL_PORT_TYPE_UART=1 -D__MCUXPRESSO -D__USE_CMSIS -DDEBUG -DSDK_DEBUGCONSOLE=0 -I"/home/anderson/setimo-semestre/RTOS/praticas/PRATICA06_SEMAFOROS_KL43Z/board" -I"/home/anderson/setimo-semestre/RTOS/praticas/PRATICA06_SEMAFOROS_KL43Z/source" -I"/home/anderson/setimo-semestre/RTOS/praticas/PRATICA06_SEMAFOROS_KL43Z" -I"/home/anderson/setimo-semestre/RTOS/praticas/PRATICA06_SEMAFOROS_KL43Z/freertos/freertos_kernel/include" -I"/home/anderson/setimo-semestre/RTOS/praticas/PRATICA06_SEMAFOROS_KL43Z/freertos/freertos_kernel/portable/GCC/ARM_CM0" -I"/home/anderson/setimo-semestre/RTOS/praticas/PRATICA06_SEMAFOROS_KL43Z/drivers" -I"/home/anderson/setimo-semestre/RTOS/praticas/PRATICA06_SEMAFOROS_KL43Z/drivers/freertos" -I"/home/anderson/setimo-semestre/RTOS/praticas/PRATICA06_SEMAFOROS_KL43Z/component/uart" -I"/home/anderson/setimo-semestre/RTOS/praticas/PRATICA06_SEMAFOROS_KL43Z/component/serial_manager" -I"/home/anderson/setimo-semestre/RTOS/praticas/PRATICA06_SEMAFOROS_KL43Z/utilities" -I"/home/anderson/setimo-semestre/RTOS/praticas/PRATICA06_SEMAFOROS_KL43Z/component/lists" -I"/home/anderson/setimo-semestre/RTOS/praticas/PRATICA06_SEMAFOROS_KL43Z/device" -I"/home/anderson/setimo-semestre/RTOS/praticas/PRATICA06_SEMAFOROS_KL43Z/CMSIS" -O0 -fno-common -g3 -Wall -c -ffunction-sections -fdata-sections -ffreestanding -fno-builtin -fmerge-constants -fmacro-prefix-map="../source/"= -mcpu=cortex-m0plus -mthumb -D__REDLIB__ -fstack-usage -specs=redlib.specs -MMD -MP -MF"source/main.d" -MT"source/main.o" -MT"source/main.d" -o "source/main.o" "../source/main.c"
Finished building: ../utilities/fsl_debug_console.c
 
Building file: ../source/mtb.c
Invoking: MCU C Compiler
arm-none-eabi-gcc -D__REDLIB__ -DCPU_MKL43Z256VLH4 -DCPU_MKL43Z256VLH4_cm0plus -DFSL_RTOS_BM -DSDK_OS_BAREMETAL -DCR_INTEGER_PRINTF -DPRINTF_FLOAT_ENABLE=0 -DFSL_RTOS_FREE_RTOS -DSDK_OS_FREE_RTOS -DSERIAL_PORT_TYPE_UART=1 -D__MCUXPRESSO -D__USE_CMSIS -DDEBUG -DSDK_DEBUGCONSOLE=0 -I"/home/anderson/setimo-semestre/RTOS/praticas/PRATICA06_SEMAFOROS_KL43Z/board" -I"/home/anderson/setimo-semestre/RTOS/praticas/PRATICA06_SEMAFOROS_KL43Z/source" -I"/home/anderson/setimo-semestre/RTOS/praticas/PRATICA06_SEMAFOROS_KL43Z" -I"/home/anderson/setimo-semestre/RTOS/praticas/PRATICA06_SEMAFOROS_KL43Z/freertos/freertos_kernel/include" -I"/home/anderson/setimo-semestre/RTOS/praticas/PRATICA06_SEMAFOROS_KL43Z/freertos/freertos_kernel/portable/GCC/ARM_CM0" -I"/home/anderson/setimo-semestre/RTOS/praticas/PRATICA06_SEMAFOROS_KL43Z/drivers" -I"/home/anderson/setimo-semestre/RTOS/praticas/PRATICA06_SEMAFOROS_KL43Z/drivers/freertos" -I"/home/anderson/setimo-semestre/RTOS/praticas/PRATICA06_SEMAFOROS_KL43Z/component/uart" -I"/home/anderson/setimo-semestre/RTOS/praticas/PRATICA06_SEMAFOROS_KL43Z/component/serial_manager" -I"/home/anderson/setimo-semestre/RTOS/praticas/PRATICA06_SEMAFOROS_KL43Z/utilities" -I"/home/anderson/setimo-semestre/RTOS/praticas/PRATICA06_SEMAFOROS_KL43Z/component/lists" -I"/home/anderson/setimo-semestre/RTOS/praticas/PRATICA06_SEMAFOROS_KL43Z/device" -I"/home/anderson/setimo-semestre/RTOS/praticas/PRATICA06_SEMAFOROS_KL43Z/CMSIS" -O0 -fno-common -g3 -Wall -c -ffunction-sections -fdata-sections -ffreestanding -fno-builtin -fmerge-constants -fmacro-prefix-map="../source/"= -mcpu=cortex-m0plus -mthumb -D__REDLIB__ -fstack-usage -specs=redlib.specs -MMD -MP -MF"source/mtb.d" -MT"source/mtb.o" -MT"source/mtb.d" -o "source/mtb.o" "../source/mtb.c"
Finished building: ../source/led_control.c
 
Finished building: ../utilities/fsl_str.c
Finished building: ../source/mtb.c
Building file: ../source/semihost_hardfault.c
 
 
Invoking: MCU C Compiler
arm-none-eabi-gcc -D__REDLIB__ -DCPU_MKL43Z256VLH4 -DCPU_MKL43Z256VLH4_cm0plus -DFSL_RTOS_BM -DSDK_OS_BAREMETAL -DCR_INTEGER_PRINTF -DPRINTF_FLOAT_ENABLE=0 -DFSL_RTOS_FREE_RTOS -DSDK_OS_FREE_RTOS -DSERIAL_PORT_TYPE_UART=1 -D__MCUXPRESSO -D__USE_CMSIS -DDEBUG -DSDK_DEBUGCONSOLE=0 -I"/home/anderson/setimo-semestre/RTOS/praticas/PRATICA06_SEMAFOROS_KL43Z/board" -I"/home/anderson/setimo-semestre/RTOS/praticas/PRATICA06_SEMAFOROS_KL43Z/source" -I"/home/anderson/setimo-semestre/RTOS/praticas/PRATICA06_SEMAFOROS_KL43Z" -I"/home/anderson/setimo-semestre/RTOS/praticas/PRATICA06_SEMAFOROS_KL43Z/freertos/freertos_kernel/include" -I"/home/anderson/setimo-semestre/RTOS/praticas/PRATICA06_SEMAFOROS_KL43Z/freertos/freertos_kernel/portable/GCC/ARM_CM0" -I"/home/anderson/setimo-semestre/RTOS/praticas/PRATICA06_SEMAFOROS_KL43Z/drivers" -I"/home/anderson/setimo-semestre/RTOS/praticas/PRATICA06_SEMAFOROS_KL43Z/drivers/freertos" -I"/home/anderson/setimo-semestre/RTOS/praticas/PRATICA06_SEMAFOROS_KL43Z/component/uart" -I"/home/anderson/setimo-semestre/RTOS/praticas/PRATICA06_SEMAFOROS_KL43Z/component/serial_manager" -I"/home/anderson/setimo-semestre/RTOS/praticas/PRATICA06_SEMAFOROS_KL43Z/utilities" -I"/home/anderson/setimo-semestre/RTOS/praticas/PRATICA06_SEMAFOROS_KL43Z/component/lists" -I"/home/anderson/setimo-semestre/RTOS/praticas/PRATICA06_SEMAFOROS_KL43Z/device" -I"/home/anderson/setimo-semestre/RTOS/praticas/PRATICA06_SEMAFOROS_KL43Z/CMSIS" -O0 -fno-common -g3 -Wall -c -ffunction-sections -fdata-sections -ffreestanding -fno-builtin -fmerge-constants -fmacro-prefix-map="../source/"= -mcpu=cortex-m0plus -mthumb -D__REDLIB__ -fstack-usage -specs=redlib.specs -MMD -MP -MF"source/semihost_hardfault.d" -MT"source/semihost_hardfault.o" -MT"source/semihost_hardfault.d" -o "source/semihost_hardfault.o" "../source/semihost_hardfault.c"
Building file: ../freertos/freertos_kernel/portable/MemMang/heap_4.c
Invoking: MCU C Compiler
arm-none-eabi-gcc -D__REDLIB__ -DCPU_MKL43Z256VLH4 -DCPU_MKL43Z256VLH4_cm0plus -DFSL_RTOS_BM -DSDK_OS_BAREMETAL -DCR_INTEGER_PRINTF -DPRINTF_FLOAT_ENABLE=0 -DFSL_RTOS_FREE_RTOS -DSDK_OS_FREE_RTOS -DSERIAL_PORT_TYPE_UART=1 -D__MCUXPRESSO -D__USE_CMSIS -DDEBUG -DSDK_DEBUGCONSOLE=0 -I"/home/anderson/setimo-semestre/RTOS/praticas/PRATICA06_SEMAFOROS_KL43Z/board" -I"/home/anderson/setimo-semestre/RTOS/praticas/PRATICA06_SEMAFOROS_KL43Z/source" -I"/home/anderson/setimo-semestre/RTOS/praticas/PRATICA06_SEMAFOROS_KL43Z" -I"/home/anderson/setimo-semestre/RTOS/praticas/PRATICA06_SEMAFOROS_KL43Z/freertos/freertos_kernel/include" -I"/home/anderson/setimo-semestre/RTOS/praticas/PRATICA06_SEMAFOROS_KL43Z/freertos/freertos_kernel/portable/GCC/ARM_CM0" -I"/home/anderson/setimo-semestre/RTOS/praticas/PRATICA06_SEMAFOROS_KL43Z/drivers" -I"/home/anderson/setimo-semestre/RTOS/praticas/PRATICA06_SEMAFOROS_KL43Z/drivers/freertos" -I"/home/anderson/setimo-semestre/RTOS/praticas/PRATICA06_SEMAFOROS_KL43Z/component/uart" -I"/home/anderson/setimo-semestre/RTOS/praticas/PRATICA06_SEMAFOROS_KL43Z/component/serial_manager" -I"/home/anderson/setimo-semestre/RTOS/praticas/PRATICA06_SEMAFOROS_KL43Z/utilities" -I"/home/anderson/setimo-semestre/RTOS/praticas/PRATICA06_SEMAFOROS_KL43Z/component/lists" -I"/home/anderson/setimo-semestre/RTOS/praticas/PRATICA06_SEMAFOROS_KL43Z/device" -I"/home/anderson/setimo-semestre/RTOS/praticas/PRATICA06_SEMAFOROS_KL43Z/CMSIS" -O0 -fno-common -g3 -Wall -c -ffunction-sections -fdata-sections -ffreestanding -fno-builtin -fmerge-constants -fmacro-prefix-map="../freertos/freertos_kernel/portable/MemMang/"= -mcpu=cortex-m0plus -mthumb -D__REDLIB__ -fstack-usage -specs=redlib.specs -MMD -MP -MF"freertos/freertos_kernel/portable/MemMang/heap_4.d" -MT"freertos/freertos_kernel/portable/MemMang/heap_4.o" -MT"freertos/freertos_kernel/portable/MemMang/heap_4.d" -o "freertos/freertos_kernel/portable/MemMang/heap_4.o" "../freertos/freertos_kernel/portable/MemMang/heap_4.c"
Building file: ../freertos/freertos_kernel/portable/GCC/ARM_CM0/port.c
Finished building: ../source/main.c
Invoking: MCU C Compiler
arm-none-eabi-gcc -D__REDLIB__ -DCPU_MKL43Z256VLH4 -DCPU_MKL43Z256VLH4_cm0plus -DFSL_RTOS_BM -DSDK_OS_BAREMETAL -DCR_INTEGER_PRINTF -DPRINTF_FLOAT_ENABLE=0 -DFSL_RTOS_FREE_RTOS -DSDK_OS_FREE_RTOS -DSERIAL_PORT_TYPE_UART=1 -D__MCUXPRESSO -D__USE_CMSIS -DDEBUG -DSDK_DEBUGCONSOLE=0 -I"/home/anderson/setimo-semestre/RTOS/praticas/PRATICA06_SEMAFOROS_KL43Z/board" -I"/home/anderson/setimo-semestre/RTOS/praticas/PRATICA06_SEMAFOROS_KL43Z/source" -I"/home/anderson/setimo-semestre/RTOS/praticas/PRATICA06_SEMAFOROS_KL43Z" -I"/home/anderson/setimo-semestre/RTOS/praticas/PRATICA06_SEMAFOROS_KL43Z/freertos/freertos_kernel/include" -I"/home/anderson/setimo-semestre/RTOS/praticas/PRATICA06_SEMAFOROS_KL43Z/freertos/freertos_kernel/portable/GCC/ARM_CM0" -I"/home/anderson/setimo-semestre/RTOS/praticas/PRATICA06_SEMAFOROS_KL43Z/drivers" -I"/home/anderson/setimo-semestre/RTOS/praticas/PRATICA06_SEMAFOROS_KL43Z/drivers/freertos" -I"/home/anderson/setimo-semestre/RTOS/praticas/PRATICA06_SEMAFOROS_KL43Z/component/uart" -I"/home/anderson/setimo-semestre/RTOS/praticas/PRATICA06_SEMAFOROS_KL43Z/component/serial_manager" -I"/home/anderson/setimo-semestre/RTOS/praticas/PRATICA06_SEMAFOROS_KL43Z/utilities" -I"/home/anderson/setimo-semestre/RTOS/praticas/PRATICA06_SEMAFOROS_KL43Z/component/lists" -I"/home/anderson/setimo-semestre/RTOS/praticas/PRATICA06_SEMAFOROS_KL43Z/device" -I"/home/anderson/setimo-semestre/RTOS/praticas/PRATICA06_SEMAFOROS_KL43Z/CMSIS" -O0 -fno-common -g3 -Wall -c -ffunction-sections -fdata-sections -ffreestanding -fno-builtin -fmerge-constants -fmacro-prefix-map="../freertos/freertos_kernel/portable/GCC/ARM_CM0/"= -mcpu=cortex-m0plus -mthumb -D__REDLIB__ -fstack-usage -specs=redlib.specs -MMD -MP -MF"freertos/freertos_kernel/portable/GCC/ARM_CM0/port.d" -MT"freertos/freertos_kernel/portable/GCC/ARM_CM0/port.o" -MT"freertos/freertos_kernel/portable/GCC/ARM_CM0/port.d" -o "freertos/freertos_kernel/portable/GCC/ARM_CM0/port.o" "../freertos/freertos_kernel/portable/GCC/ARM_CM0/port.c"
 
Building file: ../freertos/freertos_kernel/croutine.c
Invoking: MCU C Compiler
arm-none-eabi-gcc -D__REDLIB__ -DCPU_MKL43Z256VLH4 -DCPU_MKL43Z256VLH4_cm0plus -DFSL_RTOS_BM -DSDK_OS_BAREMETAL -DCR_INTEGER_PRINTF -DPRINTF_FLOAT_ENABLE=0 -DFSL_RTOS_FREE_RTOS -DSDK_OS_FREE_RTOS -DSERIAL_PORT_TYPE_UART=1 -D__MCUXPRESSO -D__USE_CMSIS -DDEBUG -DSDK_DEBUGCONSOLE=0 -I"/home/anderson/setimo-semestre/RTOS/praticas/PRATICA06_SEMAFOROS_KL43Z/board" -I"/home/anderson/setimo-semestre/RTOS/praticas/PRATICA06_SEMAFOROS_KL43Z/source" -I"/home/anderson/setimo-semestre/RTOS/praticas/PRATICA06_SEMAFOROS_KL43Z" -I"/home/anderson/setimo-semestre/RTOS/praticas/PRATICA06_SEMAFOROS_KL43Z/freertos/freertos_kernel/include" -I"/home/anderson/setimo-semestre/RTOS/praticas/PRATICA06_SEMAFOROS_KL43Z/freertos/freertos_kernel/portable/GCC/ARM_CM0" -I"/home/anderson/setimo-semestre/RTOS/praticas/PRATICA06_SEMAFOROS_KL43Z/drivers" -I"/home/anderson/setimo-semestre/RTOS/praticas/PRATICA06_SEMAFOROS_KL43Z/drivers/freertos" -I"/home/anderson/setimo-semestre/RTOS/praticas/PRATICA06_SEMAFOROS_KL43Z/component/uart" -I"/home/anderson/setimo-semestre/RTOS/praticas/PRATICA06_SEMAFOROS_KL43Z/component/serial_manager" -I"/home/anderson/setimo-semestre/RTOS/praticas/PRATICA06_SEMAFOROS_KL43Z/utilities" -I"/home/anderson/setimo-semestre/RTOS/praticas/PRATICA06_SEMAFOROS_KL43Z/component/lists" -I"/home/anderson/setimo-semestre/RTOS/praticas/PRATICA06_SEMAFOROS_KL43Z/device" -I"/home/anderson/setimo-semestre/RTOS/praticas/PRATICA06_SEMAFOROS_KL43Z/CMSIS" -O0 -fno-common -g3 -Wall -c -ffunction-sections -fdata-sections -ffreestanding -fno-builtin -fmerge-constants -fmacro-prefix-map="../freertos/freertos_kernel/"= -mcpu=cortex-m0plus -mthumb -D__REDLIB__ -fstack-usage -specs=redlib.specs -MMD -MP -MF"freertos/freertos_kernel/croutine.d" -MT"freertos/freertos_kernel/croutine.o" -MT"freertos/freertos_kernel/croutine.d" -o "freertos/freertos_kernel/croutine.o" "../freertos/freertos_kernel/croutine.c"
Finished building: ../source/semihost_hardfault.c
 
Building file: ../freertos/freertos_kernel/event_groups.c
Invoking: MCU C Compiler
arm-none-eabi-gcc -D__REDLIB__ -DCPU_MKL43Z256VLH4 -DCPU_MKL43Z256VLH4_cm0plus -DFSL_RTOS_BM -DSDK_OS_BAREMETAL -DCR_INTEGER_PRINTF -DPRINTF_FLOAT_ENABLE=0 -DFSL_RTOS_FREE_RTOS -DSDK_OS_FREE_RTOS -DSERIAL_PORT_TYPE_UART=1 -D__MCUXPRESSO -D__USE_CMSIS -DDEBUG -DSDK_DEBUGCONSOLE=0 -I"/home/anderson/setimo-semestre/RTOS/praticas/PRATICA06_SEMAFOROS_KL43Z/board" -I"/home/anderson/setimo-semestre/RTOS/praticas/PRATICA06_SEMAFOROS_KL43Z/source" -I"/home/anderson/setimo-semestre/RTOS/praticas/PRATICA06_SEMAFOROS_KL43Z" -I"/home/anderson/setimo-semestre/RTOS/praticas/PRATICA06_SEMAFOROS_KL43Z/freertos/freertos_kernel/include" -I"/home/anderson/setimo-semestre/RTOS/praticas/PRATICA06_SEMAFOROS_KL43Z/freertos/freertos_kernel/portable/GCC/ARM_CM0" -I"/home/anderson/setimo-semestre/RTOS/praticas/PRATICA06_SEMAFOROS_KL43Z/drivers" -I"/home/anderson/setimo-semestre/RTOS/praticas/PRATICA06_SEMAFOROS_KL43Z/drivers/freertos" -I"/home/anderson/setimo-semestre/RTOS/praticas/PRATICA06_SEMAFOROS_KL43Z/component/uart" -I"/home/anderson/setimo-semestre/RTOS/praticas/PRATICA06_SEMAFOROS_KL43Z/component/serial_manager" -I"/home/anderson/setimo-semestre/RTOS/praticas/PRATICA06_SEMAFOROS_KL43Z/utilities" -I"/home/anderson/setimo-semestre/RTOS/praticas/PRATICA06_SEMAFOROS_KL43Z/component/lists" -I"/home/anderson/setimo-semestre/RTOS/praticas/PRATICA06_SEMAFOROS_KL43Z/device" -I"/home/anderson/setimo-semestre/RTOS/praticas/PRATICA06_SEMAFOROS_KL43Z/CMSIS" -O0 -fno-common -g3 -Wall -c -ffunction-sections -fdata-sections -ffreestanding -fno-builtin -fmerge-constants -fmacro-prefix-map="../freertos/freertos_kernel/"= -mcpu=cortex-m0plus -mthumb -D__REDLIB__ -fstack-usage -specs=redlib.specs -MMD -MP -MF"freertos/freertos_kernel/event_groups.d" -MT"freertos/freertos_kernel/event_groups.o" -MT"freertos/freertos_kernel/event_groups.d" -o "freertos/freertos_kernel/event_groups.o" "../freertos/freertos_kernel/event_groups.c"
Finished building: ../freertos/freertos_kernel/portable/MemMang/heap_4.c
 
Building file: ../freertos/freertos_kernel/list.c
Invoking: MCU C Compiler
arm-none-eabi-gcc -D__REDLIB__ -DCPU_MKL43Z256VLH4 -DCPU_MKL43Z256VLH4_cm0plus -DFSL_RTOS_BM -DSDK_OS_BAREMETAL -DCR_INTEGER_PRINTF -DPRINTF_FLOAT_ENABLE=0 -DFSL_RTOS_FREE_RTOS -DSDK_OS_FREE_RTOS -DSERIAL_PORT_TYPE_UART=1 -D__MCUXPRESSO -D__USE_CMSIS -DDEBUG -DSDK_DEBUGCONSOLE=0 -I"/home/anderson/setimo-semestre/RTOS/praticas/PRATICA06_SEMAFOROS_KL43Z/board" -I"/home/anderson/setimo-semestre/RTOS/praticas/PRATICA06_SEMAFOROS_KL43Z/source" -I"/home/anderson/setimo-semestre/RTOS/praticas/PRATICA06_SEMAFOROS_KL43Z" -I"/home/anderson/setimo-semestre/RTOS/praticas/PRATICA06_SEMAFOROS_KL43Z/freertos/freertos_kernel/include" -I"/home/anderson/setimo-semestre/RTOS/praticas/PRATICA06_SEMAFOROS_KL43Z/freertos/freertos_kernel/portable/GCC/ARM_CM0" -I"/home/anderson/setimo-semestre/RTOS/praticas/PRATICA06_SEMAFOROS_KL43Z/drivers" -I"/home/anderson/setimo-semestre/RTOS/praticas/PRATICA06_SEMAFOROS_KL43Z/drivers/freertos" -I"/home/anderson/setimo-semestre/RTOS/praticas/PRATICA06_SEMAFOROS_KL43Z/component/uart" -I"/home/anderson/setimo-semestre/RTOS/praticas/PRATICA06_SEMAFOROS_KL43Z/component/serial_manager" -I"/home/anderson/setimo-semestre/RTOS/praticas/PRATICA06_SEMAFOROS_KL43Z/utilities" -I"/home/anderson/setimo-semestre/RTOS/praticas/PRATICA06_SEMAFOROS_KL43Z/component/lists" -I"/home/anderson/setimo-semestre/RTOS/praticas/PRATICA06_SEMAFOROS_KL43Z/device" -I"/home/anderson/setimo-semestre/RTOS/praticas/PRATICA06_SEMAFOROS_KL43Z/CMSIS" -O0 -fno-common -g3 -Wall -c -ffunction-sections -fdata-sections -ffreestanding -fno-builtin -fmerge-constants -fmacro-prefix-map="../freertos/freertos_kernel/"= -mcpu=cortex-m0plus -mthumb -D__REDLIB__ -fstack-usage -specs=redlib.specs -MMD -MP -MF"freertos/freertos_kernel/list.d" -MT"freertos/freertos_kernel/list.o" -MT"freertos/freertos_kernel/list.d" -o "freertos/freertos_kernel/list.o" "../freertos/freertos_kernel/list.c"
Finished building: ../freertos/freertos_kernel/croutine.c
 
Finished building: ../freertos/freertos_kernel/portable/GCC/ARM_CM0/port.c
Building file: ../freertos/freertos_kernel/queue.c
 
Invoking: MCU C Compiler
arm-none-eabi-gcc -D__REDLIB__ -DCPU_MKL43Z256VLH4 -DCPU_MKL43Z256VLH4_cm0plus -DFSL_RTOS_BM -DSDK_OS_BAREMETAL -DCR_INTEGER_PRINTF -DPRINTF_FLOAT_ENABLE=0 -DFSL_RTOS_FREE_RTOS -DSDK_OS_FREE_RTOS -DSERIAL_PORT_TYPE_UART=1 -D__MCUXPRESSO -D__USE_CMSIS -DDEBUG -DSDK_DEBUGCONSOLE=0 -I"/home/anderson/setimo-semestre/RTOS/praticas/PRATICA06_SEMAFOROS_KL43Z/board" -I"/home/anderson/setimo-semestre/RTOS/praticas/PRATICA06_SEMAFOROS_KL43Z/source" -I"/home/anderson/setimo-semestre/RTOS/praticas/PRATICA06_SEMAFOROS_KL43Z" -I"/home/anderson/setimo-semestre/RTOS/praticas/PRATICA06_SEMAFOROS_KL43Z/freertos/freertos_kernel/include" -I"/home/anderson/setimo-semestre/RTOS/praticas/PRATICA06_SEMAFOROS_KL43Z/freertos/freertos_kernel/portable/GCC/ARM_CM0" -I"/home/anderson/setimo-semestre/RTOS/praticas/PRATICA06_SEMAFOROS_KL43Z/drivers" -I"/home/anderson/setimo-semestre/RTOS/praticas/PRATICA06_SEMAFOROS_KL43Z/drivers/freertos" -I"/home/anderson/setimo-semestre/RTOS/praticas/PRATICA06_SEMAFOROS_KL43Z/component/uart" -I"/home/anderson/setimo-semestre/RTOS/praticas/PRATICA06_SEMAFOROS_KL43Z/component/serial_manager" -I"/home/anderson/setimo-semestre/RTOS/praticas/PRATICA06_SEMAFOROS_KL43Z/utilities" -I"/home/anderson/setimo-semestre/RTOS/praticas/PRATICA06_SEMAFOROS_KL43Z/component/lists" -I"/home/anderson/setimo-semestre/RTOS/praticas/PRATICA06_SEMAFOROS_KL43Z/device" -I"/home/anderson/setimo-semestre/RTOS/praticas/PRATICA06_SEMAFOROS_KL43Z/CMSIS" -O0 -fno-common -g3 -Wall -c -ffunction-sections -fdata-sections -ffreestanding -fno-builtin -fmerge-constants -fmacro-prefix-map="../freertos/freertos_kernel/"= -mcpu=cortex-m0plus -mthumb -D__REDLIB__ -fstack-usage -specs=redlib.specs -MMD -MP -MF"freertos/freertos_kernel/queue.d" -MT"freertos/freertos_kernel/queue.o" -MT"freertos/freertos_kernel/queue.d" -o "freertos/freertos_kernel/queue.o" "../freertos/freertos_kernel/queue.c"
Building file: ../freertos/freertos_kernel/stream_buffer.c
Invoking: MCU C Compiler
arm-none-eabi-gcc -D__REDLIB__ -DCPU_MKL43Z256VLH4 -DCPU_MKL43Z256VLH4_cm0plus -DFSL_RTOS_BM -DSDK_OS_BAREMETAL -DCR_INTEGER_PRINTF -DPRINTF_FLOAT_ENABLE=0 -DFSL_RTOS_FREE_RTOS -DSDK_OS_FREE_RTOS -DSERIAL_PORT_TYPE_UART=1 -D__MCUXPRESSO -D__USE_CMSIS -DDEBUG -DSDK_DEBUGCONSOLE=0 -I"/home/anderson/setimo-semestre/RTOS/praticas/PRATICA06_SEMAFOROS_KL43Z/board" -I"/home/anderson/setimo-semestre/RTOS/praticas/PRATICA06_SEMAFOROS_KL43Z/source" -I"/home/anderson/setimo-semestre/RTOS/praticas/PRATICA06_SEMAFOROS_KL43Z" -I"/home/anderson/setimo-semestre/RTOS/praticas/PRATICA06_SEMAFOROS_KL43Z/freertos/freertos_kernel/include" -I"/home/anderson/setimo-semestre/RTOS/praticas/PRATICA06_SEMAFOROS_KL43Z/freertos/freertos_kernel/portable/GCC/ARM_CM0" -I"/home/anderson/setimo-semestre/RTOS/praticas/PRATICA06_SEMAFOROS_KL43Z/drivers" -I"/home/anderson/setimo-semestre/RTOS/praticas/PRATICA06_SEMAFOROS_KL43Z/drivers/freertos" -I"/home/anderson/setimo-semestre/RTOS/praticas/PRATICA06_SEMAFOROS_KL43Z/component/uart" -I"/home/anderson/setimo-semestre/RTOS/praticas/PRATICA06_SEMAFOROS_KL43Z/component/serial_manager" -I"/home/anderson/setimo-semestre/RTOS/praticas/PRATICA06_SEMAFOROS_KL43Z/utilities" -I"/home/anderson/setimo-semestre/RTOS/praticas/PRATICA06_SEMAFOROS_KL43Z/component/lists" -I"/home/anderson/setimo-semestre/RTOS/praticas/PRATICA06_SEMAFOROS_KL43Z/device" -I"/home/anderson/setimo-semestre/RTOS/praticas/PRATICA06_SEMAFOROS_KL43Z/CMSIS" -O0 -fno-common -g3 -Wall -c -ffunction-sections -fdata-sections -ffreestanding -fno-builtin -fmerge-constants -fmacro-prefix-map="../freertos/freertos_kernel/"= -mcpu=cortex-m0plus -mthumb -D__REDLIB__ -fstack-usage -specs=redlib.specs -MMD -MP -MF"freertos/freertos_kernel/stream_buffer.d" -MT"freertos/freertos_kernel/stream_buffer.o" -MT"freertos/freertos_kernel/stream_buffer.d" -o "freertos/freertos_kernel/stream_buffer.o" "../freertos/freertos_kernel/stream_buffer.c"
Finished building: ../freertos/freertos_kernel/list.c
 
Building file: ../freertos/freertos_kernel/tasks.c
Finished building: ../freertos/freertos_kernel/event_groups.c
 
Invoking: MCU C Compiler
arm-none-eabi-gcc -D__REDLIB__ -DCPU_MKL43Z256VLH4 -DCPU_MKL43Z256VLH4_cm0plus -DFSL_RTOS_BM -DSDK_OS_BAREMETAL -DCR_INTEGER_PRINTF -DPRINTF_FLOAT_ENABLE=0 -DFSL_RTOS_FREE_RTOS -DSDK_OS_FREE_RTOS -DSERIAL_PORT_TYPE_UART=1 -D__MCUXPRESSO -D__USE_CMSIS -DDEBUG -DSDK_DEBUGCONSOLE=0 -I"/home/anderson/setimo-semestre/RTOS/praticas/PRATICA06_SEMAFOROS_KL43Z/board" -I"/home/anderson/setimo-semestre/RTOS/praticas/PRATICA06_SEMAFOROS_KL43Z/source" -I"/home/anderson/setimo-semestre/RTOS/praticas/PRATICA06_SEMAFOROS_KL43Z" -I"/home/anderson/setimo-semestre/RTOS/praticas/PRATICA06_SEMAFOROS_KL43Z/freertos/freertos_kernel/include" -I"/home/anderson/setimo-semestre/RTOS/praticas/PRATICA06_SEMAFOROS_KL43Z/freertos/freertos_kernel/portable/GCC/ARM_CM0" -I"/home/anderson/setimo-semestre/RTOS/praticas/PRATICA06_SEMAFOROS_KL43Z/drivers" -I"/home/anderson/setimo-semestre/RTOS/praticas/PRATICA06_SEMAFOROS_KL43Z/drivers/freertos" -I"/home/anderson/setimo-semestre/RTOS/praticas/PRATICA06_SEMAFOROS_KL43Z/component/uart" -I"/home/anderson/setimo-semestre/RTOS/praticas/PRATICA06_SEMAFOROS_KL43Z/component/serial_manager" -I"/home/anderson/setimo-semestre/RTOS/praticas/PRATICA06_SEMAFOROS_KL43Z/utilities" -I"/home/anderson/setimo-semestre/RTOS/praticas/PRATICA06_SEMAFOROS_KL43Z/component/lists" -I"/home/anderson/setimo-semestre/RTOS/praticas/PRATICA06_SEMAFOROS_KL43Z/device" -I"/home/anderson/setimo-semestre/RTOS/praticas/PRATICA06_SEMAFOROS_KL43Z/CMSIS" -O0 -fno-common -g3 -Wall -c -ffunction-sections -fdata-sections -ffreestanding -fno-builtin -fmerge-constants -fmacro-prefix-map="../freertos/freertos_kernel/"= -mcpu=cortex-m0plus -mthumb -D__REDLIB__ -fstack-usage -specs=redlib.specs -MMD -MP -MF"freertos/freertos_kernel/tasks.d" -MT"freertos/freertos_kernel/tasks.o" -MT"freertos/freertos_kernel/tasks.d" -o "freertos/freertos_kernel/tasks.o" "../freertos/freertos_kernel/tasks.c"
Building file: ../freertos/freertos_kernel/timers.c
Invoking: MCU C Compiler
arm-none-eabi-gcc -D__REDLIB__ -DCPU_MKL43Z256VLH4 -DCPU_MKL43Z256VLH4_cm0plus -DFSL_RTOS_BM -DSDK_OS_BAREMETAL -DCR_INTEGER_PRINTF -DPRINTF_FLOAT_ENABLE=0 -DFSL_RTOS_FREE_RTOS -DSDK_OS_FREE_RTOS -DSERIAL_PORT_TYPE_UART=1 -D__MCUXPRESSO -D__USE_CMSIS -DDEBUG -DSDK_DEBUGCONSOLE=0 -I"/home/anderson/setimo-semestre/RTOS/praticas/PRATICA06_SEMAFOROS_KL43Z/board" -I"/home/anderson/setimo-semestre/RTOS/praticas/PRATICA06_SEMAFOROS_KL43Z/source" -I"/home/anderson/setimo-semestre/RTOS/praticas/PRATICA06_SEMAFOROS_KL43Z" -I"/home/anderson/setimo-semestre/RTOS/praticas/PRATICA06_SEMAFOROS_KL43Z/freertos/freertos_kernel/include" -I"/home/anderson/setimo-semestre/RTOS/praticas/PRATICA06_SEMAFOROS_KL43Z/freertos/freertos_kernel/portable/GCC/ARM_CM0" -I"/home/anderson/setimo-semestre/RTOS/praticas/PRATICA06_SEMAFOROS_KL43Z/drivers" -I"/home/anderson/setimo-semestre/RTOS/praticas/PRATICA06_SEMAFOROS_KL43Z/drivers/freertos" -I"/home/anderson/setimo-semestre/RTOS/praticas/PRATICA06_SEMAFOROS_KL43Z/component/uart" -I"/home/anderson/setimo-semestre/RTOS/praticas/PRATICA06_SEMAFOROS_KL43Z/component/serial_manager" -I"/home/anderson/setimo-semestre/RTOS/praticas/PRATICA06_SEMAFOROS_KL43Z/utilities" -I"/home/anderson/setimo-semestre/RTOS/praticas/PRATICA06_SEMAFOROS_KL43Z/component/lists" -I"/home/anderson/setimo-semestre/RTOS/praticas/PRATICA06_SEMAFOROS_KL43Z/device" -I"/home/anderson/setimo-semestre/RTOS/praticas/PRATICA06_SEMAFOROS_KL43Z/CMSIS" -O0 -fno-common -g3 -Wall -c -ffunction-sections -fdata-sections -ffreestanding -fno-builtin -fmerge-constants -fmacro-prefix-map="../freertos/freertos_kernel/"= -mcpu=cortex-m0plus -mthumb -D__REDLIB__ -fstack-usage -specs=redlib.specs -MMD -MP -MF"freertos/freertos_kernel/timers.d" -MT"freertos/freertos_kernel/timers.o" -MT"freertos/freertos_kernel/timers.d" -o "freertos/freertos_kernel/timers.o" "../freertos/freertos_kernel/timers.c"
Finished building: ../freertos/freertos_kernel/timers.c
Finished building: ../freertos/freertos_kernel/queue.c
Finished building: ../freertos/freertos_kernel/stream_buffer.c
Finished building: ../freertos/freertos_kernel/tasks.c
 
 
 
 
Building file: ../drivers/freertos/fsl_spi_freertos.c
Invoking: MCU C Compiler
Building file: ../drivers/fsl_adc16.c
arm-none-eabi-gcc -D__REDLIB__ -DCPU_MKL43Z256VLH4 -DCPU_MKL43Z256VLH4_cm0plus -DFSL_RTOS_BM -DSDK_OS_BAREMETAL -DCR_INTEGER_PRINTF -DPRINTF_FLOAT_ENABLE=0 -DFSL_RTOS_FREE_RTOS -DSDK_OS_FREE_RTOS -DSERIAL_PORT_TYPE_UART=1 -D__MCUXPRESSO -D__USE_CMSIS -DDEBUG -DSDK_DEBUGCONSOLE=0 -I"/home/anderson/setimo-semestre/RTOS/praticas/PRATICA06_SEMAFOROS_KL43Z/board" -I"/home/anderson/setimo-semestre/RTOS/praticas/PRATICA06_SEMAFOROS_KL43Z/source" -I"/home/anderson/setimo-semestre/RTOS/praticas/PRATICA06_SEMAFOROS_KL43Z" -I"/home/anderson/setimo-semestre/RTOS/praticas/PRATICA06_SEMAFOROS_KL43Z/freertos/freertos_kernel/include" -I"/home/anderson/setimo-semestre/RTOS/praticas/PRATICA06_SEMAFOROS_KL43Z/freertos/freertos_kernel/portable/GCC/ARM_CM0" -I"/home/anderson/setimo-semestre/RTOS/praticas/PRATICA06_SEMAFOROS_KL43Z/drivers" -I"/home/anderson/setimo-semestre/RTOS/praticas/PRATICA06_SEMAFOROS_KL43Z/drivers/freertos" -I"/home/anderson/setimo-semestre/RTOS/praticas/PRATICA06_SEMAFOROS_KL43Z/component/uart" -I"/home/anderson/setimo-semestre/RTOS/praticas/PRATICA06_SEMAFOROS_KL43Z/component/serial_manager" -I"/home/anderson/setimo-semestre/RTOS/praticas/PRATICA06_SEMAFOROS_KL43Z/utilities" -I"/home/anderson/setimo-semestre/RTOS/praticas/PRATICA06_SEMAFOROS_KL43Z/component/lists" -I"/home/anderson/setimo-semestre/RTOS/praticas/PRATICA06_SEMAFOROS_KL43Z/device" -I"/home/anderson/setimo-semestre/RTOS/praticas/PRATICA06_SEMAFOROS_KL43Z/CMSIS" -O0 -fno-common -g3 -Wall -c -ffunction-sections -fdata-sections -ffreestanding -fno-builtin -fmerge-constants -fmacro-prefix-map="../drivers/freertos/"= -mcpu=cortex-m0plus -mthumb -D__REDLIB__ -fstack-usage -specs=redlib.specs -MMD -MP -MF"drivers/freertos/fsl_spi_freertos.d" -MT"drivers/freertos/fsl_spi_freertos.o" -MT"drivers/freertos/fsl_spi_freertos.d" -o "drivers/freertos/fsl_spi_freertos.o" "../drivers/freertos/fsl_spi_freertos.c"
Building file: ../drivers/fsl_clock.c
Invoking: MCU C Compiler
arm-none-eabi-gcc -D__REDLIB__ -DCPU_MKL43Z256VLH4 -DCPU_MKL43Z256VLH4_cm0plus -DFSL_RTOS_BM -DSDK_OS_BAREMETAL -DCR_INTEGER_PRINTF -DPRINTF_FLOAT_ENABLE=0 -DFSL_RTOS_FREE_RTOS -DSDK_OS_FREE_RTOS -DSERIAL_PORT_TYPE_UART=1 -D__MCUXPRESSO -D__USE_CMSIS -DDEBUG -DSDK_DEBUGCONSOLE=0 -I"/home/anderson/setimo-semestre/RTOS/praticas/PRATICA06_SEMAFOROS_KL43Z/board" -I"/home/anderson/setimo-semestre/RTOS/praticas/PRATICA06_SEMAFOROS_KL43Z/source" -I"/home/anderson/setimo-semestre/RTOS/praticas/PRATICA06_SEMAFOROS_KL43Z" -I"/home/anderson/setimo-semestre/RTOS/praticas/PRATICA06_SEMAFOROS_KL43Z/freertos/freertos_kernel/include" -I"/home/anderson/setimo-semestre/RTOS/praticas/PRATICA06_SEMAFOROS_KL43Z/freertos/freertos_kernel/portable/GCC/ARM_CM0" -I"/home/anderson/setimo-semestre/RTOS/praticas/PRATICA06_SEMAFOROS_KL43Z/drivers" -I"/home/anderson/setimo-semestre/RTOS/praticas/PRATICA06_SEMAFOROS_KL43Z/drivers/freertos" -I"/home/anderson/setimo-semestre/RTOS/praticas/PRATICA06_SEMAFOROS_KL43Z/component/uart" -I"/home/anderson/setimo-semestre/RTOS/praticas/PRATICA06_SEMAFOROS_KL43Z/component/serial_manager" -I"/home/anderson/setimo-semestre/RTOS/praticas/PRATICA06_SEMAFOROS_KL43Z/utilities" -I"/home/anderson/setimo-semestre/RTOS/praticas/PRATICA06_SEMAFOROS_KL43Z/component/lists" -I"/home/anderson/setimo-semestre/RTOS/praticas/PRATICA06_SEMAFOROS_KL43Z/device" -I"/home/anderson/setimo-semestre/RTOS/praticas/PRATICA06_SEMAFOROS_KL43Z/CMSIS" -O0 -fno-common -g3 -Wall -c -ffunction-sections -fdata-sections -ffreestanding -fno-builtin -fmerge-constants -fmacro-prefix-map="../drivers/"= -mcpu=cortex-m0plus -mthumb -D__REDLIB__ -fstack-usage -specs=redlib.specs -MMD -MP -MF"drivers/fsl_adc16.d" -MT"drivers/fsl_adc16.o" -MT"drivers/fsl_adc16.d" -o "drivers/fsl_adc16.o" "../drivers/fsl_adc16.c"
Invoking: MCU C Compiler
arm-none-eabi-gcc -D__REDLIB__ -DCPU_MKL43Z256VLH4 -DCPU_MKL43Z256VLH4_cm0plus -DFSL_RTOS_BM -DSDK_OS_BAREMETAL -DCR_INTEGER_PRINTF -DPRINTF_FLOAT_ENABLE=0 -DFSL_RTOS_FREE_RTOS -DSDK_OS_FREE_RTOS -DSERIAL_PORT_TYPE_UART=1 -D__MCUXPRESSO -D__USE_CMSIS -DDEBUG -DSDK_DEBUGCONSOLE=0 -I"/home/anderson/setimo-semestre/RTOS/praticas/PRATICA06_SEMAFOROS_KL43Z/board" -I"/home/anderson/setimo-semestre/RTOS/praticas/PRATICA06_SEMAFOROS_KL43Z/source" -I"/home/anderson/setimo-semestre/RTOS/praticas/PRATICA06_SEMAFOROS_KL43Z" -I"/home/anderson/setimo-semestre/RTOS/praticas/PRATICA06_SEMAFOROS_KL43Z/freertos/freertos_kernel/include" -I"/home/anderson/setimo-semestre/RTOS/praticas/PRATICA06_SEMAFOROS_KL43Z/freertos/freertos_kernel/portable/GCC/ARM_CM0" -I"/home/anderson/setimo-semestre/RTOS/praticas/PRATICA06_SEMAFOROS_KL43Z/drivers" -I"/home/anderson/setimo-semestre/RTOS/praticas/PRATICA06_SEMAFOROS_KL43Z/drivers/freertos" -I"/home/anderson/setimo-semestre/RTOS/praticas/PRATICA06_SEMAFOROS_KL43Z/component/uart" -I"/home/anderson/setimo-semestre/RTOS/praticas/PRATICA06_SEMAFOROS_KL43Z/component/serial_manager" -I"/home/anderson/setimo-semestre/RTOS/praticas/PRATICA06_SEMAFOROS_KL43Z/utilities" -I"/home/anderson/setimo-semestre/RTOS/praticas/PRATICA06_SEMAFOROS_KL43Z/component/lists" -I"/home/anderson/setimo-semestre/RTOS/praticas/PRATICA06_SEMAFOROS_KL43Z/device" -I"/home/anderson/setimo-semestre/RTOS/praticas/PRATICA06_SEMAFOROS_KL43Z/CMSIS" -O0 -fno-common -g3 -Wall -c -ffunction-sections -fdata-sections -ffreestanding -fno-builtin -fmerge-constants -fmacro-prefix-map="../drivers/"= -mcpu=cortex-m0plus -mthumb -D__REDLIB__ -fstack-usage -specs=redlib.specs -MMD -MP -MF"drivers/fsl_clock.d" -MT"drivers/fsl_clock.o" -MT"drivers/fsl_clock.d" -o "drivers/fsl_clock.o" "../drivers/fsl_clock.c"
Building file: ../drivers/fsl_common.c
Invoking: MCU C Compiler
arm-none-eabi-gcc -D__REDLIB__ -DCPU_MKL43Z256VLH4 -DCPU_MKL43Z256VLH4_cm0plus -DFSL_RTOS_BM -DSDK_OS_BAREMETAL -DCR_INTEGER_PRINTF -DPRINTF_FLOAT_ENABLE=0 -DFSL_RTOS_FREE_RTOS -DSDK_OS_FREE_RTOS -DSERIAL_PORT_TYPE_UART=1 -D__MCUXPRESSO -D__USE_CMSIS -DDEBUG -DSDK_DEBUGCONSOLE=0 -I"/home/anderson/setimo-semestre/RTOS/praticas/PRATICA06_SEMAFOROS_KL43Z/board" -I"/home/anderson/setimo-semestre/RTOS/praticas/PRATICA06_SEMAFOROS_KL43Z/source" -I"/home/anderson/setimo-semestre/RTOS/praticas/PRATICA06_SEMAFOROS_KL43Z" -I"/home/anderson/setimo-semestre/RTOS/praticas/PRATICA06_SEMAFOROS_KL43Z/freertos/freertos_kernel/include" -I"/home/anderson/setimo-semestre/RTOS/praticas/PRATICA06_SEMAFOROS_KL43Z/freertos/freertos_kernel/portable/GCC/ARM_CM0" -I"/home/anderson/setimo-semestre/RTOS/praticas/PRATICA06_SEMAFOROS_KL43Z/drivers" -I"/home/anderson/setimo-semestre/RTOS/praticas/PRATICA06_SEMAFOROS_KL43Z/drivers/freertos" -I"/home/anderson/setimo-semestre/RTOS/praticas/PRATICA06_SEMAFOROS_KL43Z/component/uart" -I"/home/anderson/setimo-semestre/RTOS/praticas/PRATICA06_SEMAFOROS_KL43Z/component/serial_manager" -I"/home/anderson/setimo-semestre/RTOS/praticas/PRATICA06_SEMAFOROS_KL43Z/utilities" -I"/home/anderson/setimo-semestre/RTOS/praticas/PRATICA06_SEMAFOROS_KL43Z/component/lists" -I"/home/anderson/setimo-semestre/RTOS/praticas/PRATICA06_SEMAFOROS_KL43Z/device" -I"/home/anderson/setimo-semestre/RTOS/praticas/PRATICA06_SEMAFOROS_KL43Z/CMSIS" -O0 -fno-common -g3 -Wall -c -ffunction-sections -fdata-sections -ffreestanding -fno-builtin -fmerge-constants -fmacro-prefix-map="../drivers/"= -mcpu=cortex-m0plus -mthumb -D__REDLIB__ -fstack-usage -specs=redlib.specs -MMD -MP -MF"drivers/fsl_common.d" -MT"drivers/fsl_common.o" -MT"drivers/fsl_common.d" -o "drivers/fsl_common.o" "../drivers/fsl_common.c"
Finished building: ../drivers/fsl_common.c
 
Building file: ../drivers/fsl_gpio.c
Invoking: MCU C Compiler
arm-none-eabi-gcc -D__REDLIB__ -DCPU_MKL43Z256VLH4 -DCPU_MKL43Z256VLH4_cm0plus -DFSL_RTOS_BM -DSDK_OS_BAREMETAL -DCR_INTEGER_PRINTF -DPRINTF_FLOAT_ENABLE=0 -DFSL_RTOS_FREE_RTOS -DSDK_OS_FREE_RTOS -DSERIAL_PORT_TYPE_UART=1 -D__MCUXPRESSO -D__USE_CMSIS -DDEBUG -DSDK_DEBUGCONSOLE=0 -I"/home/anderson/setimo-semestre/RTOS/praticas/PRATICA06_SEMAFOROS_KL43Z/board" -I"/home/anderson/setimo-semestre/RTOS/praticas/PRATICA06_SEMAFOROS_KL43Z/source" -I"/home/anderson/setimo-semestre/RTOS/praticas/PRATICA06_SEMAFOROS_KL43Z" -I"/home/anderson/setimo-semestre/RTOS/praticas/PRATICA06_SEMAFOROS_KL43Z/freertos/freertos_kernel/include" -I"/home/anderson/setimo-semestre/RTOS/praticas/PRATICA06_SEMAFOROS_KL43Z/freertos/freertos_kernel/portable/GCC/ARM_CM0" -I"/home/anderson/setimo-semestre/RTOS/praticas/PRATICA06_SEMAFOROS_KL43Z/drivers" -I"/home/anderson/setimo-semestre/RTOS/praticas/PRATICA06_SEMAFOROS_KL43Z/drivers/freertos" -I"/home/anderson/setimo-semestre/RTOS/praticas/PRATICA06_SEMAFOROS_KL43Z/component/uart" -I"/home/anderson/setimo-semestre/RTOS/praticas/PRATICA06_SEMAFOROS_KL43Z/component/serial_manager" -I"/home/anderson/setimo-semestre/RTOS/praticas/PRATICA06_SEMAFOROS_KL43Z/utilities" -I"/home/anderson/setimo-semestre/RTOS/praticas/PRATICA06_SEMAFOROS_KL43Z/component/lists" -I"/home/anderson/setimo-semestre/RTOS/praticas/PRATICA06_SEMAFOROS_KL43Z/device" -I"/home/anderson/setimo-semestre/RTOS/praticas/PRATICA06_SEMAFOROS_KL43Z/CMSIS" -O0 -fno-common -g3 -Wall -c -ffunction-sections -fdata-sections -ffreestanding -fno-builtin -fmerge-constants -fmacro-prefix-map="../drivers/"= -mcpu=cortex-m0plus -mthumb -D__REDLIB__ -fstack-usage -specs=redlib.specs -MMD -MP -MF"drivers/fsl_gpio.d" -MT"drivers/fsl_gpio.o" -MT"drivers/fsl_gpio.d" -o "drivers/fsl_gpio.o" "../drivers/fsl_gpio.c"
Finished building: ../drivers/fsl_adc16.c
 
Building file: ../drivers/fsl_lpuart.c
Invoking: MCU C Compiler
arm-none-eabi-gcc -D__REDLIB__ -DCPU_MKL43Z256VLH4 -DCPU_MKL43Z256VLH4_cm0plus -DFSL_RTOS_BM -DSDK_OS_BAREMETAL -DCR_INTEGER_PRINTF -DPRINTF_FLOAT_ENABLE=0 -DFSL_RTOS_FREE_RTOS -DSDK_OS_FREE_RTOS -DSERIAL_PORT_TYPE_UART=1 -D__MCUXPRESSO -D__USE_CMSIS -DDEBUG -DSDK_DEBUGCONSOLE=0 -I"/home/anderson/setimo-semestre/RTOS/praticas/PRATICA06_SEMAFOROS_KL43Z/board" -I"/home/anderson/setimo-semestre/RTOS/praticas/PRATICA06_SEMAFOROS_KL43Z/source" -I"/home/anderson/setimo-semestre/RTOS/praticas/PRATICA06_SEMAFOROS_KL43Z" -I"/home/anderson/setimo-semestre/RTOS/praticas/PRATICA06_SEMAFOROS_KL43Z/freertos/freertos_kernel/include" -I"/home/anderson/setimo-semestre/RTOS/praticas/PRATICA06_SEMAFOROS_KL43Z/freertos/freertos_kernel/portable/GCC/ARM_CM0" -I"/home/anderson/setimo-semestre/RTOS/praticas/PRATICA06_SEMAFOROS_KL43Z/drivers" -I"/home/anderson/setimo-semestre/RTOS/praticas/PRATICA06_SEMAFOROS_KL43Z/drivers/freertos" -I"/home/anderson/setimo-semestre/RTOS/praticas/PRATICA06_SEMAFOROS_KL43Z/component/uart" -I"/home/anderson/setimo-semestre/RTOS/praticas/PRATICA06_SEMAFOROS_KL43Z/component/serial_manager" -I"/home/anderson/setimo-semestre/RTOS/praticas/PRATICA06_SEMAFOROS_KL43Z/utilities" -I"/home/anderson/setimo-semestre/RTOS/praticas/PRATICA06_SEMAFOROS_KL43Z/component/lists" -I"/home/anderson/setimo-semestre/RTOS/praticas/PRATICA06_SEMAFOROS_KL43Z/device" -I"/home/anderson/setimo-semestre/RTOS/praticas/PRATICA06_SEMAFOROS_KL43Z/CMSIS" -O0 -fno-common -g3 -Wall -c -ffunction-sections -fdata-sections -ffreestanding -fno-builtin -fmerge-constants -fmacro-prefix-map="../drivers/"= -mcpu=cortex-m0plus -mthumb -D__REDLIB__ -fstack-usage -specs=redlib.specs -MMD -MP -MF"drivers/fsl_lpuart.d" -MT"drivers/fsl_lpuart.o" -MT"drivers/fsl_lpuart.d" -o "drivers/fsl_lpuart.o" "../drivers/fsl_lpuart.c"
Finished building: ../drivers/freertos/fsl_spi_freertos.c
 
Building file: ../drivers/fsl_pit.c
Invoking: MCU C Compiler
Finished building: ../drivers/fsl_clock.c
arm-none-eabi-gcc -D__REDLIB__ -DCPU_MKL43Z256VLH4 -DCPU_MKL43Z256VLH4_cm0plus -DFSL_RTOS_BM -DSDK_OS_BAREMETAL -DCR_INTEGER_PRINTF -DPRINTF_FLOAT_ENABLE=0 -DFSL_RTOS_FREE_RTOS -DSDK_OS_FREE_RTOS -DSERIAL_PORT_TYPE_UART=1 -D__MCUXPRESSO -D__USE_CMSIS -DDEBUG -DSDK_DEBUGCONSOLE=0 -I"/home/anderson/setimo-semestre/RTOS/praticas/PRATICA06_SEMAFOROS_KL43Z/board" -I"/home/anderson/setimo-semestre/RTOS/praticas/PRATICA06_SEMAFOROS_KL43Z/source" -I"/home/anderson/setimo-semestre/RTOS/praticas/PRATICA06_SEMAFOROS_KL43Z" -I"/home/anderson/setimo-semestre/RTOS/praticas/PRATICA06_SEMAFOROS_KL43Z/freertos/freertos_kernel/include" -I"/home/anderson/setimo-semestre/RTOS/praticas/PRATICA06_SEMAFOROS_KL43Z/freertos/freertos_kernel/portable/GCC/ARM_CM0" -I"/home/anderson/setimo-semestre/RTOS/praticas/PRATICA06_SEMAFOROS_KL43Z/drivers" -I"/home/anderson/setimo-semestre/RTOS/praticas/PRATICA06_SEMAFOROS_KL43Z/drivers/freertos" -I"/home/anderson/setimo-semestre/RTOS/praticas/PRATICA06_SEMAFOROS_KL43Z/component/uart" -I"/home/anderson/setimo-semestre/RTOS/praticas/PRATICA06_SEMAFOROS_KL43Z/component/serial_manager" -I"/home/anderson/setimo-semestre/RTOS/praticas/PRATICA06_SEMAFOROS_KL43Z/utilities" -I"/home/anderson/setimo-semestre/RTOS/praticas/PRATICA06_SEMAFOROS_KL43Z/component/lists" -I"/home/anderson/setimo-semestre/RTOS/praticas/PRATICA06_SEMAFOROS_KL43Z/device" -I"/home/anderson/setimo-semestre/RTOS/praticas/PRATICA06_SEMAFOROS_KL43Z/CMSIS" -O0 -fno-common -g3 -Wall -c -ffunction-sections -fdata-sections -ffreestanding -fno-builtin -fmerge-constants -fmacro-prefix-map="../drivers/"= -mcpu=cortex-m0plus -mthumb -D__REDLIB__ -fstack-usage -specs=redlib.specs -MMD -MP -MF"drivers/fsl_pit.d" -MT"drivers/fsl_pit.o" -MT"drivers/fsl_pit.d" -o "drivers/fsl_pit.o" "../drivers/fsl_pit.c"
 
Building file: ../drivers/fsl_smc.c
Invoking: MCU C Compiler
arm-none-eabi-gcc -D__REDLIB__ -DCPU_MKL43Z256VLH4 -DCPU_MKL43Z256VLH4_cm0plus -DFSL_RTOS_BM -DSDK_OS_BAREMETAL -DCR_INTEGER_PRINTF -DPRINTF_FLOAT_ENABLE=0 -DFSL_RTOS_FREE_RTOS -DSDK_OS_FREE_RTOS -DSERIAL_PORT_TYPE_UART=1 -D__MCUXPRESSO -D__USE_CMSIS -DDEBUG -DSDK_DEBUGCONSOLE=0 -I"/home/anderson/setimo-semestre/RTOS/praticas/PRATICA06_SEMAFOROS_KL43Z/board" -I"/home/anderson/setimo-semestre/RTOS/praticas/PRATICA06_SEMAFOROS_KL43Z/source" -I"/home/anderson/setimo-semestre/RTOS/praticas/PRATICA06_SEMAFOROS_KL43Z" -I"/home/anderson/setimo-semestre/RTOS/praticas/PRATICA06_SEMAFOROS_KL43Z/freertos/freertos_kernel/include" -I"/home/anderson/setimo-semestre/RTOS/praticas/PRATICA06_SEMAFOROS_KL43Z/freertos/freertos_kernel/portable/GCC/ARM_CM0" -I"/home/anderson/setimo-semestre/RTOS/praticas/PRATICA06_SEMAFOROS_KL43Z/drivers" -I"/home/anderson/setimo-semestre/RTOS/praticas/PRATICA06_SEMAFOROS_KL43Z/drivers/freertos" -I"/home/anderson/setimo-semestre/RTOS/praticas/PRATICA06_SEMAFOROS_KL43Z/component/uart" -I"/home/anderson/setimo-semestre/RTOS/praticas/PRATICA06_SEMAFOROS_KL43Z/component/serial_manager" -I"/home/anderson/setimo-semestre/RTOS/praticas/PRATICA06_SEMAFOROS_KL43Z/utilities" -I"/home/anderson/setimo-semestre/RTOS/praticas/PRATICA06_SEMAFOROS_KL43Z/component/lists" -I"/home/anderson/setimo-semestre/RTOS/praticas/PRATICA06_SEMAFOROS_KL43Z/device" -I"/home/anderson/setimo-semestre/RTOS/praticas/PRATICA06_SEMAFOROS_KL43Z/CMSIS" -O0 -fno-common -g3 -Wall -c -ffunction-sections -fdata-sections -ffreestanding -fno-builtin -fmerge-constants -fmacro-prefix-map="../drivers/"= -mcpu=cortex-m0plus -mthumb -D__REDLIB__ -fstack-usage -specs=redlib.specs -MMD -MP -MF"drivers/fsl_smc.d" -MT"drivers/fsl_smc.o" -MT"drivers/fsl_smc.d" -o "drivers/fsl_smc.o" "../drivers/fsl_smc.c"
Finished building: ../drivers/fsl_pit.c
 
Building file: ../drivers/fsl_spi.c
Invoking: MCU C Compiler
arm-none-eabi-gcc -D__REDLIB__ -DCPU_MKL43Z256VLH4 -DCPU_MKL43Z256VLH4_cm0plus -DFSL_RTOS_BM -DSDK_OS_BAREMETAL -DCR_INTEGER_PRINTF -DPRINTF_FLOAT_ENABLE=0 -DFSL_RTOS_FREE_RTOS -DSDK_OS_FREE_RTOS -DSERIAL_PORT_TYPE_UART=1 -D__MCUXPRESSO -D__USE_CMSIS -DDEBUG -DSDK_DEBUGCONSOLE=0 -I"/home/anderson/setimo-semestre/RTOS/praticas/PRATICA06_SEMAFOROS_KL43Z/board" -I"/home/anderson/setimo-semestre/RTOS/praticas/PRATICA06_SEMAFOROS_KL43Z/source" -I"/home/anderson/setimo-semestre/RTOS/praticas/PRATICA06_SEMAFOROS_KL43Z" -I"/home/anderson/setimo-semestre/RTOS/praticas/PRATICA06_SEMAFOROS_KL43Z/freertos/freertos_kernel/include" -I"/home/anderson/setimo-semestre/RTOS/praticas/PRATICA06_SEMAFOROS_KL43Z/freertos/freertos_kernel/portable/GCC/ARM_CM0" -I"/home/anderson/setimo-semestre/RTOS/praticas/PRATICA06_SEMAFOROS_KL43Z/drivers" -I"/home/anderson/setimo-semestre/RTOS/praticas/PRATICA06_SEMAFOROS_KL43Z/drivers/freertos" -I"/home/anderson/setimo-semestre/RTOS/praticas/PRATICA06_SEMAFOROS_KL43Z/component/uart" -I"/home/anderson/setimo-semestre/RTOS/praticas/PRATICA06_SEMAFOROS_KL43Z/component/serial_manager" -I"/home/anderson/setimo-semestre/RTOS/praticas/PRATICA06_SEMAFOROS_KL43Z/utilities" -I"/home/anderson/setimo-semestre/RTOS/praticas/PRATICA06_SEMAFOROS_KL43Z/component/lists" -I"/home/anderson/setimo-semestre/RTOS/praticas/PRATICA06_SEMAFOROS_KL43Z/device" -I"/home/anderson/setimo-semestre/RTOS/praticas/PRATICA06_SEMAFOROS_KL43Z/CMSIS" -O0 -fno-common -g3 -Wall -c -ffunction-sections -fdata-sections -ffreestanding -fno-builtin -fmerge-constants -fmacro-prefix-map="../drivers/"= -mcpu=cortex-m0plus -mthumb -D__REDLIB__ -fstack-usage -specs=redlib.specs -MMD -MP -MF"drivers/fsl_spi.d" -MT"drivers/fsl_spi.o" -MT"drivers/fsl_spi.d" -o "drivers/fsl_spi.o" "../drivers/fsl_spi.c"
Finished building: ../drivers/fsl_lpuart.c
 
Building file: ../drivers/fsl_tpm.c
Finished building: ../drivers/fsl_gpio.c
 
Building file: ../device/system_MKL43Z4.c
Invoking: MCU C Compiler
arm-none-eabi-gcc -D__REDLIB__ -DCPU_MKL43Z256VLH4 -DCPU_MKL43Z256VLH4_cm0plus -DFSL_RTOS_BM -DSDK_OS_BAREMETAL -DCR_INTEGER_PRINTF -DPRINTF_FLOAT_ENABLE=0 -DFSL_RTOS_FREE_RTOS -DSDK_OS_FREE_RTOS -DSERIAL_PORT_TYPE_UART=1 -D__MCUXPRESSO -D__USE_CMSIS -DDEBUG -DSDK_DEBUGCONSOLE=0 -I"/home/anderson/setimo-semestre/RTOS/praticas/PRATICA06_SEMAFOROS_KL43Z/board" -I"/home/anderson/setimo-semestre/RTOS/praticas/PRATICA06_SEMAFOROS_KL43Z/source" -I"/home/anderson/setimo-semestre/RTOS/praticas/PRATICA06_SEMAFOROS_KL43Z" -I"/home/anderson/setimo-semestre/RTOS/praticas/PRATICA06_SEMAFOROS_KL43Z/freertos/freertos_kernel/include" -I"/home/anderson/setimo-semestre/RTOS/praticas/PRATICA06_SEMAFOROS_KL43Z/freertos/freertos_kernel/portable/GCC/ARM_CM0" -I"/home/anderson/setimo-semestre/RTOS/praticas/PRATICA06_SEMAFOROS_KL43Z/drivers" -I"/home/anderson/setimo-semestre/RTOS/praticas/PRATICA06_SEMAFOROS_KL43Z/drivers/freertos" -I"/home/anderson/setimo-semestre/RTOS/praticas/PRATICA06_SEMAFOROS_KL43Z/component/uart" -I"/home/anderson/setimo-semestre/RTOS/praticas/PRATICA06_SEMAFOROS_KL43Z/component/serial_manager" -I"/home/anderson/setimo-semestre/RTOS/praticas/PRATICA06_SEMAFOROS_KL43Z/utilities" -I"/home/anderson/setimo-semestre/RTOS/praticas/PRATICA06_SEMAFOROS_KL43Z/component/lists" -I"/home/anderson/setimo-semestre/RTOS/praticas/PRATICA06_SEMAFOROS_KL43Z/device" -I"/home/anderson/setimo-semestre/RTOS/praticas/PRATICA06_SEMAFOROS_KL43Z/CMSIS" -O0 -fno-common -g3 -Wall -c -ffunction-sections -fdata-sections -ffreestanding -fno-builtin -fmerge-constants -fmacro-prefix-map="../device/"= -mcpu=cortex-m0plus -mthumb -D__REDLIB__ -fstack-usage -specs=redlib.specs -MMD -MP -MF"device/system_MKL43Z4.d" -MT"device/system_MKL43Z4.o" -MT"device/system_MKL43Z4.d" -o "device/system_MKL43Z4.o" "../device/system_MKL43Z4.c"
Invoking: MCU C Compiler
arm-none-eabi-gcc -D__REDLIB__ -DCPU_MKL43Z256VLH4 -DCPU_MKL43Z256VLH4_cm0plus -DFSL_RTOS_BM -DSDK_OS_BAREMETAL -DCR_INTEGER_PRINTF -DPRINTF_FLOAT_ENABLE=0 -DFSL_RTOS_FREE_RTOS -DSDK_OS_FREE_RTOS -DSERIAL_PORT_TYPE_UART=1 -D__MCUXPRESSO -D__USE_CMSIS -DDEBUG -DSDK_DEBUGCONSOLE=0 -I"/home/anderson/setimo-semestre/RTOS/praticas/PRATICA06_SEMAFOROS_KL43Z/board" -I"/home/anderson/setimo-semestre/RTOS/praticas/PRATICA06_SEMAFOROS_KL43Z/source" -I"/home/anderson/setimo-semestre/RTOS/praticas/PRATICA06_SEMAFOROS_KL43Z" -I"/home/anderson/setimo-semestre/RTOS/praticas/PRATICA06_SEMAFOROS_KL43Z/freertos/freertos_kernel/include" -I"/home/anderson/setimo-semestre/RTOS/praticas/PRATICA06_SEMAFOROS_KL43Z/freertos/freertos_kernel/portable/GCC/ARM_CM0" -I"/home/anderson/setimo-semestre/RTOS/praticas/PRATICA06_SEMAFOROS_KL43Z/drivers" -I"/home/anderson/setimo-semestre/RTOS/praticas/PRATICA06_SEMAFOROS_KL43Z/drivers/freertos" -I"/home/anderson/setimo-semestre/RTOS/praticas/PRATICA06_SEMAFOROS_KL43Z/component/uart" -I"/home/anderson/setimo-semestre/RTOS/praticas/PRATICA06_SEMAFOROS_KL43Z/component/serial_manager" -I"/home/anderson/setimo-semestre/RTOS/praticas/PRATICA06_SEMAFOROS_KL43Z/utilities" -I"/home/anderson/setimo-semestre/RTOS/praticas/PRATICA06_SEMAFOROS_KL43Z/component/lists" -I"/home/anderson/setimo-semestre/RTOS/praticas/PRATICA06_SEMAFOROS_KL43Z/device" -I"/home/anderson/setimo-semestre/RTOS/praticas/PRATICA06_SEMAFOROS_KL43Z/CMSIS" -O0 -fno-common -g3 -Wall -c -ffunction-sections -fdata-sections -ffreestanding -fno-builtin -fmerge-constants -fmacro-prefix-map="../drivers/"= -mcpu=cortex-m0plus -mthumb -D__REDLIB__ -fstack-usage -specs=redlib.specs -MMD -MP -MF"drivers/fsl_tpm.d" -MT"drivers/fsl_tpm.o" -MT"drivers/fsl_tpm.d" -o "drivers/fsl_tpm.o" "../drivers/fsl_tpm.c"
Finished building: ../drivers/fsl_smc.c
 
Building file: ../component/uart/lpuart_adapter.c
Invoking: MCU C Compiler
arm-none-eabi-gcc -D__REDLIB__ -DCPU_MKL43Z256VLH4 -DCPU_MKL43Z256VLH4_cm0plus -DFSL_RTOS_BM -DSDK_OS_BAREMETAL -DCR_INTEGER_PRINTF -DPRINTF_FLOAT_ENABLE=0 -DFSL_RTOS_FREE_RTOS -DSDK_OS_FREE_RTOS -DSERIAL_PORT_TYPE_UART=1 -D__MCUXPRESSO -D__USE_CMSIS -DDEBUG -DSDK_DEBUGCONSOLE=0 -I"/home/anderson/setimo-semestre/RTOS/praticas/PRATICA06_SEMAFOROS_KL43Z/board" -I"/home/anderson/setimo-semestre/RTOS/praticas/PRATICA06_SEMAFOROS_KL43Z/source" -I"/home/anderson/setimo-semestre/RTOS/praticas/PRATICA06_SEMAFOROS_KL43Z" -I"/home/anderson/setimo-semestre/RTOS/praticas/PRATICA06_SEMAFOROS_KL43Z/freertos/freertos_kernel/include" -I"/home/anderson/setimo-semestre/RTOS/praticas/PRATICA06_SEMAFOROS_KL43Z/freertos/freertos_kernel/portable/GCC/ARM_CM0" -I"/home/anderson/setimo-semestre/RTOS/praticas/PRATICA06_SEMAFOROS_KL43Z/drivers" -I"/home/anderson/setimo-semestre/RTOS/praticas/PRATICA06_SEMAFOROS_KL43Z/drivers/freertos" -I"/home/anderson/setimo-semestre/RTOS/praticas/PRATICA06_SEMAFOROS_KL43Z/component/uart" -I"/home/anderson/setimo-semestre/RTOS/praticas/PRATICA06_SEMAFOROS_KL43Z/component/serial_manager" -I"/home/anderson/setimo-semestre/RTOS/praticas/PRATICA06_SEMAFOROS_KL43Z/utilities" -I"/home/anderson/setimo-semestre/RTOS/praticas/PRATICA06_SEMAFOROS_KL43Z/component/lists" -I"/home/anderson/setimo-semestre/RTOS/praticas/PRATICA06_SEMAFOROS_KL43Z/device" -I"/home/anderson/setimo-semestre/RTOS/praticas/PRATICA06_SEMAFOROS_KL43Z/CMSIS" -O0 -fno-common -g3 -Wall -c -ffunction-sections -fdata-sections -ffreestanding -fno-builtin -fmerge-constants -fmacro-prefix-map="../component/uart/"= -mcpu=cortex-m0plus -mthumb -D__REDLIB__ -fstack-usage -specs=redlib.specs -MMD -MP -MF"component/uart/lpuart_adapter.d" -MT"component/uart/lpuart_adapter.o" -MT"component/uart/lpuart_adapter.d" -o "component/uart/lpuart_adapter.o" "../component/uart/lpuart_adapter.c"
Finished building: ../drivers/fsl_tpm.c
 
Building file: ../component/serial_manager/serial_manager.c
Invoking: MCU C Compiler
arm-none-eabi-gcc -D__REDLIB__ -DCPU_MKL43Z256VLH4 -DCPU_MKL43Z256VLH4_cm0plus -DFSL_RTOS_BM -DSDK_OS_BAREMETAL -DCR_INTEGER_PRINTF -DPRINTF_FLOAT_ENABLE=0 -DFSL_RTOS_FREE_RTOS -DSDK_OS_FREE_RTOS -DSERIAL_PORT_TYPE_UART=1 -D__MCUXPRESSO -D__USE_CMSIS -DDEBUG -DSDK_DEBUGCONSOLE=0 -I"/home/anderson/setimo-semestre/RTOS/praticas/PRATICA06_SEMAFOROS_KL43Z/board" -I"/home/anderson/setimo-semestre/RTOS/praticas/PRATICA06_SEMAFOROS_KL43Z/source" -I"/home/anderson/setimo-semestre/RTOS/praticas/PRATICA06_SEMAFOROS_KL43Z" -I"/home/anderson/setimo-semestre/RTOS/praticas/PRATICA06_SEMAFOROS_KL43Z/freertos/freertos_kernel/include" -I"/home/anderson/setimo-semestre/RTOS/praticas/PRATICA06_SEMAFOROS_KL43Z/freertos/freertos_kernel/portable/GCC/ARM_CM0" -I"/home/anderson/setimo-semestre/RTOS/praticas/PRATICA06_SEMAFOROS_KL43Z/drivers" -I"/home/anderson/setimo-semestre/RTOS/praticas/PRATICA06_SEMAFOROS_KL43Z/drivers/freertos" -I"/home/anderson/setimo-semestre/RTOS/praticas/PRATICA06_SEMAFOROS_KL43Z/component/uart" -I"/home/anderson/setimo-semestre/RTOS/praticas/PRATICA06_SEMAFOROS_KL43Z/component/serial_manager" -I"/home/anderson/setimo-semestre/RTOS/praticas/PRATICA06_SEMAFOROS_KL43Z/utilities" -I"/home/anderson/setimo-semestre/RTOS/praticas/PRATICA06_SEMAFOROS_KL43Z/component/lists" -I"/home/anderson/setimo-semestre/RTOS/praticas/PRATICA06_SEMAFOROS_KL43Z/device" -I"/home/anderson/setimo-semestre/RTOS/praticas/PRATICA06_SEMAFOROS_KL43Z/CMSIS" -O0 -fno-common -g3 -Wall -c -ffunction-sections -fdata-sections -ffreestanding -fno-builtin -fmerge-constants -fmacro-prefix-map="../component/serial_manager/"= -mcpu=cortex-m0plus -mthumb -D__REDLIB__ -fstack-usage -specs=redlib.specs -MMD -MP -MF"component/serial_manager/serial_manager.d" -MT"component/serial_manager/serial_manager.o" -MT"component/serial_manager/serial_manager.d" -o "component/serial_manager/serial_manager.o" "../component/serial_manager/serial_manager.c"
Finished building: ../device/system_MKL43Z4.c
 
Building file: ../component/serial_manager/serial_port_uart.c
Invoking: MCU C Compiler
arm-none-eabi-gcc -D__REDLIB__ -DCPU_MKL43Z256VLH4 -DCPU_MKL43Z256VLH4_cm0plus -DFSL_RTOS_BM -DSDK_OS_BAREMETAL -DCR_INTEGER_PRINTF -DPRINTF_FLOAT_ENABLE=0 -DFSL_RTOS_FREE_RTOS -DSDK_OS_FREE_RTOS -DSERIAL_PORT_TYPE_UART=1 -D__MCUXPRESSO -D__USE_CMSIS -DDEBUG -DSDK_DEBUGCONSOLE=0 -I"/home/anderson/setimo-semestre/RTOS/praticas/PRATICA06_SEMAFOROS_KL43Z/board" -I"/home/anderson/setimo-semestre/RTOS/praticas/PRATICA06_SEMAFOROS_KL43Z/source" -I"/home/anderson/setimo-semestre/RTOS/praticas/PRATICA06_SEMAFOROS_KL43Z" -I"/home/anderson/setimo-semestre/RTOS/praticas/PRATICA06_SEMAFOROS_KL43Z/freertos/freertos_kernel/include" -I"/home/anderson/setimo-semestre/RTOS/praticas/PRATICA06_SEMAFOROS_KL43Z/freertos/freertos_kernel/portable/GCC/ARM_CM0" -I"/home/anderson/setimo-semestre/RTOS/praticas/PRATICA06_SEMAFOROS_KL43Z/drivers" -I"/home/anderson/setimo-semestre/RTOS/praticas/PRATICA06_SEMAFOROS_KL43Z/drivers/freertos" -I"/home/anderson/setimo-semestre/RTOS/praticas/PRATICA06_SEMAFOROS_KL43Z/component/uart" -I"/home/anderson/setimo-semestre/RTOS/praticas/PRATICA06_SEMAFOROS_KL43Z/component/serial_manager" -I"/home/anderson/setimo-semestre/RTOS/praticas/PRATICA06_SEMAFOROS_KL43Z/utilities" -I"/home/anderson/setimo-semestre/RTOS/praticas/PRATICA06_SEMAFOROS_KL43Z/component/lists" -I"/home/anderson/setimo-semestre/RTOS/praticas/PRATICA06_SEMAFOROS_KL43Z/device" -I"/home/anderson/setimo-semestre/RTOS/praticas/PRATICA06_SEMAFOROS_KL43Z/CMSIS" -O0 -fno-common -g3 -Wall -c -ffunction-sections -fdata-sections -ffreestanding -fno-builtin -fmerge-constants -fmacro-prefix-map="../component/serial_manager/"= -mcpu=cortex-m0plus -mthumb -D__REDLIB__ -fstack-usage -specs=redlib.specs -MMD -MP -MF"component/serial_manager/serial_port_uart.d" -MT"component/serial_manager/serial_port_uart.o" -MT"component/serial_manager/serial_port_uart.d" -o "component/serial_manager/serial_port_uart.o" "../component/serial_manager/serial_port_uart.c"
Finished building: ../drivers/fsl_spi.c
 
Building file: ../component/lists/generic_list.c
Invoking: MCU C Compiler
arm-none-eabi-gcc -D__REDLIB__ -DCPU_MKL43Z256VLH4 -DCPU_MKL43Z256VLH4_cm0plus -DFSL_RTOS_BM -DSDK_OS_BAREMETAL -DCR_INTEGER_PRINTF -DPRINTF_FLOAT_ENABLE=0 -DFSL_RTOS_FREE_RTOS -DSDK_OS_FREE_RTOS -DSERIAL_PORT_TYPE_UART=1 -D__MCUXPRESSO -D__USE_CMSIS -DDEBUG -DSDK_DEBUGCONSOLE=0 -I"/home/anderson/setimo-semestre/RTOS/praticas/PRATICA06_SEMAFOROS_KL43Z/board" -I"/home/anderson/setimo-semestre/RTOS/praticas/PRATICA06_SEMAFOROS_KL43Z/source" -I"/home/anderson/setimo-semestre/RTOS/praticas/PRATICA06_SEMAFOROS_KL43Z" -I"/home/anderson/setimo-semestre/RTOS/praticas/PRATICA06_SEMAFOROS_KL43Z/freertos/freertos_kernel/include" -I"/home/anderson/setimo-semestre/RTOS/praticas/PRATICA06_SEMAFOROS_KL43Z/freertos/freertos_kernel/portable/GCC/ARM_CM0" -I"/home/anderson/setimo-semestre/RTOS/praticas/PRATICA06_SEMAFOROS_KL43Z/drivers" -I"/home/anderson/setimo-semestre/RTOS/praticas/PRATICA06_SEMAFOROS_KL43Z/drivers/freertos" -I"/home/anderson/setimo-semestre/RTOS/praticas/PRATICA06_SEMAFOROS_KL43Z/component/uart" -I"/home/anderson/setimo-semestre/RTOS/praticas/PRATICA06_SEMAFOROS_KL43Z/component/serial_manager" -I"/home/anderson/setimo-semestre/RTOS/praticas/PRATICA06_SEMAFOROS_KL43Z/utilities" -I"/home/anderson/setimo-semestre/RTOS/praticas/PRATICA06_SEMAFOROS_KL43Z/component/lists" -I"/home/anderson/setimo-semestre/RTOS/praticas/PRATICA06_SEMAFOROS_KL43Z/device" -I"/home/anderson/setimo-semestre/RTOS/praticas/PRATICA06_SEMAFOROS_KL43Z/CMSIS" -O0 -fno-common -g3 -Wall -c -ffunction-sections -fdata-sections -ffreestanding -fno-builtin -fmerge-constants -fmacro-prefix-map="../component/lists/"= -mcpu=cortex-m0plus -mthumb -D__REDLIB__ -fstack-usage -specs=redlib.specs -MMD -MP -MF"component/lists/generic_list.d" -MT"component/lists/generic_list.o" -MT"component/lists/generic_list.d" -o "component/lists/generic_list.o" "../component/lists/generic_list.c"
Finished building: ../component/uart/lpuart_adapter.c
 
Building file: ../board/board.c
Invoking: MCU C Compiler
arm-none-eabi-gcc -D__REDLIB__ -DCPU_MKL43Z256VLH4 -DCPU_MKL43Z256VLH4_cm0plus -DFSL_RTOS_BM -DSDK_OS_BAREMETAL -DCR_INTEGER_PRINTF -DPRINTF_FLOAT_ENABLE=0 -DFSL_RTOS_FREE_RTOS -DSDK_OS_FREE_RTOS -DSERIAL_PORT_TYPE_UART=1 -D__MCUXPRESSO -D__USE_CMSIS -DDEBUG -DSDK_DEBUGCONSOLE=0 -I"/home/anderson/setimo-semestre/RTOS/praticas/PRATICA06_SEMAFOROS_KL43Z/board" -I"/home/anderson/setimo-semestre/RTOS/praticas/PRATICA06_SEMAFOROS_KL43Z/source" -I"/home/anderson/setimo-semestre/RTOS/praticas/PRATICA06_SEMAFOROS_KL43Z" -I"/home/anderson/setimo-semestre/RTOS/praticas/PRATICA06_SEMAFOROS_KL43Z/freertos/freertos_kernel/include" -I"/home/anderson/setimo-semestre/RTOS/praticas/PRATICA06_SEMAFOROS_KL43Z/freertos/freertos_kernel/portable/GCC/ARM_CM0" -I"/home/anderson/setimo-semestre/RTOS/praticas/PRATICA06_SEMAFOROS_KL43Z/drivers" -I"/home/anderson/setimo-semestre/RTOS/praticas/PRATICA06_SEMAFOROS_KL43Z/drivers/freertos" -I"/home/anderson/setimo-semestre/RTOS/praticas/PRATICA06_SEMAFOROS_KL43Z/component/uart" -I"/home/anderson/setimo-semestre/RTOS/praticas/PRATICA06_SEMAFOROS_KL43Z/component/serial_manager" -I"/home/anderson/setimo-semestre/RTOS/praticas/PRATICA06_SEMAFOROS_KL43Z/utilities" -I"/home/anderson/setimo-semestre/RTOS/praticas/PRATICA06_SEMAFOROS_KL43Z/component/lists" -I"/home/anderson/setimo-semestre/RTOS/praticas/PRATICA06_SEMAFOROS_KL43Z/device" -I"/home/anderson/setimo-semestre/RTOS/praticas/PRATICA06_SEMAFOROS_KL43Z/CMSIS" -O0 -fno-common -g3 -Wall -c -ffunction-sections -fdata-sections -ffreestanding -fno-builtin -fmerge-constants -fmacro-prefix-map="../board/"= -mcpu=cortex-m0plus -mthumb -D__REDLIB__ -fstack-usage -specs=redlib.specs -MMD -MP -MF"board/board.d" -MT"board/board.o" -MT"board/board.d" -o "board/board.o" "../board/board.c"
Finished building: ../component/serial_manager/serial_manager.c
 
Finished building: ../component/serial_manager/serial_port_uart.c
Building file: ../board/clock_config.c
 
Finished building: ../component/lists/generic_list.c
Invoking: MCU C Compiler
arm-none-eabi-gcc -D__REDLIB__ -DCPU_MKL43Z256VLH4 -DCPU_MKL43Z256VLH4_cm0plus -DFSL_RTOS_BM -DSDK_OS_BAREMETAL -DCR_INTEGER_PRINTF -DPRINTF_FLOAT_ENABLE=0 -DFSL_RTOS_FREE_RTOS -DSDK_OS_FREE_RTOS -DSERIAL_PORT_TYPE_UART=1 -D__MCUXPRESSO -D__USE_CMSIS -DDEBUG -DSDK_DEBUGCONSOLE=0 -I"/home/anderson/setimo-semestre/RTOS/praticas/PRATICA06_SEMAFOROS_KL43Z/board" -I"/home/anderson/setimo-semestre/RTOS/praticas/PRATICA06_SEMAFOROS_KL43Z/source" -I"/home/anderson/setimo-semestre/RTOS/praticas/PRATICA06_SEMAFOROS_KL43Z" -I"/home/anderson/setimo-semestre/RTOS/praticas/PRATICA06_SEMAFOROS_KL43Z/freertos/freertos_kernel/include" -I"/home/anderson/setimo-semestre/RTOS/praticas/PRATICA06_SEMAFOROS_KL43Z/freertos/freertos_kernel/portable/GCC/ARM_CM0" -I"/home/anderson/setimo-semestre/RTOS/praticas/PRATICA06_SEMAFOROS_KL43Z/drivers" -I"/home/anderson/setimo-semestre/RTOS/praticas/PRATICA06_SEMAFOROS_KL43Z/drivers/freertos" -I"/home/anderson/setimo-semestre/RTOS/praticas/PRATICA06_SEMAFOROS_KL43Z/component/uart" -I"/home/anderson/setimo-semestre/RTOS/praticas/PRATICA06_SEMAFOROS_KL43Z/component/serial_manager" -I"/home/anderson/setimo-semestre/RTOS/praticas/PRATICA06_SEMAFOROS_KL43Z/utilities" -I"/home/anderson/setimo-semestre/RTOS/praticas/PRATICA06_SEMAFOROS_KL43Z/component/lists" -I"/home/anderson/setimo-semestre/RTOS/praticas/PRATICA06_SEMAFOROS_KL43Z/device" -I"/home/anderson/setimo-semestre/RTOS/praticas/PRATICA06_SEMAFOROS_KL43Z/CMSIS" -O0 -fno-common -g3 -Wall -c -ffunction-sections -fdata-sections -ffreestanding -fno-builtin -fmerge-constants -fmacro-prefix-map="../board/"= -mcpu=cortex-m0plus -mthumb -D__REDLIB__ -fstack-usage -specs=redlib.specs -MMD -MP -MF"board/clock_config.d" -MT"board/clock_config.o" -MT"board/clock_config.d" -o "board/clock_config.o" "../board/clock_config.c"
Building file: ../board/peripherals.c
 
Invoking: MCU C Compiler
arm-none-eabi-gcc -D__REDLIB__ -DCPU_MKL43Z256VLH4 -DCPU_MKL43Z256VLH4_cm0plus -DFSL_RTOS_BM -DSDK_OS_BAREMETAL -DCR_INTEGER_PRINTF -DPRINTF_FLOAT_ENABLE=0 -DFSL_RTOS_FREE_RTOS -DSDK_OS_FREE_RTOS -DSERIAL_PORT_TYPE_UART=1 -D__MCUXPRESSO -D__USE_CMSIS -DDEBUG -DSDK_DEBUGCONSOLE=0 -I"/home/anderson/setimo-semestre/RTOS/praticas/PRATICA06_SEMAFOROS_KL43Z/board" -I"/home/anderson/setimo-semestre/RTOS/praticas/PRATICA06_SEMAFOROS_KL43Z/source" -I"/home/anderson/setimo-semestre/RTOS/praticas/PRATICA06_SEMAFOROS_KL43Z" -I"/home/anderson/setimo-semestre/RTOS/praticas/PRATICA06_SEMAFOROS_KL43Z/freertos/freertos_kernel/include" -I"/home/anderson/setimo-semestre/RTOS/praticas/PRATICA06_SEMAFOROS_KL43Z/freertos/freertos_kernel/portable/GCC/ARM_CM0" -I"/home/anderson/setimo-semestre/RTOS/praticas/PRATICA06_SEMAFOROS_KL43Z/drivers" -I"/home/anderson/setimo-semestre/RTOS/praticas/PRATICA06_SEMAFOROS_KL43Z/drivers/freertos" -I"/home/anderson/setimo-semestre/RTOS/praticas/PRATICA06_SEMAFOROS_KL43Z/component/uart" -I"/home/anderson/setimo-semestre/RTOS/praticas/PRATICA06_SEMAFOROS_KL43Z/component/serial_manager" -I"/home/anderson/setimo-semestre/RTOS/praticas/PRATICA06_SEMAFOROS_KL43Z/utilities" -I"/home/anderson/setimo-semestre/RTOS/praticas/PRATICA06_SEMAFOROS_KL43Z/component/lists" -I"/home/anderson/setimo-semestre/RTOS/praticas/PRATICA06_SEMAFOROS_KL43Z/device" -I"/home/anderson/setimo-semestre/RTOS/praticas/PRATICA06_SEMAFOROS_KL43Z/CMSIS" -O0 -fno-common -g3 -Wall -c -ffunction-sections -fdata-sections -ffreestanding -fno-builtin -fmerge-constants -fmacro-prefix-map="../board/"= -mcpu=cortex-m0plus -mthumb -D__REDLIB__ -fstack-usage -specs=redlib.specs -MMD -MP -MF"board/peripherals.d" -MT"board/peripherals.o" -MT"board/peripherals.d" -o "board/peripherals.o" "../board/peripherals.c"
Building file: ../board/pin_mux.c
Invoking: MCU C Compiler
arm-none-eabi-gcc -D__REDLIB__ -DCPU_MKL43Z256VLH4 -DCPU_MKL43Z256VLH4_cm0plus -DFSL_RTOS_BM -DSDK_OS_BAREMETAL -DCR_INTEGER_PRINTF -DPRINTF_FLOAT_ENABLE=0 -DFSL_RTOS_FREE_RTOS -DSDK_OS_FREE_RTOS -DSERIAL_PORT_TYPE_UART=1 -D__MCUXPRESSO -D__USE_CMSIS -DDEBUG -DSDK_DEBUGCONSOLE=0 -I"/home/anderson/setimo-semestre/RTOS/praticas/PRATICA06_SEMAFOROS_KL43Z/board" -I"/home/anderson/setimo-semestre/RTOS/praticas/PRATICA06_SEMAFOROS_KL43Z/source" -I"/home/anderson/setimo-semestre/RTOS/praticas/PRATICA06_SEMAFOROS_KL43Z" -I"/home/anderson/setimo-semestre/RTOS/praticas/PRATICA06_SEMAFOROS_KL43Z/freertos/freertos_kernel/include" -I"/home/anderson/setimo-semestre/RTOS/praticas/PRATICA06_SEMAFOROS_KL43Z/freertos/freertos_kernel/portable/GCC/ARM_CM0" -I"/home/anderson/setimo-semestre/RTOS/praticas/PRATICA06_SEMAFOROS_KL43Z/drivers" -I"/home/anderson/setimo-semestre/RTOS/praticas/PRATICA06_SEMAFOROS_KL43Z/drivers/freertos" -I"/home/anderson/setimo-semestre/RTOS/praticas/PRATICA06_SEMAFOROS_KL43Z/component/uart" -I"/home/anderson/setimo-semestre/RTOS/praticas/PRATICA06_SEMAFOROS_KL43Z/component/serial_manager" -I"/home/anderson/setimo-semestre/RTOS/praticas/PRATICA06_SEMAFOROS_KL43Z/utilities" -I"/home/anderson/setimo-semestre/RTOS/praticas/PRATICA06_SEMAFOROS_KL43Z/component/lists" -I"/home/anderson/setimo-semestre/RTOS/praticas/PRATICA06_SEMAFOROS_KL43Z/device" -I"/home/anderson/setimo-semestre/RTOS/praticas/PRATICA06_SEMAFOROS_KL43Z/CMSIS" -O0 -fno-common -g3 -Wall -c -ffunction-sections -fdata-sections -ffreestanding -fno-builtin -fmerge-constants -fmacro-prefix-map="../board/"= -mcpu=cortex-m0plus -mthumb -D__REDLIB__ -fstack-usage -specs=redlib.specs -MMD -MP -MF"board/pin_mux.d" -MT"board/pin_mux.o" -MT"board/pin_mux.d" -o "board/pin_mux.o" "../board/pin_mux.c"
Finished building: ../board/peripherals.c
 
Finished building: ../board/board.c
 
Finished building: ../board/clock_config.c
 
Finished building: ../board/pin_mux.c
 
Building target: PRATICA06_SEMAFOROS_KL43Z.axf
Invoking: MCU Linker
arm-none-eabi-gcc -nostdlib -Xlinker -Map="PRATICA06_SEMAFOROS_KL43Z.map" -Xlinker --gc-sections -Xlinker -print-memory-usage -Xlinker --sort-section=alignment -Xlinker --cref -mcpu=cortex-m0plus -mthumb -T PRATICA06_SEMAFOROS_KL43Z_Debug.ld -o "PRATICA06_SEMAFOROS_KL43Z.axf"  ./utilities/fsl_debug_console.o ./utilities/fsl_str.o  ./startup/startup_mkl43z4.o  ./source/button_control.o ./source/led_control.o ./source/main.o ./source/mtb.o ./source/semihost_hardfault.o  ./freertos/freertos_kernel/portable/MemMang/heap_4.o  ./freertos/freertos_kernel/portable/GCC/ARM_CM0/port.o  ./freertos/freertos_kernel/croutine.o ./freertos/freertos_kernel/event_groups.o ./freertos/freertos_kernel/list.o ./freertos/freertos_kernel/queue.o ./freertos/freertos_kernel/stream_buffer.o ./freertos/freertos_kernel/tasks.o ./freertos/freertos_kernel/timers.o  ./drivers/freertos/fsl_spi_freertos.o  ./drivers/fsl_adc16.o ./drivers/fsl_clock.o ./drivers/fsl_common.o ./drivers/fsl_gpio.o ./drivers/fsl_lpuart.o ./drivers/fsl_pit.o ./drivers/fsl_smc.o ./drivers/fsl_spi.o ./drivers/fsl_tpm.o  ./device/system_MKL43Z4.o  ./component/uart/lpuart_adapter.o  ./component/serial_manager/serial_manager.o ./component/serial_manager/serial_port_uart.o  ./component/lists/generic_list.o  ./board/board.o ./board/clock_config.o ./board/peripherals.o ./board/pin_mux.o   
Memory region         Used Size  Region Size  %age Used
   PROGRAM_FLASH:       19448 B       256 KB      7.42%
            SRAM:       15112 B        32 KB     46.12%
Finished building target: PRATICA06_SEMAFOROS_KL43Z.axf
 
Performing post-build steps
arm-none-eabi-size "PRATICA06_SEMAFOROS_KL43Z.axf"; # arm-none-eabi-objcopy -v -O binary "PRATICA06_SEMAFOROS_KL43Z.axf" "PRATICA06_SEMAFOROS_KL43Z.bin" ; # checksum -p MKL43Z256xxx4 -d "PRATICA06_SEMAFOROS_KL43Z.bin";
   text	   data	    bss	    dec	    hex	filename
  19440	      8	  15104	  34552	   86f8	PRATICA06_SEMAFOROS_KL43Z.axf
 
13:45:04 **** Incremental Build of configuration Debug for project PRATICA06_SEMAFOROS_KL43Z ****
make -r -j4 all 
make[1]: Nothing to be done for 'main-build'.
Performing post-build steps
arm-none-eabi-size "PRATICA06_SEMAFOROS_KL43Z.axf"; # arm-none-eabi-objcopy -v -O binary "PRATICA06_SEMAFOROS_KL43Z.axf" "PRATICA06_SEMAFOROS_KL43Z.bin" ; # checksum -p MKL43Z256xxx4 -d "PRATICA06_SEMAFOROS_KL43Z.bin";
   text	   data	    bss	    dec	    hex	filename
  19440	      8	  15104	  34552	   86f8	PRATICA06_SEMAFOROS_KL43Z.axf
 
13:46:23 **** Build of configuration Debug for project PRATICA06_SEMAFOROS_KL43Z ****
make -r -j4 all 
make[1]: Nothing to be done for 'main-build'.
Performing post-build steps
arm-none-eabi-size "PRATICA06_SEMAFOROS_KL43Z.axf"; # arm-none-eabi-objcopy -v -O binary "PRATICA06_SEMAFOROS_KL43Z.axf" "PRATICA06_SEMAFOROS_KL43Z.bin" ; # checksum -p MKL43Z256xxx4 -d "PRATICA06_SEMAFOROS_KL43Z.bin";
   text	   data	    bss	    dec	    hex	filename
  19440	      8	  15104	  34552	   86f8	PRATICA06_SEMAFOROS_KL43Z.axf
 
13:46:26 **** Incremental Build of configuration Debug for project PRATICA06_SEMAFOROS_KL43Z ****
make -r -j4 all 
make[1]: Nothing to be done for 'main-build'.
Performing post-build steps
arm-none-eabi-size "PRATICA06_SEMAFOROS_KL43Z.axf"; # arm-none-eabi-objcopy -v -O binary "PRATICA06_SEMAFOROS_KL43Z.axf" "PRATICA06_SEMAFOROS_KL43Z.bin" ; # checksum -p MKL43Z256xxx4 -d "PRATICA06_SEMAFOROS_KL43Z.bin";
   text	   data	    bss	    dec	    hex	filename
  19440	      8	  15104	  34552	   86f8	PRATICA06_SEMAFOROS_KL43Z.axf
 
13:47:23 **** Build of configuration Debug for project PRATICA06_SEMAFOROS_KL43Z ****
make -r -j4 all 
Building file: ../source/main.c
Invoking: MCU C Compiler
arm-none-eabi-gcc -D__REDLIB__ -DCPU_MKL43Z256VLH4 -DCPU_MKL43Z256VLH4_cm0plus -DFSL_RTOS_BM -DSDK_OS_BAREMETAL -DCR_INTEGER_PRINTF -DPRINTF_FLOAT_ENABLE=0 -DFSL_RTOS_FREE_RTOS -DSDK_OS_FREE_RTOS -DSERIAL_PORT_TYPE_UART=1 -D__MCUXPRESSO -D__USE_CMSIS -DDEBUG -DSDK_DEBUGCONSOLE=0 -I"/home/anderson/setimo-semestre/RTOS/praticas/PRATICA06_SEMAFOROS_KL43Z/board" -I"/home/anderson/setimo-semestre/RTOS/praticas/PRATICA06_SEMAFOROS_KL43Z/source" -I"/home/anderson/setimo-semestre/RTOS/praticas/PRATICA06_SEMAFOROS_KL43Z" -I"/home/anderson/setimo-semestre/RTOS/praticas/PRATICA06_SEMAFOROS_KL43Z/freertos/freertos_kernel/include" -I"/home/anderson/setimo-semestre/RTOS/praticas/PRATICA06_SEMAFOROS_KL43Z/freertos/freertos_kernel/portable/GCC/ARM_CM0" -I"/home/anderson/setimo-semestre/RTOS/praticas/PRATICA06_SEMAFOROS_KL43Z/drivers" -I"/home/anderson/setimo-semestre/RTOS/praticas/PRATICA06_SEMAFOROS_KL43Z/drivers/freertos" -I"/home/anderson/setimo-semestre/RTOS/praticas/PRATICA06_SEMAFOROS_KL43Z/component/uart" -I"/home/anderson/setimo-semestre/RTOS/praticas/PRATICA06_SEMAFOROS_KL43Z/component/serial_manager" -I"/home/anderson/setimo-semestre/RTOS/praticas/PRATICA06_SEMAFOROS_KL43Z/utilities" -I"/home/anderson/setimo-semestre/RTOS/praticas/PRATICA06_SEMAFOROS_KL43Z/component/lists" -I"/home/anderson/setimo-semestre/RTOS/praticas/PRATICA06_SEMAFOROS_KL43Z/device" -I"/home/anderson/setimo-semestre/RTOS/praticas/PRATICA06_SEMAFOROS_KL43Z/CMSIS" -O0 -fno-common -g3 -Wall -c -ffunction-sections -fdata-sections -ffreestanding -fno-builtin -fmerge-constants -fmacro-prefix-map="../source/"= -mcpu=cortex-m0plus -mthumb -D__REDLIB__ -fstack-usage -specs=redlib.specs -MMD -MP -MF"source/main.d" -MT"source/main.o" -MT"source/main.d" -o "source/main.o" "../source/main.c"
Finished building: ../source/main.c
 
Building target: PRATICA06_SEMAFOROS_KL43Z.axf
Invoking: MCU Linker
arm-none-eabi-gcc -nostdlib -Xlinker -Map="PRATICA06_SEMAFOROS_KL43Z.map" -Xlinker --gc-sections -Xlinker -print-memory-usage -Xlinker --sort-section=alignment -Xlinker --cref -mcpu=cortex-m0plus -mthumb -T PRATICA06_SEMAFOROS_KL43Z_Debug.ld -o "PRATICA06_SEMAFOROS_KL43Z.axf"  ./utilities/fsl_debug_console.o ./utilities/fsl_str.o  ./startup/startup_mkl43z4.o  ./source/button_control.o ./source/led_control.o ./source/main.o ./source/mtb.o ./source/semihost_hardfault.o  ./freertos/freertos_kernel/portable/MemMang/heap_4.o  ./freertos/freertos_kernel/portable/GCC/ARM_CM0/port.o  ./freertos/freertos_kernel/croutine.o ./freertos/freertos_kernel/event_groups.o ./freertos/freertos_kernel/list.o ./freertos/freertos_kernel/queue.o ./freertos/freertos_kernel/stream_buffer.o ./freertos/freertos_kernel/tasks.o ./freertos/freertos_kernel/timers.o  ./drivers/freertos/fsl_spi_freertos.o  ./drivers/fsl_adc16.o ./drivers/fsl_clock.o ./drivers/fsl_common.o ./drivers/fsl_gpio.o ./drivers/fsl_lpuart.o ./drivers/fsl_pit.o ./drivers/fsl_smc.o ./drivers/fsl_spi.o ./drivers/fsl_tpm.o  ./device/system_MKL43Z4.o  ./component/uart/lpuart_adapter.o  ./component/serial_manager/serial_manager.o ./component/serial_manager/serial_port_uart.o  ./component/lists/generic_list.o  ./board/board.o ./board/clock_config.o ./board/peripherals.o ./board/pin_mux.o   
Memory region         Used Size  Region Size  %age Used
   PROGRAM_FLASH:       19384 B       256 KB      7.39%
            SRAM:       15112 B        32 KB     46.12%
Finished building target: PRATICA06_SEMAFOROS_KL43Z.axf
 
Performing post-build steps
arm-none-eabi-size "PRATICA06_SEMAFOROS_KL43Z.axf"; # arm-none-eabi-objcopy -v -O binary "PRATICA06_SEMAFOROS_KL43Z.axf" "PRATICA06_SEMAFOROS_KL43Z.bin" ; # checksum -p MKL43Z256xxx4 -d "PRATICA06_SEMAFOROS_KL43Z.bin";
   text	   data	    bss	    dec	    hex	filename
  19376	      8	  15104	  34488	   86b8	PRATICA06_SEMAFOROS_KL43Z.axf
 
13:47:27 **** Incremental Build of configuration Debug for project PRATICA06_SEMAFOROS_KL43Z ****
make -r -j4 all 
make[1]: Nothing to be done for 'main-build'.
Performing post-build steps
arm-none-eabi-size "PRATICA06_SEMAFOROS_KL43Z.axf"; # arm-none-eabi-objcopy -v -O binary "PRATICA06_SEMAFOROS_KL43Z.axf" "PRATICA06_SEMAFOROS_KL43Z.bin" ; # checksum -p MKL43Z256xxx4 -d "PRATICA06_SEMAFOROS_KL43Z.bin";
   text	   data	    bss	    dec	    hex	filename
  19376	      8	  15104	  34488	   86b8	PRATICA06_SEMAFOROS_KL43Z.axf
 
13:48:24 **** Build of configuration Debug for project PRATICA06_SEMAFOROS_KL43Z ****
make -r -j4 all 
Building file: ../source/main.c
Invoking: MCU C Compiler
arm-none-eabi-gcc -D__REDLIB__ -DCPU_MKL43Z256VLH4 -DCPU_MKL43Z256VLH4_cm0plus -DFSL_RTOS_BM -DSDK_OS_BAREMETAL -DCR_INTEGER_PRINTF -DPRINTF_FLOAT_ENABLE=0 -DFSL_RTOS_FREE_RTOS -DSDK_OS_FREE_RTOS -DSERIAL_PORT_TYPE_UART=1 -D__MCUXPRESSO -D__USE_CMSIS -DDEBUG -DSDK_DEBUGCONSOLE=0 -I"/home/anderson/setimo-semestre/RTOS/praticas/PRATICA06_SEMAFOROS_KL43Z/board" -I"/home/anderson/setimo-semestre/RTOS/praticas/PRATICA06_SEMAFOROS_KL43Z/source" -I"/home/anderson/setimo-semestre/RTOS/praticas/PRATICA06_SEMAFOROS_KL43Z" -I"/home/anderson/setimo-semestre/RTOS/praticas/PRATICA06_SEMAFOROS_KL43Z/freertos/freertos_kernel/include" -I"/home/anderson/setimo-semestre/RTOS/praticas/PRATICA06_SEMAFOROS_KL43Z/freertos/freertos_kernel/portable/GCC/ARM_CM0" -I"/home/anderson/setimo-semestre/RTOS/praticas/PRATICA06_SEMAFOROS_KL43Z/drivers" -I"/home/anderson/setimo-semestre/RTOS/praticas/PRATICA06_SEMAFOROS_KL43Z/drivers/freertos" -I"/home/anderson/setimo-semestre/RTOS/praticas/PRATICA06_SEMAFOROS_KL43Z/component/uart" -I"/home/anderson/setimo-semestre/RTOS/praticas/PRATICA06_SEMAFOROS_KL43Z/component/serial_manager" -I"/home/anderson/setimo-semestre/RTOS/praticas/PRATICA06_SEMAFOROS_KL43Z/utilities" -I"/home/anderson/setimo-semestre/RTOS/praticas/PRATICA06_SEMAFOROS_KL43Z/component/lists" -I"/home/anderson/setimo-semestre/RTOS/praticas/PRATICA06_SEMAFOROS_KL43Z/device" -I"/home/anderson/setimo-semestre/RTOS/praticas/PRATICA06_SEMAFOROS_KL43Z/CMSIS" -O0 -fno-common -g3 -Wall -c -ffunction-sections -fdata-sections -ffreestanding -fno-builtin -fmerge-constants -fmacro-prefix-map="../source/"= -mcpu=cortex-m0plus -mthumb -D__REDLIB__ -fstack-usage -specs=redlib.specs -MMD -MP -MF"source/main.d" -MT"source/main.o" -MT"source/main.d" -o "source/main.o" "../source/main.c"
Finished building: ../source/main.c
 
Building target: PRATICA06_SEMAFOROS_KL43Z.axf
Invoking: MCU Linker
arm-none-eabi-gcc -nostdlib -Xlinker -Map="PRATICA06_SEMAFOROS_KL43Z.map" -Xlinker --gc-sections -Xlinker -print-memory-usage -Xlinker --sort-section=alignment -Xlinker --cref -mcpu=cortex-m0plus -mthumb -T PRATICA06_SEMAFOROS_KL43Z_Debug.ld -o "PRATICA06_SEMAFOROS_KL43Z.axf"  ./utilities/fsl_debug_console.o ./utilities/fsl_str.o  ./startup/startup_mkl43z4.o  ./source/button_control.o ./source/led_control.o ./source/main.o ./source/mtb.o ./source/semihost_hardfault.o  ./freertos/freertos_kernel/portable/MemMang/heap_4.o  ./freertos/freertos_kernel/portable/GCC/ARM_CM0/port.o  ./freertos/freertos_kernel/croutine.o ./freertos/freertos_kernel/event_groups.o ./freertos/freertos_kernel/list.o ./freertos/freertos_kernel/queue.o ./freertos/freertos_kernel/stream_buffer.o ./freertos/freertos_kernel/tasks.o ./freertos/freertos_kernel/timers.o  ./drivers/freertos/fsl_spi_freertos.o  ./drivers/fsl_adc16.o ./drivers/fsl_clock.o ./drivers/fsl_common.o ./drivers/fsl_gpio.o ./drivers/fsl_lpuart.o ./drivers/fsl_pit.o ./drivers/fsl_smc.o ./drivers/fsl_spi.o ./drivers/fsl_tpm.o  ./device/system_MKL43Z4.o  ./component/uart/lpuart_adapter.o  ./component/serial_manager/serial_manager.o ./component/serial_manager/serial_port_uart.o  ./component/lists/generic_list.o  ./board/board.o ./board/clock_config.o ./board/peripherals.o ./board/pin_mux.o   
Memory region         Used Size  Region Size  %age Used
   PROGRAM_FLASH:       19112 B       256 KB      7.29%
            SRAM:       15112 B        32 KB     46.12%
Finished building target: PRATICA06_SEMAFOROS_KL43Z.axf
 
Performing post-build steps
arm-none-eabi-size "PRATICA06_SEMAFOROS_KL43Z.axf"; # arm-none-eabi-objcopy -v -O binary "PRATICA06_SEMAFOROS_KL43Z.axf" "PRATICA06_SEMAFOROS_KL43Z.bin" ; # checksum -p MKL43Z256xxx4 -d "PRATICA06_SEMAFOROS_KL43Z.bin";
   text	   data	    bss	    dec	    hex	filename
  19104	      8	  15104	  34216	   85a8	PRATICA06_SEMAFOROS_KL43Z.axf
 
13:48:27 **** Incremental Build of configuration Debug for project PRATICA06_SEMAFOROS_KL43Z ****
make -r -j4 all 
make[1]: Nothing to be done for 'main-build'.
Performing post-build steps
arm-none-eabi-size "PRATICA06_SEMAFOROS_KL43Z.axf"; # arm-none-eabi-objcopy -v -O binary "PRATICA06_SEMAFOROS_KL43Z.axf" "PRATICA06_SEMAFOROS_KL43Z.bin" ; # checksum -p MKL43Z256xxx4 -d "PRATICA06_SEMAFOROS_KL43Z.bin";
   text	   data	    bss	    dec	    hex	filename
  19104	      8	  15104	  34216	   85a8	PRATICA06_SEMAFOROS_KL43Z.axf
 
13:51:33 **** Build of configuration Debug for project PRATICA06_SEMAFOROS_KL43Z ****
make -r -j4 all 
Building file: ../source/main.c
Invoking: MCU C Compiler
arm-none-eabi-gcc -D__REDLIB__ -DCPU_MKL43Z256VLH4 -DCPU_MKL43Z256VLH4_cm0plus -DFSL_RTOS_BM -DSDK_OS_BAREMETAL -DCR_INTEGER_PRINTF -DPRINTF_FLOAT_ENABLE=0 -DFSL_RTOS_FREE_RTOS -DSDK_OS_FREE_RTOS -DSERIAL_PORT_TYPE_UART=1 -D__MCUXPRESSO -D__USE_CMSIS -DDEBUG -DSDK_DEBUGCONSOLE=0 -I"/home/anderson/setimo-semestre/RTOS/praticas/PRATICA06_SEMAFOROS_KL43Z/board" -I"/home/anderson/setimo-semestre/RTOS/praticas/PRATICA06_SEMAFOROS_KL43Z/source" -I"/home/anderson/setimo-semestre/RTOS/praticas/PRATICA06_SEMAFOROS_KL43Z" -I"/home/anderson/setimo-semestre/RTOS/praticas/PRATICA06_SEMAFOROS_KL43Z/freertos/freertos_kernel/include" -I"/home/anderson/setimo-semestre/RTOS/praticas/PRATICA06_SEMAFOROS_KL43Z/freertos/freertos_kernel/portable/GCC/ARM_CM0" -I"/home/anderson/setimo-semestre/RTOS/praticas/PRATICA06_SEMAFOROS_KL43Z/drivers" -I"/home/anderson/setimo-semestre/RTOS/praticas/PRATICA06_SEMAFOROS_KL43Z/drivers/freertos" -I"/home/anderson/setimo-semestre/RTOS/praticas/PRATICA06_SEMAFOROS_KL43Z/component/uart" -I"/home/anderson/setimo-semestre/RTOS/praticas/PRATICA06_SEMAFOROS_KL43Z/component/serial_manager" -I"/home/anderson/setimo-semestre/RTOS/praticas/PRATICA06_SEMAFOROS_KL43Z/utilities" -I"/home/anderson/setimo-semestre/RTOS/praticas/PRATICA06_SEMAFOROS_KL43Z/component/lists" -I"/home/anderson/setimo-semestre/RTOS/praticas/PRATICA06_SEMAFOROS_KL43Z/device" -I"/home/anderson/setimo-semestre/RTOS/praticas/PRATICA06_SEMAFOROS_KL43Z/CMSIS" -O0 -fno-common -g3 -Wall -c -ffunction-sections -fdata-sections -ffreestanding -fno-builtin -fmerge-constants -fmacro-prefix-map="../source/"= -mcpu=cortex-m0plus -mthumb -D__REDLIB__ -fstack-usage -specs=redlib.specs -MMD -MP -MF"source/main.d" -MT"source/main.o" -MT"source/main.d" -o "source/main.o" "../source/main.c"
Finished building: ../source/main.c
 
Building target: PRATICA06_SEMAFOROS_KL43Z.axf
Invoking: MCU Linker
arm-none-eabi-gcc -nostdlib -Xlinker -Map="PRATICA06_SEMAFOROS_KL43Z.map" -Xlinker --gc-sections -Xlinker -print-memory-usage -Xlinker --sort-section=alignment -Xlinker --cref -mcpu=cortex-m0plus -mthumb -T PRATICA06_SEMAFOROS_KL43Z_Debug.ld -o "PRATICA06_SEMAFOROS_KL43Z.axf"  ./utilities/fsl_debug_console.o ./utilities/fsl_str.o  ./startup/startup_mkl43z4.o  ./source/button_control.o ./source/led_control.o ./source/main.o ./source/mtb.o ./source/semihost_hardfault.o  ./freertos/freertos_kernel/portable/MemMang/heap_4.o  ./freertos/freertos_kernel/portable/GCC/ARM_CM0/port.o  ./freertos/freertos_kernel/croutine.o ./freertos/freertos_kernel/event_groups.o ./freertos/freertos_kernel/list.o ./freertos/freertos_kernel/queue.o ./freertos/freertos_kernel/stream_buffer.o ./freertos/freertos_kernel/tasks.o ./freertos/freertos_kernel/timers.o  ./drivers/freertos/fsl_spi_freertos.o  ./drivers/fsl_adc16.o ./drivers/fsl_clock.o ./drivers/fsl_common.o ./drivers/fsl_gpio.o ./drivers/fsl_lpuart.o ./drivers/fsl_pit.o ./drivers/fsl_smc.o ./drivers/fsl_spi.o ./drivers/fsl_tpm.o  ./device/system_MKL43Z4.o  ./component/uart/lpuart_adapter.o  ./component/serial_manager/serial_manager.o ./component/serial_manager/serial_port_uart.o  ./component/lists/generic_list.o  ./board/board.o ./board/clock_config.o ./board/peripherals.o ./board/pin_mux.o   
Memory region         Used Size  Region Size  %age Used
   PROGRAM_FLASH:       19448 B       256 KB      7.42%
            SRAM:       15112 B        32 KB     46.12%
Finished building target: PRATICA06_SEMAFOROS_KL43Z.axf
 
Performing post-build steps
arm-none-eabi-size "PRATICA06_SEMAFOROS_KL43Z.axf"; # arm-none-eabi-objcopy -v -O binary "PRATICA06_SEMAFOROS_KL43Z.axf" "PRATICA06_SEMAFOROS_KL43Z.bin" ; # checksum -p MKL43Z256xxx4 -d "PRATICA06_SEMAFOROS_KL43Z.bin";
   text	   data	    bss	    dec	    hex	filename
  19440	      8	  15104	  34552	   86f8	PRATICA06_SEMAFOROS_KL43Z.axf
 
13:51:36 **** Incremental Build of configuration Debug for project PRATICA06_SEMAFOROS_KL43Z ****
make -r -j4 all 
make[1]: Nothing to be done for 'main-build'.
Performing post-build steps
arm-none-eabi-size "PRATICA06_SEMAFOROS_KL43Z.axf"; # arm-none-eabi-objcopy -v -O binary "PRATICA06_SEMAFOROS_KL43Z.axf" "PRATICA06_SEMAFOROS_KL43Z.bin" ; # checksum -p MKL43Z256xxx4 -d "PRATICA06_SEMAFOROS_KL43Z.bin";
   text	   data	    bss	    dec	    hex	filename
  19440	      8	  15104	  34552	   86f8	PRATICA06_SEMAFOROS_KL43Z.axf
 
