16:44:45 **** Incremental Build of configuration Debug for project TASK_07_QUEUE ****
make -r -j4 all 
Building file: ../source/task07.c
Building file: ../drivers/fsl_common.c
Invoking: MCU C Compiler
Building file: ../drivers/fsl_gpio.c
Building file: ../drivers/fsl_lpuart.c
arm-none-eabi-gcc -std=gnu99 -D__REDLIB__ -DCPU_MKL43Z256VLH4 -DCPU_MKL43Z256VLH4_cm0plus -DFRDM_KL43Z -DFREEDOM -DSERIAL_PORT_TYPE_UART=1 -DFSL_RTOS_FREE_RTOS -DCR_INTEGER_PRINTF -DPRINTF_FLOAT_ENABLE=0 -D__MCUXPRESSO -D__USE_CMSIS -DDEBUG -DSDK_DEBUGCONSOLE=0 -I"/home/anderson/setimo-semestre/RTOS/praticas/TASK_07_QUEUE/board" -I"/home/anderson/setimo-semestre/RTOS/praticas/TASK_07_QUEUE/source" -I"/home/anderson/setimo-semestre/RTOS/praticas/TASK_07_QUEUE" -I"/home/anderson/setimo-semestre/RTOS/praticas/TASK_07_QUEUE/drivers" -I"/home/anderson/setimo-semestre/RTOS/praticas/TASK_07_QUEUE/device" -I"/home/anderson/setimo-semestre/RTOS/praticas/TASK_07_QUEUE/utilities" -I"/home/anderson/setimo-semestre/RTOS/praticas/TASK_07_QUEUE/component/uart" -I"/home/anderson/setimo-semestre/RTOS/praticas/TASK_07_QUEUE/component/serial_manager" -I"/home/anderson/setimo-semestre/RTOS/praticas/TASK_07_QUEUE/component/lists" -I"/home/anderson/setimo-semestre/RTOS/praticas/TASK_07_QUEUE/CMSIS" -I"/home/anderson/setimo-semestre/RTOS/praticas/TASK_07_QUEUE/freertos/freertos_kernel/include" -I"/home/anderson/setimo-semestre/RTOS/praticas/TASK_07_QUEUE/freertos/freertos_kernel/portable/GCC/ARM_CM0" -O0 -fno-common -g3 -Wall -c  -ffunction-sections  -fdata-sections  -ffreestanding  -fno-builtin -fmerge-constants -fmacro-prefix-map="../source/"= -mcpu=cortex-m0plus -mthumb -D__REDLIB__ -fstack-usage -specs=redlib.specs -MMD -MP -MF"source/task07.d" -MT"source/task07.o" -MT"source/task07.d" -o "source/task07.o" "../source/task07.c"
Invoking: MCU C Compiler
Invoking: MCU C Compiler
arm-none-eabi-gcc -std=gnu99 -D__REDLIB__ -DCPU_MKL43Z256VLH4 -DCPU_MKL43Z256VLH4_cm0plus -DFRDM_KL43Z -DFREEDOM -DSERIAL_PORT_TYPE_UART=1 -DFSL_RTOS_FREE_RTOS -DCR_INTEGER_PRINTF -DPRINTF_FLOAT_ENABLE=0 -D__MCUXPRESSO -D__USE_CMSIS -DDEBUG -DSDK_DEBUGCONSOLE=0 -I"/home/anderson/setimo-semestre/RTOS/praticas/TASK_07_QUEUE/board" -I"/home/anderson/setimo-semestre/RTOS/praticas/TASK_07_QUEUE/source" -I"/home/anderson/setimo-semestre/RTOS/praticas/TASK_07_QUEUE" -I"/home/anderson/setimo-semestre/RTOS/praticas/TASK_07_QUEUE/drivers" -I"/home/anderson/setimo-semestre/RTOS/praticas/TASK_07_QUEUE/device" -I"/home/anderson/setimo-semestre/RTOS/praticas/TASK_07_QUEUE/utilities" -I"/home/anderson/setimo-semestre/RTOS/praticas/TASK_07_QUEUE/component/uart" -I"/home/anderson/setimo-semestre/RTOS/praticas/TASK_07_QUEUE/component/serial_manager" -I"/home/anderson/setimo-semestre/RTOS/praticas/TASK_07_QUEUE/component/lists" -I"/home/anderson/setimo-semestre/RTOS/praticas/TASK_07_QUEUE/CMSIS" -I"/home/anderson/setimo-semestre/RTOS/praticas/TASK_07_QUEUE/freertos/freertos_kernel/include" -I"/home/anderson/setimo-semestre/RTOS/praticas/TASK_07_QUEUE/freertos/freertos_kernel/portable/GCC/ARM_CM0" -O0 -fno-common -g3 -Wall -c  -ffunction-sections  -fdata-sections  -ffreestanding  -fno-builtin -fmerge-constants -fmacro-prefix-map="../drivers/"= -mcpu=cortex-m0plus -mthumb -D__REDLIB__ -fstack-usage -specs=redlib.specs -MMD -MP -MF"drivers/fsl_common.d" -MT"drivers/fsl_common.o" -MT"drivers/fsl_common.d" -o "drivers/fsl_common.o" "../drivers/fsl_common.c"
Invoking: MCU C Compiler
arm-none-eabi-gcc -std=gnu99 -D__REDLIB__ -DCPU_MKL43Z256VLH4 -DCPU_MKL43Z256VLH4_cm0plus -DFRDM_KL43Z -DFREEDOM -DSERIAL_PORT_TYPE_UART=1 -DFSL_RTOS_FREE_RTOS -DCR_INTEGER_PRINTF -DPRINTF_FLOAT_ENABLE=0 -D__MCUXPRESSO -D__USE_CMSIS -DDEBUG -DSDK_DEBUGCONSOLE=0 -I"/home/anderson/setimo-semestre/RTOS/praticas/TASK_07_QUEUE/board" -I"/home/anderson/setimo-semestre/RTOS/praticas/TASK_07_QUEUE/source" -I"/home/anderson/setimo-semestre/RTOS/praticas/TASK_07_QUEUE" -I"/home/anderson/setimo-semestre/RTOS/praticas/TASK_07_QUEUE/drivers" -I"/home/anderson/setimo-semestre/RTOS/praticas/TASK_07_QUEUE/device" -I"/home/anderson/setimo-semestre/RTOS/praticas/TASK_07_QUEUE/utilities" -I"/home/anderson/setimo-semestre/RTOS/praticas/TASK_07_QUEUE/component/uart" -I"/home/anderson/setimo-semestre/RTOS/praticas/TASK_07_QUEUE/component/serial_manager" -I"/home/anderson/setimo-semestre/RTOS/praticas/TASK_07_QUEUE/component/lists" -I"/home/anderson/setimo-semestre/RTOS/praticas/TASK_07_QUEUE/CMSIS" -I"/home/anderson/setimo-semestre/RTOS/praticas/TASK_07_QUEUE/freertos/freertos_kernel/include" -I"/home/anderson/setimo-semestre/RTOS/praticas/TASK_07_QUEUE/freertos/freertos_kernel/portable/GCC/ARM_CM0" -O0 -fno-common -g3 -Wall -c  -ffunction-sections  -fdata-sections  -ffreestanding  -fno-builtin -fmerge-constants -fmacro-prefix-map="../drivers/"= -mcpu=cortex-m0plus -mthumb -D__REDLIB__ -fstack-usage -specs=redlib.specs -MMD -MP -MF"drivers/fsl_gpio.d" -MT"drivers/fsl_gpio.o" -MT"drivers/fsl_gpio.d" -o "drivers/fsl_gpio.o" "../drivers/fsl_gpio.c"
arm-none-eabi-gcc -std=gnu99 -D__REDLIB__ -DCPU_MKL43Z256VLH4 -DCPU_MKL43Z256VLH4_cm0plus -DFRDM_KL43Z -DFREEDOM -DSERIAL_PORT_TYPE_UART=1 -DFSL_RTOS_FREE_RTOS -DCR_INTEGER_PRINTF -DPRINTF_FLOAT_ENABLE=0 -D__MCUXPRESSO -D__USE_CMSIS -DDEBUG -DSDK_DEBUGCONSOLE=0 -I"/home/anderson/setimo-semestre/RTOS/praticas/TASK_07_QUEUE/board" -I"/home/anderson/setimo-semestre/RTOS/praticas/TASK_07_QUEUE/source" -I"/home/anderson/setimo-semestre/RTOS/praticas/TASK_07_QUEUE" -I"/home/anderson/setimo-semestre/RTOS/praticas/TASK_07_QUEUE/drivers" -I"/home/anderson/setimo-semestre/RTOS/praticas/TASK_07_QUEUE/device" -I"/home/anderson/setimo-semestre/RTOS/praticas/TASK_07_QUEUE/utilities" -I"/home/anderson/setimo-semestre/RTOS/praticas/TASK_07_QUEUE/component/uart" -I"/home/anderson/setimo-semestre/RTOS/praticas/TASK_07_QUEUE/component/serial_manager" -I"/home/anderson/setimo-semestre/RTOS/praticas/TASK_07_QUEUE/component/lists" -I"/home/anderson/setimo-semestre/RTOS/praticas/TASK_07_QUEUE/CMSIS" -I"/home/anderson/setimo-semestre/RTOS/praticas/TASK_07_QUEUE/freertos/freertos_kernel/include" -I"/home/anderson/setimo-semestre/RTOS/praticas/TASK_07_QUEUE/freertos/freertos_kernel/portable/GCC/ARM_CM0" -O0 -fno-common -g3 -Wall -c  -ffunction-sections  -fdata-sections  -ffreestanding  -fno-builtin -fmerge-constants -fmacro-prefix-map="../drivers/"= -mcpu=cortex-m0plus -mthumb -D__REDLIB__ -fstack-usage -specs=redlib.specs -MMD -MP -MF"drivers/fsl_lpuart.d" -MT"drivers/fsl_lpuart.o" -MT"drivers/fsl_lpuart.d" -o "drivers/fsl_lpuart.o" "../drivers/fsl_lpuart.c"
Finished building: ../source/task07.c
 
Building file: ../drivers/fsl_smc.c
Invoking: MCU C Compiler
arm-none-eabi-gcc -std=gnu99 -D__REDLIB__ -DCPU_MKL43Z256VLH4 -DCPU_MKL43Z256VLH4_cm0plus -DFRDM_KL43Z -DFREEDOM -DSERIAL_PORT_TYPE_UART=1 -DFSL_RTOS_FREE_RTOS -DCR_INTEGER_PRINTF -DPRINTF_FLOAT_ENABLE=0 -D__MCUXPRESSO -D__USE_CMSIS -DDEBUG -DSDK_DEBUGCONSOLE=0 -I"/home/anderson/setimo-semestre/RTOS/praticas/TASK_07_QUEUE/board" -I"/home/anderson/setimo-semestre/RTOS/praticas/TASK_07_QUEUE/source" -I"/home/anderson/setimo-semestre/RTOS/praticas/TASK_07_QUEUE" -I"/home/anderson/setimo-semestre/RTOS/praticas/TASK_07_QUEUE/drivers" -I"/home/anderson/setimo-semestre/RTOS/praticas/TASK_07_QUEUE/device" -I"/home/anderson/setimo-semestre/RTOS/praticas/TASK_07_QUEUE/utilities" -I"/home/anderson/setimo-semestre/RTOS/praticas/TASK_07_QUEUE/component/uart" -I"/home/anderson/setimo-semestre/RTOS/praticas/TASK_07_QUEUE/component/serial_manager" -I"/home/anderson/setimo-semestre/RTOS/praticas/TASK_07_QUEUE/component/lists" -I"/home/anderson/setimo-semestre/RTOS/praticas/TASK_07_QUEUE/CMSIS" -I"/home/anderson/setimo-semestre/RTOS/praticas/TASK_07_QUEUE/freertos/freertos_kernel/include" -I"/home/anderson/setimo-semestre/RTOS/praticas/TASK_07_QUEUE/freertos/freertos_kernel/portable/GCC/ARM_CM0" -O0 -fno-common -g3 -Wall -c  -ffunction-sections  -fdata-sections  -ffreestanding  -fno-builtin -fmerge-constants -fmacro-prefix-map="../drivers/"= -mcpu=cortex-m0plus -mthumb -D__REDLIB__ -fstack-usage -specs=redlib.specs -MMD -MP -MF"drivers/fsl_smc.d" -MT"drivers/fsl_smc.o" -MT"drivers/fsl_smc.d" -o "drivers/fsl_smc.o" "../drivers/fsl_smc.c"
Finished building: ../drivers/fsl_common.c
 
Building file: ../drivers/fsl_uart.c
Invoking: MCU C Compiler
arm-none-eabi-gcc -std=gnu99 -D__REDLIB__ -DCPU_MKL43Z256VLH4 -DCPU_MKL43Z256VLH4_cm0plus -DFRDM_KL43Z -DFREEDOM -DSERIAL_PORT_TYPE_UART=1 -DFSL_RTOS_FREE_RTOS -DCR_INTEGER_PRINTF -DPRINTF_FLOAT_ENABLE=0 -D__MCUXPRESSO -D__USE_CMSIS -DDEBUG -DSDK_DEBUGCONSOLE=0 -I"/home/anderson/setimo-semestre/RTOS/praticas/TASK_07_QUEUE/board" -I"/home/anderson/setimo-semestre/RTOS/praticas/TASK_07_QUEUE/source" -I"/home/anderson/setimo-semestre/RTOS/praticas/TASK_07_QUEUE" -I"/home/anderson/setimo-semestre/RTOS/praticas/TASK_07_QUEUE/drivers" -I"/home/anderson/setimo-semestre/RTOS/praticas/TASK_07_QUEUE/device" -I"/home/anderson/setimo-semestre/RTOS/praticas/TASK_07_QUEUE/utilities" -I"/home/anderson/setimo-semestre/RTOS/praticas/TASK_07_QUEUE/component/uart" -I"/home/anderson/setimo-semestre/RTOS/praticas/TASK_07_QUEUE/component/serial_manager" -I"/home/anderson/setimo-semestre/RTOS/praticas/TASK_07_QUEUE/component/lists" -I"/home/anderson/setimo-semestre/RTOS/praticas/TASK_07_QUEUE/CMSIS" -I"/home/anderson/setimo-semestre/RTOS/praticas/TASK_07_QUEUE/freertos/freertos_kernel/include" -I"/home/anderson/setimo-semestre/RTOS/praticas/TASK_07_QUEUE/freertos/freertos_kernel/portable/GCC/ARM_CM0" -O0 -fno-common -g3 -Wall -c  -ffunction-sections  -fdata-sections  -ffreestanding  -fno-builtin -fmerge-constants -fmacro-prefix-map="../drivers/"= -mcpu=cortex-m0plus -mthumb -D__REDLIB__ -fstack-usage -specs=redlib.specs -MMD -MP -MF"drivers/fsl_uart.d" -MT"drivers/fsl_uart.o" -MT"drivers/fsl_uart.d" -o "drivers/fsl_uart.o" "../drivers/fsl_uart.c"
Finished building: ../drivers/fsl_gpio.c
 
Building file: ../device/system_MKL43Z4.c
Invoking: MCU C Compiler
arm-none-eabi-gcc -std=gnu99 -D__REDLIB__ -DCPU_MKL43Z256VLH4 -DCPU_MKL43Z256VLH4_cm0plus -DFRDM_KL43Z -DFREEDOM -DSERIAL_PORT_TYPE_UART=1 -DFSL_RTOS_FREE_RTOS -DCR_INTEGER_PRINTF -DPRINTF_FLOAT_ENABLE=0 -D__MCUXPRESSO -D__USE_CMSIS -DDEBUG -DSDK_DEBUGCONSOLE=0 -I"/home/anderson/setimo-semestre/RTOS/praticas/TASK_07_QUEUE/board" -I"/home/anderson/setimo-semestre/RTOS/praticas/TASK_07_QUEUE/source" -I"/home/anderson/setimo-semestre/RTOS/praticas/TASK_07_QUEUE" -I"/home/anderson/setimo-semestre/RTOS/praticas/TASK_07_QUEUE/drivers" -I"/home/anderson/setimo-semestre/RTOS/praticas/TASK_07_QUEUE/device" -I"/home/anderson/setimo-semestre/RTOS/praticas/TASK_07_QUEUE/utilities" -I"/home/anderson/setimo-semestre/RTOS/praticas/TASK_07_QUEUE/component/uart" -I"/home/anderson/setimo-semestre/RTOS/praticas/TASK_07_QUEUE/component/serial_manager" -I"/home/anderson/setimo-semestre/RTOS/praticas/TASK_07_QUEUE/component/lists" -I"/home/anderson/setimo-semestre/RTOS/praticas/TASK_07_QUEUE/CMSIS" -I"/home/anderson/setimo-semestre/RTOS/praticas/TASK_07_QUEUE/freertos/freertos_kernel/include" -I"/home/anderson/setimo-semestre/RTOS/praticas/TASK_07_QUEUE/freertos/freertos_kernel/portable/GCC/ARM_CM0" -O0 -fno-common -g3 -Wall -c  -ffunction-sections  -fdata-sections  -ffreestanding  -fno-builtin -fmerge-constants -fmacro-prefix-map="../device/"= -mcpu=cortex-m0plus -mthumb -D__REDLIB__ -fstack-usage -specs=redlib.specs -MMD -MP -MF"device/system_MKL43Z4.d" -MT"device/system_MKL43Z4.o" -MT"device/system_MKL43Z4.d" -o "device/system_MKL43Z4.o" "../device/system_MKL43Z4.c"
Finished building: ../drivers/fsl_lpuart.c
 
Building file: ../component/uart/lpuart_adapter.c
Invoking: MCU C Compiler
arm-none-eabi-gcc -std=gnu99 -D__REDLIB__ -DCPU_MKL43Z256VLH4 -DCPU_MKL43Z256VLH4_cm0plus -DFRDM_KL43Z -DFREEDOM -DSERIAL_PORT_TYPE_UART=1 -DFSL_RTOS_FREE_RTOS -DCR_INTEGER_PRINTF -DPRINTF_FLOAT_ENABLE=0 -D__MCUXPRESSO -D__USE_CMSIS -DDEBUG -DSDK_DEBUGCONSOLE=0 -I"/home/anderson/setimo-semestre/RTOS/praticas/TASK_07_QUEUE/board" -I"/home/anderson/setimo-semestre/RTOS/praticas/TASK_07_QUEUE/source" -I"/home/anderson/setimo-semestre/RTOS/praticas/TASK_07_QUEUE" -I"/home/anderson/setimo-semestre/RTOS/praticas/TASK_07_QUEUE/drivers" -I"/home/anderson/setimo-semestre/RTOS/praticas/TASK_07_QUEUE/device" -I"/home/anderson/setimo-semestre/RTOS/praticas/TASK_07_QUEUE/utilities" -I"/home/anderson/setimo-semestre/RTOS/praticas/TASK_07_QUEUE/component/uart" -I"/home/anderson/setimo-semestre/RTOS/praticas/TASK_07_QUEUE/component/serial_manager" -I"/home/anderson/setimo-semestre/RTOS/praticas/TASK_07_QUEUE/component/lists" -I"/home/anderson/setimo-semestre/RTOS/praticas/TASK_07_QUEUE/CMSIS" -I"/home/anderson/setimo-semestre/RTOS/praticas/TASK_07_QUEUE/freertos/freertos_kernel/include" -I"/home/anderson/setimo-semestre/RTOS/praticas/TASK_07_QUEUE/freertos/freertos_kernel/portable/GCC/ARM_CM0" -O0 -fno-common -g3 -Wall -c  -ffunction-sections  -fdata-sections  -ffreestanding  -fno-builtin -fmerge-constants -fmacro-prefix-map="../component/uart/"= -mcpu=cortex-m0plus -mthumb -D__REDLIB__ -fstack-usage -specs=redlib.specs -MMD -MP -MF"component/uart/lpuart_adapter.d" -MT"component/uart/lpuart_adapter.o" -MT"component/uart/lpuart_adapter.d" -o "component/uart/lpuart_adapter.o" "../component/uart/lpuart_adapter.c"
Finished building: ../drivers/fsl_smc.c
 
Building file: ../component/serial_manager/serial_manager.c
Invoking: MCU C Compiler
arm-none-eabi-gcc -std=gnu99 -D__REDLIB__ -DCPU_MKL43Z256VLH4 -DCPU_MKL43Z256VLH4_cm0plus -DFRDM_KL43Z -DFREEDOM -DSERIAL_PORT_TYPE_UART=1 -DFSL_RTOS_FREE_RTOS -DCR_INTEGER_PRINTF -DPRINTF_FLOAT_ENABLE=0 -D__MCUXPRESSO -D__USE_CMSIS -DDEBUG -DSDK_DEBUGCONSOLE=0 -I"/home/anderson/setimo-semestre/RTOS/praticas/TASK_07_QUEUE/board" -I"/home/anderson/setimo-semestre/RTOS/praticas/TASK_07_QUEUE/source" -I"/home/anderson/setimo-semestre/RTOS/praticas/TASK_07_QUEUE" -I"/home/anderson/setimo-semestre/RTOS/praticas/TASK_07_QUEUE/drivers" -I"/home/anderson/setimo-semestre/RTOS/praticas/TASK_07_QUEUE/device" -I"/home/anderson/setimo-semestre/RTOS/praticas/TASK_07_QUEUE/utilities" -I"/home/anderson/setimo-semestre/RTOS/praticas/TASK_07_QUEUE/component/uart" -I"/home/anderson/setimo-semestre/RTOS/praticas/TASK_07_QUEUE/component/serial_manager" -I"/home/anderson/setimo-semestre/RTOS/praticas/TASK_07_QUEUE/component/lists" -I"/home/anderson/setimo-semestre/RTOS/praticas/TASK_07_QUEUE/CMSIS" -I"/home/anderson/setimo-semestre/RTOS/praticas/TASK_07_QUEUE/freertos/freertos_kernel/include" -I"/home/anderson/setimo-semestre/RTOS/praticas/TASK_07_QUEUE/freertos/freertos_kernel/portable/GCC/ARM_CM0" -O0 -fno-common -g3 -Wall -c  -ffunction-sections  -fdata-sections  -ffreestanding  -fno-builtin -fmerge-constants -fmacro-prefix-map="../component/serial_manager/"= -mcpu=cortex-m0plus -mthumb -D__REDLIB__ -fstack-usage -specs=redlib.specs -MMD -MP -MF"component/serial_manager/serial_manager.d" -MT"component/serial_manager/serial_manager.o" -MT"component/serial_manager/serial_manager.d" -o "component/serial_manager/serial_manager.o" "../component/serial_manager/serial_manager.c"
Finished building: ../device/system_MKL43Z4.c
 
Building file: ../component/serial_manager/serial_port_uart.c
Invoking: MCU C Compiler
arm-none-eabi-gcc -std=gnu99 -D__REDLIB__ -DCPU_MKL43Z256VLH4 -DCPU_MKL43Z256VLH4_cm0plus -DFRDM_KL43Z -DFREEDOM -DSERIAL_PORT_TYPE_UART=1 -DFSL_RTOS_FREE_RTOS -DCR_INTEGER_PRINTF -DPRINTF_FLOAT_ENABLE=0 -D__MCUXPRESSO -D__USE_CMSIS -DDEBUG -DSDK_DEBUGCONSOLE=0 -I"/home/anderson/setimo-semestre/RTOS/praticas/TASK_07_QUEUE/board" -I"/home/anderson/setimo-semestre/RTOS/praticas/TASK_07_QUEUE/source" -I"/home/anderson/setimo-semestre/RTOS/praticas/TASK_07_QUEUE" -I"/home/anderson/setimo-semestre/RTOS/praticas/TASK_07_QUEUE/drivers" -I"/home/anderson/setimo-semestre/RTOS/praticas/TASK_07_QUEUE/device" -I"/home/anderson/setimo-semestre/RTOS/praticas/TASK_07_QUEUE/utilities" -I"/home/anderson/setimo-semestre/RTOS/praticas/TASK_07_QUEUE/component/uart" -I"/home/anderson/setimo-semestre/RTOS/praticas/TASK_07_QUEUE/component/serial_manager" -I"/home/anderson/setimo-semestre/RTOS/praticas/TASK_07_QUEUE/component/lists" -I"/home/anderson/setimo-semestre/RTOS/praticas/TASK_07_QUEUE/CMSIS" -I"/home/anderson/setimo-semestre/RTOS/praticas/TASK_07_QUEUE/freertos/freertos_kernel/include" -I"/home/anderson/setimo-semestre/RTOS/praticas/TASK_07_QUEUE/freertos/freertos_kernel/portable/GCC/ARM_CM0" -O0 -fno-common -g3 -Wall -c  -ffunction-sections  -fdata-sections  -ffreestanding  -fno-builtin -fmerge-constants -fmacro-prefix-map="../component/serial_manager/"= -mcpu=cortex-m0plus -mthumb -D__REDLIB__ -fstack-usage -specs=redlib.specs -MMD -MP -MF"component/serial_manager/serial_port_uart.d" -MT"component/serial_manager/serial_port_uart.o" -MT"component/serial_manager/serial_port_uart.d" -o "component/serial_manager/serial_port_uart.o" "../component/serial_manager/serial_port_uart.c"
Finished building: ../drivers/fsl_uart.c
 
Building file: ../component/lists/generic_list.c
Invoking: MCU C Compiler
arm-none-eabi-gcc -std=gnu99 -D__REDLIB__ -DCPU_MKL43Z256VLH4 -DCPU_MKL43Z256VLH4_cm0plus -DFRDM_KL43Z -DFREEDOM -DSERIAL_PORT_TYPE_UART=1 -DFSL_RTOS_FREE_RTOS -DCR_INTEGER_PRINTF -DPRINTF_FLOAT_ENABLE=0 -D__MCUXPRESSO -D__USE_CMSIS -DDEBUG -DSDK_DEBUGCONSOLE=0 -I"/home/anderson/setimo-semestre/RTOS/praticas/TASK_07_QUEUE/board" -I"/home/anderson/setimo-semestre/RTOS/praticas/TASK_07_QUEUE/source" -I"/home/anderson/setimo-semestre/RTOS/praticas/TASK_07_QUEUE" -I"/home/anderson/setimo-semestre/RTOS/praticas/TASK_07_QUEUE/drivers" -I"/home/anderson/setimo-semestre/RTOS/praticas/TASK_07_QUEUE/device" -I"/home/anderson/setimo-semestre/RTOS/praticas/TASK_07_QUEUE/utilities" -I"/home/anderson/setimo-semestre/RTOS/praticas/TASK_07_QUEUE/component/uart" -I"/home/anderson/setimo-semestre/RTOS/praticas/TASK_07_QUEUE/component/serial_manager" -I"/home/anderson/setimo-semestre/RTOS/praticas/TASK_07_QUEUE/component/lists" -I"/home/anderson/setimo-semestre/RTOS/praticas/TASK_07_QUEUE/CMSIS" -I"/home/anderson/setimo-semestre/RTOS/praticas/TASK_07_QUEUE/freertos/freertos_kernel/include" -I"/home/anderson/setimo-semestre/RTOS/praticas/TASK_07_QUEUE/freertos/freertos_kernel/portable/GCC/ARM_CM0" -O0 -fno-common -g3 -Wall -c  -ffunction-sections  -fdata-sections  -ffreestanding  -fno-builtin -fmerge-constants -fmacro-prefix-map="../component/lists/"= -mcpu=cortex-m0plus -mthumb -D__REDLIB__ -fstack-usage -specs=redlib.specs -MMD -MP -MF"component/lists/generic_list.d" -MT"component/lists/generic_list.o" -MT"component/lists/generic_list.d" -o "component/lists/generic_list.o" "../component/lists/generic_list.c"
Finished building: ../component/uart/lpuart_adapter.c
 
Building file: ../board/board.c
Invoking: MCU C Compiler
arm-none-eabi-gcc -std=gnu99 -D__REDLIB__ -DCPU_MKL43Z256VLH4 -DCPU_MKL43Z256VLH4_cm0plus -DFRDM_KL43Z -DFREEDOM -DSERIAL_PORT_TYPE_UART=1 -DFSL_RTOS_FREE_RTOS -DCR_INTEGER_PRINTF -DPRINTF_FLOAT_ENABLE=0 -D__MCUXPRESSO -D__USE_CMSIS -DDEBUG -DSDK_DEBUGCONSOLE=0 -I"/home/anderson/setimo-semestre/RTOS/praticas/TASK_07_QUEUE/board" -I"/home/anderson/setimo-semestre/RTOS/praticas/TASK_07_QUEUE/source" -I"/home/anderson/setimo-semestre/RTOS/praticas/TASK_07_QUEUE" -I"/home/anderson/setimo-semestre/RTOS/praticas/TASK_07_QUEUE/drivers" -I"/home/anderson/setimo-semestre/RTOS/praticas/TASK_07_QUEUE/device" -I"/home/anderson/setimo-semestre/RTOS/praticas/TASK_07_QUEUE/utilities" -I"/home/anderson/setimo-semestre/RTOS/praticas/TASK_07_QUEUE/component/uart" -I"/home/anderson/setimo-semestre/RTOS/praticas/TASK_07_QUEUE/component/serial_manager" -I"/home/anderson/setimo-semestre/RTOS/praticas/TASK_07_QUEUE/component/lists" -I"/home/anderson/setimo-semestre/RTOS/praticas/TASK_07_QUEUE/CMSIS" -I"/home/anderson/setimo-semestre/RTOS/praticas/TASK_07_QUEUE/freertos/freertos_kernel/include" -I"/home/anderson/setimo-semestre/RTOS/praticas/TASK_07_QUEUE/freertos/freertos_kernel/portable/GCC/ARM_CM0" -O0 -fno-common -g3 -Wall -c  -ffunction-sections  -fdata-sections  -ffreestanding  -fno-builtin -fmerge-constants -fmacro-prefix-map="../board/"= -mcpu=cortex-m0plus -mthumb -D__REDLIB__ -fstack-usage -specs=redlib.specs -MMD -MP -MF"board/board.d" -MT"board/board.o" -MT"board/board.d" -o "board/board.o" "../board/board.c"
Finished building: ../component/lists/generic_list.c
 
Building file: ../board/clock_config.c
Invoking: MCU C Compiler
arm-none-eabi-gcc -std=gnu99 -D__REDLIB__ -DCPU_MKL43Z256VLH4 -DCPU_MKL43Z256VLH4_cm0plus -DFRDM_KL43Z -DFREEDOM -DSERIAL_PORT_TYPE_UART=1 -DFSL_RTOS_FREE_RTOS -DCR_INTEGER_PRINTF -DPRINTF_FLOAT_ENABLE=0 -D__MCUXPRESSO -D__USE_CMSIS -DDEBUG -DSDK_DEBUGCONSOLE=0 -I"/home/anderson/setimo-semestre/RTOS/praticas/TASK_07_QUEUE/board" -I"/home/anderson/setimo-semestre/RTOS/praticas/TASK_07_QUEUE/source" -I"/home/anderson/setimo-semestre/RTOS/praticas/TASK_07_QUEUE" -I"/home/anderson/setimo-semestre/RTOS/praticas/TASK_07_QUEUE/drivers" -I"/home/anderson/setimo-semestre/RTOS/praticas/TASK_07_QUEUE/device" -I"/home/anderson/setimo-semestre/RTOS/praticas/TASK_07_QUEUE/utilities" -I"/home/anderson/setimo-semestre/RTOS/praticas/TASK_07_QUEUE/component/uart" -I"/home/anderson/setimo-semestre/RTOS/praticas/TASK_07_QUEUE/component/serial_manager" -I"/home/anderson/setimo-semestre/RTOS/praticas/TASK_07_QUEUE/component/lists" -I"/home/anderson/setimo-semestre/RTOS/praticas/TASK_07_QUEUE/CMSIS" -I"/home/anderson/setimo-semestre/RTOS/praticas/TASK_07_QUEUE/freertos/freertos_kernel/include" -I"/home/anderson/setimo-semestre/RTOS/praticas/TASK_07_QUEUE/freertos/freertos_kernel/portable/GCC/ARM_CM0" -O0 -fno-common -g3 -Wall -c  -ffunction-sections  -fdata-sections  -ffreestanding  -fno-builtin -fmerge-constants -fmacro-prefix-map="../board/"= -mcpu=cortex-m0plus -mthumb -D__REDLIB__ -fstack-usage -specs=redlib.specs -MMD -MP -MF"board/clock_config.d" -MT"board/clock_config.o" -MT"board/clock_config.d" -o "board/clock_config.o" "../board/clock_config.c"
Finished building: ../component/serial_manager/serial_manager.c
 
Building file: ../board/pin_mux.c
Invoking: MCU C Compiler
arm-none-eabi-gcc -std=gnu99 -D__REDLIB__ -DCPU_MKL43Z256VLH4 -DCPU_MKL43Z256VLH4_cm0plus -DFRDM_KL43Z -DFREEDOM -DSERIAL_PORT_TYPE_UART=1 -DFSL_RTOS_FREE_RTOS -DCR_INTEGER_PRINTF -DPRINTF_FLOAT_ENABLE=0 -D__MCUXPRESSO -D__USE_CMSIS -DDEBUG -DSDK_DEBUGCONSOLE=0 -I"/home/anderson/setimo-semestre/RTOS/praticas/TASK_07_QUEUE/board" -I"/home/anderson/setimo-semestre/RTOS/praticas/TASK_07_QUEUE/source" -I"/home/anderson/setimo-semestre/RTOS/praticas/TASK_07_QUEUE" -I"/home/anderson/setimo-semestre/RTOS/praticas/TASK_07_QUEUE/drivers" -I"/home/anderson/setimo-semestre/RTOS/praticas/TASK_07_QUEUE/device" -I"/home/anderson/setimo-semestre/RTOS/praticas/TASK_07_QUEUE/utilities" -I"/home/anderson/setimo-semestre/RTOS/praticas/TASK_07_QUEUE/component/uart" -I"/home/anderson/setimo-semestre/RTOS/praticas/TASK_07_QUEUE/component/serial_manager" -I"/home/anderson/setimo-semestre/RTOS/praticas/TASK_07_QUEUE/component/lists" -I"/home/anderson/setimo-semestre/RTOS/praticas/TASK_07_QUEUE/CMSIS" -I"/home/anderson/setimo-semestre/RTOS/praticas/TASK_07_QUEUE/freertos/freertos_kernel/include" -I"/home/anderson/setimo-semestre/RTOS/praticas/TASK_07_QUEUE/freertos/freertos_kernel/portable/GCC/ARM_CM0" -O0 -fno-common -g3 -Wall -c  -ffunction-sections  -fdata-sections  -ffreestanding  -fno-builtin -fmerge-constants -fmacro-prefix-map="../board/"= -mcpu=cortex-m0plus -mthumb -D__REDLIB__ -fstack-usage -specs=redlib.specs -MMD -MP -MF"board/pin_mux.d" -MT"board/pin_mux.o" -MT"board/pin_mux.d" -o "board/pin_mux.o" "../board/pin_mux.c"
Finished building: ../board/board.c
 
Finished building: ../component/serial_manager/serial_port_uart.c
 
Finished building: ../board/clock_config.c
 
Finished building: ../board/pin_mux.c
 
Building target: TASK_07_QUEUE.axf
Invoking: MCU Linker
arm-none-eabi-gcc -nostdlib -Xlinker -Map="TASK_07_QUEUE.map" -Xlinker --gc-sections -Xlinker -print-memory-usage -Xlinker --sort-section=alignment -Xlinker --cref -mcpu=cortex-m0plus -mthumb -T HELLO_RTOS_freertos_hello_Debug.ld -o "TASK_07_QUEUE.axf"  ./utilities/fsl_assert.o ./utilities/fsl_debug_console.o ./utilities/fsl_str.o  ./startup/startup_mkl43z4.o  ./source/mtb.o ./source/semihost_hardfault.o ./source/task07.o  ./freertos/freertos_kernel/portable/MemMang/heap_4.o  ./freertos/freertos_kernel/portable/GCC/ARM_CM0/port.o  ./freertos/freertos_kernel/croutine.o ./freertos/freertos_kernel/event_groups.o ./freertos/freertos_kernel/list.o ./freertos/freertos_kernel/queue.o ./freertos/freertos_kernel/stream_buffer.o ./freertos/freertos_kernel/tasks.o ./freertos/freertos_kernel/timers.o  ./drivers/fsl_clock.o ./drivers/fsl_common.o ./drivers/fsl_gpio.o ./drivers/fsl_lpuart.o ./drivers/fsl_smc.o ./drivers/fsl_uart.o  ./device/system_MKL43Z4.o  ./component/uart/lpuart_adapter.o  ./component/serial_manager/serial_manager.o ./component/serial_manager/serial_port_uart.o  ./component/lists/generic_list.o  ./board/board.o ./board/clock_config.o ./board/pin_mux.o   
Memory region         Used Size  Region Size  %age Used
   PROGRAM_FLASH:       12644 B       256 KB      4.82%
            SRAM:       15084 B        32 KB     46.03%
Finished building target: TASK_07_QUEUE.axf
 
Performing post-build steps
arm-none-eabi-size "TASK_07_QUEUE.axf"; # arm-none-eabi-objcopy -v -O binary "TASK_07_QUEUE.axf" "TASK_07_QUEUE.bin" ; # checksum -p MKL43Z256xxx4 -d "TASK_07_QUEUE.bin";
   text	   data	    bss	    dec	    hex	filename
  12636	      8	  15076	  27720	   6c48	TASK_07_QUEUE.axf
 
16:47:04 **** Build of configuration Debug for project TASK_07_QUEUE ****
make -r -j4 all 
Building file: ../source/task07.c
Invoking: MCU C Compiler
arm-none-eabi-gcc -std=gnu99 -D__REDLIB__ -DCPU_MKL43Z256VLH4 -DCPU_MKL43Z256VLH4_cm0plus -DFRDM_KL43Z -DFREEDOM -DSERIAL_PORT_TYPE_UART=1 -DFSL_RTOS_FREE_RTOS -DCR_INTEGER_PRINTF -DPRINTF_FLOAT_ENABLE=0 -D__MCUXPRESSO -D__USE_CMSIS -DDEBUG -DSDK_DEBUGCONSOLE=0 -I"/home/anderson/setimo-semestre/RTOS/praticas/TASK_07_QUEUE/board" -I"/home/anderson/setimo-semestre/RTOS/praticas/TASK_07_QUEUE/source" -I"/home/anderson/setimo-semestre/RTOS/praticas/TASK_07_QUEUE" -I"/home/anderson/setimo-semestre/RTOS/praticas/TASK_07_QUEUE/drivers" -I"/home/anderson/setimo-semestre/RTOS/praticas/TASK_07_QUEUE/device" -I"/home/anderson/setimo-semestre/RTOS/praticas/TASK_07_QUEUE/utilities" -I"/home/anderson/setimo-semestre/RTOS/praticas/TASK_07_QUEUE/component/uart" -I"/home/anderson/setimo-semestre/RTOS/praticas/TASK_07_QUEUE/component/serial_manager" -I"/home/anderson/setimo-semestre/RTOS/praticas/TASK_07_QUEUE/component/lists" -I"/home/anderson/setimo-semestre/RTOS/praticas/TASK_07_QUEUE/CMSIS" -I"/home/anderson/setimo-semestre/RTOS/praticas/TASK_07_QUEUE/freertos/freertos_kernel/include" -I"/home/anderson/setimo-semestre/RTOS/praticas/TASK_07_QUEUE/freertos/freertos_kernel/portable/GCC/ARM_CM0" -O0 -fno-common -g3 -Wall -c  -ffunction-sections  -fdata-sections  -ffreestanding  -fno-builtin -fmerge-constants -fmacro-prefix-map="../source/"= -mcpu=cortex-m0plus -mthumb -D__REDLIB__ -fstack-usage -specs=redlib.specs -MMD -MP -MF"source/task07.d" -MT"source/task07.o" -MT"source/task07.d" -o "source/task07.o" "../source/task07.c"
Finished building: ../source/task07.c
 
Building target: TASK_07_QUEUE.axf
Invoking: MCU Linker
arm-none-eabi-gcc -nostdlib -Xlinker -Map="TASK_07_QUEUE.map" -Xlinker --gc-sections -Xlinker -print-memory-usage -Xlinker --sort-section=alignment -Xlinker --cref -mcpu=cortex-m0plus -mthumb -T HELLO_RTOS_freertos_hello_Debug.ld -o "TASK_07_QUEUE.axf"  ./utilities/fsl_assert.o ./utilities/fsl_debug_console.o ./utilities/fsl_str.o  ./startup/startup_mkl43z4.o  ./source/mtb.o ./source/semihost_hardfault.o ./source/task07.o  ./freertos/freertos_kernel/portable/MemMang/heap_4.o  ./freertos/freertos_kernel/portable/GCC/ARM_CM0/port.o  ./freertos/freertos_kernel/croutine.o ./freertos/freertos_kernel/event_groups.o ./freertos/freertos_kernel/list.o ./freertos/freertos_kernel/queue.o ./freertos/freertos_kernel/stream_buffer.o ./freertos/freertos_kernel/tasks.o ./freertos/freertos_kernel/timers.o  ./drivers/fsl_clock.o ./drivers/fsl_common.o ./drivers/fsl_gpio.o ./drivers/fsl_lpuart.o ./drivers/fsl_smc.o ./drivers/fsl_uart.o  ./device/system_MKL43Z4.o  ./component/uart/lpuart_adapter.o  ./component/serial_manager/serial_manager.o ./component/serial_manager/serial_port_uart.o  ./component/lists/generic_list.o  ./board/board.o ./board/clock_config.o ./board/pin_mux.o   
Memory region         Used Size  Region Size  %age Used
   PROGRAM_FLASH:       12644 B       256 KB      4.82%
            SRAM:       15084 B        32 KB     46.03%
Finished building target: TASK_07_QUEUE.axf
 
Performing post-build steps
arm-none-eabi-size "TASK_07_QUEUE.axf"; # arm-none-eabi-objcopy -v -O binary "TASK_07_QUEUE.axf" "TASK_07_QUEUE.bin" ; # checksum -p MKL43Z256xxx4 -d "TASK_07_QUEUE.bin";
   text	   data	    bss	    dec	    hex	filename
  12636	      8	  15076	  27720	   6c48	TASK_07_QUEUE.axf
 
16:47:07 **** Incremental Build of configuration Debug for project TASK_07_QUEUE ****
make -r -j4 all 
make[1]: Nothing to be done for 'main-build'.
Performing post-build steps
arm-none-eabi-size "TASK_07_QUEUE.axf"; # arm-none-eabi-objcopy -v -O binary "TASK_07_QUEUE.axf" "TASK_07_QUEUE.bin" ; # checksum -p MKL43Z256xxx4 -d "TASK_07_QUEUE.bin";
   text	   data	    bss	    dec	    hex	filename
  12636	      8	  15076	  27720	   6c48	TASK_07_QUEUE.axf
 
16:50:34 **** Build of configuration Debug for project TASK_07_QUEUE ****
make -r -j4 all 
Building file: ../source/task07.c
Invoking: MCU C Compiler
arm-none-eabi-gcc -std=gnu99 -D__REDLIB__ -DCPU_MKL43Z256VLH4 -DCPU_MKL43Z256VLH4_cm0plus -DFRDM_KL43Z -DFREEDOM -DSERIAL_PORT_TYPE_UART=1 -DFSL_RTOS_FREE_RTOS -DCR_INTEGER_PRINTF -DPRINTF_FLOAT_ENABLE=0 -D__MCUXPRESSO -D__USE_CMSIS -DDEBUG -DSDK_DEBUGCONSOLE=0 -I"/home/anderson/setimo-semestre/RTOS/praticas/TASK_07_QUEUE/board" -I"/home/anderson/setimo-semestre/RTOS/praticas/TASK_07_QUEUE/source" -I"/home/anderson/setimo-semestre/RTOS/praticas/TASK_07_QUEUE" -I"/home/anderson/setimo-semestre/RTOS/praticas/TASK_07_QUEUE/drivers" -I"/home/anderson/setimo-semestre/RTOS/praticas/TASK_07_QUEUE/device" -I"/home/anderson/setimo-semestre/RTOS/praticas/TASK_07_QUEUE/utilities" -I"/home/anderson/setimo-semestre/RTOS/praticas/TASK_07_QUEUE/component/uart" -I"/home/anderson/setimo-semestre/RTOS/praticas/TASK_07_QUEUE/component/serial_manager" -I"/home/anderson/setimo-semestre/RTOS/praticas/TASK_07_QUEUE/component/lists" -I"/home/anderson/setimo-semestre/RTOS/praticas/TASK_07_QUEUE/CMSIS" -I"/home/anderson/setimo-semestre/RTOS/praticas/TASK_07_QUEUE/freertos/freertos_kernel/include" -I"/home/anderson/setimo-semestre/RTOS/praticas/TASK_07_QUEUE/freertos/freertos_kernel/portable/GCC/ARM_CM0" -O0 -fno-common -g3 -Wall -c  -ffunction-sections  -fdata-sections  -ffreestanding  -fno-builtin -fmerge-constants -fmacro-prefix-map="../source/"= -mcpu=cortex-m0plus -mthumb -D__REDLIB__ -fstack-usage -specs=redlib.specs -MMD -MP -MF"source/task07.d" -MT"source/task07.o" -MT"source/task07.d" -o "source/task07.o" "../source/task07.c"
Finished building: ../source/task07.c
 
Building target: TASK_07_QUEUE.axf
Invoking: MCU Linker
arm-none-eabi-gcc -nostdlib -Xlinker -Map="TASK_07_QUEUE.map" -Xlinker --gc-sections -Xlinker -print-memory-usage -Xlinker --sort-section=alignment -Xlinker --cref -mcpu=cortex-m0plus -mthumb -T HELLO_RTOS_freertos_hello_Debug.ld -o "TASK_07_QUEUE.axf"  ./utilities/fsl_assert.o ./utilities/fsl_debug_console.o ./utilities/fsl_str.o  ./startup/startup_mkl43z4.o  ./source/mtb.o ./source/semihost_hardfault.o ./source/task07.o  ./freertos/freertos_kernel/portable/MemMang/heap_4.o  ./freertos/freertos_kernel/portable/GCC/ARM_CM0/port.o  ./freertos/freertos_kernel/croutine.o ./freertos/freertos_kernel/event_groups.o ./freertos/freertos_kernel/list.o ./freertos/freertos_kernel/queue.o ./freertos/freertos_kernel/stream_buffer.o ./freertos/freertos_kernel/tasks.o ./freertos/freertos_kernel/timers.o  ./drivers/fsl_clock.o ./drivers/fsl_common.o ./drivers/fsl_gpio.o ./drivers/fsl_lpuart.o ./drivers/fsl_smc.o ./drivers/fsl_uart.o  ./device/system_MKL43Z4.o  ./component/uart/lpuart_adapter.o  ./component/serial_manager/serial_manager.o ./component/serial_manager/serial_port_uart.o  ./component/lists/generic_list.o  ./board/board.o ./board/clock_config.o ./board/pin_mux.o   
Memory region         Used Size  Region Size  %age Used
   PROGRAM_FLASH:       12644 B       256 KB      4.82%
            SRAM:       15084 B        32 KB     46.03%
Finished building target: TASK_07_QUEUE.axf
 
Performing post-build steps
arm-none-eabi-size "TASK_07_QUEUE.axf"; # arm-none-eabi-objcopy -v -O binary "TASK_07_QUEUE.axf" "TASK_07_QUEUE.bin" ; # checksum -p MKL43Z256xxx4 -d "TASK_07_QUEUE.bin";
   text	   data	    bss	    dec	    hex	filename
  12636	      8	  15076	  27720	   6c48	TASK_07_QUEUE.axf
 
16:50:37 **** Incremental Build of configuration Debug for project TASK_07_QUEUE ****
make -r -j4 all 
make[1]: Nothing to be done for 'main-build'.
Performing post-build steps
arm-none-eabi-size "TASK_07_QUEUE.axf"; # arm-none-eabi-objcopy -v -O binary "TASK_07_QUEUE.axf" "TASK_07_QUEUE.bin" ; # checksum -p MKL43Z256xxx4 -d "TASK_07_QUEUE.bin";
   text	   data	    bss	    dec	    hex	filename
  12636	      8	  15076	  27720	   6c48	TASK_07_QUEUE.axf
 
16:54:12 **** Build of configuration Debug for project TASK_07_QUEUE ****
make -r -j4 all 
Building file: ../source/task07.c
Invoking: MCU C Compiler
arm-none-eabi-gcc -std=gnu99 -D__REDLIB__ -DCPU_MKL43Z256VLH4 -DCPU_MKL43Z256VLH4_cm0plus -DFRDM_KL43Z -DFREEDOM -DSERIAL_PORT_TYPE_UART=1 -DFSL_RTOS_FREE_RTOS -DCR_INTEGER_PRINTF -DPRINTF_FLOAT_ENABLE=0 -D__MCUXPRESSO -D__USE_CMSIS -DDEBUG -DSDK_DEBUGCONSOLE=0 -I"/home/anderson/setimo-semestre/RTOS/praticas/TASK_07_QUEUE/board" -I"/home/anderson/setimo-semestre/RTOS/praticas/TASK_07_QUEUE/source" -I"/home/anderson/setimo-semestre/RTOS/praticas/TASK_07_QUEUE" -I"/home/anderson/setimo-semestre/RTOS/praticas/TASK_07_QUEUE/drivers" -I"/home/anderson/setimo-semestre/RTOS/praticas/TASK_07_QUEUE/device" -I"/home/anderson/setimo-semestre/RTOS/praticas/TASK_07_QUEUE/utilities" -I"/home/anderson/setimo-semestre/RTOS/praticas/TASK_07_QUEUE/component/uart" -I"/home/anderson/setimo-semestre/RTOS/praticas/TASK_07_QUEUE/component/serial_manager" -I"/home/anderson/setimo-semestre/RTOS/praticas/TASK_07_QUEUE/component/lists" -I"/home/anderson/setimo-semestre/RTOS/praticas/TASK_07_QUEUE/CMSIS" -I"/home/anderson/setimo-semestre/RTOS/praticas/TASK_07_QUEUE/freertos/freertos_kernel/include" -I"/home/anderson/setimo-semestre/RTOS/praticas/TASK_07_QUEUE/freertos/freertos_kernel/portable/GCC/ARM_CM0" -O0 -fno-common -g3 -Wall -c  -ffunction-sections  -fdata-sections  -ffreestanding  -fno-builtin -fmerge-constants -fmacro-prefix-map="../source/"= -mcpu=cortex-m0plus -mthumb -D__REDLIB__ -fstack-usage -specs=redlib.specs -MMD -MP -MF"source/task07.d" -MT"source/task07.o" -MT"source/task07.d" -o "source/task07.o" "../source/task07.c"
Finished building: ../source/task07.c
 
Building target: TASK_07_QUEUE.axf
Invoking: MCU Linker
arm-none-eabi-gcc -nostdlib -Xlinker -Map="TASK_07_QUEUE.map" -Xlinker --gc-sections -Xlinker -print-memory-usage -Xlinker --sort-section=alignment -Xlinker --cref -mcpu=cortex-m0plus -mthumb -T HELLO_RTOS_freertos_hello_Debug.ld -o "TASK_07_QUEUE.axf"  ./utilities/fsl_assert.o ./utilities/fsl_debug_console.o ./utilities/fsl_str.o  ./startup/startup_mkl43z4.o  ./source/mtb.o ./source/semihost_hardfault.o ./source/task07.o  ./freertos/freertos_kernel/portable/MemMang/heap_4.o  ./freertos/freertos_kernel/portable/GCC/ARM_CM0/port.o  ./freertos/freertos_kernel/croutine.o ./freertos/freertos_kernel/event_groups.o ./freertos/freertos_kernel/list.o ./freertos/freertos_kernel/queue.o ./freertos/freertos_kernel/stream_buffer.o ./freertos/freertos_kernel/tasks.o ./freertos/freertos_kernel/timers.o  ./drivers/fsl_clock.o ./drivers/fsl_common.o ./drivers/fsl_gpio.o ./drivers/fsl_lpuart.o ./drivers/fsl_smc.o ./drivers/fsl_uart.o  ./device/system_MKL43Z4.o  ./component/uart/lpuart_adapter.o  ./component/serial_manager/serial_manager.o ./component/serial_manager/serial_port_uart.o  ./component/lists/generic_list.o  ./board/board.o ./board/clock_config.o ./board/pin_mux.o   
Memory region         Used Size  Region Size  %age Used
   PROGRAM_FLASH:       12644 B       256 KB      4.82%
            SRAM:       15084 B        32 KB     46.03%
Finished building target: TASK_07_QUEUE.axf
 
Performing post-build steps
arm-none-eabi-size "TASK_07_QUEUE.axf"; # arm-none-eabi-objcopy -v -O binary "TASK_07_QUEUE.axf" "TASK_07_QUEUE.bin" ; # checksum -p MKL43Z256xxx4 -d "TASK_07_QUEUE.bin";
   text	   data	    bss	    dec	    hex	filename
  12636	      8	  15076	  27720	   6c48	TASK_07_QUEUE.axf
 
16:54:15 **** Incremental Build of configuration Debug for project TASK_07_QUEUE ****
make -r -j4 all 
make[1]: Nothing to be done for 'main-build'.
Performing post-build steps
arm-none-eabi-size "TASK_07_QUEUE.axf"; # arm-none-eabi-objcopy -v -O binary "TASK_07_QUEUE.axf" "TASK_07_QUEUE.bin" ; # checksum -p MKL43Z256xxx4 -d "TASK_07_QUEUE.bin";
   text	   data	    bss	    dec	    hex	filename
  12636	      8	  15076	  27720	   6c48	TASK_07_QUEUE.axf
 
14:12:36 **** Build of configuration Debug for project TASK_07_QUEUE ****
make -r -j4 all 
Building file: ../source/mtb.c
Building file: ../source/semihost_hardfault.c
Building file: ../source/task07.c
Building file: ../source/task07_main.c
Invoking: MCU C Compiler
Invoking: MCU C Compiler
Invoking: MCU C Compiler
Invoking: MCU C Compiler
arm-none-eabi-gcc -std=gnu99 -D__REDLIB__ -DCPU_MKL43Z256VLH4 -DCPU_MKL43Z256VLH4_cm0plus -DFRDM_KL43Z -DFREEDOM -DSERIAL_PORT_TYPE_UART=1 -DFSL_RTOS_FREE_RTOS -DCR_INTEGER_PRINTF -DPRINTF_FLOAT_ENABLE=0 -D__MCUXPRESSO -D__USE_CMSIS -DDEBUG -DSDK_DEBUGCONSOLE=0 -I"/home/anderson/setimo-semestre/RTOS/praticas/TASK_07_QUEUE/board" -I"/home/anderson/setimo-semestre/RTOS/praticas/TASK_07_QUEUE/source" -I"/home/anderson/setimo-semestre/RTOS/praticas/TASK_07_QUEUE" -I"/home/anderson/setimo-semestre/RTOS/praticas/TASK_07_QUEUE/drivers" -I"/home/anderson/setimo-semestre/RTOS/praticas/TASK_07_QUEUE/device" -I"/home/anderson/setimo-semestre/RTOS/praticas/TASK_07_QUEUE/utilities" -I"/home/anderson/setimo-semestre/RTOS/praticas/TASK_07_QUEUE/component/uart" -I"/home/anderson/setimo-semestre/RTOS/praticas/TASK_07_QUEUE/component/serial_manager" -I"/home/anderson/setimo-semestre/RTOS/praticas/TASK_07_QUEUE/component/lists" -I"/home/anderson/setimo-semestre/RTOS/praticas/TASK_07_QUEUE/CMSIS" -I"/home/anderson/setimo-semestre/RTOS/praticas/TASK_07_QUEUE/freertos/freertos_kernel/include" -I"/home/anderson/setimo-semestre/RTOS/praticas/TASK_07_QUEUE/freertos/freertos_kernel/portable/GCC/ARM_CM0" -O0 -fno-common -g3 -Wall -c  -ffunction-sections  -fdata-sections  -ffreestanding  -fno-builtin -fmerge-constants -fmacro-prefix-map="../source/"= -mcpu=cortex-m0plus -mthumb -D__REDLIB__ -fstack-usage -specs=redlib.specs -MMD -MP -MF"source/mtb.d" -MT"source/mtb.o" -MT"source/mtb.d" -o "source/mtb.o" "../source/mtb.c"
arm-none-eabi-gcc -std=gnu99 -D__REDLIB__ -DCPU_MKL43Z256VLH4 -DCPU_MKL43Z256VLH4_cm0plus -DFRDM_KL43Z -DFREEDOM -DSERIAL_PORT_TYPE_UART=1 -DFSL_RTOS_FREE_RTOS -DCR_INTEGER_PRINTF -DPRINTF_FLOAT_ENABLE=0 -D__MCUXPRESSO -D__USE_CMSIS -DDEBUG -DSDK_DEBUGCONSOLE=0 -I"/home/anderson/setimo-semestre/RTOS/praticas/TASK_07_QUEUE/board" -I"/home/anderson/setimo-semestre/RTOS/praticas/TASK_07_QUEUE/source" -I"/home/anderson/setimo-semestre/RTOS/praticas/TASK_07_QUEUE" -I"/home/anderson/setimo-semestre/RTOS/praticas/TASK_07_QUEUE/drivers" -I"/home/anderson/setimo-semestre/RTOS/praticas/TASK_07_QUEUE/device" -I"/home/anderson/setimo-semestre/RTOS/praticas/TASK_07_QUEUE/utilities" -I"/home/anderson/setimo-semestre/RTOS/praticas/TASK_07_QUEUE/component/uart" -I"/home/anderson/setimo-semestre/RTOS/praticas/TASK_07_QUEUE/component/serial_manager" -I"/home/anderson/setimo-semestre/RTOS/praticas/TASK_07_QUEUE/component/lists" -I"/home/anderson/setimo-semestre/RTOS/praticas/TASK_07_QUEUE/CMSIS" -I"/home/anderson/setimo-semestre/RTOS/praticas/TASK_07_QUEUE/freertos/freertos_kernel/include" -I"/home/anderson/setimo-semestre/RTOS/praticas/TASK_07_QUEUE/freertos/freertos_kernel/portable/GCC/ARM_CM0" -O0 -fno-common -g3 -Wall -c  -ffunction-sections  -fdata-sections  -ffreestanding  -fno-builtin -fmerge-constants -fmacro-prefix-map="../source/"= -mcpu=cortex-m0plus -mthumb -D__REDLIB__ -fstack-usage -specs=redlib.specs -MMD -MP -MF"source/semihost_hardfault.d" -MT"source/semihost_hardfault.o" -MT"source/semihost_hardfault.d" -o "source/semihost_hardfault.o" "../source/semihost_hardfault.c"
arm-none-eabi-gcc -std=gnu99 -D__REDLIB__ -DCPU_MKL43Z256VLH4 -DCPU_MKL43Z256VLH4_cm0plus -DFRDM_KL43Z -DFREEDOM -DSERIAL_PORT_TYPE_UART=1 -DFSL_RTOS_FREE_RTOS -DCR_INTEGER_PRINTF -DPRINTF_FLOAT_ENABLE=0 -D__MCUXPRESSO -D__USE_CMSIS -DDEBUG -DSDK_DEBUGCONSOLE=0 -I"/home/anderson/setimo-semestre/RTOS/praticas/TASK_07_QUEUE/board" -I"/home/anderson/setimo-semestre/RTOS/praticas/TASK_07_QUEUE/source" -I"/home/anderson/setimo-semestre/RTOS/praticas/TASK_07_QUEUE" -I"/home/anderson/setimo-semestre/RTOS/praticas/TASK_07_QUEUE/drivers" -I"/home/anderson/setimo-semestre/RTOS/praticas/TASK_07_QUEUE/device" -I"/home/anderson/setimo-semestre/RTOS/praticas/TASK_07_QUEUE/utilities" -I"/home/anderson/setimo-semestre/RTOS/praticas/TASK_07_QUEUE/component/uart" -I"/home/anderson/setimo-semestre/RTOS/praticas/TASK_07_QUEUE/component/serial_manager" -I"/home/anderson/setimo-semestre/RTOS/praticas/TASK_07_QUEUE/component/lists" -I"/home/anderson/setimo-semestre/RTOS/praticas/TASK_07_QUEUE/CMSIS" -I"/home/anderson/setimo-semestre/RTOS/praticas/TASK_07_QUEUE/freertos/freertos_kernel/include" -I"/home/anderson/setimo-semestre/RTOS/praticas/TASK_07_QUEUE/freertos/freertos_kernel/portable/GCC/ARM_CM0" -O0 -fno-common -g3 -Wall -c  -ffunction-sections  -fdata-sections  -ffreestanding  -fno-builtin -fmerge-constants -fmacro-prefix-map="../source/"= -mcpu=cortex-m0plus -mthumb -D__REDLIB__ -fstack-usage -specs=redlib.specs -MMD -MP -MF"source/task07.d" -MT"source/task07.o" -MT"source/task07.d" -o "source/task07.o" "../source/task07.c"
arm-none-eabi-gcc -std=gnu99 -D__REDLIB__ -DCPU_MKL43Z256VLH4 -DCPU_MKL43Z256VLH4_cm0plus -DFRDM_KL43Z -DFREEDOM -DSERIAL_PORT_TYPE_UART=1 -DFSL_RTOS_FREE_RTOS -DCR_INTEGER_PRINTF -DPRINTF_FLOAT_ENABLE=0 -D__MCUXPRESSO -D__USE_CMSIS -DDEBUG -DSDK_DEBUGCONSOLE=0 -I"/home/anderson/setimo-semestre/RTOS/praticas/TASK_07_QUEUE/board" -I"/home/anderson/setimo-semestre/RTOS/praticas/TASK_07_QUEUE/source" -I"/home/anderson/setimo-semestre/RTOS/praticas/TASK_07_QUEUE" -I"/home/anderson/setimo-semestre/RTOS/praticas/TASK_07_QUEUE/drivers" -I"/home/anderson/setimo-semestre/RTOS/praticas/TASK_07_QUEUE/device" -I"/home/anderson/setimo-semestre/RTOS/praticas/TASK_07_QUEUE/utilities" -I"/home/anderson/setimo-semestre/RTOS/praticas/TASK_07_QUEUE/component/uart" -I"/home/anderson/setimo-semestre/RTOS/praticas/TASK_07_QUEUE/component/serial_manager" -I"/home/anderson/setimo-semestre/RTOS/praticas/TASK_07_QUEUE/component/lists" -I"/home/anderson/setimo-semestre/RTOS/praticas/TASK_07_QUEUE/CMSIS" -I"/home/anderson/setimo-semestre/RTOS/praticas/TASK_07_QUEUE/freertos/freertos_kernel/include" -I"/home/anderson/setimo-semestre/RTOS/praticas/TASK_07_QUEUE/freertos/freertos_kernel/portable/GCC/ARM_CM0" -O0 -fno-common -g3 -Wall -c  -ffunction-sections  -fdata-sections  -ffreestanding  -fno-builtin -fmerge-constants -fmacro-prefix-map="../source/"= -mcpu=cortex-m0plus -mthumb -D__REDLIB__ -fstack-usage -specs=redlib.specs -MMD -MP -MF"source/task07_main.d" -MT"source/task07_main.o" -MT"source/task07_main.d" -o "source/task07_main.o" "../source/task07_main.c"
../source/task07.c: In function 'drvLedsSet':
../source/task07.c:42:4: warning: implicit declaration of function 'lowLedGreen' [-Wimplicit-function-declaration]
   42 |    lowLedGreen();
      |    ^~~~~~~~~~~
../source/task07.c:44:4: warning: implicit declaration of function 'highLedGreen' [-Wimplicit-function-declaration]
   44 |    highLedGreen();
      |    ^~~~~~~~~~~~
../source/task07.c:48:4: warning: implicit declaration of function 'lowLedRed' [-Wimplicit-function-declaration]
   48 |    lowLedRed();
      |    ^~~~~~~~~
../source/task07.c:50:4: warning: implicit declaration of function 'highLedRed' [-Wimplicit-function-declaration]
   50 |    highLedRed();
      |    ^~~~~~~~~~
../source/task07.c: At top level:
../source/task07.c:55:6: warning: conflicting types for 'highLedGreen'
   55 | void highLedGreen(){
      |      ^~~~~~~~~~~~
../source/task07.c:44:4: note: previous implicit declaration of 'highLedGreen' was here
   44 |    highLedGreen();
      |    ^~~~~~~~~~~~
../source/task07.c:61:6: warning: conflicting types for 'lowLedGreen'
   61 | void lowLedGreen(){
      |      ^~~~~~~~~~~
../source/task07.c:42:4: note: previous implicit declaration of 'lowLedGreen' was here
   42 |    lowLedGreen();
      |    ^~~~~~~~~~~
../source/task07.c:67:6: warning: conflicting types for 'highLedRed'
   67 | void highLedRed(){
      |      ^~~~~~~~~~
../source/task07.c:50:4: note: previous implicit declaration of 'highLedRed' was here
   50 |    highLedRed();
      |    ^~~~~~~~~~
../source/task07.c:73:6: warning: conflicting types for 'lowLedRed'
   73 | void lowLedRed(){
      |      ^~~~~~~~~
../source/task07.c:48:4: note: previous implicit declaration of 'lowLedRed' was here
   48 |    lowLedRed();
      |    ^~~~~~~~~
Finished building: ../source/task07_main.c
Finished building: ../source/mtb.c
Finished building: ../source/semihost_hardfault.c
 
 
 
Finished building: ../source/task07.c
 
Building target: TASK_07_QUEUE.axf
Invoking: MCU Linker
arm-none-eabi-gcc -nostdlib -Xlinker -Map="TASK_07_QUEUE.map" -Xlinker --gc-sections -Xlinker -print-memory-usage -Xlinker --sort-section=alignment -Xlinker --cref -mcpu=cortex-m0plus -mthumb -T HELLO_RTOS_freertos_hello_Debug.ld -o "TASK_07_QUEUE.axf"  ./utilities/fsl_assert.o ./utilities/fsl_debug_console.o ./utilities/fsl_str.o  ./startup/startup_mkl43z4.o  ./source/mtb.o ./source/semihost_hardfault.o ./source/task07.o ./source/task07_main.o  ./freertos/freertos_kernel/portable/MemMang/heap_4.o  ./freertos/freertos_kernel/portable/GCC/ARM_CM0/port.o  ./freertos/freertos_kernel/croutine.o ./freertos/freertos_kernel/event_groups.o ./freertos/freertos_kernel/list.o ./freertos/freertos_kernel/queue.o ./freertos/freertos_kernel/stream_buffer.o ./freertos/freertos_kernel/tasks.o ./freertos/freertos_kernel/timers.o  ./drivers/fsl_clock.o ./drivers/fsl_common.o ./drivers/fsl_gpio.o ./drivers/fsl_lpuart.o ./drivers/fsl_smc.o ./drivers/fsl_uart.o  ./device/system_MKL43Z4.o  ./component/uart/lpuart_adapter.o  ./component/serial_manager/serial_manager.o ./component/serial_manager/serial_port_uart.o  ./component/lists/generic_list.o  ./board/board.o ./board/clock_config.o ./board/pin_mux.o   
Memory region         Used Size  Region Size  %age Used
   PROGRAM_FLASH:       17216 B       256 KB      6.57%
            SRAM:       15092 B        32 KB     46.06%
Finished building target: TASK_07_QUEUE.axf
 
Performing post-build steps
arm-none-eabi-size "TASK_07_QUEUE.axf"; # arm-none-eabi-objcopy -v -O binary "TASK_07_QUEUE.axf" "TASK_07_QUEUE.bin" ; # checksum -p MKL43Z256xxx4 -d "TASK_07_QUEUE.bin";
   text	   data	    bss	    dec	    hex	filename
  17208	      8	  15084	  32300	   7e2c	TASK_07_QUEUE.axf
 
14:12:40 **** Incremental Build of configuration Debug for project TASK_07_QUEUE ****
make -r -j4 all 
make[1]: Nothing to be done for 'main-build'.
Performing post-build steps
arm-none-eabi-size "TASK_07_QUEUE.axf"; # arm-none-eabi-objcopy -v -O binary "TASK_07_QUEUE.axf" "TASK_07_QUEUE.bin" ; # checksum -p MKL43Z256xxx4 -d "TASK_07_QUEUE.bin";
   text	   data	    bss	    dec	    hex	filename
  17208	      8	  15084	  32300	   7e2c	TASK_07_QUEUE.axf
 
14:15:25 **** Build of configuration Debug for project TASK_07_QUEUE ****
make -r -j4 all 
Building file: ../source/task07.c
Invoking: MCU C Compiler
arm-none-eabi-gcc -std=gnu99 -D__REDLIB__ -DCPU_MKL43Z256VLH4 -DCPU_MKL43Z256VLH4_cm0plus -DFRDM_KL43Z -DFREEDOM -DSERIAL_PORT_TYPE_UART=1 -DFSL_RTOS_FREE_RTOS -DCR_INTEGER_PRINTF -DPRINTF_FLOAT_ENABLE=0 -D__MCUXPRESSO -D__USE_CMSIS -DDEBUG -DSDK_DEBUGCONSOLE=0 -I"/home/anderson/setimo-semestre/RTOS/praticas/TASK_07_QUEUE/board" -I"/home/anderson/setimo-semestre/RTOS/praticas/TASK_07_QUEUE/source" -I"/home/anderson/setimo-semestre/RTOS/praticas/TASK_07_QUEUE" -I"/home/anderson/setimo-semestre/RTOS/praticas/TASK_07_QUEUE/drivers" -I"/home/anderson/setimo-semestre/RTOS/praticas/TASK_07_QUEUE/device" -I"/home/anderson/setimo-semestre/RTOS/praticas/TASK_07_QUEUE/utilities" -I"/home/anderson/setimo-semestre/RTOS/praticas/TASK_07_QUEUE/component/uart" -I"/home/anderson/setimo-semestre/RTOS/praticas/TASK_07_QUEUE/component/serial_manager" -I"/home/anderson/setimo-semestre/RTOS/praticas/TASK_07_QUEUE/component/lists" -I"/home/anderson/setimo-semestre/RTOS/praticas/TASK_07_QUEUE/CMSIS" -I"/home/anderson/setimo-semestre/RTOS/praticas/TASK_07_QUEUE/freertos/freertos_kernel/include" -I"/home/anderson/setimo-semestre/RTOS/praticas/TASK_07_QUEUE/freertos/freertos_kernel/portable/GCC/ARM_CM0" -O0 -fno-common -g3 -Wall -c  -ffunction-sections  -fdata-sections  -ffreestanding  -fno-builtin -fmerge-constants -fmacro-prefix-map="../source/"= -mcpu=cortex-m0plus -mthumb -D__REDLIB__ -fstack-usage -specs=redlib.specs -MMD -MP -MF"source/task07.d" -MT"source/task07.o" -MT"source/task07.d" -o "source/task07.o" "../source/task07.c"
../source/task07.c: In function 'drvLedsSet':
../source/task07.c:42:4: warning: implicit declaration of function 'lowLedGreen' [-Wimplicit-function-declaration]
   42 |    lowLedGreen();
      |    ^~~~~~~~~~~
../source/task07.c:44:4: warning: implicit declaration of function 'highLedGreen' [-Wimplicit-function-declaration]
   44 |    highLedGreen();
      |    ^~~~~~~~~~~~
../source/task07.c:48:4: warning: implicit declaration of function 'lowLedRed' [-Wimplicit-function-declaration]
   48 |    lowLedRed();
      |    ^~~~~~~~~
../source/task07.c:50:4: warning: implicit declaration of function 'highLedRed' [-Wimplicit-function-declaration]
   50 |    highLedRed();
      |    ^~~~~~~~~~
../source/task07.c: At top level:
../source/task07.c:55:6: warning: conflicting types for 'highLedGreen'
   55 | void highLedGreen(){
      |      ^~~~~~~~~~~~
../source/task07.c:44:4: note: previous implicit declaration of 'highLedGreen' was here
   44 |    highLedGreen();
      |    ^~~~~~~~~~~~
../source/task07.c:61:6: warning: conflicting types for 'lowLedGreen'
   61 | void lowLedGreen(){
      |      ^~~~~~~~~~~
../source/task07.c:42:4: note: previous implicit declaration of 'lowLedGreen' was here
   42 |    lowLedGreen();
      |    ^~~~~~~~~~~
../source/task07.c:67:6: warning: conflicting types for 'highLedRed'
   67 | void highLedRed(){
      |      ^~~~~~~~~~
../source/task07.c:50:4: note: previous implicit declaration of 'highLedRed' was here
   50 |    highLedRed();
      |    ^~~~~~~~~~
../source/task07.c:73:6: warning: conflicting types for 'lowLedRed'
   73 | void lowLedRed(){
      |      ^~~~~~~~~
../source/task07.c:48:4: note: previous implicit declaration of 'lowLedRed' was here
   48 |    lowLedRed();
      |    ^~~~~~~~~
Finished building: ../source/task07.c
 
Building target: TASK_07_QUEUE.axf
Invoking: MCU Linker
arm-none-eabi-gcc -nostdlib -Xlinker -Map="TASK_07_QUEUE.map" -Xlinker --gc-sections -Xlinker -print-memory-usage -Xlinker --sort-section=alignment -Xlinker --cref -mcpu=cortex-m0plus -mthumb -T HELLO_RTOS_freertos_hello_Debug.ld -o "TASK_07_QUEUE.axf"  ./utilities/fsl_assert.o ./utilities/fsl_debug_console.o ./utilities/fsl_str.o  ./startup/startup_mkl43z4.o  ./source/mtb.o ./source/semihost_hardfault.o ./source/task07.o ./source/task07_main.o  ./freertos/freertos_kernel/portable/MemMang/heap_4.o  ./freertos/freertos_kernel/portable/GCC/ARM_CM0/port.o  ./freertos/freertos_kernel/croutine.o ./freertos/freertos_kernel/event_groups.o ./freertos/freertos_kernel/list.o ./freertos/freertos_kernel/queue.o ./freertos/freertos_kernel/stream_buffer.o ./freertos/freertos_kernel/tasks.o ./freertos/freertos_kernel/timers.o  ./drivers/fsl_clock.o ./drivers/fsl_common.o ./drivers/fsl_gpio.o ./drivers/fsl_lpuart.o ./drivers/fsl_smc.o ./drivers/fsl_uart.o  ./device/system_MKL43Z4.o  ./component/uart/lpuart_adapter.o  ./component/serial_manager/serial_manager.o ./component/serial_manager/serial_port_uart.o  ./component/lists/generic_list.o  ./board/board.o ./board/clock_config.o ./board/pin_mux.o   
Memory region         Used Size  Region Size  %age Used
   PROGRAM_FLASH:       17224 B       256 KB      6.57%
            SRAM:       15092 B        32 KB     46.06%
Finished building target: TASK_07_QUEUE.axf
 
Performing post-build steps
arm-none-eabi-size "TASK_07_QUEUE.axf"; # arm-none-eabi-objcopy -v -O binary "TASK_07_QUEUE.axf" "TASK_07_QUEUE.bin" ; # checksum -p MKL43Z256xxx4 -d "TASK_07_QUEUE.bin";
   text	   data	    bss	    dec	    hex	filename
  17216	      8	  15084	  32308	   7e34	TASK_07_QUEUE.axf
 
14:16:10 **** Build of configuration Debug for project TASK_07_QUEUE ****
make -r -j4 all 
make[1]: Nothing to be done for 'main-build'.
Performing post-build steps
arm-none-eabi-size "TASK_07_QUEUE.axf"; # arm-none-eabi-objcopy -v -O binary "TASK_07_QUEUE.axf" "TASK_07_QUEUE.bin" ; # checksum -p MKL43Z256xxx4 -d "TASK_07_QUEUE.bin";
   text	   data	    bss	    dec	    hex	filename
  17216	      8	  15084	  32308	   7e34	TASK_07_QUEUE.axf
 
14:16:11 **** Incremental Build of configuration Debug for project TASK_07_QUEUE ****
make -r -j4 all 
make[1]: Nothing to be done for 'main-build'.
Performing post-build steps
arm-none-eabi-size "TASK_07_QUEUE.axf"; # arm-none-eabi-objcopy -v -O binary "TASK_07_QUEUE.axf" "TASK_07_QUEUE.bin" ; # checksum -p MKL43Z256xxx4 -d "TASK_07_QUEUE.bin";
   text	   data	    bss	    dec	    hex	filename
  17216	      8	  15084	  32308	   7e34	TASK_07_QUEUE.axf
 
14:27:31 **** Build of configuration Debug for project TASK_07_QUEUE ****
make -r -j4 all 
Building file: ../source/task07.c
Invoking: MCU C Compiler
arm-none-eabi-gcc -std=gnu99 -D__REDLIB__ -DCPU_MKL43Z256VLH4 -DCPU_MKL43Z256VLH4_cm0plus -DFRDM_KL43Z -DFREEDOM -DSERIAL_PORT_TYPE_UART=1 -DFSL_RTOS_FREE_RTOS -DCR_INTEGER_PRINTF -DPRINTF_FLOAT_ENABLE=0 -D__MCUXPRESSO -D__USE_CMSIS -DDEBUG -DSDK_DEBUGCONSOLE=0 -I"/home/anderson/setimo-semestre/RTOS/praticas/TASK_07_QUEUE/board" -I"/home/anderson/setimo-semestre/RTOS/praticas/TASK_07_QUEUE/source" -I"/home/anderson/setimo-semestre/RTOS/praticas/TASK_07_QUEUE" -I"/home/anderson/setimo-semestre/RTOS/praticas/TASK_07_QUEUE/drivers" -I"/home/anderson/setimo-semestre/RTOS/praticas/TASK_07_QUEUE/device" -I"/home/anderson/setimo-semestre/RTOS/praticas/TASK_07_QUEUE/utilities" -I"/home/anderson/setimo-semestre/RTOS/praticas/TASK_07_QUEUE/component/uart" -I"/home/anderson/setimo-semestre/RTOS/praticas/TASK_07_QUEUE/component/serial_manager" -I"/home/anderson/setimo-semestre/RTOS/praticas/TASK_07_QUEUE/component/lists" -I"/home/anderson/setimo-semestre/RTOS/praticas/TASK_07_QUEUE/CMSIS" -I"/home/anderson/setimo-semestre/RTOS/praticas/TASK_07_QUEUE/freertos/freertos_kernel/include" -I"/home/anderson/setimo-semestre/RTOS/praticas/TASK_07_QUEUE/freertos/freertos_kernel/portable/GCC/ARM_CM0" -O0 -fno-common -g3 -Wall -c  -ffunction-sections  -fdata-sections  -ffreestanding  -fno-builtin -fmerge-constants -fmacro-prefix-map="../source/"= -mcpu=cortex-m0plus -mthumb -D__REDLIB__ -fstack-usage -specs=redlib.specs -MMD -MP -MF"source/task07.d" -MT"source/task07.o" -MT"source/task07.d" -o "source/task07.o" "../source/task07.c"
../source/task07.c: In function 'drvLedsSet':
../source/task07.c:36:4: warning: implicit declaration of function 'lowLedGreen' [-Wimplicit-function-declaration]
   36 |    lowLedGreen();
      |    ^~~~~~~~~~~
../source/task07.c:38:4: warning: implicit declaration of function 'highLedGreen' [-Wimplicit-function-declaration]
   38 |    highLedGreen();
      |    ^~~~~~~~~~~~
../source/task07.c:42:4: warning: implicit declaration of function 'lowLedRed' [-Wimplicit-function-declaration]
   42 |    lowLedRed();
      |    ^~~~~~~~~
../source/task07.c:44:4: warning: implicit declaration of function 'highLedRed' [-Wimplicit-function-declaration]
   44 |    highLedRed();
      |    ^~~~~~~~~~
../source/task07.c: At top level:
../source/task07.c:49:6: warning: conflicting types for 'highLedGreen'
   49 | void highLedGreen(){
      |      ^~~~~~~~~~~~
../source/task07.c:38:4: note: previous implicit declaration of 'highLedGreen' was here
   38 |    highLedGreen();
      |    ^~~~~~~~~~~~
../source/task07.c:55:6: warning: conflicting types for 'lowLedGreen'
   55 | void lowLedGreen(){
      |      ^~~~~~~~~~~
../source/task07.c:36:4: note: previous implicit declaration of 'lowLedGreen' was here
   36 |    lowLedGreen();
      |    ^~~~~~~~~~~
../source/task07.c:61:6: warning: conflicting types for 'highLedRed'
   61 | void highLedRed(){
      |      ^~~~~~~~~~
../source/task07.c:44:4: note: previous implicit declaration of 'highLedRed' was here
   44 |    highLedRed();
      |    ^~~~~~~~~~
../source/task07.c:67:6: warning: conflicting types for 'lowLedRed'
   67 | void lowLedRed(){
      |      ^~~~~~~~~
../source/task07.c:42:4: note: previous implicit declaration of 'lowLedRed' was here
   42 |    lowLedRed();
      |    ^~~~~~~~~
Finished building: ../source/task07.c
 
Building target: TASK_07_QUEUE.axf
Invoking: MCU Linker
arm-none-eabi-gcc -nostdlib -Xlinker -Map="TASK_07_QUEUE.map" -Xlinker --gc-sections -Xlinker -print-memory-usage -Xlinker --sort-section=alignment -Xlinker --cref -mcpu=cortex-m0plus -mthumb -T HELLO_RTOS_freertos_hello_Debug.ld -o "TASK_07_QUEUE.axf"  ./utilities/fsl_assert.o ./utilities/fsl_debug_console.o ./utilities/fsl_str.o  ./startup/startup_mkl43z4.o  ./source/mtb.o ./source/semihost_hardfault.o ./source/task07.o ./source/task07_main.o  ./freertos/freertos_kernel/portable/MemMang/heap_4.o  ./freertos/freertos_kernel/portable/GCC/ARM_CM0/port.o  ./freertos/freertos_kernel/croutine.o ./freertos/freertos_kernel/event_groups.o ./freertos/freertos_kernel/list.o ./freertos/freertos_kernel/queue.o ./freertos/freertos_kernel/stream_buffer.o ./freertos/freertos_kernel/tasks.o ./freertos/freertos_kernel/timers.o  ./drivers/fsl_clock.o ./drivers/fsl_common.o ./drivers/fsl_gpio.o ./drivers/fsl_lpuart.o ./drivers/fsl_smc.o ./drivers/fsl_uart.o  ./device/system_MKL43Z4.o  ./component/uart/lpuart_adapter.o  ./component/serial_manager/serial_manager.o ./component/serial_manager/serial_port_uart.o  ./component/lists/generic_list.o  ./board/board.o ./board/clock_config.o ./board/pin_mux.o   
Memory region         Used Size  Region Size  %age Used
   PROGRAM_FLASH:       17264 B       256 KB      6.59%
            SRAM:       15092 B        32 KB     46.06%
Finished building target: TASK_07_QUEUE.axf
 
Performing post-build steps
arm-none-eabi-size "TASK_07_QUEUE.axf"; # arm-none-eabi-objcopy -v -O binary "TASK_07_QUEUE.axf" "TASK_07_QUEUE.bin" ; # checksum -p MKL43Z256xxx4 -d "TASK_07_QUEUE.bin";
   text	   data	    bss	    dec	    hex	filename
  17256	      8	  15084	  32348	   7e5c	TASK_07_QUEUE.axf
 
14:27:34 **** Incremental Build of configuration Debug for project TASK_07_QUEUE ****
make -r -j4 all 
make[1]: Nothing to be done for 'main-build'.
Performing post-build steps
arm-none-eabi-size "TASK_07_QUEUE.axf"; # arm-none-eabi-objcopy -v -O binary "TASK_07_QUEUE.axf" "TASK_07_QUEUE.bin" ; # checksum -p MKL43Z256xxx4 -d "TASK_07_QUEUE.bin";
   text	   data	    bss	    dec	    hex	filename
  17256	      8	  15084	  32348	   7e5c	TASK_07_QUEUE.axf
 
14:38:51 **** Build of configuration Debug for project TASK_07_QUEUE ****
make -r -j4 all 
Building file: ../source/task07.c
Invoking: MCU C Compiler
arm-none-eabi-gcc -std=gnu99 -D__REDLIB__ -DCPU_MKL43Z256VLH4 -DCPU_MKL43Z256VLH4_cm0plus -DFRDM_KL43Z -DFREEDOM -DSERIAL_PORT_TYPE_UART=1 -DFSL_RTOS_FREE_RTOS -DCR_INTEGER_PRINTF -DPRINTF_FLOAT_ENABLE=0 -D__MCUXPRESSO -D__USE_CMSIS -DDEBUG -DSDK_DEBUGCONSOLE=0 -I"/home/anderson/setimo-semestre/RTOS/praticas/TASK_07_QUEUE/board" -I"/home/anderson/setimo-semestre/RTOS/praticas/TASK_07_QUEUE/source" -I"/home/anderson/setimo-semestre/RTOS/praticas/TASK_07_QUEUE" -I"/home/anderson/setimo-semestre/RTOS/praticas/TASK_07_QUEUE/drivers" -I"/home/anderson/setimo-semestre/RTOS/praticas/TASK_07_QUEUE/device" -I"/home/anderson/setimo-semestre/RTOS/praticas/TASK_07_QUEUE/utilities" -I"/home/anderson/setimo-semestre/RTOS/praticas/TASK_07_QUEUE/component/uart" -I"/home/anderson/setimo-semestre/RTOS/praticas/TASK_07_QUEUE/component/serial_manager" -I"/home/anderson/setimo-semestre/RTOS/praticas/TASK_07_QUEUE/component/lists" -I"/home/anderson/setimo-semestre/RTOS/praticas/TASK_07_QUEUE/CMSIS" -I"/home/anderson/setimo-semestre/RTOS/praticas/TASK_07_QUEUE/freertos/freertos_kernel/include" -I"/home/anderson/setimo-semestre/RTOS/praticas/TASK_07_QUEUE/freertos/freertos_kernel/portable/GCC/ARM_CM0" -O0 -fno-common -g3 -Wall -c  -ffunction-sections  -fdata-sections  -ffreestanding  -fno-builtin -fmerge-constants -fmacro-prefix-map="../source/"= -mcpu=cortex-m0plus -mthumb -D__REDLIB__ -fstack-usage -specs=redlib.specs -MMD -MP -MF"source/task07.d" -MT"source/task07.o" -MT"source/task07.d" -o "source/task07.o" "../source/task07.c"
../source/task07.c: In function 'drvLedsSet':
../source/task07.c:36:4: warning: implicit declaration of function 'lowLedGreen' [-Wimplicit-function-declaration]
   36 |    lowLedGreen();
      |    ^~~~~~~~~~~
../source/task07.c:38:4: warning: implicit declaration of function 'highLedGreen' [-Wimplicit-function-declaration]
   38 |    highLedGreen();
      |    ^~~~~~~~~~~~
../source/task07.c:42:4: warning: implicit declaration of function 'lowLedRed' [-Wimplicit-function-declaration]
   42 |    lowLedRed();
      |    ^~~~~~~~~
../source/task07.c:44:4: warning: implicit declaration of function 'highLedRed' [-Wimplicit-function-declaration]
   44 |    highLedRed();
      |    ^~~~~~~~~~
../source/task07.c: At top level:
../source/task07.c:49:6: warning: conflicting types for 'highLedGreen'
   49 | void highLedGreen(){
      |      ^~~~~~~~~~~~
../source/task07.c:38:4: note: previous implicit declaration of 'highLedGreen' was here
   38 |    highLedGreen();
      |    ^~~~~~~~~~~~
../source/task07.c:55:6: warning: conflicting types for 'lowLedGreen'
   55 | void lowLedGreen(){
      |      ^~~~~~~~~~~
../source/task07.c:36:4: note: previous implicit declaration of 'lowLedGreen' was here
   36 |    lowLedGreen();
      |    ^~~~~~~~~~~
../source/task07.c:61:6: warning: conflicting types for 'highLedRed'
   61 | void highLedRed(){
      |      ^~~~~~~~~~
../source/task07.c:44:4: note: previous implicit declaration of 'highLedRed' was here
   44 |    highLedRed();
      |    ^~~~~~~~~~
../source/task07.c:67:6: warning: conflicting types for 'lowLedRed'
   67 | void lowLedRed(){
      |      ^~~~~~~~~
../source/task07.c:42:4: note: previous implicit declaration of 'lowLedRed' was here
   42 |    lowLedRed();
      |    ^~~~~~~~~
Finished building: ../source/task07.c
 
Building target: TASK_07_QUEUE.axf
Invoking: MCU Linker
arm-none-eabi-gcc -nostdlib -Xlinker -Map="TASK_07_QUEUE.map" -Xlinker --gc-sections -Xlinker -print-memory-usage -Xlinker --sort-section=alignment -Xlinker --cref -mcpu=cortex-m0plus -mthumb -T HELLO_RTOS_freertos_hello_Debug.ld -o "TASK_07_QUEUE.axf"  ./utilities/fsl_assert.o ./utilities/fsl_debug_console.o ./utilities/fsl_str.o  ./startup/startup_mkl43z4.o  ./source/mtb.o ./source/semihost_hardfault.o ./source/task07.o ./source/task07_main.o  ./freertos/freertos_kernel/portable/MemMang/heap_4.o  ./freertos/freertos_kernel/portable/GCC/ARM_CM0/port.o  ./freertos/freertos_kernel/croutine.o ./freertos/freertos_kernel/event_groups.o ./freertos/freertos_kernel/list.o ./freertos/freertos_kernel/queue.o ./freertos/freertos_kernel/stream_buffer.o ./freertos/freertos_kernel/tasks.o ./freertos/freertos_kernel/timers.o  ./drivers/fsl_clock.o ./drivers/fsl_common.o ./drivers/fsl_gpio.o ./drivers/fsl_lpuart.o ./drivers/fsl_smc.o ./drivers/fsl_uart.o  ./device/system_MKL43Z4.o  ./component/uart/lpuart_adapter.o  ./component/serial_manager/serial_manager.o ./component/serial_manager/serial_port_uart.o  ./component/lists/generic_list.o  ./board/board.o ./board/clock_config.o ./board/pin_mux.o   
Memory region         Used Size  Region Size  %age Used
   PROGRAM_FLASH:       17264 B       256 KB      6.59%
            SRAM:       15092 B        32 KB     46.06%
Finished building target: TASK_07_QUEUE.axf
 
Performing post-build steps
arm-none-eabi-size "TASK_07_QUEUE.axf"; # arm-none-eabi-objcopy -v -O binary "TASK_07_QUEUE.axf" "TASK_07_QUEUE.bin" ; # checksum -p MKL43Z256xxx4 -d "TASK_07_QUEUE.bin";
   text	   data	    bss	    dec	    hex	filename
  17256	      8	  15084	  32348	   7e5c	TASK_07_QUEUE.axf
 
14:38:53 **** Incremental Build of configuration Debug for project TASK_07_QUEUE ****
make -r -j4 all 
make[1]: Nothing to be done for 'main-build'.
Performing post-build steps
arm-none-eabi-size "TASK_07_QUEUE.axf"; # arm-none-eabi-objcopy -v -O binary "TASK_07_QUEUE.axf" "TASK_07_QUEUE.bin" ; # checksum -p MKL43Z256xxx4 -d "TASK_07_QUEUE.bin";
   text	   data	    bss	    dec	    hex	filename
  17256	      8	  15084	  32348	   7e5c	TASK_07_QUEUE.axf
 
14:45:56 **** Build of configuration Debug for project TASK_08_TOUCH_KL25Z ****
make -r -j4 all 
Building file: ../startup/startup_mkl25z4.c
Building file: ../utilities/fsl_debug_console.c
Building file: ../source/TASK_08_TOUCH_KL25Z.c
Invoking: MCU C Compiler
Invoking: MCU C Compiler
Invoking: MCU C Compiler
arm-none-eabi-gcc -D__REDLIB__ -DCPU_MKL25Z128VLK4_cm0plus -DCPU_MKL25Z128VLK4 -DSDK_OS_BAREMETAL -DFSL_RTOS_BM -DSDK_DEBUGCONSOLE=1 -DCR_INTEGER_PRINTF -DPRINTF_FLOAT_ENABLE=0 -DSDK_OS_FREE_RTOS -DFSL_RTOS_FREE_RTOS -D__MCUXPRESSO -D__USE_CMSIS -DDEBUG -I"/home/anderson/setimo-semestre/RTOS/praticas/TASK_08_TOUCH_KL25Z/board" -I"/home/anderson/setimo-semestre/RTOS/praticas/TASK_08_TOUCH_KL25Z/source" -I"/home/anderson/setimo-semestre/RTOS/praticas/TASK_08_TOUCH_KL25Z" -I"/home/anderson/setimo-semestre/RTOS/praticas/TASK_08_TOUCH_KL25Z/freertos" -I"/home/anderson/setimo-semestre/RTOS/praticas/TASK_08_TOUCH_KL25Z/startup" -I"/home/anderson/setimo-semestre/RTOS/praticas/TASK_08_TOUCH_KL25Z/CMSIS" -I"/home/anderson/setimo-semestre/RTOS/praticas/TASK_08_TOUCH_KL25Z/drivers" -I"/home/anderson/setimo-semestre/RTOS/praticas/TASK_08_TOUCH_KL25Z/utilities" -O0 -fno-common -g3 -Wall -c -fmessage-length=0 -fno-builtin -ffunction-sections -fdata-sections -fmerge-constants -fmacro-prefix-map="../utilities/"= -mcpu=cortex-m0plus -mthumb -D__REDLIB__ -fstack-usage -specs=redlib.specs -MMD -MP -MF"utilities/fsl_debug_console.d" -MT"utilities/fsl_debug_console.o" -MT"utilities/fsl_debug_console.d" -o "utilities/fsl_debug_console.o" "../utilities/fsl_debug_console.c"
arm-none-eabi-gcc -D__REDLIB__ -DCPU_MKL25Z128VLK4_cm0plus -DCPU_MKL25Z128VLK4 -DSDK_OS_BAREMETAL -DFSL_RTOS_BM -DSDK_DEBUGCONSOLE=1 -DCR_INTEGER_PRINTF -DPRINTF_FLOAT_ENABLE=0 -DSDK_OS_FREE_RTOS -DFSL_RTOS_FREE_RTOS -D__MCUXPRESSO -D__USE_CMSIS -DDEBUG -I"/home/anderson/setimo-semestre/RTOS/praticas/TASK_08_TOUCH_KL25Z/board" -I"/home/anderson/setimo-semestre/RTOS/praticas/TASK_08_TOUCH_KL25Z/source" -I"/home/anderson/setimo-semestre/RTOS/praticas/TASK_08_TOUCH_KL25Z" -I"/home/anderson/setimo-semestre/RTOS/praticas/TASK_08_TOUCH_KL25Z/freertos" -I"/home/anderson/setimo-semestre/RTOS/praticas/TASK_08_TOUCH_KL25Z/startup" -I"/home/anderson/setimo-semestre/RTOS/praticas/TASK_08_TOUCH_KL25Z/CMSIS" -I"/home/anderson/setimo-semestre/RTOS/praticas/TASK_08_TOUCH_KL25Z/drivers" -I"/home/anderson/setimo-semestre/RTOS/praticas/TASK_08_TOUCH_KL25Z/utilities" -O0 -fno-common -g3 -Wall -c -fmessage-length=0 -fno-builtin -ffunction-sections -fdata-sections -fmerge-constants -fmacro-prefix-map="../startup/"= -mcpu=cortex-m0plus -mthumb -D__REDLIB__ -fstack-usage -specs=redlib.specs -MMD -MP -MF"startup/startup_mkl25z4.d" -MT"startup/startup_mkl25z4.o" -MT"startup/startup_mkl25z4.d" -o "startup/startup_mkl25z4.o" "../startup/startup_mkl25z4.c"
arm-none-eabi-gcc -D__REDLIB__ -DCPU_MKL25Z128VLK4_cm0plus -DCPU_MKL25Z128VLK4 -DSDK_OS_BAREMETAL -DFSL_RTOS_BM -DSDK_DEBUGCONSOLE=1 -DCR_INTEGER_PRINTF -DPRINTF_FLOAT_ENABLE=0 -DSDK_OS_FREE_RTOS -DFSL_RTOS_FREE_RTOS -D__MCUXPRESSO -D__USE_CMSIS -DDEBUG -I"/home/anderson/setimo-semestre/RTOS/praticas/TASK_08_TOUCH_KL25Z/board" -I"/home/anderson/setimo-semestre/RTOS/praticas/TASK_08_TOUCH_KL25Z/source" -I"/home/anderson/setimo-semestre/RTOS/praticas/TASK_08_TOUCH_KL25Z" -I"/home/anderson/setimo-semestre/RTOS/praticas/TASK_08_TOUCH_KL25Z/freertos" -I"/home/anderson/setimo-semestre/RTOS/praticas/TASK_08_TOUCH_KL25Z/startup" -I"/home/anderson/setimo-semestre/RTOS/praticas/TASK_08_TOUCH_KL25Z/CMSIS" -I"/home/anderson/setimo-semestre/RTOS/praticas/TASK_08_TOUCH_KL25Z/drivers" -I"/home/anderson/setimo-semestre/RTOS/praticas/TASK_08_TOUCH_KL25Z/utilities" -O0 -fno-common -g3 -Wall -c -fmessage-length=0 -fno-builtin -ffunction-sections -fdata-sections -fmerge-constants -fmacro-prefix-map="../source/"= -mcpu=cortex-m0plus -mthumb -D__REDLIB__ -fstack-usage -specs=redlib.specs -MMD -MP -MF"source/TASK_08_TOUCH_KL25Z.d" -MT"source/TASK_08_TOUCH_KL25Z.o" -MT"source/TASK_08_TOUCH_KL25Z.d" -o "source/TASK_08_TOUCH_KL25Z.o" "../source/TASK_08_TOUCH_KL25Z.c"
Building file: ../source/mtb.c
Invoking: MCU C Compiler
arm-none-eabi-gcc -D__REDLIB__ -DCPU_MKL25Z128VLK4_cm0plus -DCPU_MKL25Z128VLK4 -DSDK_OS_BAREMETAL -DFSL_RTOS_BM -DSDK_DEBUGCONSOLE=1 -DCR_INTEGER_PRINTF -DPRINTF_FLOAT_ENABLE=0 -DSDK_OS_FREE_RTOS -DFSL_RTOS_FREE_RTOS -D__MCUXPRESSO -D__USE_CMSIS -DDEBUG -I"/home/anderson/setimo-semestre/RTOS/praticas/TASK_08_TOUCH_KL25Z/board" -I"/home/anderson/setimo-semestre/RTOS/praticas/TASK_08_TOUCH_KL25Z/source" -I"/home/anderson/setimo-semestre/RTOS/praticas/TASK_08_TOUCH_KL25Z" -I"/home/anderson/setimo-semestre/RTOS/praticas/TASK_08_TOUCH_KL25Z/freertos" -I"/home/anderson/setimo-semestre/RTOS/praticas/TASK_08_TOUCH_KL25Z/startup" -I"/home/anderson/setimo-semestre/RTOS/praticas/TASK_08_TOUCH_KL25Z/CMSIS" -I"/home/anderson/setimo-semestre/RTOS/praticas/TASK_08_TOUCH_KL25Z/drivers" -I"/home/anderson/setimo-semestre/RTOS/praticas/TASK_08_TOUCH_KL25Z/utilities" -O0 -fno-common -g3 -Wall -c -fmessage-length=0 -fno-builtin -ffunction-sections -fdata-sections -fmerge-constants -fmacro-prefix-map="../source/"= -mcpu=cortex-m0plus -mthumb -D__REDLIB__ -fstack-usage -specs=redlib.specs -MMD -MP -MF"source/mtb.d" -MT"source/mtb.o" -MT"source/mtb.d" -o "source/mtb.o" "../source/mtb.c"
Finished building: ../source/mtb.c
 
Building file: ../source/semihost_hardfault.c
Invoking: MCU C Compiler
arm-none-eabi-gcc -D__REDLIB__ -DCPU_MKL25Z128VLK4_cm0plus -DCPU_MKL25Z128VLK4 -DSDK_OS_BAREMETAL -DFSL_RTOS_BM -DSDK_DEBUGCONSOLE=1 -DCR_INTEGER_PRINTF -DPRINTF_FLOAT_ENABLE=0 -DSDK_OS_FREE_RTOS -DFSL_RTOS_FREE_RTOS -D__MCUXPRESSO -D__USE_CMSIS -DDEBUG -I"/home/anderson/setimo-semestre/RTOS/praticas/TASK_08_TOUCH_KL25Z/board" -I"/home/anderson/setimo-semestre/RTOS/praticas/TASK_08_TOUCH_KL25Z/source" -I"/home/anderson/setimo-semestre/RTOS/praticas/TASK_08_TOUCH_KL25Z" -I"/home/anderson/setimo-semestre/RTOS/praticas/TASK_08_TOUCH_KL25Z/freertos" -I"/home/anderson/setimo-semestre/RTOS/praticas/TASK_08_TOUCH_KL25Z/startup" -I"/home/anderson/setimo-semestre/RTOS/praticas/TASK_08_TOUCH_KL25Z/CMSIS" -I"/home/anderson/setimo-semestre/RTOS/praticas/TASK_08_TOUCH_KL25Z/drivers" -I"/home/anderson/setimo-semestre/RTOS/praticas/TASK_08_TOUCH_KL25Z/utilities" -O0 -fno-common -g3 -Wall -c -fmessage-length=0 -fno-builtin -ffunction-sections -fdata-sections -fmerge-constants -fmacro-prefix-map="../source/"= -mcpu=cortex-m0plus -mthumb -D__REDLIB__ -fstack-usage -specs=redlib.specs -MMD -MP -MF"source/semihost_hardfault.d" -MT"source/semihost_hardfault.o" -MT"source/semihost_hardfault.d" -o "source/semihost_hardfault.o" "../source/semihost_hardfault.c"
../source/TASK_08_TOUCH_KL25Z.c: In function 'drvLedsSet':
../source/TASK_08_TOUCH_KL25Z.c:78:4: warning: implicit declaration of function 'lowLedGreen' [-Wimplicit-function-declaration]
   78 |    lowLedGreen();
      |    ^~~~~~~~~~~
../source/TASK_08_TOUCH_KL25Z.c:80:4: warning: implicit declaration of function 'highLedGreen' [-Wimplicit-function-declaration]
   80 |    highLedGreen();
      |    ^~~~~~~~~~~~
../source/TASK_08_TOUCH_KL25Z.c:84:4: warning: implicit declaration of function 'lowLedRed' [-Wimplicit-function-declaration]
   84 |    lowLedRed();
      |    ^~~~~~~~~
../source/TASK_08_TOUCH_KL25Z.c:86:4: warning: implicit declaration of function 'highLedRed' [-Wimplicit-function-declaration]
   86 |    highLedRed();
      |    ^~~~~~~~~~
../source/TASK_08_TOUCH_KL25Z.c: At top level:
../source/TASK_08_TOUCH_KL25Z.c:91:6: warning: conflicting types for 'highLedGreen'
   91 | void highLedGreen(){
      |      ^~~~~~~~~~~~
../source/TASK_08_TOUCH_KL25Z.c:80:4: note: previous implicit declaration of 'highLedGreen' was here
   80 |    highLedGreen();
      |    ^~~~~~~~~~~~
../source/TASK_08_TOUCH_KL25Z.c:97:6: warning: conflicting types for 'lowLedGreen'
   97 | void lowLedGreen(){
      |      ^~~~~~~~~~~
../source/TASK_08_TOUCH_KL25Z.c:78:4: note: previous implicit declaration of 'lowLedGreen' was here
   78 |    lowLedGreen();
      |    ^~~~~~~~~~~
../source/TASK_08_TOUCH_KL25Z.c:103:6: warning: conflicting types for 'highLedRed'
  103 | void highLedRed(){
      |      ^~~~~~~~~~
../source/TASK_08_TOUCH_KL25Z.c:86:4: note: previous implicit declaration of 'highLedRed' was here
   86 |    highLedRed();
      |    ^~~~~~~~~~
../source/TASK_08_TOUCH_KL25Z.c:109:6: warning: conflicting types for 'lowLedRed'
  109 | void lowLedRed(){
      |      ^~~~~~~~~
../source/TASK_08_TOUCH_KL25Z.c:84:4: note: previous implicit declaration of 'lowLedRed' was here
   84 |    lowLedRed();
      |    ^~~~~~~~~
Finished building: ../source/semihost_hardfault.c
 
Building file: ../freertos/croutine.c
Invoking: MCU C Compiler
arm-none-eabi-gcc -D__REDLIB__ -DCPU_MKL25Z128VLK4_cm0plus -DCPU_MKL25Z128VLK4 -DSDK_OS_BAREMETAL -DFSL_RTOS_BM -DSDK_DEBUGCONSOLE=1 -DCR_INTEGER_PRINTF -DPRINTF_FLOAT_ENABLE=0 -DSDK_OS_FREE_RTOS -DFSL_RTOS_FREE_RTOS -D__MCUXPRESSO -D__USE_CMSIS -DDEBUG -I"/home/anderson/setimo-semestre/RTOS/praticas/TASK_08_TOUCH_KL25Z/board" -I"/home/anderson/setimo-semestre/RTOS/praticas/TASK_08_TOUCH_KL25Z/source" -I"/home/anderson/setimo-semestre/RTOS/praticas/TASK_08_TOUCH_KL25Z" -I"/home/anderson/setimo-semestre/RTOS/praticas/TASK_08_TOUCH_KL25Z/freertos" -I"/home/anderson/setimo-semestre/RTOS/praticas/TASK_08_TOUCH_KL25Z/startup" -I"/home/anderson/setimo-semestre/RTOS/praticas/TASK_08_TOUCH_KL25Z/CMSIS" -I"/home/anderson/setimo-semestre/RTOS/praticas/TASK_08_TOUCH_KL25Z/drivers" -I"/home/anderson/setimo-semestre/RTOS/praticas/TASK_08_TOUCH_KL25Z/utilities" -O0 -fno-common -g3 -Wall -c -fmessage-length=0 -fno-builtin -ffunction-sections -fdata-sections -fmerge-constants -fmacro-prefix-map="../freertos/"= -mcpu=cortex-m0plus -mthumb -D__REDLIB__ -fstack-usage -specs=redlib.specs -MMD -MP -MF"freertos/croutine.d" -MT"freertos/croutine.o" -MT"freertos/croutine.d" -o "freertos/croutine.o" "../freertos/croutine.c"
Finished building: ../freertos/croutine.c
Finished building: ../startup/startup_mkl25z4.c
 
 
Building file: ../freertos/fsl_tickless_lptmr.c
Building file: ../freertos/event_groups.c
Invoking: MCU C Compiler
arm-none-eabi-gcc -D__REDLIB__ -DCPU_MKL25Z128VLK4_cm0plus -DCPU_MKL25Z128VLK4 -DSDK_OS_BAREMETAL -DFSL_RTOS_BM -DSDK_DEBUGCONSOLE=1 -DCR_INTEGER_PRINTF -DPRINTF_FLOAT_ENABLE=0 -DSDK_OS_FREE_RTOS -DFSL_RTOS_FREE_RTOS -D__MCUXPRESSO -D__USE_CMSIS -DDEBUG -I"/home/anderson/setimo-semestre/RTOS/praticas/TASK_08_TOUCH_KL25Z/board" -I"/home/anderson/setimo-semestre/RTOS/praticas/TASK_08_TOUCH_KL25Z/source" -I"/home/anderson/setimo-semestre/RTOS/praticas/TASK_08_TOUCH_KL25Z" -I"/home/anderson/setimo-semestre/RTOS/praticas/TASK_08_TOUCH_KL25Z/freertos" -I"/home/anderson/setimo-semestre/RTOS/praticas/TASK_08_TOUCH_KL25Z/startup" -I"/home/anderson/setimo-semestre/RTOS/praticas/TASK_08_TOUCH_KL25Z/CMSIS" -I"/home/anderson/setimo-semestre/RTOS/praticas/TASK_08_TOUCH_KL25Z/drivers" -I"/home/anderson/setimo-semestre/RTOS/praticas/TASK_08_TOUCH_KL25Z/utilities" -O0 -fno-common -g3 -Wall -c -fmessage-length=0 -fno-builtin -ffunction-sections -fdata-sections -fmerge-constants -fmacro-prefix-map="../freertos/"= -mcpu=cortex-m0plus -mthumb -D__REDLIB__ -fstack-usage -specs=redlib.specs -MMD -MP -MF"freertos/fsl_tickless_lptmr.d" -MT"freertos/fsl_tickless_lptmr.o" -MT"freertos/fsl_tickless_lptmr.d" -o "freertos/fsl_tickless_lptmr.o" "../freertos/fsl_tickless_lptmr.c"
Invoking: MCU C Compiler
arm-none-eabi-gcc -D__REDLIB__ -DCPU_MKL25Z128VLK4_cm0plus -DCPU_MKL25Z128VLK4 -DSDK_OS_BAREMETAL -DFSL_RTOS_BM -DSDK_DEBUGCONSOLE=1 -DCR_INTEGER_PRINTF -DPRINTF_FLOAT_ENABLE=0 -DSDK_OS_FREE_RTOS -DFSL_RTOS_FREE_RTOS -D__MCUXPRESSO -D__USE_CMSIS -DDEBUG -I"/home/anderson/setimo-semestre/RTOS/praticas/TASK_08_TOUCH_KL25Z/board" -I"/home/anderson/setimo-semestre/RTOS/praticas/TASK_08_TOUCH_KL25Z/source" -I"/home/anderson/setimo-semestre/RTOS/praticas/TASK_08_TOUCH_KL25Z" -I"/home/anderson/setimo-semestre/RTOS/praticas/TASK_08_TOUCH_KL25Z/freertos" -I"/home/anderson/setimo-semestre/RTOS/praticas/TASK_08_TOUCH_KL25Z/startup" -I"/home/anderson/setimo-semestre/RTOS/praticas/TASK_08_TOUCH_KL25Z/CMSIS" -I"/home/anderson/setimo-semestre/RTOS/praticas/TASK_08_TOUCH_KL25Z/drivers" -I"/home/anderson/setimo-semestre/RTOS/praticas/TASK_08_TOUCH_KL25Z/utilities" -O0 -fno-common -g3 -Wall -c -fmessage-length=0 -fno-builtin -ffunction-sections -fdata-sections -fmerge-constants -fmacro-prefix-map="../freertos/"= -mcpu=cortex-m0plus -mthumb -D__REDLIB__ -fstack-usage -specs=redlib.specs -MMD -MP -MF"freertos/event_groups.d" -MT"freertos/event_groups.o" -MT"freertos/event_groups.d" -o "freertos/event_groups.o" "../freertos/event_groups.c"
Finished building: ../source/TASK_08_TOUCH_KL25Z.c
 
Finished building: ../freertos/fsl_tickless_lptmr.c
 
Building file: ../freertos/fsl_tickless_systick.c
Building file: ../freertos/heap_4.c
Invoking: MCU C Compiler
Invoking: MCU C Compiler
arm-none-eabi-gcc -D__REDLIB__ -DCPU_MKL25Z128VLK4_cm0plus -DCPU_MKL25Z128VLK4 -DSDK_OS_BAREMETAL -DFSL_RTOS_BM -DSDK_DEBUGCONSOLE=1 -DCR_INTEGER_PRINTF -DPRINTF_FLOAT_ENABLE=0 -DSDK_OS_FREE_RTOS -DFSL_RTOS_FREE_RTOS -D__MCUXPRESSO -D__USE_CMSIS -DDEBUG -I"/home/anderson/setimo-semestre/RTOS/praticas/TASK_08_TOUCH_KL25Z/board" -I"/home/anderson/setimo-semestre/RTOS/praticas/TASK_08_TOUCH_KL25Z/source" -I"/home/anderson/setimo-semestre/RTOS/praticas/TASK_08_TOUCH_KL25Z" -I"/home/anderson/setimo-semestre/RTOS/praticas/TASK_08_TOUCH_KL25Z/freertos" -I"/home/anderson/setimo-semestre/RTOS/praticas/TASK_08_TOUCH_KL25Z/startup" -I"/home/anderson/setimo-semestre/RTOS/praticas/TASK_08_TOUCH_KL25Z/CMSIS" -I"/home/anderson/setimo-semestre/RTOS/praticas/TASK_08_TOUCH_KL25Z/drivers" -I"/home/anderson/setimo-semestre/RTOS/praticas/TASK_08_TOUCH_KL25Z/utilities" -O0 -fno-common -g3 -Wall -c -fmessage-length=0 -fno-builtin -ffunction-sections -fdata-sections -fmerge-constants -fmacro-prefix-map="../freertos/"= -mcpu=cortex-m0plus -mthumb -D__REDLIB__ -fstack-usage -specs=redlib.specs -MMD -MP -MF"freertos/heap_4.d" -MT"freertos/heap_4.o" -MT"freertos/heap_4.d" -o "freertos/heap_4.o" "../freertos/heap_4.c"
[...]
arm-none-eabi-gcc -D__REDLIB__ -DCPU_MKL25Z128VLK4_cm0plus -DCPU_MKL25Z128VLK4 -DSDK_OS_BAREMETAL -DFSL_RTOS_BM -DCR_INTEGER_PRINTF -DPRINTF_FLOAT_ENABLE=0 -DSDK_OS_FREE_RTOS -DFSL_RTOS_FREE_RTOS -D__MCUXPRESSO -D__USE_CMSIS -DDEBUG -DSDK_DEBUGCONSOLE=0 -I"/home/anderson/setimo-semestre/RTOS/praticas/PRATICA_06_SEMAFOROS_KL25Z/board" -I"/home/anderson/setimo-semestre/RTOS/praticas/PRATICA_06_SEMAFOROS_KL25Z/source" -I"/home/anderson/setimo-semestre/RTOS/praticas/PRATICA_06_SEMAFOROS_KL25Z" -I"/home/anderson/setimo-semestre/RTOS/praticas/PRATICA_06_SEMAFOROS_KL25Z/freertos" -I"/home/anderson/setimo-semestre/RTOS/praticas/PRATICA_06_SEMAFOROS_KL25Z/startup" -I"/home/anderson/setimo-semestre/RTOS/praticas/PRATICA_06_SEMAFOROS_KL25Z/CMSIS" -I"/home/anderson/setimo-semestre/RTOS/praticas/PRATICA_06_SEMAFOROS_KL25Z/drivers" -I"/home/anderson/setimo-semestre/RTOS/praticas/PRATICA_06_SEMAFOROS_KL25Z/utilities" -O0 -fno-common -g3 -Wall -c -fmessage-length=0 -fno-builtin -ffunction-sections -fdata-sections -fmerge-constants -fmacro-prefix-map="../board/"= -mcpu=cortex-m0plus -mthumb -D__REDLIB__ -fstack-usage -specs=redlib.specs -MMD -MP -MF"board/pin_mux.d" -MT"board/pin_mux.o" -MT"board/pin_mux.d" -o "board/pin_mux.o" "../board/pin_mux.c"
arm-none-eabi-gcc -D__REDLIB__ -DCPU_MKL25Z128VLK4_cm0plus -DCPU_MKL25Z128VLK4 -DSDK_OS_BAREMETAL -DFSL_RTOS_BM -DCR_INTEGER_PRINTF -DPRINTF_FLOAT_ENABLE=0 -DSDK_OS_FREE_RTOS -DFSL_RTOS_FREE_RTOS -D__MCUXPRESSO -D__USE_CMSIS -DDEBUG -DSDK_DEBUGCONSOLE=0 -I"/home/anderson/setimo-semestre/RTOS/praticas/PRATICA_06_SEMAFOROS_KL25Z/board" -I"/home/anderson/setimo-semestre/RTOS/praticas/PRATICA_06_SEMAFOROS_KL25Z/source" -I"/home/anderson/setimo-semestre/RTOS/praticas/PRATICA_06_SEMAFOROS_KL25Z" -I"/home/anderson/setimo-semestre/RTOS/praticas/PRATICA_06_SEMAFOROS_KL25Z/freertos" -I"/home/anderson/setimo-semestre/RTOS/praticas/PRATICA_06_SEMAFOROS_KL25Z/startup" -I"/home/anderson/setimo-semestre/RTOS/praticas/PRATICA_06_SEMAFOROS_KL25Z/CMSIS" -I"/home/anderson/setimo-semestre/RTOS/praticas/PRATICA_06_SEMAFOROS_KL25Z/drivers" -I"/home/anderson/setimo-semestre/RTOS/praticas/PRATICA_06_SEMAFOROS_KL25Z/utilities" -O0 -fno-common -g3 -Wall -c -fmessage-length=0 -fno-builtin -ffunction-sections -fdata-sections -fmerge-constants -fmacro-prefix-map="../board/"= -mcpu=cortex-m0plus -mthumb -D__REDLIB__ -fstack-usage -specs=redlib.specs -MMD -MP -MF"board/clock_config.d" -MT"board/clock_config.o" -MT"board/clock_config.d" -o "board/clock_config.o" "../board/clock_config.c"
Finished building: ../board/peripherals.c
 
Building file: ../CMSIS/system_MKL25Z4.c
Invoking: MCU C Compiler
arm-none-eabi-gcc -D__REDLIB__ -DCPU_MKL25Z128VLK4_cm0plus -DCPU_MKL25Z128VLK4 -DSDK_OS_BAREMETAL -DFSL_RTOS_BM -DCR_INTEGER_PRINTF -DPRINTF_FLOAT_ENABLE=0 -DSDK_OS_FREE_RTOS -DFSL_RTOS_FREE_RTOS -D__MCUXPRESSO -D__USE_CMSIS -DDEBUG -DSDK_DEBUGCONSOLE=0 -I"/home/anderson/setimo-semestre/RTOS/praticas/PRATICA_06_SEMAFOROS_KL25Z/board" -I"/home/anderson/setimo-semestre/RTOS/praticas/PRATICA_06_SEMAFOROS_KL25Z/source" -I"/home/anderson/setimo-semestre/RTOS/praticas/PRATICA_06_SEMAFOROS_KL25Z" -I"/home/anderson/setimo-semestre/RTOS/praticas/PRATICA_06_SEMAFOROS_KL25Z/freertos" -I"/home/anderson/setimo-semestre/RTOS/praticas/PRATICA_06_SEMAFOROS_KL25Z/startup" -I"/home/anderson/setimo-semestre/RTOS/praticas/PRATICA_06_SEMAFOROS_KL25Z/CMSIS" -I"/home/anderson/setimo-semestre/RTOS/praticas/PRATICA_06_SEMAFOROS_KL25Z/drivers" -I"/home/anderson/setimo-semestre/RTOS/praticas/PRATICA_06_SEMAFOROS_KL25Z/utilities" -O0 -fno-common -g3 -Wall -c -fmessage-length=0 -fno-builtin -ffunction-sections -fdata-sections -fmerge-constants -fmacro-prefix-map="../CMSIS/"= -mcpu=cortex-m0plus -mthumb -D__REDLIB__ -fstack-usage -specs=redlib.specs -MMD -MP -MF"CMSIS/system_MKL25Z4.d" -MT"CMSIS/system_MKL25Z4.o" -MT"CMSIS/system_MKL25Z4.d" -o "CMSIS/system_MKL25Z4.o" "../CMSIS/system_MKL25Z4.c"
Finished building: ../board/pin_mux.c
 
Finished building: ../board/board.c
 
Finished building: ../board/clock_config.c
 
Finished building: ../CMSIS/system_MKL25Z4.c
 
Building target: PRATICA_06_SEMAFOROS_KL25Z.axf
Invoking: MCU Linker
arm-none-eabi-gcc -nostdlib -Xlinker -Map="PRATICA_06_SEMAFOROS_KL25Z.map" -Xlinker --gc-sections -Xlinker -print-memory-usage -Xlinker --sort-section=alignment -Xlinker --cref -mcpu=cortex-m0plus -mthumb -T PRATICA_06_SEMAFOROS_KL25Z_Debug.ld -o "PRATICA_06_SEMAFOROS_KL25Z.axf"  ./utilities/fsl_debug_console.o  ./startup/startup_mkl25z4.o  ./source/PRATICA_06_SEMAFOROS_KL25Z.o ./source/mtb.o ./source/semihost_hardfault.o  ./freertos/croutine.o ./freertos/event_groups.o ./freertos/fsl_tickless_lptmr.o ./freertos/fsl_tickless_systick.o ./freertos/heap_4.o ./freertos/list.o ./freertos/port.o ./freertos/queue.o ./freertos/tasks.o ./freertos/timers.o  ./drivers/fsl_clock.o ./drivers/fsl_common.o ./drivers/fsl_flash.o ./drivers/fsl_gpio.o ./drivers/fsl_lpsci.o ./drivers/fsl_lpsci_freertos.o ./drivers/fsl_lptmr.o ./drivers/fsl_pit.o ./drivers/fsl_smc.o ./drivers/fsl_tpm.o ./drivers/fsl_tsi_v4.o ./drivers/fsl_uart.o ./drivers/fsl_uart_freertos.o  ./board/board.o ./board/clock_config.o ./board/peripherals.o ./board/pin_mux.o  ./CMSIS/system_MKL25Z4.o   
Memory region         Used Size  Region Size  %age Used
   PROGRAM_FLASH:       17852 B       128 KB     13.62%
            SRAM:       13052 B        16 KB     79.66%
Finished building target: PRATICA_06_SEMAFOROS_KL25Z.axf
 
Performing post-build steps
arm-none-eabi-size "PRATICA_06_SEMAFOROS_KL25Z.axf"; # arm-none-eabi-objcopy -v -O binary "PRATICA_06_SEMAFOROS_KL25Z.axf" "PRATICA_06_SEMAFOROS_KL25Z.bin" ; # checksum -p MKL25Z128xxx4 -d "PRATICA_06_SEMAFOROS_KL25Z.bin";
   text	   data	    bss	    dec	    hex	filename
  17844	      8	  13044	  30896	   78b0	PRATICA_06_SEMAFOROS_KL25Z.axf
 
13:20:25 **** Incremental Build of configuration Debug for project PRATICA_06_SEMAFOROS_KL25Z ****
make -r -j4 all 
make[1]: Nothing to be done for 'main-build'.
Performing post-build steps
arm-none-eabi-size "PRATICA_06_SEMAFOROS_KL25Z.axf"; # arm-none-eabi-objcopy -v -O binary "PRATICA_06_SEMAFOROS_KL25Z.axf" "PRATICA_06_SEMAFOROS_KL25Z.bin" ; # checksum -p MKL25Z128xxx4 -d "PRATICA_06_SEMAFOROS_KL25Z.bin";
   text	   data	    bss	    dec	    hex	filename
  17844	      8	  13044	  30896	   78b0	PRATICA_06_SEMAFOROS_KL25Z.axf
 
13:21:23 **** Build of configuration Debug for project PRATICA_06_SEMAFOROS_KL25Z ****
make -r -j4 all 
make[1]: Nothing to be done for 'main-build'.
Performing post-build steps
arm-none-eabi-size "PRATICA_06_SEMAFOROS_KL25Z.axf"; # arm-none-eabi-objcopy -v -O binary "PRATICA_06_SEMAFOROS_KL25Z.axf" "PRATICA_06_SEMAFOROS_KL25Z.bin" ; # checksum -p MKL25Z128xxx4 -d "PRATICA_06_SEMAFOROS_KL25Z.bin";
   text	   data	    bss	    dec	    hex	filename
  17844	      8	  13044	  30896	   78b0	PRATICA_06_SEMAFOROS_KL25Z.axf
 
13:21:26 **** Incremental Build of configuration Debug for project PRATICA_06_SEMAFOROS_KL25Z ****
make -r -j4 all 
make[1]: Nothing to be done for 'main-build'.
Performing post-build steps
arm-none-eabi-size "PRATICA_06_SEMAFOROS_KL25Z.axf"; # arm-none-eabi-objcopy -v -O binary "PRATICA_06_SEMAFOROS_KL25Z.axf" "PRATICA_06_SEMAFOROS_KL25Z.bin" ; # checksum -p MKL25Z128xxx4 -d "PRATICA_06_SEMAFOROS_KL25Z.bin";
   text	   data	    bss	    dec	    hex	filename
  17844	      8	  13044	  30896	   78b0	PRATICA_06_SEMAFOROS_KL25Z.axf
 
13:23:51 **** Build of configuration Debug for project PRATICA_06_SEMAFOROS_KL25Z ****
make -r -j4 all 
Building file: ../source/PRATICA_06_SEMAFOROS_KL25Z.c
Invoking: MCU C Compiler
arm-none-eabi-gcc -D__REDLIB__ -DCPU_MKL25Z128VLK4_cm0plus -DCPU_MKL25Z128VLK4 -DSDK_OS_BAREMETAL -DFSL_RTOS_BM -DCR_INTEGER_PRINTF -DPRINTF_FLOAT_ENABLE=0 -DSDK_OS_FREE_RTOS -DFSL_RTOS_FREE_RTOS -D__MCUXPRESSO -D__USE_CMSIS -DDEBUG -DSDK_DEBUGCONSOLE=0 -I"/home/anderson/setimo-semestre/RTOS/praticas/PRATICA_06_SEMAFOROS_KL25Z/board" -I"/home/anderson/setimo-semestre/RTOS/praticas/PRATICA_06_SEMAFOROS_KL25Z/source" -I"/home/anderson/setimo-semestre/RTOS/praticas/PRATICA_06_SEMAFOROS_KL25Z" -I"/home/anderson/setimo-semestre/RTOS/praticas/PRATICA_06_SEMAFOROS_KL25Z/freertos" -I"/home/anderson/setimo-semestre/RTOS/praticas/PRATICA_06_SEMAFOROS_KL25Z/startup" -I"/home/anderson/setimo-semestre/RTOS/praticas/PRATICA_06_SEMAFOROS_KL25Z/CMSIS" -I"/home/anderson/setimo-semestre/RTOS/praticas/PRATICA_06_SEMAFOROS_KL25Z/drivers" -I"/home/anderson/setimo-semestre/RTOS/praticas/PRATICA_06_SEMAFOROS_KL25Z/utilities" -O0 -fno-common -g3 -Wall -c -fmessage-length=0 -fno-builtin -ffunction-sections -fdata-sections -fmerge-constants -fmacro-prefix-map="../source/"= -mcpu=cortex-m0plus -mthumb -D__REDLIB__ -fstack-usage -specs=redlib.specs -MMD -MP -MF"source/PRATICA_06_SEMAFOROS_KL25Z.d" -MT"source/PRATICA_06_SEMAFOROS_KL25Z.o" -MT"source/PRATICA_06_SEMAFOROS_KL25Z.d" -o "source/PRATICA_06_SEMAFOROS_KL25Z.o" "../source/PRATICA_06_SEMAFOROS_KL25Z.c"
../source/PRATICA_06_SEMAFOROS_KL25Z.c: In function 'drvLedsSet':
../source/PRATICA_06_SEMAFOROS_KL25Z.c:43:4: warning: implicit declaration of function 'lowLedGreen' [-Wimplicit-function-declaration]
   43 |    lowLedGreen();
      |    ^~~~~~~~~~~
../source/PRATICA_06_SEMAFOROS_KL25Z.c:45:4: warning: implicit declaration of function 'highLedGreen' [-Wimplicit-function-declaration]
   45 |    highLedGreen();
      |    ^~~~~~~~~~~~
../source/PRATICA_06_SEMAFOROS_KL25Z.c:49:4: warning: implicit declaration of function 'lowLedRed' [-Wimplicit-function-declaration]
   49 |    lowLedRed();
      |    ^~~~~~~~~
../source/PRATICA_06_SEMAFOROS_KL25Z.c:51:4: warning: implicit declaration of function 'highLedRed' [-Wimplicit-function-declaration]
   51 |    highLedRed();
      |    ^~~~~~~~~~
../source/PRATICA_06_SEMAFOROS_KL25Z.c: At top level:
../source/PRATICA_06_SEMAFOROS_KL25Z.c:56:6: warning: conflicting types for 'highLedGreen'
   56 | void highLedGreen(){
      |      ^~~~~~~~~~~~
../source/PRATICA_06_SEMAFOROS_KL25Z.c:45:4: note: previous implicit declaration of 'highLedGreen' was here
   45 |    highLedGreen();
      |    ^~~~~~~~~~~~
../source/PRATICA_06_SEMAFOROS_KL25Z.c:62:6: warning: conflicting types for 'lowLedGreen'
   62 | void lowLedGreen(){
      |      ^~~~~~~~~~~
../source/PRATICA_06_SEMAFOROS_KL25Z.c:43:4: note: previous implicit declaration of 'lowLedGreen' was here
   43 |    lowLedGreen();
      |    ^~~~~~~~~~~
../source/PRATICA_06_SEMAFOROS_KL25Z.c:68:6: warning: conflicting types for 'highLedRed'
   68 | void highLedRed(){
      |      ^~~~~~~~~~
../source/PRATICA_06_SEMAFOROS_KL25Z.c:51:4: note: previous implicit declaration of 'highLedRed' was here
   51 |    highLedRed();
      |    ^~~~~~~~~~
../source/PRATICA_06_SEMAFOROS_KL25Z.c:74:6: warning: conflicting types for 'lowLedRed'
   74 | void lowLedRed(){
      |      ^~~~~~~~~
../source/PRATICA_06_SEMAFOROS_KL25Z.c:49:4: note: previous implicit declaration of 'lowLedRed' was here
   49 |    lowLedRed();
      |    ^~~~~~~~~
Finished building: ../source/PRATICA_06_SEMAFOROS_KL25Z.c
 
Building target: PRATICA_06_SEMAFOROS_KL25Z.axf
Invoking: MCU Linker
arm-none-eabi-gcc -nostdlib -Xlinker -Map="PRATICA_06_SEMAFOROS_KL25Z.map" -Xlinker --gc-sections -Xlinker -print-memory-usage -Xlinker --sort-section=alignment -Xlinker --cref -mcpu=cortex-m0plus -mthumb -T PRATICA_06_SEMAFOROS_KL25Z_Debug.ld -o "PRATICA_06_SEMAFOROS_KL25Z.axf"  ./utilities/fsl_debug_console.o  ./startup/startup_mkl25z4.o  ./source/PRATICA_06_SEMAFOROS_KL25Z.o ./source/mtb.o ./source/semihost_hardfault.o  ./freertos/croutine.o ./freertos/event_groups.o ./freertos/fsl_tickless_lptmr.o ./freertos/fsl_tickless_systick.o ./freertos/heap_4.o ./freertos/list.o ./freertos/port.o ./freertos/queue.o ./freertos/tasks.o ./freertos/timers.o  ./drivers/fsl_clock.o ./drivers/fsl_common.o ./drivers/fsl_flash.o ./drivers/fsl_gpio.o ./drivers/fsl_lpsci.o ./drivers/fsl_lpsci_freertos.o ./drivers/fsl_lptmr.o ./drivers/fsl_pit.o ./drivers/fsl_smc.o ./drivers/fsl_tpm.o ./drivers/fsl_tsi_v4.o ./drivers/fsl_uart.o ./drivers/fsl_uart_freertos.o  ./board/board.o ./board/clock_config.o ./board/peripherals.o ./board/pin_mux.o  ./CMSIS/system_MKL25Z4.o   
Memory region         Used Size  Region Size  %age Used
   PROGRAM_FLASH:       17856 B       128 KB     13.62%
            SRAM:       13052 B        16 KB     79.66%
Finished building target: PRATICA_06_SEMAFOROS_KL25Z.axf
 
Performing post-build steps
arm-none-eabi-size "PRATICA_06_SEMAFOROS_KL25Z.axf"; # arm-none-eabi-objcopy -v -O binary "PRATICA_06_SEMAFOROS_KL25Z.axf" "PRATICA_06_SEMAFOROS_KL25Z.bin" ; # checksum -p MKL25Z128xxx4 -d "PRATICA_06_SEMAFOROS_KL25Z.bin";
   text	   data	    bss	    dec	    hex	filename
  17848	      8	  13044	  30900	   78b4	PRATICA_06_SEMAFOROS_KL25Z.axf
 
13:23:54 **** Incremental Build of configuration Debug for project PRATICA_06_SEMAFOROS_KL25Z ****
make -r -j4 all 
make[1]: Nothing to be done for 'main-build'.
Performing post-build steps
arm-none-eabi-size "PRATICA_06_SEMAFOROS_KL25Z.axf"; # arm-none-eabi-objcopy -v -O binary "PRATICA_06_SEMAFOROS_KL25Z.axf" "PRATICA_06_SEMAFOROS_KL25Z.bin" ; # checksum -p MKL25Z128xxx4 -d "PRATICA_06_SEMAFOROS_KL25Z.bin";
   text	   data	    bss	    dec	    hex	filename
  17848	      8	  13044	  30900	   78b4	PRATICA_06_SEMAFOROS_KL25Z.axf
 
13:29:12 **** Build of configuration Debug for project PRATICA_06_SEMAFOROS_KL25Z ****
make -r -j4 all 
Building file: ../source/PRATICA_06_SEMAFOROS_KL25Z.c
Invoking: MCU C Compiler
arm-none-eabi-gcc -D__REDLIB__ -DCPU_MKL25Z128VLK4_cm0plus -DCPU_MKL25Z128VLK4 -DSDK_OS_BAREMETAL -DFSL_RTOS_BM -DCR_INTEGER_PRINTF -DPRINTF_FLOAT_ENABLE=0 -DSDK_OS_FREE_RTOS -DFSL_RTOS_FREE_RTOS -D__MCUXPRESSO -D__USE_CMSIS -DDEBUG -DSDK_DEBUGCONSOLE=0 -I"/home/anderson/setimo-semestre/RTOS/praticas/PRATICA_06_SEMAFOROS_KL25Z/board" -I"/home/anderson/setimo-semestre/RTOS/praticas/PRATICA_06_SEMAFOROS_KL25Z/source" -I"/home/anderson/setimo-semestre/RTOS/praticas/PRATICA_06_SEMAFOROS_KL25Z" -I"/home/anderson/setimo-semestre/RTOS/praticas/PRATICA_06_SEMAFOROS_KL25Z/freertos" -I"/home/anderson/setimo-semestre/RTOS/praticas/PRATICA_06_SEMAFOROS_KL25Z/startup" -I"/home/anderson/setimo-semestre/RTOS/praticas/PRATICA_06_SEMAFOROS_KL25Z/CMSIS" -I"/home/anderson/setimo-semestre/RTOS/praticas/PRATICA_06_SEMAFOROS_KL25Z/drivers" -I"/home/anderson/setimo-semestre/RTOS/praticas/PRATICA_06_SEMAFOROS_KL25Z/utilities" -O0 -fno-common -g3 -Wall -c -fmessage-length=0 -fno-builtin -ffunction-sections -fdata-sections -fmerge-constants -fmacro-prefix-map="../source/"= -mcpu=cortex-m0plus -mthumb -D__REDLIB__ -fstack-usage -specs=redlib.specs -MMD -MP -MF"source/PRATICA_06_SEMAFOROS_KL25Z.d" -MT"source/PRATICA_06_SEMAFOROS_KL25Z.o" -MT"source/PRATICA_06_SEMAFOROS_KL25Z.d" -o "source/PRATICA_06_SEMAFOROS_KL25Z.o" "../source/PRATICA_06_SEMAFOROS_KL25Z.c"
../source/PRATICA_06_SEMAFOROS_KL25Z.c: In function 'drvLedsSet':
../source/PRATICA_06_SEMAFOROS_KL25Z.c:43:4: warning: implicit declaration of function 'lowLedGreen' [-Wimplicit-function-declaration]
   43 |    lowLedGreen();
      |    ^~~~~~~~~~~
../source/PRATICA_06_SEMAFOROS_KL25Z.c:45:4: warning: implicit declaration of function 'highLedGreen' [-Wimplicit-function-declaration]
   45 |    highLedGreen();
      |    ^~~~~~~~~~~~
../source/PRATICA_06_SEMAFOROS_KL25Z.c:49:4: warning: implicit declaration of function 'lowLedRed' [-Wimplicit-function-declaration]
   49 |    lowLedRed();
      |    ^~~~~~~~~
../source/PRATICA_06_SEMAFOROS_KL25Z.c:51:4: warning: implicit declaration of function 'highLedRed' [-Wimplicit-function-declaration]
   51 |    highLedRed();
      |    ^~~~~~~~~~
../source/PRATICA_06_SEMAFOROS_KL25Z.c: At top level:
../source/PRATICA_06_SEMAFOROS_KL25Z.c:56:6: warning: conflicting types for 'highLedGreen'
   56 | void highLedGreen(){
      |      ^~~~~~~~~~~~
../source/PRATICA_06_SEMAFOROS_KL25Z.c:45:4: note: previous implicit declaration of 'highLedGreen' was here
   45 |    highLedGreen();
      |    ^~~~~~~~~~~~
../source/PRATICA_06_SEMAFOROS_KL25Z.c:62:6: warning: conflicting types for 'lowLedGreen'
   62 | void lowLedGreen(){
      |      ^~~~~~~~~~~
../source/PRATICA_06_SEMAFOROS_KL25Z.c:43:4: note: previous implicit declaration of 'lowLedGreen' was here
   43 |    lowLedGreen();
      |    ^~~~~~~~~~~
../source/PRATICA_06_SEMAFOROS_KL25Z.c:68:6: warning: conflicting types for 'highLedRed'
   68 | void highLedRed(){
      |      ^~~~~~~~~~
../source/PRATICA_06_SEMAFOROS_KL25Z.c:51:4: note: previous implicit declaration of 'highLedRed' was here
   51 |    highLedRed();
      |    ^~~~~~~~~~
../source/PRATICA_06_SEMAFOROS_KL25Z.c:74:6: warning: conflicting types for 'lowLedRed'
   74 | void lowLedRed(){
      |      ^~~~~~~~~
../source/PRATICA_06_SEMAFOROS_KL25Z.c:49:4: note: previous implicit declaration of 'lowLedRed' was here
   49 |    lowLedRed();
      |    ^~~~~~~~~
Finished building: ../source/PRATICA_06_SEMAFOROS_KL25Z.c
 
Building target: PRATICA_06_SEMAFOROS_KL25Z.axf
Invoking: MCU Linker
arm-none-eabi-gcc -nostdlib -Xlinker -Map="PRATICA_06_SEMAFOROS_KL25Z.map" -Xlinker --gc-sections -Xlinker -print-memory-usage -Xlinker --sort-section=alignment -Xlinker --cref -mcpu=cortex-m0plus -mthumb -T PRATICA_06_SEMAFOROS_KL25Z_Debug.ld -o "PRATICA_06_SEMAFOROS_KL25Z.axf"  ./utilities/fsl_debug_console.o  ./startup/startup_mkl25z4.o  ./source/PRATICA_06_SEMAFOROS_KL25Z.o ./source/mtb.o ./source/semihost_hardfault.o  ./freertos/croutine.o ./freertos/event_groups.o ./freertos/fsl_tickless_lptmr.o ./freertos/fsl_tickless_systick.o ./freertos/heap_4.o ./freertos/list.o ./freertos/port.o ./freertos/queue.o ./freertos/tasks.o ./freertos/timers.o  ./drivers/fsl_clock.o ./drivers/fsl_common.o ./drivers/fsl_flash.o ./drivers/fsl_gpio.o ./drivers/fsl_lpsci.o ./drivers/fsl_lpsci_freertos.o ./drivers/fsl_lptmr.o ./drivers/fsl_pit.o ./drivers/fsl_smc.o ./drivers/fsl_tpm.o ./drivers/fsl_tsi_v4.o ./drivers/fsl_uart.o ./drivers/fsl_uart_freertos.o  ./board/board.o ./board/clock_config.o ./board/peripherals.o ./board/pin_mux.o  ./CMSIS/system_MKL25Z4.o   
Memory region         Used Size  Region Size  %age Used
   PROGRAM_FLASH:       17928 B       128 KB     13.68%
            SRAM:       13052 B        16 KB     79.66%
Finished building target: PRATICA_06_SEMAFOROS_KL25Z.axf
 
Performing post-build steps
arm-none-eabi-size "PRATICA_06_SEMAFOROS_KL25Z.axf"; # arm-none-eabi-objcopy -v -O binary "PRATICA_06_SEMAFOROS_KL25Z.axf" "PRATICA_06_SEMAFOROS_KL25Z.bin" ; # checksum -p MKL25Z128xxx4 -d "PRATICA_06_SEMAFOROS_KL25Z.bin";
   text	   data	    bss	    dec	    hex	filename
  17920	      8	  13044	  30972	   78fc	PRATICA_06_SEMAFOROS_KL25Z.axf
 
13:29:15 **** Incremental Build of configuration Debug for project PRATICA_06_SEMAFOROS_KL25Z ****
make -r -j4 all 
make[1]: Nothing to be done for 'main-build'.
Performing post-build steps
arm-none-eabi-size "PRATICA_06_SEMAFOROS_KL25Z.axf"; # arm-none-eabi-objcopy -v -O binary "PRATICA_06_SEMAFOROS_KL25Z.axf" "PRATICA_06_SEMAFOROS_KL25Z.bin" ; # checksum -p MKL25Z128xxx4 -d "PRATICA_06_SEMAFOROS_KL25Z.bin";
   text	   data	    bss	    dec	    hex	filename
  17920	      8	  13044	  30972	   78fc	PRATICA_06_SEMAFOROS_KL25Z.axf
 
