16:39:08 **** Build of configuration Debug for project TASK_07_QUEUE ****
make -r -j4 all 
make[1]: Nothing to be done for 'main-build'.
Performing post-build steps
arm-none-eabi-size "TASK_07_QUEUE.axf"; # arm-none-eabi-objcopy -v -O binary "TASK_07_QUEUE.axf" "TASK_07_QUEUE.bin" ; # checksum -p MKL43Z256xxx4 -d "TASK_07_QUEUE.bin";
   text	   data	    bss	    dec	    hex	filename
  17240	      8	  15084	  32332	   7e4c	TASK_07_QUEUE.axf
 

16:39:09 Build Finished. 0 errors, 0 warnings. (took 574ms)

