/home/anderson/setimo-semestre/RTOS/praticas/Task_05/drivers/fsl_clock.h:438:20:CLOCK_EnableClock	24	static
../source/task05.c:24:6:vApplicationIdleHook	16	static
../source/task05.c:31:6:taskCPUUsage	24	static
../source/task05.c:58:6:taskUseCPU	32	static
../source/task05.c:70:6:highLedGreen	8	static
../source/task05.c:76:6:lowLedGreen	8	static
../source/task05.c:82:6:highLedRed	8	static
../source/task05.c:88:6:lowLedRed	8	static
../source/task05.c:94:6:taskLedGreen	16	static
../source/task05.c:103:6:taskLedRed	16	static
../source/task05.c:113:5:main	16	static
