/home/anderson/setimo-semestre/RTOS/praticas/PRATICA_06_SEMAFOROS_KL25Z/drivers/fsl_clock.h:584:20:CLOCK_EnableClock	24	static
/home/anderson/setimo-semestre/RTOS/praticas/PRATICA_06_SEMAFOROS_KL25Z/drivers/fsl_gpio.h:215:24:GPIO_ReadPinInput	16	static
/home/anderson/setimo-semestre/RTOS/praticas/PRATICA_06_SEMAFOROS_KL25Z/drivers/fsl_port.h:418:20:PORT_ClearPinsInterruptFlags	16	static
../source/PRATICA_06_SEMAFOROS_KL25Z.c:35:6:vButtonsInit	8	static
../source/PRATICA_06_SEMAFOROS_KL25Z.c:40:6:drvLedsSet	16	static
../source/PRATICA_06_SEMAFOROS_KL25Z.c:56:6:highLedGreen	8	static
../source/PRATICA_06_SEMAFOROS_KL25Z.c:62:6:lowLedGreen	8	static
../source/PRATICA_06_SEMAFOROS_KL25Z.c:68:6:highLedRed	8	static
../source/PRATICA_06_SEMAFOROS_KL25Z.c:74:6:lowLedRed	8	static
../source/PRATICA_06_SEMAFOROS_KL25Z.c:80:6:taskLed	40	static
../source/PRATICA_06_SEMAFOROS_KL25Z.c:90:5:drvButtonsSW1Pressed	8	static
../source/PRATICA_06_SEMAFOROS_KL25Z.c:97:5:drvButtonsSW2Pressed	8	static
../source/PRATICA_06_SEMAFOROS_KL25Z.c:104:6:taskButton	40	static
../source/PRATICA_06_SEMAFOROS_KL25Z.c:126:6:PORTD_IRQHandler	16	static
../source/PRATICA_06_SEMAFOROS_KL25Z.c:141:6:PORTA_IRQHandler	16	static
../source/PRATICA_06_SEMAFOROS_KL25Z.c:155:5:main	24	static
